1183810:
 num     #instances         #bytes  class name (module)
-------------------------------------------------------
   1:       1398505      395486120  [B (java.base@17.0.15)
   2:        867964       34718560  java.util.LinkedHashMap$Entry (java.base@17.0.15)
   3:        804958       32198320  jdk.nio.zipfs.ZipFileSystem$IndexNode (jdk.zipfs@17.0.15)
   4:        311588       20812856  [Ljava.lang.Object; (java.base@17.0.15)
   5:         93204       16177232  [I (java.base@17.0.15)
   6:        570523       13692552  java.lang.String (java.base@17.0.15)
   7:         76127       12330304  [Ljava.util.HashMap$Node; (java.base@17.0.15)
   8:        364039       11649248  java.util.HashMap$Node (java.base@17.0.15)
   9:        347545        8341080  com.google.common.collect.ImmutableMapEntry (com.google.common@31.1-jre)
  10:        101641        4878936  [S (java.base@17.0.15)
  11:        169088        4058112  net.minecraft.client.renderer.block.model.multipart.KeyValueCondition$$Lambda$5601/0x0000000800e1d410 (minecraft@1.20.1)
  12:         85538        4057200  [Lcom.google.common.collect.ImmutableMapEntry; (com.google.common@31.1-jre)
  13:        135399        3249576  java.util.ArrayList (java.base@17.0.15)
  14:         68744        2749760  com.google.common.collect.RegularImmutableMap (com.google.common@31.1-jre)
  15:         85728        2743296  net.minecraft.client.renderer.block.model.BakedQuad (minecraft@1.20.1)
  16:        170595        2729520  java.util.Optional (java.base@17.0.15)
  17:        112990        2711760  net.minecraft.client.gui.font.providers.UnihexProvider$Glyph (minecraft@1.20.1)
  18:        111855        2684520  com.google.common.collect.ImmutableMapEntry$NonTerminalImmutableMapEntry (com.google.common@31.1-jre)
  19:         47142        2639952  java.util.LinkedHashMap (java.base@17.0.15)
  20:        106247        2549928  org.apache.commons.lang3.tuple.ImmutablePair (org.apache.commons.lang3@3.12.0)
  21:         20827        2497952  java.lang.Class (java.base@17.0.15)
  22:         51988        2495424  java.util.HashMap (java.base@17.0.15)
  23:         52044        2377360  [Ljava.util.Map$Entry; (java.base@17.0.15)
  24:         24137        2317152  net.minecraft.world.level.block.state.BlockState (minecraft@1.20.1)
  25:         36497        1751856  com.google.common.collect.HashBiMap$BiEntry (com.google.common@31.1-jre)
  26:        101594        1625504  net.minecraft.client.gui.font.providers.UnihexProvider$ShortContents (minecraft@1.20.1)
  27:         31134        1494432  com.google.gson.internal.LinkedTreeMap$Node (com.google.gson@2.10)
  28:         44354        1419328  java.util.Hashtable$Entry (java.base@17.0.15)
  29:         26579        1384616  [D (java.base@17.0.15)
  30:         39920        1277440  java.util.concurrent.ConcurrentHashMap$Node (java.base@17.0.15)
  31:         52432        1258368  net.minecraft.client.model.geom.ModelPart$Vertex (minecraft@1.20.1)
  32:         50796        1219104  net.minecraft.client.resources.model.ModelResourceLocation (minecraft@1.20.1)
  33:         74994        1199904  com.google.common.collect.RegularImmutableList (com.google.common@31.1-jre)
  34:         23812        1142976  com.google.common.collect.ArrayTable (com.google.common@31.1-jre)
  35:         40741         977784  net.minecraft.resources.ResourceLocation (minecraft@1.20.1)
  36:         28047         897504  org.objectweb.asm.Type (org.objectweb.asm@9.8)
  37:         22220         888800  it.unimi.dsi.fastutil.objects.Object2ObjectArrayMap (it.unimi.dsi.fastutil@8.5.9)
  38:         35454         850896  org.joml.Vector3f (org.joml@1.10.5)
  39:         23813         843456  [[Ljava.lang.Object; (java.base@17.0.15)
  40:         10742         773424  it.unimi.dsi.fastutil.objects.Object2ObjectOpenCustomHashMap (it.unimi.dsi.fastutil@8.5.9)
  41:         24077         770464  com.mojang.datafixers.types.templates.Product$ProductType (datafixerupper@6.0.8)
  42:           357         757824  [C (java.base@17.0.15)
  43:         44845         717520  java.util.jar.Attributes (java.base@17.0.15)
  44:         22252         712064  com.mojang.datafixers.types.templates.Sum$SumType (datafixerupper@6.0.8)
  45:         29614         710736  net.minecraft.client.resources.model.ModelBakery$BakedCacheKey (minecraft@1.20.1)
  46:         14366         689568  java.lang.invoke.MemberName (java.base@17.0.15)
  47:         21500         688000  com.mojang.datafixers.types.templates.Tag$TagType (datafixerupper@6.0.8)
  48:           617         641680  [Lnet.minecraft.client.gui.font.providers.UnihexProvider$Glyph; (minecraft@1.20.1)
  49:         26569         637656  it.unimi.dsi.fastutil.doubles.DoubleArrayList (it.unimi.dsi.fastutil@8.5.9)
  50:         35613         569808  net.minecraft.nbt.StringTag (minecraft@1.20.1)
  51:         11416         547968  com.mojang.blaze3d.platform.NativeImage (minecraft@1.20.1)
  52:         22484         539616  com.google.common.collect.ImmutableMapEntrySet$RegularEntrySet (com.google.common@31.1-jre)
  53:          9318         521808  com.google.gson.internal.LinkedTreeMap (com.google.gson@2.10)
  54:           929         474000  [Ljava.util.Hashtable$Entry; (java.base@17.0.15)
  55:         14243         455776  net.minecraft.core.Holder$Reference (minecraft@1.20.1)
  56:          7945         444920  net.minecraft.world.phys.shapes.BitSetDiscreteVoxelShape (minecraft@1.20.1)
  57:          4896         430848  java.lang.reflect.Method (java.base@17.0.15)
  58:         10742         429680  net.minecraft.client.resources.model.MultiPartBakedModel (minecraft@1.20.1)
  59:         13108         419456  [Lnet.minecraft.client.model.geom.ModelPart$Vertex; (minecraft@1.20.1)
  60:           488         409984  [Lcom.google.common.collect.HashBiMap$BiEntry; (com.google.common@31.1-jre)
  61:          3928         398264  [F (java.base@17.0.15)
  62:         23440         375040  net.minecraft.client.renderer.block.model.multipart.AndCondition$$Lambda$5603/0x0000000800e1d8b0 (minecraft@1.20.1)
  63:          5048         363456  java.lang.reflect.Constructor (java.base@17.0.15)
  64:          8968         358720  java.lang.invoke.MethodType (java.base@17.0.15)
  65:          6392         357952  net.minecraft.client.resources.model.SimpleBakedModel (minecraft@1.20.1)
  66:         22333         357328  com.mojang.datafixers.types.templates.Const (datafixerupper@6.0.8)
  67:          5379         344256  java.lang.Class$ReflectionData (java.base@17.0.15)
  68:           602         331712  [Ljava.util.concurrent.ConcurrentHashMap$Node; (java.base@17.0.15)
  69:          9979         319328  com.mojang.datafixers.types.templates.Named$NamedType (datafixerupper@6.0.8)
  70:         13150         315600  net.minecraft.util.random.WeightedEntry$Wrapper (minecraft@1.20.1)
  71:         13108         314592  net.minecraft.client.model.geom.ModelPart$Polygon (minecraft@1.20.1)
  72:          6514         312672  net.minecraft.client.renderer.block.model.ItemTransforms (minecraft@1.20.1)
  73:          9778         305520  [J (java.base@17.0.15)
  74:         12620         302880  com.mojang.datafixers.types.templates.Sum (datafixerupper@6.0.8)
  75:         12496         299904  com.mojang.datafixers.types.templates.List$ListType (datafixerupper@6.0.8)
  76:          7449         297960  java.util.EnumMap (java.base@17.0.15)
  77:         18567         297072  java.util.HashMap$EntrySet (java.base@17.0.15)
  78:          7396         295840  java.lang.ref.SoftReference (java.base@17.0.15)
  79:         10323         292520  [Ljava.lang.Class; (java.base@17.0.15)
  80:         12124         290976  com.mojang.datafixers.types.templates.Product (datafixerupper@6.0.8)
  81:         12043         289032  com.mojang.datafixers.types.templates.Tag (datafixerupper@6.0.8)
  82:          8972         287104  java.lang.invoke.MethodType$ConcurrentWeakInternSet$WeakEntry (java.base@17.0.15)
  83:          8904         284928  net.minecraft.world.phys.shapes.ArrayVoxelShape (minecraft@1.20.1)
  84:         11044         271544  [Ljava.lang.String; (java.base@17.0.15)
  85:         16144         258304  net.minecraft.nbt.CompoundTag (minecraft@1.20.1)
  86:         15744         251904  net.minecraft.client.renderer.block.model.multipart.KeyValueCondition$$Lambda$5642/0x0000000800e20dc8 (minecraft@1.20.1)
  87:         10344         248256  java.lang.invoke.ResolvedMethodName (java.base@17.0.15)
  88:          6102         244080  net.minecraft.client.resources.sounds.Sound (minecraft@1.20.1)
  89:         14336         229376  com.google.gson.JsonPrimitive (com.google.gson@2.10)
  90:         14229         227664  java.lang.Object (java.base@17.0.15)
  91:          9108         218592  net.minecraftforge.registries.ForgeRegistry$OverrideOwner (forge@47.4.13)
  92:          8943         214632  java.util.BitSet (java.base@17.0.15)
  93:          6589         210848  java.lang.invoke.DirectMethodHandle (java.base@17.0.15)
  94:          3694         206864  net.minecraft.client.renderer.block.model.BlockModel (minecraft@1.20.1)
  95:          8612         206688  net.minecraftforge.forgespi.language.ModFileScanData$ClassData (net.minecraftforge.forgespi@7.0.1)
  96:          8227         197448  com.mojang.serialization.Dynamic (datafixerupper@6.0.8)
  97:          6081         194592  net.minecraft.client.renderer.block.model.Variant (minecraft@1.20.1)
  98:         11930         190880  java.util.HashSet (java.base@17.0.15)
  99:          4756         190240  java.util.TreeMap$Entry (java.base@17.0.15)
 100:          5879         188128  java.lang.invoke.LambdaForm$Name (java.base@17.0.15)
 101:          5708         182656  net.minecraftforge.forgespi.language.ModFileScanData$AnnotationData (net.minecraftforge.forgespi@7.0.1)
 102:         11396         182336  net.minecraft.client.gui.font.providers.UnihexProvider$ByteContents (minecraft@1.20.1)
 103:          5327         170464  com.google.common.collect.MapMakerInternalMap$StrongKeyWeakValueEntry (com.google.common@31.1-jre)
 104:          5327         170464  com.google.common.collect.MapMakerInternalMap$WeakValueReferenceImpl (com.google.common@31.1-jre)
 105:          5251         168032  com.mojang.serialization.MapCodec$1 (datafixerupper@6.0.8)
 106:         10452         167232  com.mojang.datafixers.types.templates.RecursivePoint (datafixerupper@6.0.8)
 107:          4964         158848  java.lang.invoke.BoundMethodHandle$Species_L (java.base@17.0.15)
 108:          1231         157568  jdk.nio.zipfs.ZipFileSystem (jdk.zipfs@17.0.15)
 109:          3889         155560  net.minecraft.server.packs.linkfs.LinkFSPath (minecraft@1.20.1)
 110:          3786         151440  net.minecraft.client.renderer.block.model.BlockElementFace (minecraft@1.20.1)
 111:          4716         150912  jdk.internal.reflect.NativeConstructorAccessorImpl (java.base@17.0.15)
 112:          9430         150880  java.util.HashMap$KeySet (java.base@17.0.15)
 113:          9318         149088  com.google.gson.JsonObject (com.google.gson@2.10)
 114:          3694         147760  net.minecraftforge.client.model.geometry.BlockGeometryBakingContext (forge@47.4.13)
 115:          9063         145008  com.mojang.datafixers.types.templates.List (datafixerupper@6.0.8)
 116:          2922         140256  com.google.common.collect.SingletonImmutableBiMap (com.google.common@31.1-jre)
 117:             8         139392  [[Lnet.minecraft.client.gui.font.FontSet$GlyphInfoFilter; (minecraft@1.20.1)
 118:             8         139392  [[Lnet.minecraft.client.gui.font.glyphs.BakedGlyph; (minecraft@1.20.1)
 119:          4352         139264  sun.nio.fs.UnixPath (java.base@17.0.15)
 120:          2087         133568  net.minecraft.client.model.geom.ModelPart (minecraft@1.20.1)
 121:          1738         132088  [Ljava.lang.ref.SoftReference; (java.base@17.0.15)
 122:          5391         129384  cpw.mods.modlauncher.TransformerAuditTrail$TransformerActivity (cpw.mods.modlauncher@10.0.9)
 123:          5327         127848  net.minecraft.resources.ResourceKey (minecraft@1.20.1)
 124:          5327         127848  net.minecraft.resources.ResourceKey$InternKey (minecraft@1.20.1)
 125:          3116         124640  java.lang.invoke.BoundMethodHandle$Species_LL (java.base@17.0.15)
 126:          7759         124144  java.lang.Integer (java.base@17.0.15)
 127:          5114         122736  com.mojang.datafixers.schemas.Schema$$Lambda$1808/0x000000080081a408 (datafixerupper@6.0.8)
 128:          2532         121536  net.minecraft.client.gui.font.providers.BitmapProvider$Glyph (minecraft@1.20.1)
 129:          4969         119256  net.minecraft.client.resources.model.Material (minecraft@1.20.1)
 130:          2467         118416  net.minecraft.client.renderer.texture.TextureAtlasSprite (minecraft@1.20.1)
 131:          4828         115968  [Ljava.lang.reflect.Constructor; (java.base@17.0.15)
 132:          3504         112128  cpw.mods.niofs.union.UnionPath (cpw.mods.securejarhandler)
 133:          3416         109312  net.minecraft.server.packs.resources.Resource (minecraft@1.20.1)
 134:          1003         104312  net.minecraft.world.level.block.state.BlockBehaviour$Properties (minecraft@1.20.1)
 135:          4137          99288  cpw.mods.jarhandling.impl.Jar$StatusData (cpw.mods.securejarhandler)
 136:          2467          98680  net.minecraft.client.renderer.texture.SpriteContents (minecraft@1.20.1)
 137:          2402          96080  java.lang.invoke.DirectMethodHandle$Constructor (java.base@17.0.15)
 138:          2490          95424  [Lcom.mojang.blaze3d.platform.NativeImage; (minecraft@1.20.1)
 139:          1961          94128  jdk.internal.ref.CleanerImpl$PhantomCleanableRef (java.base@17.0.15)
 140:          5848          93568  net.minecraft.client.renderer.block.model.MultiVariant (minecraft@1.20.1)
 141:          3786          90864  net.minecraft.client.renderer.block.model.BlockFaceUV (minecraft@1.20.1)
 142:          5665          90640  com.google.common.collect.SingletonImmutableList (com.google.common@31.1-jre)
 143:          5596          89536  net.minecraft.util.datafix.schemas.V1460$$Lambda$2005/0x00000008008593d8 (minecraft@1.20.1)
 144:          1217          87624  java.lang.reflect.Field (java.base@17.0.15)
 145:          2188          87520  net.minecraft.client.model.geom.ModelPart$Cube (minecraft@1.20.1)
 146:          2188          87456  [Lnet.minecraft.client.model.geom.ModelPart$Polygon; (minecraft@1.20.1)
 147:             5          87120  [[Lnet.minecraft.client.gui.font.providers.BitmapProvider$Glyph; (minecraft@1.20.1)
 148:          1772          85056  java.util.concurrent.locks.ReentrantReadWriteLock$NonfairSync (java.base@17.0.15)
 149:          3541          84984  net.minecraft.client.resources.model.WeightedBakedModel (minecraft@1.20.1)
 150:          2578          82496  com.mojang.datafixers.types.templates.CompoundList$CompoundListType (datafixerupper@6.0.8)
 151:          5041          80656  com.google.gson.internal.LazilyParsedNumber (com.google.gson@2.10)
 152:          1988          79520  sun.util.locale.LocaleObjectCache$CacheEntry (java.base@17.0.15)
 153:          4784          76544  com.mojang.datafixers.util.Either$Left (datafixerupper@6.0.8)
 154:          4750          76000  jdk.internal.reflect.DelegatingConstructorAccessorImpl (java.base@17.0.15)
 155:          4622          73952  net.minecraft.util.valueproviders.ConstantFloat (minecraft@1.20.1)
 156:          2265          72480  com.electronwill.nightconfig.core.SimpleCommentedConfig (com.electronwill.nightconfig.core@3.6.4)
 157:          1352          71368  [Ljava.lang.invoke.LambdaForm$Name; (java.base@17.0.15)
 158:            67          69680  [Lnet.minecraft.client.gui.font.providers.BitmapProvider$Glyph; (minecraft@1.20.1)
 159:          1347          64656  java.lang.invoke.LambdaForm (java.base@17.0.15)
 160:          1002          64128  java.util.concurrent.ConcurrentHashMap (java.base@17.0.15)
 161:          1987          63584  sun.security.util.ObjectIdentifier (java.base@17.0.15)
 162:          2465          59160  java.util.Collections$SynchronizedSet (java.base@17.0.15)
 163:          3694          59104  net.minecraftforge.client.model.geometry.BlockGeometryBakingContext$VisibilityData (forge@47.4.13)
 164:          2399          57576  com.mojang.serialization.Codec$$Lambda$1062/0x0000000800565dc0 (datafixerupper@6.0.8)
 165:          2399          57576  com.mojang.serialization.codecs.FieldDecoder (datafixerupper@6.0.8)
 166:          2399          57576  com.mojang.serialization.codecs.FieldEncoder (datafixerupper@6.0.8)
 167:          3594          57504  net.minecraft.server.packs.linkfs.PathContents$FileContents (minecraft@1.20.1)
 168:          2376          57024  java.util.jar.Attributes$Name (java.base@17.0.15)
 169:          2304          55296  java.util.ImmutableCollections$ListN (java.base@17.0.15)
 170:          1139          54672  net.minecraftforge.fml.loading.moddiscovery.ModInfo$ModVersion (fmlloader@1.20.1-47.4.13)
 171:          3416          54656  net.minecraft.server.packs.resources.IoSupplier$$Lambda$4592/0x0000000800c287d0 (minecraft@1.20.1)
 172:           572          54328  [Ljava.lang.invoke.MethodHandle; (java.base@17.0.15)
 173:          2235          53640  java.util.ImmutableCollections$Set12 (java.base@17.0.15)
 174:          3344          53504  net.minecraft.client.renderer.block.model.multipart.OrCondition$$Lambda$5611/0x0000000800e1f500 (minecraft@1.20.1)
 175:            14          53472  [Ljava.nio.ByteBuffer; (java.base@17.0.15)
 176:           817          52288  java.util.zip.Inflater (java.base@17.0.15)
 177:          1592          50944  net.minecraft.network.chat.MutableComponent (minecraft@1.20.1)
 178:           700          50400  sun.nio.ch.FileChannelImpl (java.base@17.0.15)
 179:          1244          49760  sun.security.util.DerInputStream (java.base@17.0.15)
 180:          1552          49664  net.minecraft.network.chat.contents.TranslatableContents (minecraft@1.20.1)
 181:          1238          49520  java.lang.ref.Finalizer (java.base@17.0.15)
 182:          1231          49240  jdk.nio.zipfs.ZipFileSystem$END (jdk.zipfs@17.0.15)
 183:           929          44592  java.util.Hashtable (java.base@17.0.15)
 184:           695          44480  it.unimi.dsi.fastutil.objects.Object2ObjectOpenHashMap (it.unimi.dsi.fastutil@8.5.9)
 185:           913          43824  net.minecraft.client.model.geom.builders.CubeDefinition (minecraft@1.20.1)
 186:          1826          43824  net.minecraft.client.model.geom.builders.UVPair (minecraft@1.20.1)
 187:          1784          42816  com.mojang.serialization.MapDecoder$4 (datafixerupper@6.0.8)
 188:          1779          42696  java.util.concurrent.locks.ReentrantReadWriteLock (java.base@17.0.15)
 189:           750          42000  net.minecraft.world.item.BlockItem (minecraft@1.20.1)
 190:          2619          41904  org.apache.maven.artifact.versioning.ComparableVersion$IntItem (maven.artifact@3.8.5)
 191:          1719          41256  com.mojang.serialization.MapEncoder$1 (datafixerupper@6.0.8)
 192:          1020          40800  cpw.mods.niofs.union.UnionFileSystem (cpw.mods.securejarhandler)
 193:          1012          40480  net.minecraft.client.renderer.block.model.BlockElement (minecraft@1.20.1)
 194:          1676          40224  java.util.LinkedList$Node (java.base@17.0.15)
 195:          1244          39808  sun.security.util.DerValue (java.base@17.0.15)
 196:          1231          39392  jdk.nio.zipfs.ZipPath (jdk.zipfs@17.0.15)
 197:            12          39104  [Ljava.util.concurrent.ForkJoinTask; (java.base@17.0.15)
 198:          1624          38976  com.mojang.datafixers.types.templates.Named (datafixerupper@6.0.8)
 199:          1624          38976  com.mojang.serialization.MapCodec$3 (datafixerupper@6.0.8)
 200:           964          38560  org.openjdk.nashorn.internal.runtime.CompiledFunction (org.openjdk.nashorn)
 201:          1584          38016  com.mojang.serialization.codecs.RecordCodecBuilder (datafixerupper@6.0.8)
 202:           945          37800  com.mojang.datafixers.types.templates.RecursivePoint$RecursivePointType (datafixerupper@6.0.8)
 203:           943          37720  java.math.BigInteger (java.base@17.0.15)
 204:           941          37640  java.util.WeakHashMap$Entry (java.base@17.0.15)
 205:          1557          37368  com.mojang.serialization.codecs.PairMapCodec (datafixerupper@6.0.8)
 206:           778          37344  java.lang.invoke.MethodHandleImpl$CountingWrapper (java.base@17.0.15)
 207:          1555          37320  com.mojang.serialization.MapCodec$5 (datafixerupper@6.0.8)
 208:          1555          37320  net.minecraft.world.level.block.state.StateDefinition$$Lambda$1487/0x0000000800725ef0 (minecraft@1.20.1)
 209:             2          36480  org.lwjgl.opengl.GLCapabilities (org.lwjgl.opengl@3.3.1+7)
 210:           905          36200  com.mojang.datafixers.types.templates.Check$CheckType (datafixerupper@6.0.8)
 211:          1126          36032  org.openjdk.nashorn.internal.runtime.PropertyHashMap$Element (org.openjdk.nashorn)
 212:          1474          35376  net.minecraft.sounds.SoundEvent (minecraft@1.20.1)
 213:          1472          35328  net.minecraft.client.sounds.WeighedSoundEvents (minecraft@1.20.1)
 214:          1099          35168  com.mojang.datafixers.types.Func (datafixerupper@6.0.8)
 215:          1099          35168  cpw.mods.modlauncher.TransformTargetLabel (cpw.mods.modlauncher@10.0.9)
 216:          1461          35064  java.lang.invoke.LambdaForm$NamedFunction (java.base@17.0.15)
 217:          1440          34560  java.util.ImmutableCollections$List12 (java.base@17.0.15)
 218:           617          34552  org.openjdk.nashorn.internal.runtime.ScriptFunction (org.openjdk.nashorn)
 219:          1416          33984  com.mojang.serialization.Decoder$5 (datafixerupper@6.0.8)
 220:          1043          33376  java.lang.invoke.MethodTypeForm (java.base@17.0.15)
 221:          1014          32448  java.util.Locale (java.base@17.0.15)
 222:          1012          32384  sun.util.locale.BaseLocale (java.base@17.0.15)
 223:           483          32264  [Ljava.lang.reflect.Method; (java.base@17.0.15)
 224:          1008          32256  java.util.LinkedList (java.base@17.0.15)
 225:           806          32240  org.apache.maven.artifact.versioning.DefaultArtifactVersion (maven.artifact@3.8.5)
 226:          1342          32208  org.apache.maven.artifact.versioning.ComparableVersion$ListItem (maven.artifact@3.8.5)
 227:          1330          31920  com.google.common.collect.ImmutableEntry (com.google.common@31.1-jre)
 228:           993          31776  sun.util.locale.BaseLocale$Key (java.base@17.0.15)
 229:           793          31720  java.io.FileDescriptor (java.base@17.0.15)
 230:           781          31240  net.minecraft.client.model.geom.PartPose (minecraft@1.20.1)
 231:          1301          31224  org.antlr.v4.runtime.misc.Interval (org.antlr.antlr4.runtime@4.9.1)
 232:           486          31104  java.net.URL (java.base@17.0.15)
 233:          1244          29856  [Lsun.security.x509.AVA; (java.base@17.0.15)
 234:          1244          29856  sun.security.x509.AVA (java.base@17.0.15)
 235:          1244          29856  sun.security.x509.RDN (java.base@17.0.15)
 236:           930          29760  com.mojang.datafixers.TypeRewriteRule$Everywhere (datafixerupper@6.0.8)
 237:           460          29440  cpw.mods.jarhandling.impl.Jar (cpw.mods.securejarhandler)
 238:            69          29136  [Lorg.antlr.v4.runtime.dfa.DFAState; (org.antlr.antlr4.runtime@4.9.1)
 239:          1779          28464  java.util.concurrent.locks.ReentrantReadWriteLock$ReadLock (java.base@17.0.15)
 240:          1779          28464  java.util.concurrent.locks.ReentrantReadWriteLock$Sync$ThreadLocalHoldCounter (java.base@17.0.15)
 241:          1779          28464  java.util.concurrent.locks.ReentrantReadWriteLock$WriteLock (java.base@17.0.15)
 242:           387          27864  net.minecraftforge.fml.loading.moddiscovery.ModFile (fmlloader@1.20.1-47.4.13)
 243:          1719          27504  com.mojang.serialization.MapCodec$$Lambda$1108/0x0000000800577dd0 (datafixerupper@6.0.8)
 244:           681          27240  com.google.common.collect.MapMakerInternalMap$WeakKeyDummyValueEntry (com.google.common@31.1-jre)
 245:          1133          27192  com.mojang.serialization.MapCodec$$Lambda$1032/0x000000080055f080 (datafixerupper@6.0.8)
 246:           270          27104  [Ljava.util.WeakHashMap$Entry; (java.base@17.0.15)
 247:           334          26720  java.net.URI (java.base@17.0.15)
 248:          1110          26640  com.mojang.datafixers.RewriteResult (datafixerupper@6.0.8)
 249:           251          26488  [Z (java.base@17.0.15)
 250:          1621          25936  com.google.gson.internal.LinkedTreeMap$EntrySet (com.google.gson@2.10)
 251:           648          25920  com.google.common.collect.ImmutableSortedMap (com.google.common@31.1-jre)
 252:           354          25488  net.minecraftforge.fml.loading.moddiscovery.ModInfo (fmlloader@1.20.1-47.4.13)
 253:           636          25440  org.openjdk.nashorn.internal.runtime.FinalScriptFunctionData (org.openjdk.nashorn)
 254:           352          25344  com.electronwill.nightconfig.core.file.WriteAsyncFileConfig (com.electronwill.nightconfig.core@3.6.4)
 255:          1039          24936  net.minecraft.client.model.geom.builders.PartDefinition (minecraft@1.20.1)
 256:          1555          24880  com.mojang.datafixers.DataFixUtils$$Lambda$1488/0x000000080071a858 (datafixerupper@6.0.8)
 257:          1555          24880  net.minecraft.world.level.block.state.StateDefinition$$Lambda$1489/0x0000000800726118 (minecraft@1.20.1)
 258:          1555          24880  net.minecraft.world.level.block.state.StateDefinition$$Lambda$1490/0x0000000800726360 (minecraft@1.20.1)
 259:           620          24800  java.lang.WeakPairMap$Pair$Weak (java.base@17.0.15)
 260:          1022          24528  cpw.mods.niofs.union.UnionFileSystem$EmbeddedFileSystemMetadata (cpw.mods.securejarhandler)
 261:           612          24480  java.util.IdentityHashMap (java.base@17.0.15)
 262:          1011          24264  jdk.dynalink.beans.SimpleDynamicMethod (jdk.dynalink@17.0.15)
 263:          1009          24216  net.minecraft.world.level.block.state.StateDefinition (minecraft@1.20.1)
 264:          1009          24216  net.minecraft.world.level.block.state.StateDefinition$$Lambda$1466/0x000000080071c000 (minecraft@1.20.1)
 265:          1005          24120  net.minecraft.client.resources.model.ModelBakery$LoadedJson (minecraft@1.20.1)
 266:           481          23088  java.lang.invoke.LambdaFormEditor$Transform (java.base@17.0.15)
 267:           945          22680  com.mojang.datafixers.types.families.RecursiveTypeFamily$$Lambda$1859/0x000000080082b470 (datafixerupper@6.0.8)
 268:           470          22560  java.util.TreeMap (java.base@17.0.15)
 269:           936          22464  org.apache.commons.lang3.tuple.ImmutableTriple (org.apache.commons.lang3@3.12.0)
 270:           467          22416  java.lang.invoke.BoundMethodHandle$Species_LLLL (java.base@17.0.15)
 271:          1375          22000  com.google.common.collect.SingletonImmutableSet (com.google.common@31.1-jre)
 272:           535          21400  java.lang.invoke.DirectMethodHandle$Accessor (java.base@17.0.15)
 273:           871          20904  java.lang.module.ModuleDescriptor$Exports (java.base@17.0.15)
 274:          1299          20784  java.util.LinkedHashMap$LinkedValues (java.base@17.0.15)
 275:           648          20736  com.google.common.collect.RegularImmutableSortedSet (com.google.common@31.1-jre)
 276:           364          20384  org.openjdk.nashorn.internal.runtime.AccessorProperty (org.openjdk.nashorn)
 277:           363          20328  java.nio.DirectFloatBufferU (java.base@17.0.15)
 278:           843          20232  com.mojang.datafixers.TypeRewriteRule$Seq (datafixerupper@6.0.8)
 279:           833          19992  com.mojang.serialization.Codec$2 (datafixerupper@6.0.8)
 280:           620          19840  java.lang.Package (java.base@17.0.15)
 281:           620          19840  java.lang.WeakPairMap$Pair$Weak$1 (java.base@17.0.15)
 282:           817          19608  java.util.zip.Inflater$InflaterZStreamRef (java.base@17.0.15)
 283:           806          19344  org.apache.maven.artifact.versioning.ComparableVersion (maven.artifact@3.8.5)
 284:           301          19264  java.security.Provider$Service (java.base@17.0.15)
 285:           400          19200  com.mojang.blaze3d.shaders.Uniform (minecraft@1.20.1)
 286:           796          19104  java.security.Provider$ServiceKey (java.base@17.0.15)
 287:           338          18928  sun.security.ssl.CipherSuite (java.base@17.0.15)
 288:          1153          18448  net.minecraft.nbt.IntTag (minecraft@1.20.1)
 289:           768          18432  net.minecraft.client.renderer.block.model.multipart.KeyValueCondition (minecraft@1.20.1)
 290:          1133          18128  com.mojang.serialization.Encoder$4 (datafixerupper@6.0.8)
 291:          1120          17920  net.minecraft.util.datafix.schemas.V1470$$Lambda$2064/0x0000000800861ce8 (minecraft@1.20.1)
 292:          1110          17760  com.mojang.datafixers.View (datafixerupper@6.0.8)
 293:             2          17440  [Lcom.mojang.serialization.Dynamic; (datafixerupper@6.0.8)
 294:             1          17424  [[Lnet.minecraft.client.gui.font.providers.UnihexProvider$Glyph; (minecraft@1.20.1)
 295:           539          17248  java.lang.module.ModuleDescriptor$Requires (java.base@17.0.15)
 296:          1067          17072  java.util.concurrent.atomic.AtomicBoolean (java.base@17.0.15)
 297:           531          16992  jdk.nio.zipfs.ByteArrayChannel (jdk.zipfs@17.0.15)
 298:           707          16968  net.minecraftforge.fml.loading.moddiscovery.NightConfigWrapper (fmlloader@1.20.1-47.4.13)
 299:           353          16944  net.minecraftforge.fml.loading.moddiscovery.ModFileInfo (fmlloader@1.20.1-47.4.13)
 300:           700          16800  sun.nio.ch.NativeThreadSet (java.base@17.0.15)
 301:          1047          16752  net.minecraft.util.datafix.schemas.V1460$$Lambda$2028/0x000000080085c830 (minecraft@1.20.1)
 302:           260          16640  java.lang.module.ModuleDescriptor (java.base@17.0.15)
 303:           339          16272  sun.security.x509.X500Name (java.base@17.0.15)
 304:          1014          16224  java.util.EnumMap$EntrySet (java.base@17.0.15)
 305:          1014          16224  java.util.EnumMap$Values (java.base@17.0.15)
 306:          1012          16192  java.util.EnumMap$KeySet (java.base@17.0.15)
 307:           500          16000  net.minecraftforge.accesstransformer.AccessTransformer (accesstransformers@8.0.4)
 308:           659          15816  net.minecraft.client.renderer.texture.SpriteContents$FrameInfo (minecraft@1.20.1)
 309:           647          15528  com.google.common.collect.ImmutableSortedMap$1EntrySet (com.google.common@31.1-jre)
 310:           473          15136  com.mojang.datafixers.types.templates.Hook$HookType (datafixerupper@6.0.8)
 311:           620          14880  com.mojang.datafixers.TypeRewriteRule$All (datafixerupper@6.0.8)
 312:           620          14880  com.mojang.datafixers.TypeRewriteRule$OrElse (datafixerupper@6.0.8)
 313:           617          14808  net.minecraft.tags.TagKey (minecraft@1.20.1)
 314:           925          14800  net.minecraft.world.level.block.state.BlockBehaviour$$Lambda$1495/0x0000000800727510 (minecraft@1.20.1)
 315:           616          14784  com.mojang.datafixers.functions.Id (datafixerupper@6.0.8)
 316:           920          14720  net.minecraft.util.datafix.schemas.V705$$Lambda$1908/0x0000000800840000 (minecraft@1.20.1)
 317:           611          14664  net.minecraft.client.renderer.block.model.multipart.Selector (minecraft@1.20.1)
 318:           608          14592  com.mojang.serialization.Decoder$1 (datafixerupper@6.0.8)
 319:           227          14528  it.unimi.dsi.fastutil.objects.Object2IntOpenHashMap (it.unimi.dsi.fastutil@8.5.9)
 320:           362          14480  com.google.common.collect.HashBasedTable (com.google.common@31.1-jre)
 321:           358          14320  java.lang.invoke.BoundMethodHandle$Species_LLL (java.base@17.0.15)
 322:           888          14208  com.mojang.serialization.codecs.RecordCodecBuilder$$Lambda$1064/0x0000000800569f48 (datafixerupper@6.0.8)
 323:           353          14120  com.electronwill.nightconfig.toml.TomlWriter (com.electronwill.nightconfig.toml@3.6.4)
 324:           216          13824  it.unimi.dsi.fastutil.ints.Int2ObjectOpenHashMap (it.unimi.dsi.fastutil@8.5.9)
 325:           342          13680  net.minecraftforge.eventbus.ListenerList$ListenerListInst (net.minecraftforge.eventbus)
 326:           244          13664  com.google.common.collect.HashBiMap (com.google.common@31.1-jre)
 327:           244          13664  java.lang.Module (java.base@17.0.15)
 328:            95          13560  [Ljava.lang.ClassValue$Entry; (java.base@17.0.15)
 329:           418          13376  net.minecraftforge.jarjar.nio.util.Lazy (JarJarFileSystems@0.3.19)
 330:           166          13280  sun.security.x509.X509CertImpl (java.base@17.0.15)
 331:           327          13080  java.lang.invoke.BoundMethodHandle$Species_LJ (java.base@17.0.15)
 332:           531          12744  net.minecraftforge.jarjar.nio.pathfs.PathPath (JarJarFileSystems@0.3.19)
 333:           159          12720  net.minecraft.world.level.block.Block (minecraft@1.20.1)
 334:           393          12576  java.lang.ref.WeakReference (java.base@17.0.15)
 335:            47          12400  [Lorg.openjdk.nashorn.internal.runtime.PropertyHashMap$Element; (org.openjdk.nashorn)
 336:           516          12384  java.util.Arrays$ArrayList (java.base@17.0.15)
 337:           503          12072  sun.security.x509.AlgorithmId (java.base@17.0.15)
 338:           186          11904  org.openjdk.nashorn.internal.runtime.PropertyMap (org.openjdk.nashorn)
 339:           247          11856  java.lang.invoke.DirectMethodHandle$StaticAccessor (java.base@17.0.15)
 340:            85          11560  sun.nio.fs.UnixFileAttributes (java.base@17.0.15)
 341:           339          11416  [Lsun.security.x509.RDN; (java.base@17.0.15)
 342:           713          11408  net.minecraft.util.datafix.schemas.V100$$Lambda$1865/0x00000008008230d0 (minecraft@1.20.1)
 343:           353          11296  com.electronwill.nightconfig.toml.TomlParser (com.electronwill.nightconfig.toml@3.6.4)
 344:           470          11280  java.util.ImmutableCollections$SetN (java.base@17.0.15)
 345:           352          11264  [Ljava.nio.file.OpenOption; (java.base@17.0.15)
 346:           469          11256  java.util.jar.Manifest (java.base@17.0.15)
 347:           700          11200  java.nio.channels.spi.AbstractInterruptibleChannel$1 (java.base@17.0.15)
 348:           700          11200  sun.nio.ch.FileChannelImpl$Closer (java.base@17.0.15)
 349:           700          11200  sun.nio.ch.FileDispatcherImpl (java.base@17.0.15)
 350:           342          10944  java.util.concurrent.Semaphore$FairSync (java.base@17.0.15)
 351:           341          10912  jdk.internal.math.FDBigInteger (java.base@17.0.15)
 352:           447          10728  jdk.dynalink.beans.AbstractJavaLinker$AnnotatedDynamicMethod (jdk.dynalink@17.0.15)
 353:           191          10696  org.openjdk.nashorn.internal.ir.IdentNode (org.openjdk.nashorn)
 354:           328          10496  java.lang.invoke.MethodHandleNatives$CallSiteContext (java.base@17.0.15)
 355:            50          10400  [Lcom.mojang.math.OctahedralGroup; (minecraft@1.20.1)
 356:           190          10400  [Ljava.lang.reflect.Field; (java.base@17.0.15)
 357:           325          10400  java.lang.ref.ReferenceQueue (java.base@17.0.15)
 358:           433          10392  com.mojang.serialization.Encoder$2 (datafixerupper@6.0.8)
 359:           647          10352  com.google.common.collect.ImmutableSortedMap$1EntrySet$1 (com.google.common@31.1-jre)
 360:           636          10176  net.minecraft.world.level.block.state.BlockBehaviour$Properties$$Lambda$1494/0x00000008007272c8 (minecraft@1.20.1)
 361:           211          10128  java.lang.invoke.BoundMethodHandle$Species_LLLLL (java.base@17.0.15)
 362:           253          10120  java.lang.invoke.MethodHandleImpl$AsVarargsCollector (java.base@17.0.15)
 363:            97          10088  java.util.jar.JarFile$JarFileEntry (java.base@17.0.15)
 364:           419          10056  net.minecraft.client.renderer.block.model.ItemOverride$Predicate (minecraft@1.20.1)
 365:           419          10056  net.minecraft.client.renderer.block.model.ItemOverrides$PropertyMatcher (minecraft@1.20.1)
 366:           251          10040  net.minecraftforge.accesstransformer.MethodTarget (accesstransformers@8.0.4)
 367:           209          10032  java.lang.invoke.BoundMethodHandle$Species_LLLIL (java.base@17.0.15)
 368:           415           9960  org.apache.maven.artifact.versioning.VersionRange (maven.artifact@3.8.5)
 369:           414           9936  [Lnet.minecraft.client.renderer.block.model.ItemOverrides$PropertyMatcher; (minecraft@1.20.1)
 370:           414           9936  net.minecraft.client.renderer.block.model.ItemOverride (minecraft@1.20.1)
 371:           414           9936  net.minecraft.client.renderer.block.model.ItemOverrides$BakedOverride (minecraft@1.20.1)
 372:           310           9920  com.mojang.datafixers.functions.FunctionWrapper (datafixerupper@6.0.8)
 373:           124           9920  net.minecraft.world.entity.EntityType (minecraft@1.20.1)
 374:           243           9720  org.apache.logging.log4j.core.Logger (org.apache.logging.log4j.core@2.19.0)
 375:           243           9720  org.apache.logging.log4j.core.Logger$PrivateConfig (org.apache.logging.log4j.core@2.19.0)
 376:           405           9720  org.apache.maven.artifact.versioning.Restriction (maven.artifact@3.8.5)
 377:           395           9480  com.mojang.serialization.Encoder$1 (datafixerupper@6.0.8)
 378:           294           9376  [Ljava.security.cert.Certificate; (java.base@17.0.15)
 379:             9           9360  [Lnet.minecraft.client.gui.font.FontSet$GlyphInfoFilter; (minecraft@1.20.1)
 380:             9           9360  [Lnet.minecraft.client.gui.font.glyphs.BakedGlyph; (minecraft@1.20.1)
 381:           166           9296  sun.security.x509.X509CertInfo (java.base@17.0.15)
 382:           385           9240  com.google.common.collect.ImmutableSortedAsList (com.google.common@31.1-jre)
 383:           382           9168  net.minecraftforge.fml.loading.moddiscovery.ModAnnotation$EnumHolder (fmlloader@1.20.1-47.4.13)
 384:           379           9096  net.minecraft.world.phys.shapes.CubeVoxelShape (minecraft@1.20.1)
 385:           567           9072  com.mojang.serialization.MapCodec$MapCodecCodec (datafixerupper@6.0.8)
 386:           353           8472  net.minecraftforge.fml.loading.moddiscovery.ModJarMetadata (fmlloader@1.20.1-47.4.13)
 387:           353           8472  net.minecraftforge.forgespi.language.IModFileInfo$LanguageSpec (net.minecraftforge.forgespi@7.0.1)
 388:           262           8384  sun.security.util.KnownOIDs (java.base@17.0.15)
 389:           209           8360  net.minecraftforge.jarjar.nio.pathfs.PathFileSystem (JarJarFileSystems@0.3.19)
 390:           261           8352  joptsimple.internal.AbbreviationMap (jopt.simple@5.0.4)
 391:           170           8160  java.util.WeakHashMap (java.base@17.0.15)
 392:            60           8160  net.minecraft.client.renderer.ShaderInstance (minecraft@1.20.1)
 393:           170           8160  sun.security.util.MemoryCache$SoftCacheEntry (java.base@17.0.15)
 394:           113           8136  net.minecraft.client.renderer.RenderType$CompositeState (minecraft@1.20.1)
 395:           337           8088  java.util.Date (java.base@17.0.15)
 396:            91           8008  java.util.regex.Pattern (java.base@17.0.15)
 397:           140           7840  jdk.internal.module.ModuleReferenceImpl (java.base@17.0.15)
 398:           245           7840  net.minecraft.client.renderer.block.model.BlockElementRotation (minecraft@1.20.1)
 399:           485           7760  java.util.HashMap$Values (java.base@17.0.15)
 400:           323           7752  sun.reflect.annotation.AnnotationInvocationHandler (java.base@17.0.15)
 401:           193           7720  java.lang.Package$VersionInfo (java.base@17.0.15)
 402:           320           7680  com.mojang.datafixers.types.templates.Check (datafixerupper@6.0.8)
 403:            60           7680  net.minecraftforge.registries.ForgeRegistry (forge@47.4.13)
 404:           476           7616  java.lang.Character (java.base@17.0.15)
 405:           189           7560  it.unimi.dsi.fastutil.ints.Int2ObjectMaps$SynchronizedMap (it.unimi.dsi.fastutil@8.5.9)
 406:           233           7456  org.apache.logging.log4j.core.config.plugins.processor.PluginEntry (org.apache.logging.log4j.core@2.19.0)
 407:           310           7440  com.mojang.datafixers.DataFix$NamedFunctionWrapper (datafixerupper@6.0.8)
 408:           310           7440  com.mojang.datafixers.TypeRewriteRule$IfSame (datafixerupper@6.0.8)
 409:           307           7368  java.security.Provider$UString (java.base@17.0.15)
 410:           460           7360  cpw.mods.jarhandling.impl.Jar$JarModuleDataProvider (cpw.mods.securejarhandler)
 411:           460           7360  cpw.mods.jarhandling.impl.ManifestVerifier (cpw.mods.securejarhandler)
 412:           101           7272  it.unimi.dsi.fastutil.objects.Object2IntOpenCustomHashMap (it.unimi.dsi.fastutil@8.5.9)
 413:           180           7200  java.security.ProtectionDomain (java.base@17.0.15)
 414:           224           7168  jdk.dynalink.linker.GuardedInvocation (jdk.dynalink@17.0.15)
 415:           223           7136  org.openjdk.nashorn.internal.runtime.linker.LinkerCallSite (org.openjdk.nashorn)
 416:           178           7120  java.lang.invoke.DirectMethodHandle$Interface (java.base@17.0.15)
 417:           295           7080  com.mojang.datafixers.util.Pair (datafixerupper@6.0.8)
 418:            94           6944  [Lnet.minecraft.world.phys.shapes.VoxelShape; (minecraft@1.20.1)
 419:            85           6800  java.util.zip.ZipFile$Source (java.base@17.0.15)
 420:           283           6792  com.mojang.serialization.codecs.RecordCodecBuilder$2 (datafixerupper@6.0.8)
 421:           282           6768  java.lang.Long (java.base@17.0.15)
 422:           169           6760  java.lang.invoke.BoundMethodHandle$Species_LI (java.base@17.0.15)
 423:           411           6576  it.unimi.dsi.fastutil.objects.Object2ObjectOpenHashMap$1 (it.unimi.dsi.fastutil@8.5.9)
 424:           268           6432  jdk.internal.module.ServicesCatalog$ServiceProvider (java.base@17.0.15)
 425:           265           6360  javax.management.ImmutableDescriptor (java.management@17.0.15)
 426:           264           6336  org.openjdk.nashorn.internal.runtime.Specialization (org.openjdk.nashorn)
 427:           113           6328  net.minecraft.client.renderer.RenderType$CompositeRenderType (minecraft@1.20.1)
 428:           158           6320  org.antlr.v4.runtime.atn.BasicState (org.antlr.antlr4.runtime@4.9.1)
 429:            17           6256  java.lang.Thread (java.base@17.0.15)
 430:           390           6240  net.minecraft.util.random.Weight (minecraft@1.20.1)
 431:           194           6208  java.util.Collections$SynchronizedMap (java.base@17.0.15)
 432:           127           6096  sun.security.rsa.RSAPublicKeyImpl (java.base@17.0.15)
 433:           190           6080  java.lang.ClassValue$Entry (java.base@17.0.15)
 434:           189           6048  com.mojang.datafixers.types.families.RecursiveTypeFamily (datafixerupper@6.0.8)
 435:           189           6048  it.unimi.dsi.fastutil.ints.Int2ObjectAVLTreeMap$Entry (it.unimi.dsi.fastutil@8.5.9)
 436:           188           6016  it.unimi.dsi.fastutil.ints.IntAVLTreeSet$Entry (it.unimi.dsi.fastutil@8.5.9)
 437:            94           6016  java.lang.ClassValue$ClassValueMap (java.base@17.0.15)
 438:           150           6000  java.security.cert.TrustAnchor (java.base@17.0.15)
 439:            83           5976  net.minecraft.world.item.ItemStack (minecraft@1.20.1)
 440:           147           5880  java.security.CodeSource (java.base@17.0.15)
 441:           245           5880  org.apache.logging.log4j.message.DefaultFlowMessageFactory (org.apache.logging.log4j@2.19.0)
 442:           245           5880  org.apache.logging.log4j.spi.AbstractLogger$LocalLogBuilder (org.apache.logging.log4j@2.19.0)
 443:           364           5824  java.util.concurrent.atomic.AtomicReference (java.base@17.0.15)
 444:           362           5792  com.google.common.collect.HashBasedTable$Factory (com.google.common@31.1-jre)
 445:           102           5712  net.minecraft.world.item.Item (minecraft@1.20.1)
 446:           352           5632  com.electronwill.nightconfig.core.file.WriteAsyncFileConfig$WriteCompletedHandler (com.electronwill.nightconfig.core@3.6.4)
 447:           176           5632  org.openjdk.nashorn.internal.runtime.linker.NashornCallSiteDescriptor (org.openjdk.nashorn)
 448:           175           5600  java.lang.module.ModuleDescriptor$Version (java.base@17.0.15)
 449:           175           5600  net.minecraft.client.renderer.block.model.ItemTransform (minecraft@1.20.1)
 450:           140           5600  org.openjdk.nashorn.internal.runtime.PropertyHashMap (org.openjdk.nashorn)
 451:           233           5592  org.apache.logging.log4j.core.config.plugins.util.PluginType (org.apache.logging.log4j.core@2.19.0)
 452:            11           5544  net.minecraft.Util$2 (minecraft@1.20.1)
 453:           173           5536  com.mojang.datafixers.functions.Comp (datafixerupper@6.0.8)
 454:           345           5520  java.util.concurrent.Semaphore (java.base@17.0.15)
 455:           227           5448  java.time.LocalDateTime (java.base@17.0.15)
 456:           136           5440  net.minecraft.client.gui.font.FontTexture$Node (minecraft@1.20.1)
 457:           222           5328  org.antlr.v4.runtime.atn.EpsilonTransition (org.antlr.antlr4.runtime@4.9.1)
 458:           221           5304  com.mojang.serialization.Decoder$2 (datafixerupper@6.0.8)
 459:            94           5264  java.util.jar.JarFile (java.base@17.0.15)
 460:           131           5240  com.mojang.datafixers.types.templates.TaggedChoice$TaggedChoiceType (datafixerupper@6.0.8)
 461:           327           5232  java.lang.ref.ReferenceQueue$Lock (java.base@17.0.15)
 462:           109           5232  net.minecraftforge.installer.json.Artifact
 463:           173           5224  [Lcom.mojang.datafixers.functions.PointFree; (datafixerupper@6.0.8)
 464:           163           5216  sun.security.x509.SubjectKeyIdentifierExtension (java.base@17.0.15)
 465:            81           5184  java.nio.DirectByteBuffer (java.base@17.0.15)
 466:           161           5152  sun.security.pkcs11.SunPKCS11$Descriptor (jdk.crypto.cryptoki@17.0.15)
 467:           214           5136  java.util.regex.Pattern$BmpCharProperty (java.base@17.0.15)
 468:           160           5120  java.lang.invoke.MethodHandles$Lookup (java.base@17.0.15)
 469:           160           5120  sun.security.x509.BasicConstraintsExtension (java.base@17.0.15)
 470:           159           5088  java.lang.ThreadLocal$ThreadLocalMap$Entry (java.base@17.0.15)
 471:           158           5056  com.sun.jmx.mbeanserver.ConvertingMethod (java.management@17.0.15)
 472:           157           5024  sun.security.x509.KeyUsageExtension (java.base@17.0.15)
 473:           209           5016  net.minecraftforge.jarjar.nio.pathfs.PathFileSystem$$Lambda$696/0x00000008003b8830 (JarJarFileSystems@0.3.19)
 474:           209           5016  net.minecraftforge.jarjar.nio.util.Lazy$$Lambda$698/0x00000008003b8ed0 (JarJarFileSystems@0.3.19)
 475:           125           5000  org.openjdk.nashorn.internal.parser.TokenType (org.openjdk.nashorn)
 476:            89           4984  java.io.FileCleanable (java.base@17.0.15)
 477:           309           4944  java.lang.Character$UnicodeBlock (java.base@17.0.15)
 478:            77           4928  net.minecraft.world.item.SpawnEggItem (minecraft@1.20.1)
 479:           204           4896  net.minecraft.client.model.geom.ModelLayerLocation (minecraft@1.20.1)
 480:           198           4752  sun.reflect.generics.tree.SimpleClassTypeSignature (java.base@17.0.15)
 481:           295           4720  net.minecraft.server.packs.linkfs.PathContents$DirectoryContents (minecraft@1.20.1)
 482:             1           4632  [Lnet.minecraft.nbt.IntTag; (minecraft@1.20.1)
 483:           192           4608  org.apache.logging.slf4j.Log4jLogger (org.apache.logging.log4j.slf4j@2.19.0)
 484:           190           4560  java.lang.Class$AnnotationData (java.base@17.0.15)
 485:           284           4544  com.mojang.serialization.Decoder$$Lambda$1031/0x000000080055d518 (datafixerupper@6.0.8)
 486:           284           4544  java.util.LinkedHashMap$LinkedEntrySet (java.base@17.0.15)
 487:           189           4536  com.mojang.serialization.Codec$$Lambda$2959/0x0000000800a2af50 (datafixerupper@6.0.8)
 488:           283           4528  com.mojang.serialization.codecs.RecordCodecBuilder$Instance (datafixerupper@6.0.8)
 489:           187           4488  java.lang.module.ResolvedModule (java.base@17.0.15)
 490:            40           4480  net.minecraftforge.registries.NamespacedWrapper (forge@47.4.13)
 491:           279           4464  com.mojang.serialization.codecs.RecordCodecBuilder$$Lambda$1067/0x000000080056a5a0 (datafixerupper@6.0.8)
 492:           138           4416  org.openjdk.nashorn.internal.ir.Symbol (org.openjdk.nashorn)
 493:           110           4400  com.mojang.serialization.codecs.RecordCodecBuilder$Instance$5 (datafixerupper@6.0.8)
 494:           104           4392  [Lorg.openjdk.nashorn.internal.runtime.Property; (org.openjdk.nashorn)
 495:           137           4384  com.mojang.serialization.codecs.RecordCodecBuilder$Instance$$Lambda$1070/0x000000080056ac70 (datafixerupper@6.0.8)
 496:           137           4384  com.mojang.serialization.codecs.RecordCodecBuilder$Instance$3 (datafixerupper@6.0.8)
 497:           109           4360  org.openjdk.nashorn.internal.codegen.Label (org.openjdk.nashorn)
 498:            49           4312  net.minecraft.world.level.block.StairBlock (minecraft@1.20.1)
 499:            67           4288  sun.security.ssl.SSLExtension (java.base@17.0.15)
 500:           267           4272  net.minecraft.util.datafix.schemas.V2501$$Lambda$2102/0x000000080086a790 (minecraft@1.20.1)
 501:           265           4240  java.util.TreeMap$Values (java.base@17.0.15)
 502:           106           4240  net.minecraft.util.datafix.schemas.NamespacedSchema (minecraft@1.20.1)
 503:            53           4240  net.minecraft.world.level.block.SlabBlock (minecraft@1.20.1)
 504:           261           4176  org.apache.maven.artifact.versioning.ComparableVersion$StringItem (maven.artifact@3.8.5)
 505:           130           4160  com.google.common.collect.RegularImmutableSet (com.google.common@31.1-jre)
 506:            52           4160  net.minecraft.world.level.block.RotatedPillarBlock (minecraft@1.20.1)
 507:           173           4152  com.mojang.datafixers.DataFix$$Lambda$2218/0x000000080088d818 (datafixerupper@6.0.8)
 508:            74           4144  java.lang.invoke.BoundMethodHandle$Species_LLLLLLL (java.base@17.0.15)
 509:           129           4128  com.mojang.blaze3d.platform.InputConstants$Key (minecraft@1.20.1)
 510:            86           4128  jdk.internal.loader.URLClassPath$JarLoader (java.base@17.0.15)
 511:           103           4120  net.minecraft.world.level.block.SoundType (minecraft@1.20.1)
 512:             1           4112  [Lnet.minecraft.client.multiplayer.chat.LoggedChatEvent; (minecraft@1.20.1)
 513:           257           4112  it.unimi.dsi.fastutil.objects.Object2ObjectOpenHashMap$MapEntrySet (it.unimi.dsi.fastutil@8.5.9)
 514:           128           4096  com.mojang.datafixers.types.templates.TaggedChoice (datafixerupper@6.0.8)
 515:           256           4096  java.lang.Byte (java.base@17.0.15)
 516:           256           4096  java.lang.Short (java.base@17.0.15)
 517:           170           4080  sun.security.util.BitArray (java.base@17.0.15)
 518:           127           4064  net.minecraft.world.entity.ai.attributes.AttributeModifier (minecraft@1.20.1)
 519:           169           4056  com.google.common.base.Suppliers$NonSerializableMemoizingSupplier (com.google.common@31.1-jre)
 520:           169           4056  java.lang.module.ModuleDescriptor$Provides (java.base@17.0.15)
 521:             1           4024  [Lorg.antlr.v4.runtime.misc.Interval; (org.antlr.antlr4.runtime@4.9.1)
 522:           166           3984  sun.security.util.Cache$EqualByteArray (java.base@17.0.15)
 523:           166           3984  sun.security.x509.CertificateValidity (java.base@17.0.15)
 524:            99           3960  org.antlr.v4.runtime.atn.LexerATNConfig (org.antlr.antlr4.runtime@4.9.1)
 525:           165           3960  sun.security.x509.CertificateExtensions (java.base@17.0.15)
 526:           164           3936  java.util.regex.Pattern$GroupTail (java.base@17.0.15)
 527:           122           3904  jdk.internal.reflect.NativeMethodAccessorImpl (java.base@17.0.15)
 528:           244           3904  org.apache.logging.log4j.message.ReusableMessageFactory (org.apache.logging.log4j@2.19.0)
 529:           162           3888  java.util.regex.Pattern$GroupHead (java.base@17.0.15)
 530:           161           3864  net.minecraftforge.accesstransformer.FieldTarget (accesstransformers@8.0.4)
 531:            80           3840  java.lang.invoke.BoundMethodHandle$Species_LILL (java.base@17.0.15)
 532:           159           3816  it.unimi.dsi.fastutil.objects.ObjectArrayList (it.unimi.dsi.fastutil@8.5.9)
 533:            95           3800  java.io.ObjectStreamField (java.base@17.0.15)
 534:           157           3768  java.lang.Double (java.base@17.0.15)
 535:           157           3768  java.util.function.Function$$Lambda$1195/0x00000008002f8480 (java.base@17.0.15)
 536:           198           3720  [Lsun.reflect.generics.tree.TypeArgument; (java.base@17.0.15)
 537:           155           3720  java.util.concurrent.CopyOnWriteArrayList (java.base@17.0.15)
 538:            77           3696  net.minecraft.client.OptionInstance (minecraft@1.20.1)
 539:            12           3648  java.util.concurrent.ForkJoinPool$WorkQueue (java.base@17.0.15)
 540:           112           3584  java.io.File (java.base@17.0.15)
 541:           110           3520  com.mojang.serialization.codecs.RecordCodecBuilder$Instance$$Lambda$1099/0x0000000800576170 (datafixerupper@6.0.8)
 542:           110           3520  com.mojang.serialization.codecs.RecordCodecBuilder$Instance$$Lambda$1100/0x00000008005763b8 (datafixerupper@6.0.8)
 543:           145           3480  java.util.regex.Pattern$Slice (java.base@17.0.15)
 544:            67           3432  [Ljavax.management.MBeanAttributeInfo; (java.management@17.0.15)
 545:           142           3408  net.minecraft.util.datafix.schemas.V1460$$Lambda$2047/0x000000080085f158 (minecraft@1.20.1)
 546:           141           3384  net.minecraft.client.model.geom.builders.CubeDeformation (minecraft@1.20.1)
 547:           169           3368  [Lcom.sun.jmx.mbeanserver.MXBeanMapping; (java.management@17.0.15)
 548:           140           3360  net.minecraft.client.resources.language.LanguageInfo (minecraft@1.20.1)
 549:            35           3360  net.minecraft.world.level.block.FlowerPotBlock (minecraft@1.20.1)
 550:           209           3344  net.minecraftforge.jarjar.nio.pathfs.PathFileSystem$$Lambda$697/0x00000008003b8c88 (JarJarFileSystems@0.3.19)
 551:           206           3296  sun.security.x509.KeyIdentifier (java.base@17.0.15)
 552:           137           3288  com.mojang.serialization.codecs.RecordCodecBuilder$Instance$$Lambda$1069/0x000000080056aa28 (datafixerupper@6.0.8)
 553:            82           3280  com.sun.management.internal.DiagnosticCommandArgumentInfo (jdk.management@17.0.15)
 554:           203           3248  com.mojang.datafixers.util.Either$Right (datafixerupper@6.0.8)
 555:            29           3248  org.openjdk.nashorn.internal.ir.FunctionNode (org.openjdk.nashorn)
 556:           134           3216  java.time.LocalDate (java.base@17.0.15)
 557:            50           3200  org.openjdk.nashorn.internal.runtime.options.OptionTemplate (org.openjdk.nashorn)
 558:            66           3168  javax.management.MBeanInfo (java.management@17.0.15)
 559:           132           3168  jdk.internal.module.SystemModuleFinders$2 (java.base@17.0.15)
 560:           131           3144  net.minecraftforge.fml.loading.moddiscovery.CoreModFile (fmlloader@1.20.1-47.4.13)
 561:            49           3136  javax.management.openmbean.OpenMBeanAttributeInfoSupport (java.management@17.0.15)
 562:           196           3136  sun.reflect.generics.tree.ClassTypeSignature (java.base@17.0.15)
 563:           195           3120  com.google.gson.JsonArray (com.google.gson@2.10)
 564:            97           3104  java.util.concurrent.locks.ReentrantLock$NonfairSync (java.base@17.0.15)
 565:            97           3104  java.util.zip.ZipFile$CleanableResource (java.base@17.0.15)
 566:           129           3096  com.mojang.blaze3d.platform.InputConstants$Key$$Lambda$4483/0x0000000800c06a68 (minecraft@1.20.1)
 567:            77           3080  org.antlr.v4.runtime.dfa.DFAState (org.antlr.antlr4.runtime@4.9.1)
 568:           128           3072  java.lang.invoke.Invokers (java.base@17.0.15)
 569:           128           3072  java.security.Permissions (java.base@17.0.15)
 570:            96           3072  org.antlr.v4.runtime.atn.ATNConfig (org.antlr.antlr4.runtime@4.9.1)
 571:            96           3072  org.openjdk.nashorn.internal.ir.LiteralNode$StringLiteralNode (org.openjdk.nashorn)
 572:           127           3048  com.mojang.serialization.codecs.OptionalFieldCodec (datafixerupper@6.0.8)
 573:            95           3040  net.minecraftforge.fml.earlydisplay.SimpleFont$Glyph (fmlearlydisplay@1.20.1-47.4.13)
 574:            54           3024  com.google.gson.internal.bind.ReflectiveTypeAdapterFactory$1
 575:           189           3024  it.unimi.dsi.fastutil.objects.Object2IntOpenHashMap$MapEntrySet (it.unimi.dsi.fastutil@8.5.9)
 576:            94           3008  javax.management.MBeanAttributeInfo (java.management@17.0.15)
 577:           188           3008  net.minecraft.util.datafix.schemas.V2100$$Lambda$2099/0x0000000800869e70 (minecraft@1.20.1)
 578:            75           3000  net.minecraft.stats.Stat (minecraft@1.20.1)
 579:           125           3000  net.minecraft.world.entity.EntityDimensions (minecraft@1.20.1)
 580:            89           2960  [Ljava.util.regex.Pattern$Node; (java.base@17.0.15)
 581:            61           2928  java.util.logging.LogManager$LoggerWeakRef (java.logging@17.0.15)
 582:           183           2928  javax.security.auth.x500.X500Principal (java.base@17.0.15)
 583:           122           2928  net.minecraft.client.model.geom.builders.LayerDefinition (minecraft@1.20.1)
 584:           122           2928  net.minecraft.client.model.geom.builders.MaterialDefinition (minecraft@1.20.1)
 585:           180           2880  [Ljava.security.Principal; (java.base@17.0.15)
 586:            60           2880  com.google.common.collect.ArrayListMultimap (com.google.common@31.1-jre)
 587:            60           2880  com.google.common.collect.Multimaps$CustomSetMultimap (com.google.common@31.1-jre)
 588:            60           2880  it.unimi.dsi.fastutil.ints.IntOpenHashSet (it.unimi.dsi.fastutil@8.5.9)
 589:           180           2880  java.security.ProtectionDomain$Key (java.base@17.0.15)
 590:           123           2856  [Ljava.lang.reflect.Type; (java.base@17.0.15)
 591:            89           2848  java.util.regex.Pattern$Branch (java.base@17.0.15)
 592:           118           2832  com.mojang.blaze3d.shaders.Program (minecraft@1.20.1)
 593:            35           2800  jdk.internal.reflect.DelegatingClassLoader (java.base@17.0.15)
 594:            87           2784  java.io.RandomAccessFile (java.base@17.0.15)
 595:            29           2784  org.openjdk.nashorn.internal.runtime.RecompilableScriptFunctionData (org.openjdk.nashorn)
 596:           115           2760  java.util.Collections$SetFromMap (java.base@17.0.15)
 597:           171           2736  sun.security.x509.SerialNumber (java.base@17.0.15)
 598:            34           2720  com.mojang.blaze3d.vertex.BufferBuilder (minecraft@1.20.1)
 599:           113           2712  java.util.concurrent.LinkedBlockingQueue$Node (java.base@17.0.15)
 600:            56           2688  com.google.common.collect.ImmutableListMultimap (com.google.common@31.1-jre)
 601:           112           2688  java.util.AbstractMap$SimpleImmutableEntry (java.base@17.0.15)
 602:           112           2688  java.util.ArrayDeque (java.base@17.0.15)
 603:           168           2688  net.minecraft.util.datafix.schemas.V99$$Lambda$1810/0x0000000800816c80 (minecraft@1.20.1)
 604:            56           2688  org.joml.Matrix3f (org.joml@1.10.5)
 605:            83           2656  jdk.internal.reflect.UnsafeObjectFieldAccessorImpl (java.base@17.0.15)
 606:           166           2656  sun.security.x509.CertificateAlgorithmId (java.base@17.0.15)
 607:           166           2656  sun.security.x509.CertificateSerialNumber (java.base@17.0.15)
 608:           166           2656  sun.security.x509.CertificateVersion (java.base@17.0.15)
 609:           166           2656  sun.security.x509.CertificateX509Key (java.base@17.0.15)
 610:           110           2640  com.mojang.datafixers.FieldFinder (datafixerupper@6.0.8)
 611:           110           2640  cpw.mods.cl.JarModuleFinder$JarModuleReference (cpw.mods.securejarhandler)
 612:            33           2640  org.joml.Matrix4f (org.joml@1.10.5)
 613:            47           2632  org.openjdk.nashorn.internal.ir.Block (org.openjdk.nashorn)
 614:           164           2624  net.minecraft.world.phys.shapes.CubePointRange (minecraft@1.20.1)
 615:            65           2600  com.mojang.blaze3d.shaders.BlendMode (minecraft@1.20.1)
 616:            54           2592  net.minecraft.client.gui.font.glyphs.BakedGlyph (minecraft@1.20.1)
 617:            36           2592  net.minecraft.core.MappedRegistry (minecraft@1.20.1)
 618:           160           2560  org.openjdk.nashorn.internal.runtime.options.Option (org.openjdk.nashorn)
 619:           106           2544  net.minecraft.client.model.SkullModel (minecraft@1.20.1)
 620:            79           2528  cpw.mods.jarhandling.impl.SimpleJarMetadata (cpw.mods.securejarhandler)
 621:           158           2528  net.minecraft.util.datafix.schemas.V1906$$Lambda$2085/0x0000000800866fa0 (minecraft@1.20.1)
 622:           105           2520  java.lang.invoke.MutableCallSite (java.base@17.0.15)
 623:            45           2520  java.nio.HeapByteBuffer (java.base@17.0.15)
 624:           103           2472  [[C (java.base@17.0.15)
 625:           103           2472  com.google.gson.internal.bind.TypeAdapters$31 (com.google.gson@2.10)
 626:           103           2472  java.lang.ProcessEnvironment$Value (java.base@17.0.15)
 627:           103           2472  java.lang.ProcessEnvironment$Variable (java.base@17.0.15)
 628:           103           2472  java.util.Collections$UnmodifiableRandomAccessList (java.base@17.0.15)
 629:            51           2448  org.openjdk.nashorn.internal.ir.AccessNode (org.openjdk.nashorn)
 630:            61           2440  com.mojang.serialization.codecs.RecordCodecBuilder$Instance$$Lambda$1198/0x0000000800597c68 (datafixerupper@6.0.8)
 631:            61           2440  com.mojang.serialization.codecs.RecordCodecBuilder$Instance$7 (datafixerupper@6.0.8)
 632:            76           2432  java.lang.invoke.SimpleMethodHandle (java.base@17.0.15)
 633:            76           2432  java.security.AlgorithmParameters (java.base@17.0.15)
 634:            60           2400  com.mojang.blaze3d.platform.VideoMode (minecraft@1.20.1)
 635:            20           2400  net.minecraftforge.registries.NamespacedDefaultedWrapper (forge@47.4.13)
 636:            50           2400  org.openjdk.nashorn.internal.ir.PropertyNode (org.openjdk.nashorn)
 637:            12           2392  [[Ljava.lang.String; (java.base@17.0.15)
 638:           146           2336  net.minecraft.util.datafix.schemas.V1451_6$$Lambda$1994/0x0000000800858228 (minecraft@1.20.1)
 639:           146           2336  net.minecraft.util.datafix.schemas.V1451_6$$Lambda$1995/0x0000000800858450 (minecraft@1.20.1)
 640:           146           2336  net.minecraft.util.datafix.schemas.V1451_6$$Lambda$1996/0x0000000800858678 (minecraft@1.20.1)
 641:            39           2328  [Lnet.minecraft.client.renderer.block.model.ItemOverrides$BakedOverride; (minecraft@1.20.1)
 642:            97           2328  java.security.spec.ECPoint (java.base@17.0.15)
 643:            48           2304  com.mojang.serialization.codecs.KeyDispatchCodec (datafixerupper@6.0.8)
 644:            72           2304  java.util.logging.LogManager$LogNode (java.logging@17.0.15)
 645:           144           2304  net.minecraft.util.datafix.schemas.V704$$Lambda$1900/0x000000080083e8e0 (minecraft@1.20.1)
 646:            57           2280  [Lnet.minecraftforge.eventbus.ListenerList$ListenerListInst; (net.minecraftforge.eventbus)
 647:           142           2272  net.minecraft.util.LazyLoadedValue (minecraft@1.20.1)
 648:           142           2272  net.minecraft.util.LazyLoadedValue$$Lambda$2566/0x00000008009d3818 (minecraft@1.20.1)
 649:           142           2272  net.minecraft.util.datafix.schemas.V1460$$Lambda$2006/0x0000000800859600 (minecraft@1.20.1)
 650:           142           2272  net.minecraft.util.datafix.schemas.V1460$$Lambda$2007/0x0000000800859848 (minecraft@1.20.1)
 651:           142           2272  net.minecraft.util.datafix.schemas.V1460$$Lambda$2008/0x0000000800859a90 (minecraft@1.20.1)
 652:           142           2272  net.minecraft.util.datafix.schemas.V1460$$Lambda$2009/0x0000000800859cd8 (minecraft@1.20.1)
 653:           142           2272  net.minecraft.util.datafix.schemas.V1460$$Lambda$2010/0x0000000800859f20 (minecraft@1.20.1)
 654:           142           2272  net.minecraft.util.datafix.schemas.V1460$$Lambda$2011/0x000000080085a168 (minecraft@1.20.1)
 655:           142           2272  net.minecraft.util.datafix.schemas.V1460$$Lambda$2012/0x000000080085a3b0 (minecraft@1.20.1)
 656:           142           2272  net.minecraft.util.datafix.schemas.V1460$$Lambda$2013/0x000000080085a5f8 (minecraft@1.20.1)
 657:           142           2272  net.minecraft.util.datafix.schemas.V1460$$Lambda$2014/0x000000080085a840 (minecraft@1.20.1)
 658:           142           2272  net.minecraft.util.datafix.schemas.V1460$$Lambda$2015/0x000000080085aa88 (minecraft@1.20.1)
 659:           142           2272  net.minecraft.util.datafix.schemas.V1460$$Lambda$2016/0x000000080085acd0 (minecraft@1.20.1)
 660:           142           2272  net.minecraft.util.datafix.schemas.V1460$$Lambda$2017/0x000000080085af18 (minecraft@1.20.1)
 661:           142           2272  net.minecraft.util.datafix.schemas.V1460$$Lambda$2018/0x000000080085b160 (minecraft@1.20.1)
 662:           142           2272  net.minecraft.util.datafix.schemas.V1460$$Lambda$2019/0x000000080085b3a8 (minecraft@1.20.1)
 663:           142           2272  net.minecraft.util.datafix.schemas.V1460$$Lambda$2020/0x000000080085b5f0 (minecraft@1.20.1)
 664:           142           2272  net.minecraft.util.datafix.schemas.V1460$$Lambda$2021/0x000000080085b838 (minecraft@1.20.1)
 665:           142           2272  net.minecraft.util.datafix.schemas.V1460$$Lambda$2022/0x000000080085ba80 (minecraft@1.20.1)
 666:           142           2272  net.minecraft.util.datafix.schemas.V1460$$Lambda$2023/0x000000080085bcc8 (minecraft@1.20.1)
 667:           142           2272  net.minecraft.util.datafix.schemas.V1460$$Lambda$2024/0x000000080085bf10 (minecraft@1.20.1)
 668:           142           2272  net.minecraft.util.datafix.schemas.V1460$$Lambda$2025/0x000000080085c158 (minecraft@1.20.1)
 669:           142           2272  net.minecraft.util.datafix.schemas.V1460$$Lambda$2026/0x000000080085c3a0 (minecraft@1.20.1)
 670:           142           2272  net.minecraft.util.datafix.schemas.V1460$$Lambda$2027/0x000000080085c5e8 (minecraft@1.20.1)
 671:           142           2272  net.minecraft.util.datafix.schemas.V1460$$Lambda$2029/0x000000080085ca58 (minecraft@1.20.1)
 672:           142           2272  net.minecraft.util.datafix.schemas.V1460$$Lambda$2030/0x000000080085cca0 (minecraft@1.20.1)
 673:           142           2272  net.minecraft.util.datafix.schemas.V1460$$Lambda$2031/0x000000080085cee8 (minecraft@1.20.1)
 674:           142           2272  net.minecraft.util.datafix.schemas.V1460$$Lambda$2034/0x000000080085d570 (minecraft@1.20.1)
 675:           142           2272  net.minecraft.util.datafix.schemas.V1460$$Lambda$2036/0x000000080085d9c0 (minecraft@1.20.1)
 676:           142           2272  net.minecraft.util.datafix.schemas.V1460$$Lambda$2037/0x000000080085dbe8 (minecraft@1.20.1)
 677:           142           2272  net.minecraft.util.datafix.schemas.V1460$$Lambda$2038/0x000000080085de10 (minecraft@1.20.1)
 678:           142           2272  net.minecraft.util.datafix.schemas.V1460$$Lambda$2039/0x000000080085e038 (minecraft@1.20.1)
 679:           142           2272  net.minecraft.util.datafix.schemas.V1460$$Lambda$2040/0x000000080085e260 (minecraft@1.20.1)
 680:           142           2272  net.minecraft.util.datafix.schemas.V1460$$Lambda$2042/0x000000080085e6a8 (minecraft@1.20.1)
 681:           142           2272  net.minecraft.util.datafix.schemas.V1460$$Lambda$2046/0x000000080085ef30 (minecraft@1.20.1)
 682:           142           2272  net.minecraft.util.datafix.schemas.V1460$$Lambda$2048/0x000000080085f380 (minecraft@1.20.1)
 683:           142           2272  net.minecraft.util.datafix.schemas.V1460$$Lambda$2050/0x000000080085f7c8 (minecraft@1.20.1)
 684:           142           2272  net.minecraft.util.datafix.schemas.V1460$$Lambda$2053/0x0000000800860000 (minecraft@1.20.1)
 685:           142           2272  net.minecraft.util.datafix.schemas.V1460$$Lambda$2058/0x0000000800860aa8 (minecraft@1.20.1)
 686:            47           2256  java.lang.StackTraceElement (java.base@17.0.15)
 687:           140           2240  net.minecraft.util.datafix.schemas.V1470$$Lambda$2065/0x0000000800861f10 (minecraft@1.20.1)
 688:            93           2232  com.google.common.collect.HashBiMap$Inverse (com.google.common@31.1-jre)
 689:            93           2232  java.util.regex.Pattern$BmpCharPropertyGreedy (java.base@17.0.15)
 690:            69           2208  jdk.internal.loader.BuiltinClassLoader$LoadedModule (java.base@17.0.15)
 691:           138           2208  net.minecraft.util.datafix.schemas.V99$$Lambda$1827/0x000000080081f408 (minecraft@1.20.1)
 692:            68           2176  java.lang.invoke.LambdaForm$Kind (java.base@17.0.15)
 693:             4           2176  org.openjdk.nashorn.internal.objects.Global (org.openjdk.nashorn)
 694:            54           2160  net.minecraft.world.effect.MobEffectInstance (minecraft@1.20.1)
 695:            30           2160  net.minecraftforge.registries.RegistryBuilder (forge@47.4.13)
 696:            14           2144  [Ljava.lang.ThreadLocal$ThreadLocalMap$Entry; (java.base@17.0.15)
 697:            38           2128  org.openjdk.nashorn.internal.ir.CallNode (org.openjdk.nashorn)
 698:            53           2120  java.lang.invoke.VarHandle$AccessDescriptor (java.base@17.0.15)
 699:            53           2120  org.antlr.v4.runtime.atn.OrderedATNConfigSet (org.antlr.antlr4.runtime@4.9.1)
 700:            53           2120  sun.security.util.NamedCurve (java.base@17.0.15)
 701:            44           2112  com.sun.management.internal.DiagnosticCommandInfo (jdk.management@17.0.15)
 702:            87           2088  org.apache.logging.log4j.core.pattern.PatternFormatter (org.apache.logging.log4j.core@2.19.0)
 703:            65           2080  net.minecraft.client.resources.model.BuiltInModel (minecraft@1.20.1)
 704:            37           2072  java.nio.DirectIntBufferU (java.base@17.0.15)
 705:            81           2064  [Ljavax.management.ObjectName$Property; (java.management@17.0.15)
 706:             1           2064  [Lorg.openjdk.nashorn.internal.runtime.SpillProperty$Accessors; (org.openjdk.nashorn)
 707:            86           2064  java.util.regex.Pattern$$Lambda$39/0x00000008000bd9c8 (java.base@17.0.15)
 708:            86           2064  net.minecraft.core.particles.SimpleParticleType (minecraft@1.20.1)
 709:            85           2040  java.util.zip.ZipFile$Source$Key (java.base@17.0.15)
 710:           126           2016  jdk.internal.module.SystemModuleFinders$3 (java.base@17.0.15)
 711:            62           1984  net.minecraft.client.renderer.RenderStateShard$TextureStateShard (minecraft@1.20.1)
 712:           123           1968  jdk.internal.reflect.DelegatingMethodAccessorImpl (java.base@17.0.15)
 713:            49           1960  java.security.AccessControlContext (java.base@17.0.15)
 714:            61           1952  com.mojang.serialization.codecs.RecordCodecBuilder$Instance$$Lambda$1197/0x0000000800597a20 (datafixerupper@6.0.8)
 715:           122           1952  net.minecraft.client.model.geom.builders.MeshDefinition (minecraft@1.20.1)
 716:            61           1952  net.minecraft.world.item.crafting.Ingredient (minecraft@1.20.1)
 717:            81           1944  com.mojang.datafixers.types.templates.CompoundList (datafixerupper@6.0.8)
 718:            81           1936  [Ljava.lang.invoke.SwitchPoint; (java.base@17.0.15)
 719:            13           1936  [[B (java.base@17.0.15)
 720:            22           1936  net.minecraft.world.level.block.WallBlock (minecraft@1.20.1)
 721:            48           1920  com.mojang.math.OctahedralGroup (minecraft@1.20.1)
 722:            80           1920  java.util.Currency$OtherCurrencyEntry (java.base@17.0.15)
 723:           119           1904  java.util.regex.Pattern$$Lambda$37/0x00000008000badb0 (java.base@17.0.15)
 724:            34           1904  sun.security.ssl.NamedGroup (java.base@17.0.15)
 725:           118           1888  net.minecraft.util.datafix.schemas.V1800$$Lambda$2078/0x0000000800865668 (minecraft@1.20.1)
 726:           118           1888  net.minecraft.util.datafix.schemas.V1800$$Lambda$2079/0x0000000800865890 (minecraft@1.20.1)
 727:           118           1888  net.minecraft.world.entity.ai.attributes.AttributeModifier$$Lambda$2492/0x00000008009a0ba8 (minecraft@1.20.1)
 728:            47           1880  net.minecraft.world.level.block.state.properties.BooleanProperty (minecraft@1.20.1)
 729:            13           1872  [Ljava.lang.invoke.MemberName; (java.base@17.0.15)
 730:            78           1872  com.mojang.serialization.codecs.EitherCodec (datafixerupper@6.0.8)
 731:            77           1848  net.minecraft.client.OptionInstance$$Lambda$4378/0x0000000800befb18 (minecraft@1.20.1)
 732:            33           1848  net.minecraft.network.chat.Style (minecraft@1.20.1)
 733:           115           1840  java.lang.Float (java.base@17.0.15)
 734:            76           1824  javax.management.ObjectName$Property (java.management@17.0.15)
 735:            57           1824  net.minecraft.client.renderer.RenderStateShard$ShaderStateShard (minecraft@1.20.1)
 736:           114           1824  net.minecraft.util.datafix.schemas.V1904$$Lambda$2083/0x00000008008668a8 (minecraft@1.20.1)
 737:           113           1808  net.minecraft.client.renderer.RenderType$CompositeRenderType$$Lambda$4858/0x0000000800d05860 (minecraft@1.20.1)
 738:           113           1808  net.minecraft.client.renderer.RenderType$CompositeRenderType$$Lambda$4859/0x0000000800d05a88 (minecraft@1.20.1)
 739:            28           1792  it.unimi.dsi.fastutil.objects.ObjectLinkedOpenCustomHashSet (it.unimi.dsi.fastutil@8.5.9)
 740:           112           1792  net.minecraft.util.datafix.schemas.V1906$$Lambda$2086/0x00000008008671c8 (minecraft@1.20.1)
 741:           112           1792  net.minecraft.util.datafix.schemas.V705$$Lambda$1913/0x0000000800840b48 (minecraft@1.20.1)
 742:            74           1776  java.util.Collections$SynchronizedRandomAccessList (java.base@17.0.15)
 743:           111           1776  net.minecraft.world.level.block.state.properties.Property$$Lambda$1431/0x0000000800662dc8 (minecraft@1.20.1)
 744:           111           1776  net.minecraft.world.level.block.state.properties.Property$$Lambda$1432/0x0000000800663010 (minecraft@1.20.1)
 745:           111           1776  net.minecraft.world.level.block.state.properties.Property$$Lambda$1433/0x0000000800663468 (minecraft@1.20.1)
 746:            17           1768  net.minecraft.world.level.block.entity.ShulkerBoxBlockEntity (minecraft@1.20.1)
 747:            55           1760  javax.management.MBeanParameterInfo (java.management@17.0.15)
 748:            73           1752  [Ljava.nio.file.Path; (java.base@17.0.15)
 749:            73           1752  com.google.gson.reflect.TypeToken (com.google.gson@2.10)
 750:            73           1752  cpw.mods.bootstraplauncher.BootstrapLauncher$PackageTracker (cpw.mods.bootstraplauncher@1.1.2)
 751:            36           1728  sun.nio.cs.UTF_8$Encoder (java.base@17.0.15)
 752:            43           1720  sun.security.ec.ECPublicKeyImpl (jdk.crypto.ec@17.0.15)
 753:            43           1720  sun.security.x509.AuthorityKeyIdentifierExtension (java.base@17.0.15)
 754:            71           1704  jdk.dynalink.NamedOperation (jdk.dynalink@17.0.15)
 755:            53           1696  java.security.spec.EllipticCurve (java.base@17.0.15)
 756:           106           1696  net.minecraft.util.datafix.schemas.V1920$$Lambda$2089/0x0000000800867db0 (minecraft@1.20.1)
 757:            53           1696  sun.security.x509.URIName (java.base@17.0.15)
 758:            70           1680  it.unimi.dsi.fastutil.ints.IntArrayList (it.unimi.dsi.fastutil@8.5.9)
 759:            21           1680  net.minecraft.world.item.ArmorItem (minecraft@1.20.1)
 760:            52           1664  jdk.internal.loader.NativeLibraries (java.base@17.0.15)
 761:            52           1664  net.minecraft.client.renderer.texture.SpriteContents$AnimatedTexture (minecraft@1.20.1)
 762:            52           1664  net.minecraft.client.renderer.texture.SpriteContents$Ticker (minecraft@1.20.1)
 763:           104           1664  net.minecraft.util.datafix.schemas.V1928$$Lambda$2091/0x00000008008684d0 (minecraft@1.20.1)
 764:            46           1648  [Ljava.lang.invoke.LambdaFormEditor$Transform; (java.base@17.0.15)
 765:           103           1648  net.minecraft.util.datafix.schemas.V1929$$Lambda$2093/0x0000000800868bc8 (minecraft@1.20.1)
 766:           103           1648  net.minecraft.util.datafix.schemas.V1929$$Lambda$2094/0x0000000800868e10 (minecraft@1.20.1)
 767:            68           1632  com.mojang.serialization.MapCodec$6 (datafixerupper@6.0.8)
 768:           102           1632  net.minecraft.util.datafix.schemas.V1931$$Lambda$2096/0x0000000800869528 (minecraft@1.20.1)
 769:            68           1632  sun.reflect.generics.factory.CoreReflectionFactory (java.base@17.0.15)
 770:            67           1608  net.minecraft.client.renderer.block.model.multipart.MultiPart (minecraft@1.20.1)
 771:            67           1608  org.antlr.v4.runtime.atn.AtomTransition (org.antlr.antlr4.runtime@4.9.1)
 772:            40           1600  javax.management.MBeanOperationInfo (java.management@17.0.15)
 773:            50           1600  jdk.internal.reflect.UnsafeStaticObjectFieldAccessorImpl (java.base@17.0.15)
 774:            18           1584  com.google.gson.Gson (com.google.gson@2.10)
 775:            66           1584  java.lang.RuntimePermission (java.base@17.0.15)
 776:            33           1584  java.time.temporal.ValueRange (java.base@17.0.15)
 777:            99           1584  java.util.WeakHashMap$KeySet (java.base@17.0.15)
 778:            66           1584  net.minecraft.core.registries.BuiltInRegistries$$Lambda$1326/0x00000008005cfd80 (minecraft@1.20.1)
 779:            98           1568  net.minecraft.core.MappedRegistry$1 (minecraft@1.20.1)
 780:            49           1568  org.openjdk.nashorn.internal.codegen.CompilerConstants$2 (org.openjdk.nashorn)
 781:            65           1560  com.mojang.serialization.codecs.RecordCodecBuilder$Instance$$Lambda$1196/0x00000008005977d8 (datafixerupper@6.0.8)
 782:            65           1560  java.util.regex.Pattern$BmpCharPredicate$$Lambda$40/0x00000008000bdc50 (java.base@17.0.15)
 783:            39           1560  joptsimple.RequiredArgumentOptionSpec (jopt.simple@5.0.4)
 784:            65           1560  net.minecraft.util.ExtraCodecs$$Lambda$1124/0x000000080057a610 (minecraft@1.20.1)
 785:            65           1560  net.minecraft.util.ExtraCodecs$2 (minecraft@1.20.1)
 786:            97           1552  net.minecraft.world.entity.ai.memory.MemoryModuleType (minecraft@1.20.1)
 787:            64           1536  com.mojang.datafixers.types.templates.Hook (datafixerupper@6.0.8)
 788:            32           1536  net.minecraft.client.KeyMapping (minecraft@1.20.1)
 789:            96           1536  net.minecraft.client.renderer.block.model.multipart.AndCondition (minecraft@1.20.1)
 790:            96           1536  net.minecraft.util.datafix.schemas.V1460$$Lambda$2052/0x000000080085fc10 (minecraft@1.20.1)
 791:            96           1536  net.minecraft.util.datafix.schemas.V1466$$Lambda$2062/0x00000008008615f0 (minecraft@1.20.1)
 792:            96           1536  net.minecraft.util.datafix.schemas.V99$$Lambda$1819/0x000000080081e228 (minecraft@1.20.1)
 793:            16           1536  net.minecraft.world.level.block.StainedGlassPaneBlock (minecraft@1.20.1)
 794:            64           1536  sun.reflect.generics.reflectiveObjects.ParameterizedTypeImpl (java.base@17.0.15)
 795:            47           1504  java.util.RegularEnumSet (java.base@17.0.15)
 796:            94           1504  net.minecraft.util.datafix.schemas.V2100$$Lambda$2100/0x000000080086a098 (minecraft@1.20.1)
 797:            62           1488  com.google.gson.reflect.TypeToken
 798:            62           1488  jdk.internal.module.SystemModuleFinders$SystemModuleReader (java.base@17.0.15)
 799:            62           1488  net.minecraft.client.renderer.RenderStateShard$TextureStateShard$$Lambda$4799/0x0000000800cba3a8 (minecraft@1.20.1)
 800:            62           1488  net.minecraft.world.level.material.MapColor (minecraft@1.20.1)
 801:            62           1488  org.lwjgl.system.Configuration (org.lwjgl@3.3.1+7)
 802:            52           1472  [Ljavax.management.MBeanOperationInfo; (java.management@17.0.15)
 803:            23           1472  java.lang.invoke.BoundMethodHandle$Species_LLLLLLLLL (java.base@17.0.15)
 804:            17           1464  [Ljava.lang.Byte; (java.base@17.0.15)
 805:             1           1464  [Ljava.lang.Character$UnicodeBlock; (java.base@17.0.15)
 806:            61           1464  java.lang.invoke.SwitchPoint (java.base@17.0.15)
 807:            61           1464  java.util.Collections$SingletonList (java.base@17.0.15)
 808:            61           1464  org.apache.logging.log4j.core.pattern.AnsiEscape (org.apache.logging.log4j.core@2.19.0)
 809:            61           1456  [Lnet.minecraft.world.item.crafting.Ingredient$Value; (minecraft@1.20.1)
 810:             3           1440  [Lorg.openjdk.nashorn.internal.parser.TokenType; (org.openjdk.nashorn)
 811:            30           1440  net.minecraft.world.level.block.state.properties.IntegerProperty (minecraft@1.20.1)
 812:            60           1440  net.minecraft.world.level.gameevent.GameEvent (minecraft@1.20.1)
 813:            60           1440  net.minecraftforge.registries.ForgeRegistryTagManager (forge@47.4.13)
 814:            45           1440  org.joml.Quaternionf (org.joml@1.10.5)
 815:            30           1440  org.spongepowered.asm.mixin.MixinEnvironment$Option (org.spongepowered.mixin)
 816:            89           1424  java.util.regex.Pattern$BranchConn (java.base@17.0.15)
 817:            59           1416  com.google.gson.internal.bind.TypeAdapters$32 (com.google.gson@2.10)
 818:            44           1408  com.sun.management.internal.DiagnosticCommandImpl$Wrapper (jdk.management@17.0.15)
 819:            44           1408  java.util.ImmutableCollections$MapN (java.base@17.0.15)
 820:            88           1408  net.minecraft.client.particle.ParticleEngine$MutableSpriteSet (minecraft@1.20.1)
 821:            44           1408  net.minecraft.util.datafix.fixes.AddNewChoices (minecraft@1.20.1)
 822:            88           1408  net.minecraft.util.datafix.schemas.V2502$$Lambda$2104/0x000000080086ae88 (minecraft@1.20.1)
 823:            44           1408  org.openjdk.nashorn.internal.codegen.CompilerConstants (org.openjdk.nashorn)
 824:            22           1408  sun.security.ec.SunEC$ProviderServiceA (jdk.crypto.ec@17.0.15)
 825:            22           1408  sun.security.ssl.SignatureScheme (java.base@17.0.15)
 826:            35           1400  org.antlr.v4.runtime.atn.RuleStartState (org.antlr.antlr4.runtime@4.9.1)
 827:            35           1400  org.antlr.v4.runtime.atn.RuleStopState (org.antlr.antlr4.runtime@4.9.1)
 828:            58           1392  jdk.internal.loader.AbstractClassLoaderValue$Sub (java.base@17.0.15)
 829:             1           1376  [Ljdk.internal.math.FDBigInteger; (java.base@17.0.15)
 830:            43           1376  java.time.format.DateTimeFormatterBuilder$NumberPrinterParser (java.base@17.0.15)
 831:            86           1376  net.minecraft.core.particles.SimpleParticleType$$Lambda$1593/0x00000008007596e0 (minecraft@1.20.1)
 832:            86           1376  net.minecraft.util.datafix.schemas.V2505$$Lambda$2106/0x000000080086b580 (minecraft@1.20.1)
 833:            43           1376  sun.reflect.generics.repository.ClassRepository (java.base@17.0.15)
 834:             1           1368  [Lsun.security.ssl.CipherSuite; (java.base@17.0.15)
 835:            57           1368  java.util.regex.Pattern$CharPropertyGreedy (java.base@17.0.15)
 836:            57           1368  net.minecraft.world.item.alchemy.PotionBrewing$Mix (minecraft@1.20.1)
 837:            57           1368  net.minecraftforge.eventbus.ListenerList (net.minecraftforge.eventbus)
 838:            34           1360  java.lang.invoke.MethodHandleImpl$IntrinsicMethodHandle (java.base@17.0.15)
 839:            17           1360  net.minecraft.world.item.SmithingTemplateItem (minecraft@1.20.1)
 840:            17           1360  net.minecraft.world.level.block.CandleBlock (minecraft@1.20.1)
 841:            17           1360  net.minecraft.world.level.block.CandleCakeBlock (minecraft@1.20.1)
 842:            17           1360  net.minecraft.world.level.block.ShulkerBoxBlock (minecraft@1.20.1)
 843:            85           1360  sun.nio.fs.UnixFileAttributes$UnixAsBasicFileAttributes (java.base@17.0.15)
 844:            84           1344  net.minecraft.util.datafix.schemas.V2509$$Lambda$2108/0x000000080086bc78 (minecraft@1.20.1)
 845:            24           1344  org.openjdk.nashorn.internal.scripts.JO4 (org.openjdk.nashorn.structures)
 846:            28           1344  sun.nio.cs.StreamEncoder (java.base@17.0.15)
 847:            33           1320  java.lang.invoke.MethodHandleImpl$WrappedMember (java.base@17.0.15)
 848:            55           1320  java.util.regex.Pattern$Start (java.base@17.0.15)
 849:            41           1312  javax.management.ObjectName (java.management@17.0.15)
 850:            82           1312  net.minecraft.world.item.ItemStack$$Lambda$2614/0x00000008009e1440 (minecraft@1.20.1)
 851:            41           1312  org.openjdk.nashorn.internal.codegen.CompilerConstants$7 (org.openjdk.nashorn)
 852:            81           1296  com.mojang.serialization.codecs.ListCodec (datafixerupper@6.0.8)
 853:            27           1296  java.lang.invoke.BoundMethodHandle$SpeciesData (java.base@17.0.15)
 854:            54           1296  net.minecraft.util.valueproviders.IntProvider$$Lambda$1517/0x0000000800732240 (minecraft@1.20.1)
 855:            23           1288  java.util.logging.Logger (java.logging@17.0.15)
 856:            40           1280  [Ljava.math.BigInteger; (java.base@17.0.15)
 857:            44           1280  [Lnet.minecraft.resources.ResourceLocation; (minecraft@1.20.1)
 858:            16           1280  com.google.common.cache.LocalCache$Segment (com.google.common@31.1-jre)
 859:            40           1280  com.mojang.serialization.codecs.RecordCodecBuilder$Instance$1 (datafixerupper@6.0.8)
 860:            80           1280  java.util.regex.Pattern$BitClass (java.base@17.0.15)
 861:            32           1280  jdk.internal.ref.Cleaner (java.base@17.0.15)
 862:            40           1280  net.minecraft.world.food.FoodProperties (minecraft@1.20.1)
 863:            16           1280  net.minecraft.world.level.block.BannerBlock (minecraft@1.20.1)
 864:            16           1280  net.minecraft.world.level.block.BedBlock (minecraft@1.20.1)
 865:            16           1280  net.minecraft.world.level.block.ConcretePowderBlock (minecraft@1.20.1)
 866:            16           1280  net.minecraft.world.level.block.DropExperienceBlock (minecraft@1.20.1)
 867:            16           1280  net.minecraft.world.level.block.GlazedTerracottaBlock (minecraft@1.20.1)
 868:            16           1280  net.minecraft.world.level.block.StainedGlassBlock (minecraft@1.20.1)
 869:            16           1280  net.minecraft.world.level.block.WallBannerBlock (minecraft@1.20.1)
 870:            16           1280  net.minecraft.world.level.block.WoolCarpetBlock (minecraft@1.20.1)
 871:            20           1280  sun.security.ec.SunEC$ProviderService (jdk.crypto.ec@17.0.15)
 872:            53           1272  com.mojang.datafixers.NamedChoiceFinder (datafixerupper@6.0.8)
 873:            79           1264  net.minecraft.util.datafix.schemas.V2519$$Lambda$2110/0x000000080086c370 (minecraft@1.20.1)
 874:            52           1248  net.minecraft.client.renderer.texture.TextureAtlasSprite$1 (minecraft@1.20.1)
 875:            78           1248  net.minecraft.util.datafix.schemas.V2522$$Lambda$2112/0x000000080086ca68 (minecraft@1.20.1)
 876:            31           1240  java.lang.invoke.DirectMethodHandle$Special (java.base@17.0.15)
 877:            77           1232  java.util.concurrent.atomic.AtomicInteger (java.base@17.0.15)
 878:            77           1232  net.minecraft.client.color.item.ItemColors$$Lambda$4958/0x0000000800d2c798 (minecraft@1.20.1)
 879:            14           1232  net.minecraft.world.item.CreativeModeTab (minecraft@1.20.1)
 880:            22           1232  org.openjdk.nashorn.internal.runtime.UserAccessorProperty (org.openjdk.nashorn)
 881:            76           1216  it.unimi.dsi.fastutil.objects.Object2ObjectArrayMap$ValuesCollection (it.unimi.dsi.fastutil@8.5.9)
 882:            76           1216  java.lang.ThreadLocal (java.base@17.0.15)
 883:            19           1216  net.minecraft.world.item.StandingAndWallBlockItem (minecraft@1.20.1)
 884:            30           1200  java.lang.invoke.VarHandleReferences$FieldInstanceReadWrite (java.base@17.0.15)
 885:            30           1200  java.time.temporal.ChronoField (java.base@17.0.15)
 886:            30           1200  net.minecraft.world.level.block.state.properties.EnumProperty (minecraft@1.20.1)
 887:            30           1200  net.minecraft.world.phys.Vec3 (minecraft@1.20.1)
 888:            50           1200  sun.reflect.generics.scope.ClassScope (java.base@17.0.15)
 889:            74           1184  jdk.proxy2.$Proxy2 (jdk.proxy2)
 890:            37           1184  net.minecraft.world.level.material.FluidState (minecraft@1.20.1)
 891:            49           1176  org.apache.logging.log4j.core.pattern.SimpleLiteralPatternConverter$StringValue (org.apache.logging.log4j.core@2.19.0)
 892:            21           1176  org.apache.logging.log4j.core.util.datetime.FixedDateFormat$FixedFormat (org.apache.logging.log4j.core@2.19.0)
 893:            36           1152  com.google.gson.internal.bind.TreeTypeAdapter$SingleTypeFactory (com.google.gson@2.10)
 894:            48           1152  com.mojang.serialization.codecs.KeyDispatchCodec$$Lambda$1481/0x00000008007193d0 (datafixerupper@6.0.8)
 895:            48           1152  java.security.BasicPermissionCollection (java.base@17.0.15)
 896:            16           1152  net.minecraft.world.item.RecordItem (minecraft@1.20.1)
 897:            12           1152  net.minecraft.world.level.block.FenceBlock (minecraft@1.20.1)
 898:            36           1152  net.minecraftforge.installer.json.Version$LibraryDownload
 899:            36           1152  org.antlr.v4.runtime.atn.SingletonPredictionContext (org.antlr.antlr4.runtime@4.9.1)
 900:            13           1144  net.minecraft.world.level.block.ButtonBlock (minecraft@1.20.1)
 901:            13           1144  net.minecraft.world.level.block.FlowerBlock (minecraft@1.20.1)
 902:            13           1144  net.minecraft.world.level.block.PressurePlateBlock (minecraft@1.20.1)
 903:             2           1136  [Lsun.security.util.KnownOIDs; (java.base@17.0.15)
 904:            31           1120  [Ljava.time.format.DateTimeFormatterBuilder$DateTimePrinterParser; (java.base@17.0.15)
 905:            28           1120  org.openjdk.nashorn.internal.runtime.NativeJavaPackage (org.openjdk.nashorn)
 906:            69           1104  java.util.concurrent.locks.ReentrantLock (java.base@17.0.15)
 907:            68           1088  sun.security.util.ECParameters (java.base@17.0.15)
 908:            44           1080  [Lcom.sun.management.internal.DiagnosticCommandArgumentInfo; (jdk.management@17.0.15)
 909:            27           1080  [Ljava.lang.invoke.BoundMethodHandle$SpeciesData; (java.base@17.0.15)
 910:            27           1080  com.mojang.math.Transformation (minecraft@1.20.1)
 911:            27           1080  java.io.BufferedWriter (java.base@17.0.15)
 912:            45           1080  jdk.dynalink.beans.OverloadedDynamicMethod (jdk.dynalink@17.0.15)
 913:            45           1080  net.minecraftforge.accesstransformer.ClassTarget (accesstransformers@8.0.4)
 914:            15           1080  sun.security.ssl.SSLCipher (java.base@17.0.15)
 915:            44           1072  [Ljavax.management.MBeanParameterInfo; (java.management@17.0.15)
 916:            19           1064  net.minecraft.world.item.DoubleHighBlockItem (minecraft@1.20.1)
 917:             2           1056  [Ljava.lang.Integer; (java.base@17.0.15)
 918:             2           1056  [Ljava.lang.Long; (java.base@17.0.15)
 919:             2           1056  [Ljava.lang.Short; (java.base@17.0.15)
 920:            44           1056  java.lang.NamedPackage (java.base@17.0.15)
 921:            44           1056  net.minecraft.util.datafix.fixes.AddNewChoices$$Lambda$2242/0x0000000800893c98 (minecraft@1.20.1)
 922:            66           1056  net.minecraft.util.datafix.schemas.V3078$$Lambda$2161/0x0000000800870400 (minecraft@1.20.1)
 923:            44           1056  org.openjdk.nashorn.internal.runtime.Context$BuiltinSwitchPoint (org.openjdk.nashorn)
 924:            66           1056  sun.security.x509.GeneralName (java.base@17.0.15)
 925:            61           1048  [Lsun.reflect.generics.tree.FormalTypeParameter; (java.base@17.0.15)
 926:            13           1040  com.sun.jna.Structure$FFIType (com.sun.jna@5.12.1)
 927:            65           1040  net.minecraft.util.ExtraCodecs$$Lambda$1123/0x000000080057a3c8 (minecraft@1.20.1)
 928:            65           1040  net.minecraft.util.datafix.schemas.V2568$$Lambda$2129/0x000000080086f8d0 (minecraft@1.20.1)
 929:             1           1040  org.lwjgl.openal.ALCapabilities (org.lwjgl.openal@3.3.1+7)
 930:            43           1032  com.sun.jmx.mbeanserver.PerInterface$MethodAndSig (java.management@17.0.15)
 931:            43           1032  java.util.regex.Pattern$$Lambda$291/0x0000000800260b60 (java.base@17.0.15)
 932:            43           1032  net.minecraft.client.sounds.SoundManager$Preparations$1 (minecraft@1.20.1)
 933:            43           1032  net.minecraft.world.item.alchemy.Potion (minecraft@1.20.1)
 934:            43           1032  net.minecraft.world.scores.criteria.ObjectiveCriteria (minecraft@1.20.1)
 935:            43           1032  net.minecraftforge.accesstransformer.InnerClassTarget (accesstransformers@8.0.4)
 936:            43           1032  sun.reflect.generics.tree.ClassSignature (java.base@17.0.15)
 937:            32           1024  java.lang.invoke.BoundMethodHandle$Species_I (java.base@17.0.15)
 938:            32           1024  java.nio.DirectByteBuffer$Deallocator (java.base@17.0.15)
 939:            32           1024  joptsimple.OptionSpecBuilder (jopt.simple@5.0.4)
 940:            16           1024  net.minecraft.world.item.BannerItem (minecraft@1.20.1)
 941:            64           1024  net.minecraft.world.level.block.state.BlockBehaviour$Properties$$Lambda$1661/0x0000000800776c78 (minecraft@1.20.1)
 942:            34           1008  [Ljava.security.ProtectionDomain; (java.base@17.0.15)
 943:            21           1008  com.google.gson.internal.bind.TreeTypeAdapter (com.google.gson@2.10)
 944:             3           1008  java.util.concurrent.ForkJoinPool (java.base@17.0.15)
 945:            42           1008  java.util.concurrent.atomic.AtomicLong (java.base@17.0.15)
 946:            42           1008  java.util.concurrent.locks.AbstractQueuedSynchronizer$ConditionObject (java.base@17.0.15)
 947:            18           1008  net.minecraft.world.item.BoatItem (minecraft@1.20.1)
 948:            26           1000  [Lnet.minecraft.client.model.geom.ModelPart; (minecraft@1.20.1)
 949:            25           1000  net.minecraft.world.effect.MobEffect (minecraft@1.20.1)
 950:            31            992  cpw.mods.modlauncher.api.ITransformer$Target (cpw.mods.modlauncher@10.0.9)
 951:            31            992  java.lang.invoke.VarHandle$AccessMode (java.base@17.0.15)
 952:            62            992  java.security.AllPermissionCollection (java.base@17.0.15)
 953:            31            992  net.minecraft.client.telemetry.TelemetryProperty (minecraft@1.20.1)
 954:            41            984  java.lang.StringBuilder (java.base@17.0.15)
 955:            41            984  net.minecraft.world.level.block.entity.BlockEntityType (minecraft@1.20.1)
 956:            41            984  org.openjdk.nashorn.internal.parser.Parser$ParserState (org.openjdk.nashorn)
 957:            61            976  net.minecraft.util.datafix.schemas.V2684$$Lambda$2133/0x0000000800874c28 (minecraft@1.20.1)
 958:            61            976  net.minecraft.world.level.levelgen.feature.Feature$$Lambda$3109/0x0000000800a8b390 (minecraft@1.20.1)
 959:            42            968  [Lsun.security.ssl.ProtocolVersion; (java.base@17.0.15)
 960:            11            968  net.minecraft.world.level.block.FenceGateBlock (minecraft@1.20.1)
 961:            43            960  [Lsun.reflect.generics.tree.ClassTypeSignature; (java.base@17.0.15)
 962:            20            960  com.google.gson.internal.LinkedTreeMap$Node
 963:            40            960  com.mojang.serialization.codecs.RecordCodecBuilder$Instance$$Lambda$1522/0x000000080072dcc8 (datafixerupper@6.0.8)
 964:            40            960  com.mojang.serialization.codecs.RecordCodecBuilder$Instance$$Lambda$1523/0x000000080072df10 (datafixerupper@6.0.8)
 965:            24            960  com.sun.jmx.mbeanserver.MXBeanSupport (java.management@17.0.15)
 966:            24            960  java.io.PrintWriter (java.base@17.0.15)
 967:            24            960  java.util.logging.Logger$ConfigurationData (java.logging@17.0.15)
 968:            40            960  net.minecraft.client.gui.font.FontSet$GlyphInfoFilter (minecraft@1.20.1)
 969:            40            960  net.minecraft.util.datafix.fixes.NamedEntityFix$$Lambda$2217/0x000000080087ed38 (minecraft@1.20.1)
 970:            60            960  net.minecraft.util.datafix.schemas.V2686$$Lambda$2136/0x0000000800875540 (minecraft@1.20.1)
 971:            40            960  net.minecraft.world.entity.schedule.Keyframe (minecraft@1.20.1)
 972:            60            960  net.minecraft.world.item.crafting.Ingredient$ItemValue (minecraft@1.20.1)
 973:            12            960  net.minecraft.world.level.block.DoorBlock (minecraft@1.20.1)
 974:            12            960  net.minecraft.world.level.block.TrapDoorBlock (minecraft@1.20.1)
 975:            30            960  net.minecraftforge.client.ForgeRenderTypes$CustomizableTextureState (forge@47.4.13)
 976:            30            960  net.minecraftforge.client.ForgeRenderTypes$CustomizableTextureState$$Lambda$4917/0x0000000800d123b0 (forge@47.4.13)
 977:            60            960  net.minecraftforge.registries.ForgeRegistry$RegistryCodec (forge@47.4.13)
 978:            24            960  org.antlr.v4.runtime.atn.ATNConfigSet (org.antlr.antlr4.runtime@4.9.1)
 979:            24            960  org.antlr.v4.runtime.atn.BlockEndState (org.antlr.antlr4.runtime@4.9.1)
 980:            30            960  org.apache.logging.log4j.core.pattern.DatePatternConverter$PatternFormatter (org.apache.logging.log4j.core@2.19.0)
 981:            24            960  org.openjdk.nashorn.internal.ir.ObjectNode (org.openjdk.nashorn)
 982:            30            960  org.openjdk.nashorn.internal.runtime.GlobalConstants$Access (org.openjdk.nashorn)
 983:            59            944  net.minecraft.util.datafix.schemas.V2688$$Lambda$2138/0x0000000800875c38 (minecraft@1.20.1)
 984:            59            944  net.minecraft.util.datafix.schemas.V2688$$Lambda$2139/0x0000000800875e60 (minecraft@1.20.1)
 985:            39            936  java.lang.management.ManagementPermission (java.management@17.0.15)
 986:            39            936  net.minecraft.client.renderer.block.model.ItemOverrides (minecraft@1.20.1)
 987:            39            936  net.minecraft.commands.synchronization.SingletonArgumentInfo$Template (minecraft@1.20.1)
 988:            29            928  java.util.regex.Pattern$Curly (java.base@17.0.15)
 989:            58            928  net.minecraft.world.level.block.state.BlockBehaviour$Properties$$Lambda$1629/0x0000000800761d30 (minecraft@1.20.1)
 990:            29            928  org.openjdk.nashorn.internal.runtime.AllocationStrategy (org.openjdk.nashorn)
 991:            29            928  sun.security.x509.DistributionPoint (java.base@17.0.15)
 992:            19            912  javax.management.openmbean.ArrayType (java.management@17.0.15)
 993:            19            912  jdk.dynalink.beans.BeanLinker (jdk.dynalink@17.0.15)
 994:            56            896  net.minecraft.client.renderer.RenderStateShard$ShaderStateShard$$Lambda$4742/0x0000000800cb54e0 (minecraft@1.20.1)
 995:            16            896  net.minecraft.world.item.BedItem (minecraft@1.20.1)
 996:            16            896  net.minecraft.world.item.DyeItem (minecraft@1.20.1)
 997:            28            896  org.antlr.v4.runtime.dfa.DFA (org.antlr.antlr4.runtime@4.9.1)
 998:            28            896  org.apache.commons.lang3.text.translate.LookupTranslator (org.apache.commons.lang3@3.12.0)
 999:            37            888  com.sun.jmx.mbeanserver.NamedObject (java.management@17.0.15)
1000:            37            888  cpw.mods.modlauncher.ModuleLayerHandler$PathOrJar (cpw.mods.modlauncher@10.0.9)
1001:            22            880  java.util.Collections$SingletonMap (java.base@17.0.15)
1002:            22            880  net.minecraft.ChatFormatting (minecraft@1.20.1)
1003:            10            880  net.minecraft.client.model.HumanoidArmorModel (minecraft@1.20.1)
1004:            10            880  net.minecraft.client.model.SkeletonModel (minecraft@1.20.1)
1005:            11            880  net.minecraft.world.level.block.CeilingHangingSignBlock (minecraft@1.20.1)
1006:            11            880  net.minecraft.world.level.block.StandingSignBlock (minecraft@1.20.1)
1007:            11            880  net.minecraft.world.level.block.WallHangingSignBlock (minecraft@1.20.1)
1008:            11            880  net.minecraft.world.level.block.WallSignBlock (minecraft@1.20.1)
1009:            22            880  org.openjdk.nashorn.internal.codegen.types.ObjectType (org.openjdk.nashorn)
1010:            55            880  sun.security.x509.DNSName (java.base@17.0.15)
1011:            27            872  [Ljava.io.ObjectStreamField; (java.base@17.0.15)
1012:            36            864  com.mojang.serialization.Codec$4 (datafixerupper@6.0.8)
1013:            27            864  java.util.UUID (java.base@17.0.15)
1014:            36            864  net.minecraft.util.ExtraCodecs$3 (minecraft@1.20.1)
1015:            36            864  net.minecraftforge.installer.json.Version$Downloads
1016:            36            864  net.minecraftforge.installer.json.Version$Library
1017:            36            864  org.apache.logging.log4j.MarkerManager$Log4jMarker (org.apache.logging.log4j@2.19.0)
1018:            27            864  sun.reflect.annotation.AnnotationType (java.base@17.0.15)
1019:            53            848  net.minecraft.world.level.block.StairBlock$$Lambda$1637/0x0000000800763308 (minecraft@1.20.1)
1020:            15            840  net.minecraft.world.level.block.state.properties.BlockSetType (minecraft@1.20.1)
1021:            21            840  sun.security.ssl.SSLHandshake (java.base@17.0.15)
1022:            32            832  [Lnet.minecraft.world.entity.EquipmentSlot; (minecraft@1.20.1)
1023:            52            832  com.mojang.serialization.Codec$$Lambda$1106/0x0000000800577940 (datafixerupper@6.0.8)
1024:            52            832  com.mojang.serialization.Codec$$Lambda$1107/0x0000000800577b88 (datafixerupper@6.0.8)
1025:            26            832  java.time.zone.ZoneOffsetTransition (java.base@17.0.15)
1026:            26            832  net.minecraftforge.client.gui.overlay.VanillaGuiOverlay (forge@47.4.13)
1027:            13            832  org.jcp.xml.dsig.internal.dom.XMLDSigRI$ProviderService (java.xml.crypto@17.0.15)
1028:             2            816  [Ljava.time.LocalDateTime; (java.base@17.0.15)
1029:            51            816  jdk.proxy2.$Proxy3 (jdk.proxy2)
1030:            34            816  net.minecraft.core.BlockPos (minecraft@1.20.1)
1031:            51            816  net.minecraft.util.datafix.schemas.V2704$$Lambda$2141/0x0000000800876578 (minecraft@1.20.1)
1032:            17            816  org.openjdk.nashorn.internal.ir.BinaryNode (org.openjdk.nashorn)
1033:            21            800  [Lnet.minecraft.core.Direction; (minecraft@1.20.1)
1034:            25            800  com.sun.jmx.mbeanserver.WeakIdentityHashMap$IdentityWeakReference (java.management@17.0.15)
1035:            20            800  java.time.format.DateTimeFormatter (java.base@17.0.15)
1036:            25            800  net.minecraft.util.datafix.fixes.ItemRenameFix$1 (minecraft@1.20.1)
1037:            20            800  org.openjdk.nashorn.internal.ir.JoinPredecessorExpression (org.openjdk.nashorn)
1038:            20            800  org.openjdk.nashorn.internal.ir.ReturnNode (org.openjdk.nashorn)
1039:            33            792  java.util.regex.Pattern$CharProperty (java.base@17.0.15)
1040:            33            792  net.minecraft.Util$10 (minecraft@1.20.1)
1041:            33            792  net.minecraft.core.Vec3i (minecraft@1.20.1)
1042:            14            784  javax.management.openmbean.OpenMBeanParameterInfoSupport (java.management@17.0.15)
1043:            14            784  net.minecraft.world.item.ItemNameBlockItem (minecraft@1.20.1)
1044:            32            768  com.sun.jmx.mbeanserver.DefaultMXBeanMappingFactory$IdentityMapping (java.management@17.0.15)
1045:            16            768  net.minecraft.world.item.DyeColor (minecraft@1.20.1)
1046:            24            768  org.antlr.v4.runtime.atn.RuleTransition (org.antlr.antlr4.runtime@4.9.1)
1047:            16            768  org.openjdk.nashorn.internal.ir.VarNode (org.openjdk.nashorn)
1048:            24            768  sun.security.x509.OIDMap$OIDInfo (java.base@17.0.15)
1049:            19            760  net.minecraft.client.renderer.entity.layers.CustomHeadLayer (minecraft@1.20.1)
1050:             2            752  jdk.internal.misc.InnocuousThread (java.base@17.0.15)
1051:            47            752  net.minecraft.util.KeyDispatchDataCodec (minecraft@1.20.1)
1052:            47            752  net.minecraft.util.datafix.schemas.V99$$Lambda$1843/0x0000000800821568 (minecraft@1.20.1)
1053:            47            752  net.minecraft.util.datafix.schemas.V99$$Lambda$1850/0x0000000800822450 (minecraft@1.20.1)
1054:            31            744  cpw.mods.jarhandling.SecureJar$Provider (cpw.mods.securejarhandler)
1055:            31            744  cpw.mods.modlauncher.TransformerHolder (cpw.mods.modlauncher@10.0.9)
1056:            31            744  java.security.Provider$EngineDescription (java.base@17.0.15)
1057:            31            744  java.time.format.DateTimeFormatterBuilder$CompositePrinterParser (java.base@17.0.15)
1058:            31            744  org.spongepowered.asm.launch.platform.MixinContainer (org.spongepowered.mixin)
1059:            31            744  org.spongepowered.asm.launch.platform.MixinPlatformAgentDefault (org.spongepowered.mixin)
1060:            46            736  net.minecraft.util.datafix.schemas.V100$$Lambda$1869/0x00000008008239d0 (minecraft@1.20.1)
1061:            46            736  net.minecraft.util.datafix.schemas.V2831$$Lambda$2144/0x0000000800877140 (minecraft@1.20.1)
1062:            23            736  net.minecraft.world.level.block.state.properties.NoteBlockInstrument (minecraft@1.20.1)
1063:            23            736  sun.security.x509.CRLDistributionPointsExtension (java.base@17.0.15)
1064:            13            728  java.util.Properties (java.base@17.0.15)
1065:            13            728  javax.management.openmbean.CompositeType (java.management@17.0.15)
1066:            13            728  net.minecraft.client.model.ElytraModel (minecraft@1.20.1)
1067:            18            720  com.sun.jmx.mbeanserver.PerInterface (java.management@17.0.15)
1068:            30            720  java.lang.ClassValue$Version (java.base@17.0.15)
1069:             5            720  java.text.DecimalFormat (java.base@17.0.15)
1070:            15            720  java.util.Currency$SpecialCaseEntry (java.base@17.0.15)
1071:            10            720  java.util.concurrent.ThreadPoolExecutor (java.base@17.0.15)
1072:            45            720  net.minecraft.util.datafix.schemas.V2832$$Lambda$2148/0x0000000800877c80 (minecraft@1.20.1)
1073:            30            720  net.minecraft.world.entity.decoration.PaintingVariant (minecraft@1.20.1)
1074:            30            720  net.minecraftforge.fml.loading.moddiscovery.AbstractModProvider$DefaultModFileInfo (fmlloader@1.20.1-47.4.13)
1075:            18            720  org.openjdk.nashorn.internal.codegen.CompileUnit (org.openjdk.nashorn)
1076:            18            720  org.openjdk.nashorn.internal.ir.RuntimeNode$Request (org.openjdk.nashorn)
1077:            30            720  org.spongepowered.asm.launch.platform.container.ContainerHandleModLauncherEx$SecureJarResource (org.spongepowered.mixin)
1078:            18            720  sun.reflect.generics.repository.MethodRepository (java.base@17.0.15)
1079:            17            712  [Ljava.lang.invoke.MethodType; (java.base@17.0.15)
1080:            22            704  cpw.mods.modlauncher.api.TypesafeMap$Key (cpw.mods.modlauncher@10.0.9)
1081:            22            704  java.util.ImmutableCollections$Map1 (java.base@17.0.15)
1082:            11            704  net.minecraft.world.item.HangingSignItem (minecraft@1.20.1)
1083:            11            704  net.minecraft.world.item.SignItem (minecraft@1.20.1)
1084:            29            696  net.minecraft.util.StringRepresentable$EnumCodec (minecraft@1.20.1)
1085:            43            688  com.google.gson.TypeAdapter$1 (com.google.gson@2.10)
1086:            17            680  net.minecraft.resources.HolderSetCodec (minecraft@1.20.1)
1087:            17            680  net.minecraftforge.fml.ModLoadingState (fmlcore@1.20.1-47.4.13)
1088:            28            672  java.io.OutputStreamWriter (java.base@17.0.15)
1089:            42            672  java.util.LinkedHashSet (java.base@17.0.15)
1090:            21            672  net.minecraft.client.model.PiglinHeadModel (minecraft@1.20.1)
1091:            12            672  net.minecraft.client.renderer.texture.TextureAtlas (minecraft@1.20.1)
1092:            28            672  net.minecraft.core.NonNullList (minecraft@1.20.1)
1093:            28            672  net.minecraft.util.StringRepresentable$$Lambda$1046/0x0000000800566000 (minecraft@1.20.1)
1094:            42            672  net.minecraft.util.datafix.schemas.V106$$Lambda$1877/0x0000000800839488 (minecraft@1.20.1)
1095:            28            672  org.openjdk.nashorn.internal.runtime.UserAccessorProperty$Accessors (org.openjdk.nashorn)
1096:            12            672  sun.util.calendar.ZoneInfo (java.base@17.0.15)
1097:            41            656  net.minecraft.util.datafix.DataFixers$$Lambda$2068/0x0000000800862b08 (minecraft@1.20.1)
1098:            41            656  net.minecraft.util.datafix.schemas.V2842$$Lambda$2157/0x00000008008735e0 (minecraft@1.20.1)
1099:            41            656  net.minecraft.world.level.block.entity.BannerPattern (minecraft@1.20.1)
1100:            27            648  java.util.regex.Pattern$Ques (java.base@17.0.15)
1101:            33            640  [Lsun.reflect.generics.tree.FieldTypeSignature; (java.base@17.0.15)
1102:            20            640  java.util.Collections$UnmodifiableMap (java.base@17.0.15)
1103:            40            640  jdk.proxy2.$Proxy14 (jdk.proxy2)
1104:             8            640  net.minecraft.world.level.block.LeavesBlock (minecraft@1.20.1)
1105:             8            640  net.minecraft.world.level.block.WeatheringCopperFullBlock (minecraft@1.20.1)
1106:            16            640  net.minecraftforge.common.ForgeConfigSpec$ValueSpec (forge@47.4.13)
1107:            20            640  net.minecraftforge.common.util.LazyOptional (forge@47.4.13)
1108:            40            640  sun.security.x509.GeneralNames (java.base@17.0.15)
1109:             3            624  [Ljava.lang.invoke.LambdaForm; (java.base@17.0.15)
1110:            13            624  com.llamalad7.mixinextras.lib.semver.Version (MixinExtras@0.5.3)
1111:            26            624  java.security.spec.ECFieldF2m (java.base@17.0.15)
1112:            26            624  java.time.LocalTime (java.base@17.0.15)
1113:            26            624  java.util.regex.Pattern$SliceU (java.base@17.0.15)
1114:            39            624  net.minecraft.commands.synchronization.SingletonArgumentInfo (minecraft@1.20.1)
1115:            13            624  net.minecraft.world.entity.ai.attributes.RangedAttribute (minecraft@1.20.1)
1116:            26            624  net.minecraft.world.entity.schedule.Activity (minecraft@1.20.1)
1117:            26            624  net.minecraftforge.client.gui.overlay.NamedGuiOverlay (forge@47.4.13)
1118:            13            624  org.antlr.v4.runtime.atn.BasicBlockStartState (org.antlr.antlr4.runtime@4.9.1)
1119:            26            624  sun.security.util.LazyCodeSourcePermissionCollection (java.base@17.0.15)
1120:            11            616  org.objectweb.asm.Label (org.objectweb.asm@9.8)
1121:            38            608  java.lang.constant.ReferenceClassDescImpl (java.base@17.0.15)
1122:            38            608  net.minecraft.network.chat.contents.LiteralContents (minecraft@1.20.1)
1123:            38            608  net.minecraft.util.datafix.schemas.V99$$Lambda$1833/0x0000000800820000 (minecraft@1.20.1)
1124:            15            600  [[I (java.base@17.0.15)
1125:            15            600  com.sun.jna.Function (com.sun.jna@5.12.1)
1126:            15            600  java.util.regex.Pattern$Loop (java.base@17.0.15)
1127:            15            600  net.minecraft.world.entity.npc.VillagerProfession (minecraft@1.20.1)
1128:            15            600  org.openjdk.nashorn.internal.ir.ExpressionStatement (org.openjdk.nashorn)
1129:            18            576  com.google.gson.internal.bind.ReflectiveTypeAdapterFactory (com.google.gson@2.10)
1130:            24            576  jdk.internal.util.jar.JarIndex (java.base@17.0.15)
1131:            24            576  net.minecraft.client.renderer.FaceInfo$VertexInfo (minecraft@1.20.1)
1132:            36            576  net.minecraft.core.Registry$$Lambda$1470/0x000000080071cb30 (minecraft@1.20.1)
1133:            36            576  net.minecraft.core.Registry$$Lambda$1471/0x000000080071cd78 (minecraft@1.20.1)
1134:            36            576  net.minecraft.core.Registry$$Lambda$1472/0x000000080071cfc0 (minecraft@1.20.1)
1135:            36            576  net.minecraft.core.Registry$$Lambda$1473/0x000000080071d1e8 (minecraft@1.20.1)
1136:            36            576  net.minecraft.core.Registry$$Lambda$1474/0x000000080071d410 (minecraft@1.20.1)
1137:            36            576  net.minecraft.core.Registry$$Lambda$1475/0x000000080071d658 (minecraft@1.20.1)
1138:            24            576  net.minecraft.world.inventory.MenuType (minecraft@1.20.1)
1139:            12            576  net.minecraft.world.level.chunk.ChunkStatus (minecraft@1.20.1)
1140:             4            576  org.openjdk.nashorn.internal.objects.NativeArray$Prototype (org.openjdk.nashorn)
1141:             6            576  org.openjdk.nashorn.internal.runtime.ScriptLoader (org.openjdk.nashorn)
1142:            18            576  sun.reflect.generics.tree.MethodTypeSignature (java.base@17.0.15)
1143:             7            560  java.util.concurrent.TimeUnit (java.base@17.0.15)
1144:            14            560  javax.management.openmbean.SimpleType (java.management@17.0.15)
1145:            35            560  net.minecraft.util.datafix.schemas.V135$$Lambda$1881/0x000000080083a278 (minecraft@1.20.1)
1146:            35            560  net.minecraft.world.level.block.FlowerPotBlock$$Lambda$1714/0x000000080078bc40 (minecraft@1.20.1)
1147:             7            560  net.minecraft.world.level.block.SaplingBlock (minecraft@1.20.1)
1148:            14            560  net.minecraftforge.fml.loading.FMLConfig$ConfigValue (fmlloader@1.20.1-47.4.13)
1149:             2            560  org.lwjgl.openal.ALCCapabilities (org.lwjgl.openal@3.3.1+7)
1150:            10            560  sun.invoke.util.Wrapper (java.base@17.0.15)
1151:            14            560  sun.util.locale.provider.LocaleResources$ResourceReference (java.base@17.0.15)
1152:            23            552  net.minecraft.client.renderer.texture.SpriteContents$InterpolationData (minecraft@1.20.1)
1153:             2            544  [Ljava.lang.Character; (java.base@17.0.15)
1154:            34            544  java.security.SecureClassLoader$CodeSourceKey (java.base@17.0.15)
1155:            34            544  jdk.internal.reflect.BootstrapConstructorAccessorImpl (java.base@17.0.15)
1156:            34            544  net.minecraft.commands.synchronization.SingletonArgumentInfo$$Lambda$2830/0x0000000800a2e480 (minecraft@1.20.1)
1157:            34            544  net.minecraft.world.level.block.FlowerPotBlock$$Lambda$1718/0x00000008007906a0 (minecraft@1.20.1)
1158:            17            544  org.antlr.v4.runtime.atn.ActionTransition (org.antlr.antlr4.runtime@4.9.1)
1159:             4            544  org.openjdk.nashorn.internal.objects.NativeString$Prototype (org.openjdk.nashorn)
1160:            17            544  sun.security.ssl.CipherSuite$KeyExchange (java.base@17.0.15)
1161:            17            544  sun.security.x509.CertificatePoliciesExtension (java.base@17.0.15)
1162:            24            536  [Ljavax.management.MBeanNotificationInfo; (java.management@17.0.15)
1163:             2            528  [Lorg.apache.logging.log4j.core.pattern.AnsiEscape; (org.apache.logging.log4j.core@2.19.0)
1164:            11            528  com.sun.jmx.mbeanserver.DefaultMXBeanMappingFactory$CompositeMapping (java.management@17.0.15)
1165:            33            528  java.time.format.DateTimeFormatterBuilder$CharLiteralPrinterParser (java.base@17.0.15)
1166:            33            528  java.util.Collections$UnmodifiableSet (java.base@17.0.15)
1167:            22            528  net.minecraft.client.gui.font.CodepointMap (minecraft@1.20.1)
1168:             6            528  net.minecraft.client.model.ZombieModel (minecraft@1.20.1)
1169:            22            528  net.minecraft.client.renderer.blockentity.SignRenderer$SignModel (minecraft@1.20.1)
1170:            33            528  net.minecraft.util.datafix.schemas.V3078$$Lambda$2162/0x0000000800878000 (minecraft@1.20.1)
1171:            22            528  org.antlr.v4.runtime.misc.IntervalSet (org.antlr.antlr4.runtime@4.9.1)
1172:            22            528  org.openjdk.nashorn.internal.codegen.Namespace (org.openjdk.nashorn)
1173:            22            528  sun.security.x509.AccessDescription (java.base@17.0.15)
1174:            13            520  java.lang.ModuleLayer (java.base@17.0.15)
1175:            13            520  java.lang.module.Configuration (java.base@17.0.15)
1176:            13            520  org.lwjgl.system.MemoryStack (org.lwjgl@3.3.1+7)
1177:             5            512  [Ljava.time.ZoneOffset; (java.base@17.0.15)
1178:             4            512  com.google.common.cache.LocalCache (com.google.common@31.1-jre)
1179:             8            512  com.sun.security.sasl.Provider$ProviderService (java.security.sasl@17.0.15)
1180:            16            512  cpw.mods.modlauncher.api.TypesafeMap$KeyBuilder (cpw.mods.modlauncher@10.0.9)
1181:            16            512  java.security.cert.PolicyQualifierInfo (java.base@17.0.15)
1182:            16            512  java.time.temporal.ChronoUnit (java.base@17.0.15)
1183:            16            512  net.minecraft.client.resources.model.BlockModelRotation (minecraft@1.20.1)
1184:            32            512  net.minecraft.util.datafix.schemas.V3081$$Lambda$2164/0x00000008008786f8 (minecraft@1.20.1)
1185:            16            512  net.minecraftforge.common.ForgeConfigSpec$ConfigValue (forge@47.4.13)
1186:             4            512  org.openjdk.nashorn.internal.runtime.ScriptEnvironment (org.openjdk.nashorn)
1187:            21            504  java.time.Duration (java.base@17.0.15)
1188:             9            504  java.util.ServiceLoader (java.base@17.0.15)
1189:            21            504  java.util.concurrent.ConcurrentLinkedQueue$Node (java.base@17.0.15)
1190:            21            504  java.util.regex.Pattern$StartS (java.base@17.0.15)
1191:            21            504  net.minecraft.client.model.dragon.DragonHeadModel (minecraft@1.20.1)
1192:            21            504  net.minecraft.commands.arguments.selector.options.EntitySelectorOptions$Option (minecraft@1.20.1)
1193:            21            504  net.minecraft.network.syncher.EntityDataSerializer$1 (minecraft@1.20.1)
1194:            21            504  net.minecraft.util.ExtraCodecs$EitherCodec (minecraft@1.20.1)
1195:            21            504  org.apache.logging.log4j.core.util.datetime.FastDateParser$StrategyAndWidth (org.apache.logging.log4j.core@2.19.0)
1196:            21            504  org.lwjgl.system.libffi.FFIType (org.lwjgl@3.3.1+7)
1197:             7            504  org.openjdk.nashorn.internal.ir.ForNode (org.openjdk.nashorn)
1198:            21            504  sun.security.x509.AVAKeyword (java.base@17.0.15)
1199:             7            496  [Lsun.invoke.util.Wrapper; (java.base@17.0.15)
1200:            31            496  net.minecraft.util.datafix.schemas.V3082$$Lambda$2166/0x0000000800878df0 (minecraft@1.20.1)
1201:            31            496  net.minecraft.util.datafix.schemas.V99$$Lambda$1823/0x000000080081eb08 (minecraft@1.20.1)
1202:            19            488  [Lsun.security.ssl.NamedGroup$NamedGroupSpec; (java.base@17.0.15)
1203:            24            480  [Ljavax.management.MBeanConstructorInfo; (java.management@17.0.15)
1204:            12            480  com.sun.jna.Library$Handler$FunctionInfo (com.sun.jna@5.12.1)
1205:            30            480  java.lang.ClassValue$Identity (java.base@17.0.15)
1206:            12            480  java.lang.OutOfMemoryError (java.base@17.0.15)
1207:            20            480  java.util.regex.Pattern$Dollar (java.base@17.0.15)
1208:            20            480  java.util.regex.Pattern$SliceI (java.base@17.0.15)
1209:            12            480  jdk.internal.loader.NativeLibraries$NativeLibraryImpl (java.base@17.0.15)
1210:            20            480  net.minecraft.resources.RegistryFileCodec (minecraft@1.20.1)
1211:            30            480  net.minecraft.util.datafix.schemas.V3083$$Lambda$2168/0x0000000800879508 (minecraft@1.20.1)
1212:            20            480  net.minecraft.world.entity.ai.village.poi.PoiType (minecraft@1.20.1)
1213:             6            480  net.minecraft.world.level.block.InfestedBlock (minecraft@1.20.1)
1214:            20            480  net.minecraft.world.phys.shapes.NonOverlappingMerger (minecraft@1.20.1)
1215:            30            480  net.minecraftforge.fml.loading.moddiscovery.AbstractModProvider$$Lambda$635/0x000000080038cac8 (fmlloader@1.20.1-47.4.13)
1216:            30            480  net.minecraftforge.fml.loading.moddiscovery.AbstractModProvider$1 (fmlloader@1.20.1-47.4.13)
1217:            15            480  org.apache.logging.log4j.core.filter.MarkerFilter (org.apache.logging.log4j.core@2.19.0)
1218:             4            480  org.openjdk.nashorn.internal.objects.NativeObject$Constructor (org.openjdk.nashorn)
1219:            20            480  org.openjdk.nashorn.internal.runtime.ScriptFunctionData$GenericInvokers (org.openjdk.nashorn)
1220:            30            480  org.spongepowered.asm.launch.platform.MainAttributes (org.spongepowered.mixin)
1221:            20            480  sun.security.x509.Extension (java.base@17.0.15)
1222:             1            464  net.minecraft.client.Minecraft (minecraft@1.20.1)
1223:             1            464  net.minecraft.client.Options (minecraft@1.20.1)
1224:            29            464  net.minecraft.util.ExtraCodecs$$Lambda$1119/0x0000000800579af0 (minecraft@1.20.1)
1225:            29            464  net.minecraft.util.ExtraCodecs$$Lambda$1120/0x0000000800579d38 (minecraft@1.20.1)
1226:            29            464  net.minecraft.util.StringRepresentable$EnumCodec$$Lambda$1122/0x000000080057a1a0 (minecraft@1.20.1)
1227:             3            456  sun.security.ssl.SSLSessionImpl (java.base@17.0.15)
1228:            14            448  com.mojang.blaze3d.vertex.VertexFormat (minecraft@1.20.1)
1229:            14            448  com.sun.jna.Structure$FFIType$size_t (com.sun.jna@5.12.1)
1230:            28            448  cpw.mods.jarhandling.impl.ModuleJarMetadata (cpw.mods.securejarhandler)
1231:             8            448  java.nio.DirectLongBufferU (java.base@17.0.15)
1232:             8            448  java.nio.HeapCharBuffer (java.base@17.0.15)
1233:            28            448  java.util.concurrent.atomic.AtomicReferenceArray (java.base@17.0.15)
1234:            14            448  net.minecraft.client.renderer.entity.layers.HumanoidArmorLayer (minecraft@1.20.1)
1235:            14            448  net.minecraft.util.datafix.fixes.BlockRenameFix$1 (minecraft@1.20.1)
1236:             4            448  org.openjdk.nashorn.internal.objects.NativeMath$Constructor (org.openjdk.nashorn)
1237:             8            448  org.openjdk.nashorn.internal.runtime.SpillProperty (org.openjdk.nashorn)
1238:             8            448  sun.management.MemoryPoolImpl (java.management@17.0.15)
1239:            10            440  [Lnet.minecraftforge.installer.json.Artifact;
1240:            11            440  com.mojang.datafixers.schemas.Schema (datafixerupper@6.0.8)
1241:             5            440  java.text.DecimalFormatSymbols (java.base@17.0.15)
1242:            11            440  net.minecraft.world.level.block.state.properties.WoodType (minecraft@1.20.1)
1243:            11            440  org.antlr.v4.runtime.atn.LoopEndState (org.antlr.antlr4.runtime@4.9.1)
1244:             3            432  [Ljava.util.concurrent.ForkJoinPool$WorkQueue; (java.base@17.0.15)
1245:             1            432  [[[C (java.base@17.0.15)
1246:            18            432  com.google.gson.internal.ConstructorConstructor (com.google.gson@2.10)
1247:            18            432  com.google.gson.internal.bind.MapTypeAdapterFactory (com.google.gson@2.10)
1248:            18            432  com.google.gson.internal.bind.TypeAdapters$31
1249:            27            432  com.mojang.brigadier.exceptions.SimpleCommandExceptionType (brigadier@1.1.8)
1250:            27            432  java.security.spec.ECFieldFp (java.base@17.0.15)
1251:            18            432  java.text.DateFormat$Field (java.base@17.0.15)
1252:            27            432  java.util.Collections$SingletonSet (java.base@17.0.15)
1253:             6            432  java.util.ResourceBundle$CacheKey (java.base@17.0.15)
1254:            18            432  java.util.regex.Pattern$$Lambda$292/0x0000000800260dc0 (java.base@17.0.15)
1255:            18            432  javax.management.StandardMBean (java.management@17.0.15)
1256:            18            432  jdk.dynalink.BiClassValue$BiClassValues (jdk.dynalink@17.0.15)
1257:            18            432  net.minecraft.client.RecipeBookCategories (minecraft@1.20.1)
1258:             3            432  net.minecraft.client.model.PiglinModel (minecraft@1.20.1)
1259:            18            432  net.minecraft.client.resources.DefaultPlayerSkin$SkinType (minecraft@1.20.1)
1260:            18            432  net.minecraft.core.dispenser.BoatDispenseItemBehavior (minecraft@1.20.1)
1261:            18            432  net.minecraft.util.datafix.fixes.StructuresBecomeConfiguredFix$Conversion (minecraft@1.20.1)
1262:             6            432  net.minecraft.world.item.AxeItem (minecraft@1.20.1)
1263:             6            432  net.minecraft.world.item.HoeItem (minecraft@1.20.1)
1264:             6            432  net.minecraft.world.item.MobBucketItem (minecraft@1.20.1)
1265:             6            432  net.minecraft.world.item.PickaxeItem (minecraft@1.20.1)
1266:             6            432  net.minecraft.world.item.ShovelItem (minecraft@1.20.1)
1267:             9            432  net.minecraftforge.network.simple.IndexedMessageCodec$MessageHandler (forge@47.4.13)
1268:            18            432  org.openjdk.nashorn.api.scripting.ScriptObjectMirror (org.openjdk.nashorn)
1269:            18            432  sun.reflect.generics.scope.MethodScope (java.base@17.0.15)
1270:            18            432  sun.security.x509.PolicyInformation (java.base@17.0.15)
1271:            13            416  com.google.common.base.Splitter (com.google.common@31.1-jre)
1272:            13            416  com.llamalad7.mixinextras.service.MixinExtrasVersion (MixinExtras@0.5.3)
1273:            13            416  java.lang.invoke.VarForm (java.base@17.0.15)
1274:            26            416  jdk.proxy2.$Proxy19 (jdk.proxy2)
1275:             4            416  net.minecraft.world.level.block.AmethystClusterBlock (minecraft@1.20.1)
1276:            13            416  net.minecraft.world.level.levelgen.MarsagliaPolarGaussian (minecraft@1.20.1)
1277:            26            416  net.minecraft.world.level.storage.loot.functions.LootItemFunctionType (minecraft@1.20.1)
1278:            13            416  net.minecraftforge.common.ForgeConfigSpec$BooleanValue (forge@47.4.13)
1279:             4            416  org.apache.logging.log4j.core.impl.MutableLogEvent (org.apache.logging.log4j.core@2.19.0)
1280:            13            416  org.openjdk.nashorn.internal.codegen.CompilerConstants$3 (org.openjdk.nashorn)
1281:            13            416  org.spongepowered.asm.mixin.injection.struct.InjectionInfo$InjectorEntry (org.spongepowered.mixin)
1282:            13            416  sun.nio.fs.NativeBuffer (java.base@17.0.15)
1283:            13            408  [Lorg.apache.commons.lang3.text.translate.CharSequenceTranslator; (org.apache.commons.lang3@3.12.0)
1284:            17            408  net.minecraft.client.particle.ParticleEngine$$Lambda$5024/0x0000000800d66750 (minecraft@1.20.1)
1285:            17            408  net.minecraft.network.syncher.EntityDataAccessor (minecraft@1.20.1)
1286:            17            408  net.minecraft.resources.HolderSetCodec$$Lambda$3031/0x0000000800a70440 (minecraft@1.20.1)
1287:            17            408  sun.nio.ch.OptionKey (java.base@17.0.15)
1288:            17            408  sun.nio.ch.SocketOptionRegistry$RegistryKey (java.base@17.0.15)
1289:            17            408  sun.security.util.DisabledAlgorithmConstraints$DisabledConstraint (java.base@17.0.15)
1290:            12            400  [Ljava.lang.constant.ClassDesc; (java.base@17.0.15)
1291:             1            400  [Lnet.minecraftforge.fml.earlydisplay.SimpleFont$Glyph; (fmlearlydisplay@1.20.1-47.4.13)
1292:            25            400  java.util.regex.Pattern$CharPredicate$$Lambda$41/0x00000008000bdee0 (java.base@17.0.15)
1293:            25            400  net.minecraft.core.dispenser.DefaultDispenseItemBehavior (minecraft@1.20.1)
1294:            25            400  net.minecraft.util.datafix.fixes.ItemRenameFix$$Lambda$2243/0x0000000800889a00 (minecraft@1.20.1)
1295:             5            400  net.minecraft.world.level.block.BaseCoralFanBlock (minecraft@1.20.1)
1296:             5            400  net.minecraft.world.level.block.BaseCoralPlantBlock (minecraft@1.20.1)
1297:             5            400  net.minecraft.world.level.block.BaseCoralWallFanBlock (minecraft@1.20.1)
1298:             5            400  net.minecraft.world.level.block.CoralBlock (minecraft@1.20.1)
1299:             5            400  net.minecraft.world.level.block.CoralFanBlock (minecraft@1.20.1)
1300:             5            400  net.minecraft.world.level.block.CoralPlantBlock (minecraft@1.20.1)
1301:             5            400  net.minecraft.world.level.block.CoralWallFanBlock (minecraft@1.20.1)
1302:             5            400  net.minecraft.world.level.block.SkullBlock (minecraft@1.20.1)
1303:             7            392  java.lang.invoke.BoundMethodHandle$Species_LLLILL (java.base@17.0.15)
1304:             7            392  net.minecraft.world.item.ArmorMaterials (minecraft@1.20.1)
1305:            12            384  [Lsun.nio.fs.NativeBuffer; (java.base@17.0.15)
1306:             8            384  com.google.common.collect.MapMakerInternalMap$WeakKeyDummyValueSegment (com.google.common@31.1-jre)
1307:            24            384  com.mojang.brigadier.exceptions.DynamicCommandExceptionType (brigadier@1.1.8)
1308:             6            384  java.security.SecureRandom (java.base@17.0.15)
1309:            12            384  java.util.ResourceBundle$KeyElementReference (java.base@17.0.15)
1310:            12            384  java.util.ServiceLoader$ProviderImpl (java.base@17.0.15)
1311:            12            384  java.util.Vector (java.base@17.0.15)
1312:             8            384  java.util.concurrent.LinkedBlockingQueue (java.base@17.0.15)
1313:            12            384  jdk.internal.reflect.UnsafeQualifiedStaticObjectFieldAccessorImpl (java.base@17.0.15)
1314:             8            384  net.minecraft.client.gui.font.FontSet (minecraft@1.20.1)
1315:             4            384  net.minecraft.client.model.HorseModel (minecraft@1.20.1)
1316:            12            384  net.minecraft.core.FrontAndTop (minecraft@1.20.1)
1317:            16            384  net.minecraft.network.chat.TextColor (minecraft@1.20.1)
1318:            24            384  net.minecraft.util.datafix.schemas.V2551$$Lambda$2119/0x000000080086dea8 (minecraft@1.20.1)
1319:            24            384  net.minecraft.util.datafix.schemas.V704$$Lambda$1901/0x000000080083eb08 (minecraft@1.20.1)
1320:            24            384  net.minecraft.util.datafix.schemas.V704$$Lambda$1902/0x000000080083ed50 (minecraft@1.20.1)
1321:            24            384  net.minecraft.util.datafix.schemas.V704$$Lambda$1904/0x000000080083f1e0 (minecraft@1.20.1)
1322:            24            384  net.minecraft.util.datafix.schemas.V99$$Lambda$1807/0x0000000800816a38 (minecraft@1.20.1)
1323:            24            384  net.minecraft.util.datafix.schemas.V99$$Lambda$1811/0x0000000800816ea8 (minecraft@1.20.1)
1324:            24            384  net.minecraft.util.datafix.schemas.V99$$Lambda$1813/0x0000000800817338 (minecraft@1.20.1)
1325:            24            384  net.minecraft.util.datafix.schemas.V99$$Lambda$1814/0x0000000800817580 (minecraft@1.20.1)
1326:            24            384  net.minecraft.util.datafix.schemas.V99$$Lambda$1815/0x00000008008177c8 (minecraft@1.20.1)
1327:            24            384  net.minecraft.util.datafix.schemas.V99$$Lambda$1816/0x0000000800817a10 (minecraft@1.20.1)
1328:            24            384  net.minecraft.util.datafix.schemas.V99$$Lambda$1817/0x0000000800817c58 (minecraft@1.20.1)
1329:            24            384  net.minecraft.util.datafix.schemas.V99$$Lambda$1820/0x000000080081e450 (minecraft@1.20.1)
1330:            24            384  net.minecraft.util.datafix.schemas.V99$$Lambda$1821/0x000000080081e698 (minecraft@1.20.1)
1331:            24            384  net.minecraft.util.datafix.schemas.V99$$Lambda$1822/0x000000080081e8c0 (minecraft@1.20.1)
1332:            24            384  net.minecraft.util.datafix.schemas.V99$$Lambda$1837/0x0000000800820898 (minecraft@1.20.1)
1333:             6            384  net.minecraft.world.item.SwordItem (minecraft@1.20.1)
1334:             4            384  net.minecraft.world.level.block.WeatheringCopperStairBlock (minecraft@1.20.1)
1335:             8            384  org.antlr.v4.runtime.atn.StarBlockStartState (org.antlr.antlr4.runtime@4.9.1)
1336:             8            384  org.antlr.v4.runtime.atn.StarLoopEntryState (org.antlr.antlr4.runtime@4.9.1)
1337:            16            384  org.lwjgl.system.libffi.FFIClosure (org.lwjgl@3.3.1+7)
1338:             4            384  org.openjdk.nashorn.internal.objects.NativeJava$Constructor (org.openjdk.nashorn)
1339:            12            384  sun.nio.fs.UnixFileKey (java.base@17.0.15)
1340:            12            384  sun.security.jca.ProviderConfig (java.base@17.0.15)
1341:             1            376  com.sun.jna.internal.Cleaner$1 (com.sun.jna@5.12.1)
1342:             1            376  java.lang.ref.Finalizer$FinalizerThread (java.base@17.0.15)
1343:             1            376  java.util.logging.LogManager$Cleaner (java.logging@17.0.15)
1344:            16            368  [Ljava.security.CodeSigner; (java.base@17.0.15)
1345:             1            368  java.lang.ref.Reference$ReferenceHandler (java.base@17.0.15)
1346:             1            368  net.minecraft.Util$9 (minecraft@1.20.1)
1347:             1            368  net.minecraft.client.main.Main$2 (minecraft@1.20.1)
1348:            23            368  net.minecraft.tags.TagKey$$Lambda$2966/0x0000000800a62e80 (minecraft@1.20.1)
1349:            23            368  net.minecraft.util.datafix.schemas.V100$$Lambda$1866/0x00000008008232f8 (minecraft@1.20.1)
1350:            23            368  net.minecraft.util.datafix.schemas.V100$$Lambda$1868/0x0000000800823788 (minecraft@1.20.1)
1351:            23            368  net.minecraft.util.datafix.schemas.V705$$Lambda$1912/0x0000000800840900 (minecraft@1.20.1)
1352:            23            368  net.minecraft.util.datafix.schemas.V705$$Lambda$1916/0x0000000800841200 (minecraft@1.20.1)
1353:            23            368  net.minecraft.util.datafix.schemas.V705$$Lambda$1919/0x00000008008418d8 (minecraft@1.20.1)
1354:            23            368  net.minecraft.util.datafix.schemas.V705$$Lambda$1920/0x0000000800841b20 (minecraft@1.20.1)
1355:            23            368  net.minecraft.util.datafix.schemas.V705$$Lambda$1921/0x0000000800841d68 (minecraft@1.20.1)
1356:            23            368  net.minecraft.util.datafix.schemas.V705$$Lambda$1923/0x00000008008421f8 (minecraft@1.20.1)
1357:            23            368  net.minecraft.util.datafix.schemas.V705$$Lambda$1925/0x0000000800842688 (minecraft@1.20.1)
1358:            23            368  net.minecraft.util.datafix.schemas.V705$$Lambda$1929/0x0000000800842fa8 (minecraft@1.20.1)
1359:            23            368  net.minecraft.util.datafix.schemas.V705$$Lambda$1930/0x00000008008431f0 (minecraft@1.20.1)
1360:            23            368  net.minecraft.util.datafix.schemas.V705$$Lambda$1931/0x0000000800843438 (minecraft@1.20.1)
1361:            23            368  net.minecraft.util.datafix.schemas.V705$$Lambda$1932/0x0000000800843680 (minecraft@1.20.1)
1362:            23            368  net.minecraft.util.datafix.schemas.V705$$Lambda$1933/0x00000008008438a8 (minecraft@1.20.1)
1363:            23            368  net.minecraft.util.datafix.schemas.V99$$Lambda$1828/0x000000080081f630 (minecraft@1.20.1)
1364:            23            368  net.minecraft.util.datafix.schemas.V99$$Lambda$1829/0x000000080081f878 (minecraft@1.20.1)
1365:            23            368  net.minecraft.util.datafix.schemas.V99$$Lambda$1830/0x000000080081fac0 (minecraft@1.20.1)
1366:            23            368  net.minecraft.util.datafix.schemas.V99$$Lambda$1834/0x0000000800820228 (minecraft@1.20.1)
1367:            23            368  net.minecraft.world.entity.ai.sensing.SensorType (minecraft@1.20.1)
1368:            15            360  com.google.common.collect.RegularImmutableMap$KeySet (com.google.common@31.1-jre)
1369:            15            360  com.mojang.blaze3d.platform.GlStateManager$SourceFactor (minecraft@1.20.1)
1370:             9            360  com.sun.org.apache.xerces.internal.utils.XMLSecurityManager$Limit (java.xml@17.0.15)
1371:            15            360  java.lang.ThreadLocal$SuppliedThreadLocal (java.base@17.0.15)
1372:             5            360  java.lang.invoke.BoundMethodHandle$Species_LLLLLLLLLLL (java.base@17.0.15)
1373:             9            360  java.lang.invoke.VarHandleInts$FieldInstanceReadWrite (java.base@17.0.15)
1374:            15            360  java.util.concurrent.ConcurrentLinkedQueue (java.base@17.0.15)
1375:            15            360  java.util.regex.Pattern$Prolog (java.base@17.0.15)
1376:            15            360  net.minecraft.client.renderer.entity.layers.ItemInHandLayer (minecraft@1.20.1)
1377:             9            360  net.minecraft.util.datafix.fixes.NamespacedTypeRenameFix (minecraft@1.20.1)
1378:            15            360  net.minecraft.world.level.block.Blocks$$Lambda$1531/0x0000000800733af0 (minecraft@1.20.1)
1379:             5            360  org.apache.logging.log4j.core.config.LoggerConfig (org.apache.logging.log4j.core@2.19.0)
1380:             9            360  org.apache.logging.log4j.core.pattern.DatePatternConverter (org.apache.logging.log4j.core@2.19.0)
1381:            11            352  java.lang.constant.DirectMethodHandleDesc$Kind (java.base@17.0.15)
1382:            22            352  java.util.regex.Pattern$Begin (java.base@17.0.15)
1383:            11            352  javax.management.MBeanNotificationInfo (java.management@17.0.15)
1384:            11            352  jdk.internal.reflect.UnsafeBooleanFieldAccessorImpl (java.base@17.0.15)
1385:             4            352  net.minecraft.client.model.DrownedModel (minecraft@1.20.1)
1386:            11            352  net.minecraft.client.renderer.blockentity.HangingSignRenderer$HangingSignModel (minecraft@1.20.1)
1387:            11            352  sun.security.x509.AuthorityInfoAccessExtension (java.base@17.0.15)
1388:            13            344  [Ljdk.dynalink.Namespace; (jdk.dynalink@17.0.15)
1389:            14            336  com.electronwill.nightconfig.core.ConfigSpec$ValueSpec (com.electronwill.nightconfig.core@3.6.4)
1390:             6            336  com.google.gson.internal.bind.ReflectiveTypeAdapterFactory$1 (com.google.gson@2.10)
1391:            21            336  com.google.gson.internal.bind.TreeTypeAdapter$GsonContextImpl (com.google.gson@2.10)
1392:            14            336  com.mojang.blaze3d.platform.GlStateManager$DestFactor (minecraft@1.20.1)
1393:             7            336  com.mojang.blaze3d.vertex.VertexBuffer (minecraft@1.20.1)
1394:             6            336  com.mojang.realmsclient.gui.task.DataFetcher$Task (minecraft@1.20.1)
1395:            14            336  com.sun.jna.Pointer (com.sun.jna@5.12.1)
1396:            14            336  java.lang.ThreadLocal$ThreadLocalMap (java.base@17.0.15)
1397:             6            336  java.lang.invoke.BoundMethodHandle$Species_LLLLLL (java.base@17.0.15)
1398:             7            336  java.util.concurrent.locks.ReentrantReadWriteLock$FairSync (java.base@17.0.15)
1399:            21            336  net.minecraft.util.datafix.schemas.V100$$Lambda$1867/0x0000000800823540 (minecraft@1.20.1)
1400:             6            336  net.minecraft.world.item.BannerPatternItem (minecraft@1.20.1)
1401:             6            336  net.minecraft.world.item.MinecartItem (minecraft@1.20.1)
1402:             7            336  org.apache.logging.log4j.core.lookup.ConfigurationStrSubstitutor (org.apache.logging.log4j.core@2.19.0)
1403:            14            336  org.lwjgl.system.libffi.FFICIF (org.lwjgl@3.3.1+7)
1404:            18            328  [Lsun.reflect.generics.tree.TypeSignature; (java.base@17.0.15)
1405:             4            320  [Lnet.minecraft.world.item.DyeColor; (minecraft@1.20.1)
1406:             8            320  com.mojang.blaze3d.vertex.VertexFormat$Mode (minecraft@1.20.1)
1407:            10            320  com.sun.org.apache.xerces.internal.impl.XMLEntityManager$EncodingInfo (java.xml@17.0.15)
1408:            10            320  java.lang.constant.DirectMethodHandleDescImpl (java.base@17.0.15)
1409:            10            320  java.util.ImmutableCollections$ListItr (java.base@17.0.15)
1410:             8            320  jdk.internal.module.ModuleReferences$JarModuleReader (java.base@17.0.15)
1411:             8            320  net.minecraft.client.model.BoatModel (minecraft@1.20.1)
1412:             8            320  net.minecraft.client.model.ChestBoatModel (minecraft@1.20.1)
1413:            10            320  net.minecraft.client.model.HumanoidModel$ArmPose (minecraft@1.20.1)
1414:             8            320  net.minecraft.client.renderer.entity.ThrownItemRenderer (minecraft@1.20.1)
1415:            10            320  net.minecraft.client.renderer.texture.PreloadedTexture (minecraft@1.20.1)
1416:            20            320  net.minecraft.util.ExtraCodecs$LazyInitializedCodec (minecraft@1.20.1)
1417:            20            320  net.minecraft.util.ExtraCodecs$LazyInitializedCodec$$Lambda$3029/0x0000000800a6fb10 (minecraft@1.20.1)
1418:            20            320  net.minecraft.util.datafix.schemas.V102$$Lambda$1872/0x0000000800838700 (minecraft@1.20.1)
1419:            20            320  net.minecraft.util.datafix.schemas.V135$$Lambda$1880/0x000000080083a050 (minecraft@1.20.1)
1420:            20            320  net.minecraft.util.datafix.schemas.V808$$Lambda$1936/0x00000008008441d0 (minecraft@1.20.1)
1421:             8            320  net.minecraft.world.entity.MobCategory (minecraft@1.20.1)
1422:             4            320  net.minecraft.world.item.DyeableArmorItem (minecraft@1.20.1)
1423:             4            320  net.minecraft.world.level.block.TallFlowerBlock (minecraft@1.20.1)
1424:             4            320  net.minecraft.world.level.block.WallSkullBlock (minecraft@1.20.1)
1425:             4            320  net.minecraft.world.level.block.WeatheringCopperSlabBlock (minecraft@1.20.1)
1426:            20            320  net.minecraft.world.level.block.state.BlockBehaviour$$Lambda$1462/0x00000008006c9ce8 (minecraft@1.20.1)
1427:            10            320  net.minecraftforge.coremod.transformer.CoreModClassTransformer (net.minecraftforge.coremod)
1428:            10            320  net.minecraftforge.installer.json.Install$Processor
1429:            20            320  net.minecraftforge.registries.NamespacedWrapper$Factory (forge@47.4.13)
1430:             8            320  org.antlr.v4.runtime.atn.StarLoopbackState (org.antlr.antlr4.runtime@4.9.1)
1431:             8            320  sun.management.MemoryPoolImpl$CollectionSensor (java.management@17.0.15)
1432:             8            320  sun.management.MemoryPoolImpl$PoolSensor (java.management@17.0.15)
1433:            10            320  sun.reflect.generics.reflectiveObjects.TypeVariableImpl (java.base@17.0.15)
1434:            10            320  sun.security.util.DisabledAlgorithmConstraints$KeySizeConstraint (java.base@17.0.15)
1435:            10            320  sun.security.x509.ExtendedKeyUsageExtension (java.base@17.0.15)
1436:             1            312  [Lcpw.mods.jarhandling.SecureJar; (cpw.mods.securejarhandler)
1437:            13            312  [Ljava.time.zone.ZoneOffsetTransition; (java.base@17.0.15)
1438:            12            312  [Lorg.antlr.v4.runtime.atn.LexerAction; (org.antlr.antlr4.runtime@4.9.1)
1439:            13            312  com.electronwill.nightconfig.core.SimpleConfig (com.electronwill.nightconfig.core@3.6.4)
1440:            13            312  com.google.gson.internal.bind.TypeAdapterRuntimeTypeWrapper
1441:             3            312  cpw.mods.cl.ModuleClassLoader (cpw.mods.securejarhandler)
1442:            13            312  java.util.concurrent.ConcurrentLinkedDeque$Node (java.base@17.0.15)
1443:            13            312  jdk.dynalink.NamespaceOperation (jdk.dynalink@17.0.15)
1444:            13            312  net.minecraft.client.renderer.entity.layers.ElytraLayer (minecraft@1.20.1)
1445:            13            312  net.minecraft.util.datafix.DataFixers$$Lambda$1937/0x00000008008443f8 (minecraft@1.20.1)
1446:            13            312  net.minecraft.util.valueproviders.UniformInt (minecraft@1.20.1)
1447:            13            312  net.minecraftforge.installer.json.Install$DataFile
1448:            13            312  oshi.PlatformEnum (com.github.oshi@6.2.2)
1449:            13            312  sun.nio.ch.Util$BufferCache (java.base@17.0.15)
1450:            13            312  sun.nio.fs.NativeBuffer$Deallocator (java.base@17.0.15)
1451:            13            312  sun.security.provider.certpath.X509CertPath (java.base@17.0.15)
1452:             9            304  [[S (java.base@17.0.15)
1453:            19            304  cpw.mods.modlauncher.LaunchServiceHandlerDecorator (cpw.mods.modlauncher@10.0.9)
1454:            19            304  java.util.IdentityHashMap$EntrySet (java.base@17.0.15)
1455:             1            304  net.minecraft.client.renderer.LevelRenderer (minecraft@1.20.1)
1456:            19            304  net.minecraft.util.datafix.fixes.BlockRenameFix$$Lambda$2277/0x00000008008a43d8 (minecraft@1.20.1)
1457:            19            304  net.minecraft.util.datafix.fixes.BlockRenameFix$$Lambda$2278/0x00000008008a4620 (minecraft@1.20.1)
1458:            19            304  net.minecraft.util.datafix.schemas.V3203$$Lambda$2181/0x000000080087b538 (minecraft@1.20.1)
1459:            19            304  net.minecraft.util.datafix.schemas.V704$$Lambda$1903/0x000000080083ef98 (minecraft@1.20.1)
1460:            19            304  net.minecraft.world.level.block.entity.BaseContainerBlockEntity$$Lambda$4988/0x0000000800d490e8 (minecraft@1.20.1)
1461:             2            304  org.spongepowered.asm.mixin.transformer.MixinConfig (org.spongepowered.mixin)
1462:             1            288  [Ljava.lang.invoke.LambdaForm$Kind; (java.base@17.0.15)
1463:             7            288  [Lorg.apache.logging.log4j.core.pattern.PatternFormatter; (org.apache.logging.log4j.core@2.19.0)
1464:             1            288  [Lsun.security.ssl.SSLExtension; (java.base@17.0.15)
1465:            18            288  com.google.gson.Gson$1 (com.google.gson@2.10)
1466:            18            288  com.google.gson.Gson$2 (com.google.gson@2.10)
1467:            18            288  com.google.gson.Gson$4 (com.google.gson@2.10)
1468:            18            288  com.google.gson.Gson$5 (com.google.gson@2.10)
1469:            18            288  com.google.gson.internal.bind.CollectionTypeAdapterFactory (com.google.gson@2.10)
1470:            18            288  com.google.gson.internal.bind.JsonAdapterAnnotationTypeAdapterFactory (com.google.gson@2.10)
1471:            12            288  com.google.gson.internal.bind.ReflectiveTypeAdapterFactory$FieldReflectionAdapter
1472:            18            288  com.mojang.brigadier.exceptions.Dynamic2CommandExceptionType (brigadier@1.1.8)
1473:            12            288  java.lang.annotation.ElementType (java.base@17.0.15)
1474:             9            288  java.lang.constant.PrimitiveClassDescImpl (java.base@17.0.15)
1475:            12            288  java.net.StandardSocketOptions$StdSocketOption (java.base@17.0.15)
1476:            12            288  java.security.CodeSigner (java.base@17.0.15)
1477:            12            288  java.time.Month (java.base@17.0.15)
1478:            18            288  java.util.IdentityHashMap$KeySet (java.base@17.0.15)
1479:             9            288  java.util.logging.Level (java.logging@17.0.15)
1480:             9            288  java.util.logging.Level$KnownLevel (java.logging@17.0.15)
1481:            12            288  jdk.dynalink.BiClassValue (jdk.dynalink@17.0.15)
1482:            12            288  jdk.dynalink.BiClassValue$BiClassValuesRoot (jdk.dynalink@17.0.15)
1483:             9            288  jdk.internal.org.objectweb.asm.Type (java.base@17.0.15)
1484:             4            288  net.minecraft.client.renderer.EffectInstance (minecraft@1.20.1)
1485:             6            288  net.minecraft.core.Direction (minecraft@1.20.1)
1486:             6            288  net.minecraft.server.packs.repository.Pack (minecraft@1.20.1)
1487:            12            288  net.minecraft.util.datafix.DataFixTypes (minecraft@1.20.1)
1488:            18            288  net.minecraft.util.datafix.schemas.V3204$$Lambda$2183/0x000000080087bc30 (minecraft@1.20.1)
1489:             9            288  net.minecraft.world.entity.vehicle.Boat$Type (minecraft@1.20.1)
1490:             9            288  net.minecraft.world.item.ItemDisplayContext (minecraft@1.20.1)
1491:             6            288  net.minecraft.world.item.Tiers (minecraft@1.20.1)
1492:            12            288  net.minecraft.world.level.levelgen.LegacyRandomSource (minecraft@1.20.1)
1493:            18            288  net.minecraft.world.level.storage.loot.predicates.LootItemConditionType (minecraft@1.20.1)
1494:             6            288  net.minecraftforge.fml.earlydisplay.SimpleBufferBuilder (fmlearlydisplay@1.20.1-47.4.13)
1495:             9            288  org.apache.logging.log4j.core.pattern.DatePatternConverter$CachedTime (org.apache.logging.log4j.core@2.19.0)
1496:             6            288  org.objectweb.asm.Frame (org.objectweb.asm@9.8)
1497:             4            288  org.openjdk.nashorn.internal.runtime.Context (org.openjdk.nashorn)
1498:             4            288  org.openjdk.nashorn.internal.runtime.Context$ClassCache (org.openjdk.nashorn)
1499:             9            288  sun.security.ssl.ProtocolVersion (java.base@17.0.15)
1500:             9            288  sun.security.util.math.intpoly.IntegerPolynomial$ImmutableElement (java.base@17.0.15)
1501:            18            288  sun.security.x509.CertificatePolicyId (java.base@17.0.15)
1502:             7            280  [Lcom.mojang.math.SymmetricGroup3; (minecraft@1.20.1)
1503:             7            280  net.minecraft.world.entity.player.PlayerModelPart (minecraft@1.20.1)
1504:             5            280  net.minecraft.world.item.GameMasterBlockItem (minecraft@1.20.1)
1505:             7            280  net.minecraftforge.registries.DeferredRegister (forge@47.4.13)
1506:             7            280  org.openjdk.nashorn.internal.ir.BlockStatement (org.openjdk.nashorn)
1507:             7            280  org.openjdk.nashorn.internal.ir.LiteralNode$NumberLiteralNode (org.openjdk.nashorn)
1508:             7            280  org.openjdk.nashorn.internal.ir.UnaryNode (org.openjdk.nashorn)
1509:             7            280  org.openjdk.nashorn.internal.objects.NativeArray (org.openjdk.nashorn)
1510:             9            272  [Ljava.lang.Boolean; (java.base@17.0.15)
1511:             1            272  [Lnet.minecraft.world.level.material.MapColor; (minecraft@1.20.1)
1512:            17            272  net.minecraft.core.dispenser.ShulkerBoxDispenseBehavior (minecraft@1.20.1)
1513:            17            272  net.minecraft.util.ExtraCodecs$$Lambda$3025/0x0000000800a6ecf0 (minecraft@1.20.1)
1514:            17            272  sun.invoke.util.ValueConversions$WrapperCache (java.base@17.0.15)
1515:            11            264  com.llamalad7.mixinextras.utils.InternalField$1 (MixinExtras@0.5.3)
1516:            11            264  com.sun.jmx.mbeanserver.StandardMBeanSupport (java.management@17.0.15)
1517:            11            264  java.lang.invoke.MethodHandleImpl$Intrinsic (java.base@17.0.15)
1518:            11            264  java.security.cert.CRLReason (java.base@17.0.15)
1519:            11            264  java.util.concurrent.ConcurrentLinkedDeque (java.base@17.0.15)
1520:            11            264  java.util.concurrent.ConcurrentSkipListMap$Node (java.base@17.0.15)
1521:             3            264  net.minecraft.client.model.GiantZombieModel (minecraft@1.20.1)
1522:             3            264  net.minecraft.client.model.ZombieVillagerModel (minecraft@1.20.1)
1523:            11            264  net.minecraft.world.level.levelgen.GenerationStep$Decoration (minecraft@1.20.1)
1524:            11            264  org.antlr.v4.runtime.atn.LexerActionExecutor (org.antlr.antlr4.runtime@4.9.1)
1525:            11            264  org.antlr.v4.runtime.atn.SetTransition (org.antlr.antlr4.runtime@4.9.1)
1526:            11            264  org.openjdk.nashorn.internal.codegen.Compiler$CompilationPhases (org.openjdk.nashorn)
1527:            11            264  org.spongepowered.asm.launch.GlobalProperties$Keys (org.spongepowered.mixin)
1528:            11            264  sun.security.ssl.SSLSecretDerivation$SecretSchedule (java.base@17.0.15)
1529:             8            256  com.mojang.datafixers.DataFix$$Lambda$2238/0x00000008008948c0 (datafixerupper@6.0.8)
1530:            16            256  com.mojang.serialization.Codec$$Lambda$2527/0x00000008008ce940 (datafixerupper@6.0.8)
1531:             8            256  java.lang.reflect.ProxyGenerator$PrimitiveTypeInfo (java.base@17.0.15)
1532:             8            256  javax.management.MBeanConstructorInfo (java.management@17.0.15)
1533:             8            256  net.minecraft.client.gui.font.FontTexture (minecraft@1.20.1)
1534:            16            256  net.minecraft.util.datafix.schemas.V705$$Lambda$1909/0x0000000800840228 (minecraft@1.20.1)
1535:            16            256  net.minecraft.util.datafix.schemas.V705$$Lambda$1910/0x0000000800840470 (minecraft@1.20.1)
1536:            16            256  net.minecraft.util.datafix.schemas.V705$$Lambda$1911/0x00000008008406b8 (minecraft@1.20.1)
1537:            16            256  net.minecraft.util.datafix.schemas.V705$$Lambda$1914/0x0000000800840d70 (minecraft@1.20.1)
1538:            16            256  net.minecraft.util.datafix.schemas.V705$$Lambda$1915/0x0000000800840fb8 (minecraft@1.20.1)
1539:            16            256  net.minecraft.util.datafix.schemas.V705$$Lambda$1917/0x0000000800841448 (minecraft@1.20.1)
1540:            16            256  net.minecraft.util.datafix.schemas.V705$$Lambda$1918/0x0000000800841690 (minecraft@1.20.1)
1541:            16            256  net.minecraft.util.datafix.schemas.V705$$Lambda$1922/0x0000000800841fb0 (minecraft@1.20.1)
1542:            16            256  net.minecraft.util.datafix.schemas.V705$$Lambda$1924/0x0000000800842440 (minecraft@1.20.1)
1543:            16            256  net.minecraft.util.datafix.schemas.V705$$Lambda$1926/0x00000008008428d0 (minecraft@1.20.1)
1544:            16            256  net.minecraft.util.datafix.schemas.V705$$Lambda$1927/0x0000000800842b18 (minecraft@1.20.1)
1545:            16            256  net.minecraft.util.datafix.schemas.V705$$Lambda$1928/0x0000000800842d60 (minecraft@1.20.1)
1546:            16            256  net.minecraft.world.level.block.Blocks$$Lambda$1574/0x0000000800742330 (minecraft@1.20.1)
1547:            16            256  net.minecraft.world.level.levelgen.structure.StructureType$$Lambda$3573/0x0000000800af2c38 (minecraft@1.20.1)
1548:            16            256  net.minecraftforge.client.model.QuadTransformers$$Lambda$5659/0x0000000800e260a8 (forge@47.4.13)
1549:             8            256  net.minecrell.terminalconsole.MinecraftFormattingConverter (terminalconsoleappender@1.2.0)
1550:             4            256  org.apache.logging.log4j.core.layout.PatternLayout (org.apache.logging.log4j.core@2.19.0)
1551:             8            256  org.apache.logging.log4j.core.lookup.Interpolator (org.apache.logging.log4j.core@2.19.0)
1552:            16            256  org.apache.logging.log4j.core.lookup.SystemPropertiesLookup (org.apache.logging.log4j.core@2.19.0)
1553:             4            256  org.openjdk.nashorn.internal.objects.NativeError$Constructor (org.openjdk.nashorn)
1554:             4            256  org.openjdk.nashorn.internal.objects.NativeError$Prototype (org.openjdk.nashorn)
1555:             4            256  org.openjdk.nashorn.internal.objects.NativeFunction$Prototype (org.openjdk.nashorn)
1556:             4            256  org.openjdk.nashorn.internal.objects.NativeNumber$Prototype (org.openjdk.nashorn)
1557:             4            256  org.openjdk.nashorn.internal.objects.NativeObject$Prototype (org.openjdk.nashorn)
1558:             8            256  org.openjdk.nashorn.internal.runtime.AccessorProperty$Accessors (org.openjdk.nashorn)
1559:             4            248  [Ljava.lang.StackTraceElement; (java.base@17.0.15)
1560:             7            248  [Ljava.lang.annotation.ElementType; (java.base@17.0.15)
1561:             5            240  [Ljava.lang.invoke.LambdaForm$NamedFunction; (java.base@17.0.15)
1562:            15            240  com.google.common.collect.RegularImmutableMap$Values (com.google.common@31.1-jre)
1563:            10            240  com.google.gson.stream.JsonToken (com.google.gson@2.10)
1564:            10            240  com.google.gson.stream.JsonToken
1565:            10            240  com.sun.org.apache.xerces.internal.impl.XMLScanner$NameType (java.xml@17.0.15)
1566:             5            240  it.unimi.dsi.fastutil.longs.LongOpenHashSet (it.unimi.dsi.fastutil@8.5.9)
1567:            10            240  java.lang.constant.MethodTypeDescImpl (java.base@17.0.15)
1568:             5            240  java.lang.invoke.BoundMethodHandle$Species_LLIL (java.base@17.0.15)
1569:            10            240  java.nio.charset.CoderResult (java.base@17.0.15)
1570:            10            240  java.nio.file.StandardOpenOption (java.base@17.0.15)
1571:            10            240  java.security.CryptoPrimitive (java.base@17.0.15)
1572:            15            240  java.util.LinkedHashMap$LinkedKeySet (java.base@17.0.15)
1573:             6            240  java.util.ResourceBundle$BundleReference (java.base@17.0.15)
1574:            10            240  java.util.regex.Pattern$CharPredicate$$Lambda$1172/0x00000008002f8218 (java.base@17.0.15)
1575:             6            240  java.util.stream.StreamOpFlag (java.base@17.0.15)
1576:            15            240  jdk.proxy2.$Proxy18 (jdk.proxy2)
1577:            10            240  net.minecraft.client.OptionInstance$IntRange (minecraft@1.20.1)
1578:             2            240  net.minecraft.client.model.PlayerModel (minecraft@1.20.1)
1579:             6            240  net.minecraft.client.renderer.entity.MinecartRenderer (minecraft@1.20.1)
1580:            10            240  net.minecraft.sounds.SoundSource (minecraft@1.20.1)
1581:            10            240  net.minecraft.util.ExtraCodecs$1ContextRetrievalCodec (minecraft@1.20.1)
1582:            15            240  net.minecraft.util.datafix.schemas.V1022$$Lambda$1940/0x0000000800844d48 (minecraft@1.20.1)
1583:            15            240  net.minecraft.util.datafix.schemas.V1022$$Lambda$1941/0x0000000800844f70 (minecraft@1.20.1)
1584:            10            240  net.minecraft.util.random.WeightedRandomList (minecraft@1.20.1)
1585:             6            240  net.minecraft.world.entity.EquipmentSlot (minecraft@1.20.1)
1586:            10            240  net.minecraft.world.entity.schedule.Timeline (minecraft@1.20.1)
1587:             3            240  net.minecraft.world.level.block.AirBlock (minecraft@1.20.1)
1588:             3            240  net.minecraft.world.level.block.AnvilBlock (minecraft@1.20.1)
1589:             3            240  net.minecraft.world.level.block.CommandBlock (minecraft@1.20.1)
1590:             3            240  net.minecraft.world.level.block.DoublePlantBlock (minecraft@1.20.1)
1591:             3            240  net.minecraft.world.level.block.HugeMushroomBlock (minecraft@1.20.1)
1592:            10            240  net.minecraft.world.level.block.state.properties.RailShape (minecraft@1.20.1)
1593:            15            240  net.minecraft.world.level.levelgen.placement.PlacementModifierType$$Lambda$3635/0x0000000800b01da0 (minecraft@1.20.1)
1594:             6            240  net.minecraft.world.level.levelgen.synth.SimplexNoise (minecraft@1.20.1)
1595:             3            240  net.minecraftforge.client.gui.widget.ExtendedButton (forge@47.4.13)
1596:             6            240  net.minecraftforge.eventbus.EventBus (net.minecraftforge.eventbus)
1597:             2            240  org.apache.logging.log4j.core.appender.rolling.RollingRandomAccessFileManager (org.apache.logging.log4j.core@2.19.0)
1598:             5            240  org.openjdk.nashorn.internal.ir.IndexNode (org.openjdk.nashorn)
1599:             6            240  org.openjdk.nashorn.internal.runtime.Context$ClassReference (org.openjdk.nashorn)
1600:             6            240  org.openjdk.nashorn.internal.runtime.Source (org.openjdk.nashorn)
1601:            10            240  sun.reflect.generics.tree.FormalTypeParameter (java.base@17.0.15)
1602:             6            240  sun.security.util.MemoryCache (java.base@17.0.15)
1603:            10            232  [Ljava.lang.reflect.TypeVariable; (java.base@17.0.15)
1604:             3            224  [Ljava.lang.Thread; (java.base@17.0.15)
1605:            13            224  [Ljava.lang.constant.ConstantDesc; (java.base@17.0.15)
1606:             2            224  [Lnet.minecraft.world.level.block.state.properties.NoteBlockInstrument; (minecraft@1.20.1)
1607:            14            224  com.electronwill.nightconfig.core.ConfigSpec$DumbSupplier (com.electronwill.nightconfig.core@3.6.4)
1608:             4            224  com.mojang.blaze3d.platform.NativeImage$Format (minecraft@1.20.1)
1609:             7            224  com.mojang.blaze3d.vertex.VertexFormatElement (minecraft@1.20.1)
1610:             7            224  com.mojang.blaze3d.vertex.VertexFormatElement$Type (minecraft@1.20.1)
1611:            14            224  java.security.spec.MGF1ParameterSpec (java.base@17.0.15)
1612:            14            224  jdk.proxy2.$Proxy12 (jdk.proxy2)
1613:            14            224  net.minecraft.client.OptionInstance$$Lambda$4376/0x0000000800bef6c0 (minecraft@1.20.1)
1614:             4            224  net.minecraft.client.model.IllagerModel (minecraft@1.20.1)
1615:             4            224  net.minecraft.client.model.LlamaModel (minecraft@1.20.1)
1616:             7            224  net.minecraft.client.model.MinecartModel (minecraft@1.20.1)
1617:             7            224  net.minecraft.sounds.Music (minecraft@1.20.1)
1618:            14            224  net.minecraft.util.datafix.schemas.V1125$$Lambda$1943/0x0000000800845668 (minecraft@1.20.1)
1619:             7            224  net.minecraft.world.entity.animal.Panda$Gene (minecraft@1.20.1)
1620:             7            224  net.minecraft.world.entity.animal.horse.Variant (minecraft@1.20.1)
1621:            14            224  net.minecraft.world.item.crafting.SimpleCraftingRecipeSerializer (minecraft@1.20.1)
1622:             7            224  net.minecraftforge.eventbus.EventBus$$Lambda$4262/0x0000000800ba7620 (net.minecraftforge.eventbus)
1623:             4            224  org.openjdk.nashorn.internal.objects.NativeArray$Constructor (org.openjdk.nashorn)
1624:             4            224  org.openjdk.nashorn.internal.objects.NativeBoolean$Constructor (org.openjdk.nashorn)
1625:             4            224  org.openjdk.nashorn.internal.objects.NativeFunction$Constructor (org.openjdk.nashorn)
1626:             4            224  org.openjdk.nashorn.internal.objects.NativeNumber$Constructor (org.openjdk.nashorn)
1627:             4            224  org.openjdk.nashorn.internal.objects.NativeReferenceError$Constructor (org.openjdk.nashorn)
1628:             4            224  org.openjdk.nashorn.internal.objects.NativeString$Constructor (org.openjdk.nashorn)
1629:             4            224  org.openjdk.nashorn.internal.objects.NativeSyntaxError$Constructor (org.openjdk.nashorn)
1630:             4            224  org.openjdk.nashorn.internal.objects.NativeTypeError$Constructor (org.openjdk.nashorn)
1631:             9            216  [Lorg.apache.logging.log4j.Marker; (org.apache.logging.log4j@2.19.0)
1632:             9            216  com.mojang.datafixers.types.templates.Const$PrimitiveType (datafixerupper@6.0.8)
1633:             9            216  java.nio.file.attribute.PosixFilePermission (java.base@17.0.15)
1634:             3            216  java.util.concurrent.ScheduledThreadPoolExecutor$ScheduledFutureTask (java.base@17.0.15)
1635:             9            216  net.minecraft.client.gui.font.GlyphRenderTypes (minecraft@1.20.1)
1636:             9            216  net.minecraft.client.resources.model.AtlasSet$AtlasEntry (minecraft@1.20.1)
1637:             9            216  net.minecraft.core.particles.ParticleTypes$1 (minecraft@1.20.1)
1638:             9            216  net.minecraft.resources.RegistryOps$$Lambda$3974/0x0000000800b484b0 (minecraft@1.20.1)
1639:             9            216  net.minecraft.stats.StatType (minecraft@1.20.1)
1640:             9            216  net.minecraft.util.datafix.fixes.WorldGenSettingsFix$StructureFeatureConfiguration (minecraft@1.20.1)
1641:             9            216  net.minecraftforge.fml.DeferredWorkQueue (fmlcore@1.20.1-47.4.13)
1642:             9            216  net.minecraftforge.fml.ModLoadingStage (fmlcore@1.20.1-47.4.13)
1643:             9            216  org.openjdk.nashorn.internal.codegen.ClassEmitter$Flag (org.openjdk.nashorn)
1644:             9            216  org.openjdk.nashorn.internal.parser.TokenKind (org.openjdk.nashorn)
1645:             3            216  org.spongepowered.asm.util.perf.Profiler$LiveSection (org.spongepowered.mixin)
1646:             3            216  sun.net.www.protocol.jar.URLJarFile (java.base@17.0.15)
1647:             3            216  sun.security.provider.NativePRNG$RandomIO (java.base@17.0.15)
1648:             9            216  sun.security.util.SafeDHParameterSpec (java.base@17.0.15)
1649:             9            216  sun.util.logging.PlatformLogger$Level (java.base@17.0.15)
1650:             6            208  [Ljdk.dynalink.linker.GuardingDynamicLinker; (jdk.dynalink@17.0.15)
1651:             2            208  [Lnet.minecraft.ChatFormatting; (minecraft@1.20.1)
1652:             2            208  [Lnet.minecraft.client.KeyMapping; (minecraft@1.20.1)
1653:             7            208  [Lnet.minecraft.core.Direction$Axis; (minecraft@1.20.1)
1654:             2            208  [Lsun.security.ssl.NamedGroup; (java.base@17.0.15)
1655:             1            208  [[Lcom.mojang.math.OctahedralGroup; (minecraft@1.20.1)
1656:            13            208  com.electronwill.nightconfig.core.ConfigSpec$$Lambda$383/0x0000000800305208 (com.electronwill.nightconfig.core@3.6.4)
1657:            13            208  com.google.common.base.CharMatcher$Is (com.google.common@31.1-jre)
1658:            13            208  com.google.common.base.Splitter$1 (com.google.common@31.1-jre)
1659:            13            208  com.google.common.collect.IndexedImmutableSet$1 (com.google.common@31.1-jre)
1660:            13            208  java.text.NumberFormat$Field (java.base@17.0.15)
1661:            13            208  jdk.proxy2.$Proxy21 (jdk.proxy2)
1662:             2            208  net.minecraft.client.model.ChestedHorseModel (minecraft@1.20.1)
1663:            13            208  net.minecraft.util.datafix.schemas.V1801$$Lambda$2081/0x00000008008661b0 (minecraft@1.20.1)
1664:            13            208  net.minecraft.util.datafix.schemas.V2571$$Lambda$2131/0x0000000800874000 (minecraft@1.20.1)
1665:            13            208  net.minecraft.util.datafix.schemas.V3325$$Lambda$2185/0x000000080087c328 (minecraft@1.20.1)
1666:            13            208  net.minecraft.util.datafix.schemas.V3325$$Lambda$2186/0x000000080087c570 (minecraft@1.20.1)
1667:            13            208  net.minecraft.util.datafix.schemas.V99$$Lambda$1812/0x00000008008170f0 (minecraft@1.20.1)
1668:            13            208  net.minecraft.world.food.FoodProperties$Builder$$Lambda$2581/0x00000008009d59a8 (minecraft@1.20.1)
1669:            13            208  net.minecraftforge.common.ForgeConfigSpec$Builder$$Lambda$5664/0x0000000800e2d040 (forge@47.4.13)
1670:            13            208  org.apache.commons.lang3.text.translate.AggregateTranslator (org.apache.commons.lang3@3.12.0)
1671:             2            208  sun.security.provider.Sun (java.base@17.0.15)
1672:             2            200  [Ljava.text.DateFormat$Field; (java.base@17.0.15)
1673:             5            200  java.lang.invoke.BoundMethodHandle$Species_LLI (java.base@17.0.15)
1674:             5            200  java.text.DigitList (java.base@17.0.15)
1675:             5            200  java.util.ServiceLoader$LayerLookupIterator (java.base@17.0.15)
1676:             5            200  java.util.ServiceLoader$LazyClassPathLookupIterator (java.base@17.0.15)
1677:             5            200  net.minecraft.util.datafix.fixes.BlockRenameFixWithJigsaw$1 (minecraft@1.20.1)
1678:             5            200  org.apache.logging.log4j.core.config.Node (org.apache.logging.log4j.core@2.19.0)
1679:             5            200  org.apache.logging.log4j.core.pattern.ExtendedThrowablePatternConverter (org.apache.logging.log4j.core@2.19.0)
1680:             5            200  org.lwjgl.PointerBuffer (org.lwjgl@3.3.1+7)
1681:             5            200  sun.security.ssl.CipherSuite$MacAlg (java.base@17.0.15)
1682:             4            192  [Ljava.util.List; (java.base@17.0.15)
1683:             4            192  [Ljdk.dynalink.linker.TypeBasedGuardingDynamicLinker; (jdk.dynalink@17.0.15)
1684:             6            192  [Lnet.minecraft.client.renderer.FaceInfo$VertexInfo; (minecraft@1.20.1)
1685:             4            192  [Lnet.minecraft.world.entity.animal.Panda$Gene; (minecraft@1.20.1)
1686:             4            192  [Lnet.minecraft.world.entity.animal.horse.Variant; (minecraft@1.20.1)
1687:             1            192  [Lorg.openjdk.nashorn.internal.codegen.CompilerConstants; (org.openjdk.nashorn)
1688:             8            192  [[[B (java.base@17.0.15)
1689:             8            192  com.google.common.cache.LocalCache$AccessQueue$1 (com.google.common@31.1-jre)
1690:             8            192  com.google.common.cache.LocalCache$WriteQueue$1 (com.google.common@31.1-jre)
1691:             4            192  com.google.common.collect.MapMakerInternalMap$StrongKeyWeakValueSegment (com.google.common@31.1-jre)
1692:             8            192  com.google.gson.internal.bind.TypeAdapters$32
1693:             8            192  com.ibm.icu.text.Bidi$ImpTabPair (com.ibm.icu@71.1)
1694:            12            192  com.mojang.blaze3d.platform.GlStateManager$TextureState (minecraft@1.20.1)
1695:             6            192  com.mojang.blaze3d.vertex.VertexFormatElement$Usage (minecraft@1.20.1)
1696:             6            192  com.mojang.math.SymmetricGroup3 (minecraft@1.20.1)
1697:             6            192  com.sun.jmx.mbeanserver.DefaultMXBeanMappingFactory$CollectionMapping (java.management@17.0.15)
1698:             4            192  com.sun.jna.Structure$StructField (com.sun.jna@5.12.1)
1699:             3            192  it.unimi.dsi.fastutil.longs.Long2ObjectOpenHashMap (it.unimi.dsi.fastutil@8.5.9)
1700:             6            192  java.lang.invoke.LambdaForm$BasicType (java.base@17.0.15)
1701:             8            192  java.lang.module.ModuleDescriptor$Opens (java.base@17.0.15)
1702:             8            192  java.math.RoundingMode (java.base@17.0.15)
1703:             6            192  java.net.InetAddress$InetAddressHolder (java.base@17.0.15)
1704:             8            192  java.net.NetPermission (java.base@17.0.15)
1705:             3            192  java.nio.DirectByteBufferR (java.base@17.0.15)
1706:             6            192  java.time.format.TextStyle (java.base@17.0.15)
1707:             8            192  jdk.internal.module.ModuleReferences$$Lambda$26/0x00000008000b4180 (java.base@17.0.15)
1708:             8            192  jdk.internal.perf.PerfCounter (java.base@17.0.15)
1709:             6            192  jdk.internal.reflect.UnsafeIntegerFieldAccessorImpl (java.base@17.0.15)
1710:             6            192  jdk.internal.reflect.UnsafeQualifiedObjectFieldAccessorImpl (java.base@17.0.15)
1711:            12            192  jdk.proxy1.$Proxy11 (jdk.proxy1)
1712:            12            192  jdk.proxy2.$Proxy22 (jdk.proxy2)
1713:            12            192  jdk.proxy2.$Proxy6 (jdk.proxy2)
1714:            12            192  joptsimple.internal.ConstructorInvokingValueConverter (jopt.simple@5.0.4)
1715:             8            192  net.minecraft.client.OptionInstance$Enum (minecraft@1.20.1)
1716:             2            192  net.minecraft.client.model.CatModel (minecraft@1.20.1)
1717:             3            192  net.minecraft.client.model.ParrotModel (minecraft@1.20.1)
1718:             4            192  net.minecraft.client.renderer.PostPass (minecraft@1.20.1)
1719:             6            192  net.minecraft.client.telemetry.TelemetryEventType (minecraft@1.20.1)
1720:             6            192  net.minecraft.client.tutorial.TutorialSteps (minecraft@1.20.1)
1721:            12            192  net.minecraft.resources.RegistryFixedCodec (minecraft@1.20.1)
1722:             8            192  net.minecraft.util.ByIdMap$$Lambda$4399/0x0000000800bf5a08 (minecraft@1.20.1)
1723:            12            192  net.minecraft.util.datafix.schemas.V3326$$Lambda$2188/0x000000080087cc88 (minecraft@1.20.1)
1724:            12            192  net.minecraft.util.datafix.schemas.V99$$Lambda$1832/0x000000080081dc00 (minecraft@1.20.1)
1725:            12            192  net.minecraft.util.datafix.schemas.V99$$Lambda$1835/0x0000000800820450 (minecraft@1.20.1)
1726:            12            192  net.minecraft.world.entity.npc.VillagerProfession$$Lambda$2875/0x0000000800a3cdc0 (minecraft@1.20.1)
1727:            12            192  net.minecraft.world.entity.npc.VillagerProfession$$Lambda$2876/0x0000000800a3d018 (minecraft@1.20.1)
1728:             3            192  net.minecraft.world.item.BucketItem (minecraft@1.20.1)
1729:             3            192  net.minecraft.world.item.HorseArmorItem (minecraft@1.20.1)
1730:             8            192  net.minecraft.world.item.Instrument (minecraft@1.20.1)
1731:             6            192  net.minecraft.world.level.levelgen.DensityFunctions$Mapped$Type (minecraft@1.20.1)
1732:             6            192  net.minecraft.world.level.levelgen.Heightmap$Types (minecraft@1.20.1)
1733:             6            192  net.minecraft.world.level.levelgen.SurfaceRules$StoneDepthCheck (minecraft@1.20.1)
1734:            12            192  net.minecraft.world.level.levelgen.blockpredicates.BlockPredicateType$$Lambda$3034/0x0000000800a71030 (minecraft@1.20.1)
1735:             3            192  net.minecraft.world.phys.AABB (minecraft@1.20.1)
1736:             8            192  net.minecraftforge.client.ForgeRenderTypes (forge@47.4.13)
1737:             8            192  net.minecraftforge.common.util.Lazy$Fast (forge@47.4.13)
1738:             8            192  org.antlr.v4.runtime.atn.LexerActionType (org.antlr.antlr4.runtime@4.9.1)
1739:             8            192  org.apache.logging.log4j.Level (org.apache.logging.log4j@2.19.0)
1740:             8            192  org.apache.logging.log4j.core.appender.rolling.RolloverFrequency (org.apache.logging.log4j.core@2.19.0)
1741:             4            192  org.apache.logging.log4j.core.config.AppenderControl (org.apache.logging.log4j.core@2.19.0)
1742:             8            192  org.apache.logging.log4j.core.lookup.PropertiesLookup (org.apache.logging.log4j.core@2.19.0)
1743:             8            192  org.apache.logging.log4j.core.pattern.MessagePatternConverter$FormattedMessagePatternConverter (org.apache.logging.log4j.core@2.19.0)
1744:             8            192  org.apache.logging.log4j.spi.StandardLevel (org.apache.logging.log4j@2.19.0)
1745:             8            192  org.apache.logging.slf4j.Log4jMarker (org.apache.logging.log4j.slf4j@2.19.0)
1746:             4            192  org.openjdk.nashorn.internal.ir.IfNode (org.openjdk.nashorn)
1747:             4            192  org.openjdk.nashorn.internal.objects.NativeBoolean$Prototype (org.openjdk.nashorn)
1748:             4            192  org.openjdk.nashorn.internal.objects.NativeReferenceError$Prototype (org.openjdk.nashorn)
1749:             4            192  org.openjdk.nashorn.internal.objects.NativeSyntaxError$Prototype (org.openjdk.nashorn)
1750:             4            192  org.openjdk.nashorn.internal.objects.NativeTypeError$Prototype (org.openjdk.nashorn)
1751:             6            192  org.openjdk.nashorn.internal.runtime.Context$NamedContextCodeInstaller (org.openjdk.nashorn)
1752:             8            192  org.openjdk.nashorn.internal.runtime.JSType (org.openjdk.nashorn)
1753:             8            192  org.openjdk.nashorn.internal.runtime.linker.InvokeByName (org.openjdk.nashorn)
1754:             4            192  sun.nio.cs.StreamDecoder (java.base@17.0.15)
1755:             8            192  sun.reflect.generics.repository.FieldRepository (java.base@17.0.15)
1756:             6            192  sun.security.ssl.SSLKeyExchange$T12KeyAgreement (java.base@17.0.15)
1757:             6            192  sun.security.x509.SubjectAlternativeNameExtension (java.base@17.0.15)
1758:             2            176  [Lorg.antlr.v4.runtime.atn.RuleStartState; (org.antlr.antlr4.runtime@4.9.1)
1759:             2            176  [Lorg.antlr.v4.runtime.atn.RuleStopState; (org.antlr.antlr4.runtime@4.9.1)
1760:            11            176  java.util.Comparator$$Lambda$548/0x00000008002d4b60 (java.base@17.0.15)
1761:            11            176  java.util.concurrent.ConcurrentHashMap$ValuesView (java.base@17.0.15)
1762:            11            176  jdk.dynalink.beans.StaticClass (jdk.dynalink@17.0.15)
1763:             2            176  net.minecraft.client.model.ArmorStandArmorModel (minecraft@1.20.1)
1764:            11            176  net.minecraft.util.datafix.schemas.V3327$$Lambda$2191/0x000000080087d5a8 (minecraft@1.20.1)
1765:            11            176  net.minecraft.world.entity.animal.CatVariant (minecraft@1.20.1)
1766:             2            176  net.minecraft.world.level.block.AttachedStemBlock (minecraft@1.20.1)
1767:             2            176  net.minecraft.world.level.block.BrushableBlock (minecraft@1.20.1)
1768:             2            176  net.minecraft.world.level.block.FungusBlock (minecraft@1.20.1)
1769:             2            176  net.minecraft.world.level.block.IronBarsBlock (minecraft@1.20.1)
1770:             2            176  net.minecraft.world.level.block.LiquidBlock (minecraft@1.20.1)
1771:             2            176  net.minecraft.world.level.block.StemBlock (minecraft@1.20.1)
1772:             2            176  net.minecraft.world.level.block.WeightedPressurePlateBlock (minecraft@1.20.1)
1773:            11            176  net.minecraft.world.level.levelgen.feature.foliageplacers.FoliagePlacerType (minecraft@1.20.1)
1774:            11            176  net.minecraft.world.level.levelgen.structure.templatesystem.StructureProcessorType$$Lambda$3180/0x0000000800a98b38 (minecraft@1.20.1)
1775:            11            176  org.apache.logging.log4j.core.util.datetime.FastDateParser$NumberStrategy (org.apache.logging.log4j.core@2.19.0)
1776:            11            176  sun.util.logging.internal.LoggingProviderImpl$JULWrapper (java.logging@17.0.15)
1777:             3            168  [Lnet.minecraft.world.entity.vehicle.Boat$Type; (minecraft@1.20.1)
1778:             1            168  [[Ljava.math.BigInteger; (java.base@17.0.15)
1779:             3            168  com.google.common.collect.MapMakerInternalMap (com.google.common@31.1-jre)
1780:             3            168  com.google.gson.internal.LinkedTreeMap
1781:             7            168  com.mojang.blaze3d.platform.GlStateManager$BooleanState (minecraft@1.20.1)
1782:             7            168  com.sun.org.apache.xerces.internal.util.FeatureState (java.xml@17.0.15)
1783:             7            168  java.lang.System$Logger$Level (java.base@17.0.15)
1784:             7            168  java.time.DayOfWeek (java.base@17.0.15)
1785:             7            168  java.time.Instant (java.base@17.0.15)
1786:             7            168  java.time.ZoneOffset (java.base@17.0.15)
1787:             7            168  java.util.Comparator$$Lambda$621/0x00000008002db708 (java.base@17.0.15)
1788:             7            168  java.util.concurrent.ConcurrentSkipListMap$Index (java.base@17.0.15)
1789:             7            168  javax.crypto.spec.SecretKeySpec (java.base@17.0.15)
1790:             3            168  javax.management.openmbean.OpenMBeanOperationInfoSupport (java.management@17.0.15)
1791:             3            168  jdk.dynalink.beans.StaticClassLinker$SingleClassStaticsLinker (jdk.dynalink@17.0.15)
1792:             7            168  jdk.xml.internal.JdkProperty$State (java.xml@17.0.15)
1793:             7            168  net.minecraft.Util$11 (minecraft@1.20.1)
1794:             7            168  net.minecraft.client.renderer.RenderStateShard$OutputStateShard (minecraft@1.20.1)
1795:             3            168  net.minecraft.client.renderer.blockentity.ChestRenderer (minecraft@1.20.1)
1796:             7            168  net.minecraft.resources.FileToIdConverter (minecraft@1.20.1)
1797:             7            168  net.minecraft.util.valueproviders.FloatProvider$$Lambda$3091/0x0000000800a7edb0 (minecraft@1.20.1)
1798:             7            168  net.minecraft.world.entity.vehicle.AbstractMinecart$Type (minecraft@1.20.1)
1799:             3            168  net.minecraft.world.item.BowlFoodItem (minecraft@1.20.1)
1800:             7            168  net.minecraft.world.level.block.SkullBlock$Types (minecraft@1.20.1)
1801:             7            168  net.minecraftforge.client.RenderTypeGroup (forge@47.4.13)
1802:             7            168  net.minecraftforge.eventbus.Names$Method (net.minecraftforge.eventbus)
1803:             7            168  net.minecraftforge.registries.DeferredRegister$$Lambda$1504/0x0000000800734488 (forge@47.4.13)
1804:             7            168  net.minecraftforge.registries.DeferredRegister$RegistryHolder (forge@47.4.13)
1805:             7            168  org.apache.logging.log4j.core.pattern.LoggerPatternConverter (org.apache.logging.log4j.core@2.19.0)
1806:             7            168  org.openjdk.nashorn.internal.ir.FunctionNode$Kind (org.openjdk.nashorn)
1807:             7            168  org.openjdk.nashorn.internal.runtime.Context$1 (org.openjdk.nashorn)
1808:             7            168  org.openjdk.nashorn.internal.runtime.arrays.ObjectArrayData (org.openjdk.nashorn)
1809:             7            168  sun.security.provider.certpath.OCSPResponse$ResponseStatus (java.base@17.0.15)
1810:             7            168  sun.security.x509.NetscapeCertTypeExtension$MapEntry (java.base@17.0.15)
1811:             2            160  [Ljava.lang.constant.DirectMethodHandleDesc$Kind; (java.base@17.0.15)
1812:             2            160  [Ljava.util.concurrent.RunnableScheduledFuture; (java.base@17.0.15)
1813:             3            160  [Ljava.util.logging.Level; (java.logging@17.0.15)
1814:             2            160  [Lnet.minecraft.world.scores.criteria.ObjectiveCriteria; (minecraft@1.20.1)
1815:             1            160  [Lnet.minecraftforge.installer.json.Version$Library;
1816:             4            160  [Lorg.apache.logging.log4j.core.util.datetime.FastDatePrinter$Rule; (org.apache.logging.log4j.core@2.19.0)
1817:             3            160  [[J (java.base@17.0.15)
1818:            10            160  com.google.gson.internal.ConstructorConstructor$9
1819:             5            160  com.mojang.blaze3d.shaders.EffectProgram (minecraft@1.20.1)
1820:            10            160  com.mojang.brigadier.LiteralMessage (brigadier@1.1.8)
1821:             5            160  com.mojang.serialization.Codec$3 (datafixerupper@6.0.8)
1822:             5            160  io.netty.util.AttributeKey (io.netty.common@4.1.82.Final)
1823:             2            160  it.unimi.dsi.fastutil.objects.Object2ObjectLinkedOpenHashMap (it.unimi.dsi.fastutil@8.5.9)
1824:             4            160  java.lang.invoke.BoundMethodHandle$Species_LIL (java.base@17.0.15)
1825:             2            160  java.lang.invoke.BoundMethodHandle$Species_LLLLLLLLLLLLL (java.base@17.0.15)
1826:             5            160  java.lang.invoke.VarHandle$AccessType (java.base@17.0.15)
1827:             4            160  java.time.zone.ZoneRules (java.base@17.0.15)
1828:            10            160  java.util.Formatter$Flags (java.base@17.0.15)
1829:             5            160  java.util.ServiceLoader$ModuleServicesLookupIterator (java.base@17.0.15)
1830:             5            160  java.util.concurrent.atomic.LongAdder (java.base@17.0.15)
1831:             5            160  javax.management.StandardEmitterMBean (java.management@17.0.15)
1832:             4            160  javax.xml.catalog.CatalogFeatures$Feature (java.xml@17.0.15)
1833:             4            160  jdk.internal.math.FloatingDecimal$BinaryToASCIIBuffer (java.base@17.0.15)
1834:            10            160  net.fabricmc.loader.impl.metadata.SimplePerson (net.fabricmc.loader@2.6.0+0.15.0+1.20.1-full)
1835:            10            160  net.minecraft.client.Options$$Lambda$4469/0x0000000800c03398 (minecraft@1.20.1)
1836:             5            160  net.minecraft.client.gui.font.providers.GlyphProviderType (minecraft@1.20.1)
1837:             2            160  net.minecraft.client.model.HoglinModel (minecraft@1.20.1)
1838:             5            160  net.minecraft.client.renderer.entity.layers.WardenEmissiveLayer (minecraft@1.20.1)
1839:             5            160  net.minecraft.client.telemetry.TelemetryProperty$GameMode (minecraft@1.20.1)
1840:             2            160  net.minecraft.core.DefaultedMappedRegistry (minecraft@1.20.1)
1841:            10            160  net.minecraft.core.Vec3i$$Lambda$3022/0x0000000800a6d758 (minecraft@1.20.1)
1842:            10            160  net.minecraft.util.datafix.schemas.V1451$$Lambda$1948/0x00000008008463d0 (minecraft@1.20.1)
1843:             5            160  net.minecraft.world.entity.animal.axolotl.Axolotl$Variant (minecraft@1.20.1)
1844:             5            160  net.minecraft.world.item.enchantment.ProtectionEnchantment (minecraft@1.20.1)
1845:             5            160  net.minecraft.world.item.enchantment.ProtectionEnchantment$Type (minecraft@1.20.1)
1846:             5            160  net.minecraft.world.level.biome.MobSpawnSettings$SpawnerData (minecraft@1.20.1)
1847:             2            160  net.minecraft.world.level.block.AzaleaBlock (minecraft@1.20.1)
1848:             2            160  net.minecraft.world.level.block.BeehiveBlock (minecraft@1.20.1)
1849:            10            160  net.minecraft.world.level.block.Blocks$$Lambda$1642/0x0000000800765950 (minecraft@1.20.1)
1850:             2            160  net.minecraft.world.level.block.CampfireBlock (minecraft@1.20.1)
1851:             2            160  net.minecraft.world.level.block.LanternBlock (minecraft@1.20.1)
1852:             2            160  net.minecraft.world.level.block.MushroomBlock (minecraft@1.20.1)
1853:             2            160  net.minecraft.world.level.block.NyliumBlock (minecraft@1.20.1)
1854:             2            160  net.minecraft.world.level.block.PoweredRailBlock (minecraft@1.20.1)
1855:             2            160  net.minecraft.world.level.block.RedStoneOreBlock (minecraft@1.20.1)
1856:             2            160  net.minecraft.world.level.block.RootsBlock (minecraft@1.20.1)
1857:             2            160  net.minecraft.world.level.block.SandBlock (minecraft@1.20.1)
1858:             2            160  net.minecraft.world.level.block.TallGrassBlock (minecraft@1.20.1)
1859:             2            160  net.minecraft.world.level.block.TorchBlock (minecraft@1.20.1)
1860:             2            160  net.minecraft.world.level.block.WallTorchBlock (minecraft@1.20.1)
1861:             2            160  net.minecraft.world.level.block.piston.PistonBaseBlock (minecraft@1.20.1)
1862:             4            160  net.minecraft.world.level.block.state.properties.DirectionProperty (minecraft@1.20.1)
1863:             5            160  net.minecraft.world.level.levelgen.DensityFunctions$Marker$Type (minecraft@1.20.1)
1864:             5            160  net.minecraft.world.level.levelgen.NoiseSettings (minecraft@1.20.1)
1865:             1            160  net.minecraftforge.client.gui.overlay.ForgeGui (forge@47.4.13)
1866:             4            160  net.minecraftforge.coremod.CoreMod (net.minecraftforge.coremod)
1867:            10            160  net.minecraftforge.coremod.NashornFactory$$Lambda$919/0x00000008005004e0 (net.minecraftforge.coremod)
1868:             4            160  net.minecraftforge.network.NetworkDirection (forge@47.4.13)
1869:             5            160  net.minecraftforge.network.NetworkInstance (forge@47.4.13)
1870:            10            160  net.minecraftforge.registries.NamespacedDefaultedWrapper$Factory (forge@47.4.13)
1871:             4            160  org.antlr.v4.runtime.atn.TokensStartState (org.antlr.antlr4.runtime@4.9.1)
1872:            10            160  org.apache.logging.log4j.core.impl.ThreadContextDataInjector$ForCopyOnWriteThreadContextMap (org.apache.logging.log4j.core@2.19.0)
1873:             5            160  org.objectweb.asm.Handle (org.objectweb.asm@9.8)
1874:             5            160  org.openjdk.nashorn.internal.codegen.LocalVariableTypesCalculator$LvarType (org.openjdk.nashorn)
1875:             5            160  org.openjdk.nashorn.internal.codegen.LocalVariableTypesCalculator$TypeHolderExpression (org.openjdk.nashorn)
1876:             4            160  org.openjdk.nashorn.internal.objects.Global$LexicalScope (org.openjdk.nashorn)
1877:             4            160  org.openjdk.nashorn.internal.runtime.SpillProperty$Accessors (org.openjdk.nashorn)
1878:             4            160  sun.nio.cs.UTF_8$Decoder (java.base@17.0.15)
1879:             5            160  sun.security.ssl.ContentType (java.base@17.0.15)
1880:             5            160  sun.security.ssl.NamedGroup$NamedGroupSpec (java.base@17.0.15)
1881:            10            160  sun.security.ssl.SSLKeyExchange$T13KeyAgreement (java.base@17.0.15)
1882:             5            160  sun.util.locale.provider.LocaleProviderAdapter$Type (java.base@17.0.15)
1883:             4            160  sun.util.resources.Bundles$BundleReference (java.base@17.0.15)
1884:             6            152  [Lcpw.mods.modlauncher.api.IModuleLayerManager$Layer; (cpw.mods.modlauncher@10.0.9)
1885:             1            152  org.apache.logging.log4j.core.config.xml.XmlConfiguration (org.apache.logging.log4j.core@2.19.0)
1886:             1            144  [Ljava.lang.invoke.VarHandle$AccessMode; (java.base@17.0.15)
1887:             3            144  [Lnet.minecraft.world.entity.MobCategory; (minecraft@1.20.1)
1888:             2            144  [Lorg.antlr.v4.runtime.dfa.DFA; (org.antlr.antlr4.runtime@4.9.1)
1889:             2            144  [Lorg.apache.logging.log4j.core.pattern.LogEventPatternConverter; (org.apache.logging.log4j.core@2.19.0)
1890:             3            144  com.google.common.collect.HashMultimap (com.google.common@31.1-jre)
1891:             3            144  com.google.common.collect.LinkedHashMultimap (com.google.common@31.1-jre)
1892:             3            144  com.google.common.collect.LinkedHashMultimap$ValueEntry (com.google.common@31.1-jre)
1893:             6            144  com.google.gson.internal.$Gson$Types$ParameterizedTypeImpl (com.google.gson@2.10)
1894:             6            144  com.google.gson.internal.$Gson$Types$ParameterizedTypeImpl
1895:             6            144  com.mojang.authlib.minecraft.UserApiService$UserFlag (authlib@4.0.43)
1896:             9            144  com.mojang.serialization.MapCodec$$Lambda$4076/0x0000000800b3fd60 (datafixerupper@6.0.8)
1897:             3            144  com.sun.jna.NativeLibrary (com.sun.jna@5.12.1)
1898:             3            144  com.sun.jna.internal.Cleaner$CleanerRef (com.sun.jna@5.12.1)
1899:             6            144  com.sun.org.apache.xerces.internal.util.Status (java.xml@17.0.15)
1900:             6            144  java.lang.Thread$State (java.base@17.0.15)
1901:             3            144  java.lang.ThreadGroup (java.base@17.0.15)
1902:             3            144  java.time.temporal.JulianFields$Field (java.base@17.0.15)
1903:             6            144  java.util.concurrent.ConcurrentHashMap$KeySetView (java.base@17.0.15)
1904:             3            144  java.util.concurrent.ConcurrentSkipListMap (java.base@17.0.15)
1905:             2            144  java.util.concurrent.ScheduledThreadPoolExecutor (java.base@17.0.15)
1906:             3            144  java.util.concurrent.ThreadPoolExecutor$Worker (java.base@17.0.15)
1907:             6            144  javax.net.ssl.SSLEngineResult$HandshakeStatus (java.base@17.0.15)
1908:             9            144  jdk.internal.module.ServicesCatalog (java.base@17.0.15)
1909:             6            144  jdk.net.ExtendedSocketOptions$ExtSocketOption (jdk.net@17.0.15)
1910:             2            144  net.minecraft.client.model.CowModel (minecraft@1.20.1)
1911:             2            144  net.minecraft.client.model.PigModel (minecraft@1.20.1)
1912:             9            144  net.minecraft.client.player.inventory.Hotbar (minecraft@1.20.1)
1913:             6            144  net.minecraft.client.renderer.FaceInfo (minecraft@1.20.1)
1914:             1            144  net.minecraft.client.renderer.GameRenderer (minecraft@1.20.1)
1915:             6            144  net.minecraft.client.renderer.RenderStateShard$TransparencyStateShard (minecraft@1.20.1)
1916:             6            144  net.minecraft.client.telemetry.TelemetryPropertyMap$1 (minecraft@1.20.1)
1917:             9            144  net.minecraft.util.datafix.fixes.NamespacedTypeRenameFix$$Lambda$2286/0x00000008008aaea0 (minecraft@1.20.1)
1918:             6            144  net.minecraft.util.datafix.fixes.SimplestEntityRenameFix$$Lambda$2239/0x00000008008933c0 (minecraft@1.20.1)
1919:             9            144  net.minecraft.util.datafix.schemas.V1451_1$$Lambda$1950/0x0000000800846ac8 (minecraft@1.20.1)
1920:             9            144  net.minecraft.world.effect.MobEffect$$Lambda$1585/0x0000000800751538 (minecraft@1.20.1)
1921:             9            144  net.minecraft.world.level.levelgen.feature.trunkplacers.TrunkPlacerType (minecraft@1.20.1)
1922:             6            144  net.minecraft.world.level.levelgen.structure.structures.RuinedPortalPiece$VerticalPlacement (minecraft@1.20.1)
1923:             6            144  net.minecraftforge.fml.CrashReportCallables$1 (fmlcore@1.20.1-47.4.13)
1924:             6            144  net.minecraftforge.fml.common.asm.ObjectHolderDefinalize$VanillaObjectHolderData (fmlloader@1.20.1-47.4.13)
1925:             6            144  net.minecraftforge.fml.core.ParallelTransition (forge@47.4.13)
1926:             6            144  net.minecraftforge.fml.earlydisplay.RenderElement (fmlearlydisplay@1.20.1-47.4.13)
1927:             6            144  net.minecraftforge.fml.loading.moddiscovery.BackgroundScanHandler$ScanStatus (fmlloader@1.20.1-47.4.13)
1928:             9            144  net.minecraftforge.network.HandshakeHandler$$Lambda$4288/0x0000000800bae5b0 (forge@47.4.13)
1929:             3            144  org.antlr.v4.runtime.atn.PlusBlockStartState (org.antlr.antlr4.runtime@4.9.1)
1930:             6            144  org.apache.commons.lang3.text.translate.NumericEntityEscaper (org.apache.commons.lang3@3.12.0)
1931:             6            144  org.apache.logging.log4j.core.LifeCycle$State (org.apache.logging.log4j.core@2.19.0)
1932:             9            144  org.apache.logging.log4j.core.lookup.JmxRuntimeInputArgumentsLookup (org.apache.logging.log4j.core@2.19.0)
1933:             9            144  org.apache.logging.log4j.core.lookup.MapLookup (org.apache.logging.log4j.core@2.19.0)
1934:             3            144  org.apache.logging.log4j.message.ReusableParameterizedMessage (org.apache.logging.log4j@2.19.0)
1935:             6            144  org.openjdk.nashorn.internal.codegen.Condition (org.openjdk.nashorn)
1936:             6            144  org.openjdk.nashorn.internal.runtime.Source$RawData (org.openjdk.nashorn)
1937:             6            144  org.spongepowered.asm.logging.Level (org.spongepowered.mixin)
1938:             6            144  org.spongepowered.asm.service.modlauncher.Blackboard$Key (org.spongepowered.mixin)
1939:             1            144  sun.security.pkcs11.SunPKCS11 (jdk.crypto.cryptoki@17.0.15)
1940:             6            144  sun.security.util.DisabledAlgorithmConstraints$Constraint$Operator (java.base@17.0.15)
1941:             4            136  [Ljava.lang.CharSequence; (java.base@17.0.15)
1942:             1            136  [Ljava.time.temporal.ChronoField; (java.base@17.0.15)
1943:             5            136  [Lnet.minecraftforge.fml.earlydisplay.SimpleBufferBuilder$Element; (fmlearlydisplay@1.20.1-47.4.13)
1944:             1            136  [Lorg.spongepowered.asm.mixin.MixinEnvironment$Option; (org.spongepowered.mixin)
1945:             4            136  [Lsun.invoke.util.ValueConversions$WrapperCache; (java.base@17.0.15)
1946:             1            136  org.apache.logging.log4j.core.config.NullConfiguration (org.apache.logging.log4j.core@2.19.0)
1947:             4            128  [Lcom.google.common.cache.LocalCache$Segment; (com.google.common@31.1-jre)
1948:             2            128  [Ljava.security.cert.CRLReason; (java.base@17.0.15)
1949:             2            128  [Ljava.time.Month; (java.base@17.0.15)
1950:             4            128  [Ljdk.dynalink.linker.GuardingTypeConverterFactory; (jdk.dynalink@17.0.15)
1951:             2            128  [Lnet.minecraft.core.FrontAndTop; (minecraft@1.20.1)
1952:             2            128  [Lnet.minecraft.world.level.levelgen.GenerationStep$Decoration; (minecraft@1.20.1)
1953:             4            128  [Lnet.minecraftforge.client.settings.KeyModifier; (forge@47.4.13)
1954:             2            128  [Lsun.security.ssl.SSLSecretDerivation$SecretSchedule; (java.base@17.0.15)
1955:             8            128  com.google.common.cache.LocalCache$AccessQueue (com.google.common@31.1-jre)
1956:             8            128  com.google.common.cache.LocalCache$WriteQueue (com.google.common@31.1-jre)
1957:             8            128  com.google.gson.TypeAdapter$1
1958:             4            128  com.google.gson.internal.bind.MapTypeAdapterFactory$Adapter
1959:             4            128  com.mojang.serialization.codecs.SimpleMapCodec (datafixerupper@6.0.8)
1960:             4            128  com.sun.jmx.mbeanserver.DefaultMXBeanMappingFactory$ArrayMapping (java.management@17.0.15)
1961:             2            128  com.sun.security.sasl.gsskerb.JdkSASL$ProviderService (jdk.security.jgss@17.0.15)
1962:             4            128  java.io.ByteArrayInputStream (java.base@17.0.15)
1963:             4            128  java.lang.StackWalker (java.base@17.0.15)
1964:             4            128  java.security.MessageDigest$Delegate$CloneableDelegate (java.base@17.0.15)
1965:             4            128  java.security.spec.PSSParameterSpec (java.base@17.0.15)
1966:             4            128  java.util.concurrent.atomic.AtomicReferenceFieldUpdater$AtomicReferenceFieldUpdaterImpl (java.base@17.0.15)
1967:             4            128  java.util.stream.Collectors$CollectorImpl (java.base@17.0.15)
1968:             4            128  java.util.stream.FindOps$FindOp (java.base@17.0.15)
1969:             2            128  javax.crypto.Cipher (java.base@17.0.15)
1970:             4            128  javax.script.SimpleScriptContext (java.scripting@17.0.15)
1971:             4            128  jdk.dynalink.DynamicLinker (jdk.dynalink@17.0.15)
1972:             4            128  jdk.dynalink.TypeConverterFactory (jdk.dynalink@17.0.15)
1973:             4            128  jdk.dynalink.linker.support.CompositeTypeBasedGuardingDynamicLinker$ClassToLinker (jdk.dynalink@17.0.15)
1974:             2            128  jdk.internal.icu.impl.Trie2_16 (java.base@17.0.15)
1975:             4            128  jdk.internal.loader.NativeLibraries$Unloader (java.base@17.0.15)
1976:             8            128  jdk.internal.module.ModuleReferences$$Lambda$27/0x00000008000b43a8 (java.base@17.0.15)
1977:             4            128  net.minecraft.client.NarratorStatus (minecraft@1.20.1)
1978:             2            128  net.minecraft.client.model.SpiderModel (minecraft@1.20.1)
1979:             2            128  net.minecraft.client.model.StriderModel (minecraft@1.20.1)
1980:             4            128  net.minecraft.client.renderer.RenderStateShard$DepthTestStateShard (minecraft@1.20.1)
1981:             4            128  net.minecraft.client.renderer.block.model.ItemModelGenerator$SpanFacing (minecraft@1.20.1)
1982:             8            128  net.minecraft.util.datafix.schemas.V1451_2$$Lambda$1970/0x000000080084ade8 (minecraft@1.20.1)
1983:             8            128  net.minecraft.util.datafix.schemas.V501$$Lambda$1884/0x000000080083ae40 (minecraft@1.20.1)
1984:             8            128  net.minecraft.util.datafix.schemas.V701$$Lambda$1889/0x000000080083c710 (minecraft@1.20.1)
1985:             4            128  net.minecraft.world.item.ArmorItem$Type (minecraft@1.20.1)
1986:             2            128  net.minecraft.world.item.FoodOnAStickItem (minecraft@1.20.1)
1987:             2            128  net.minecraft.world.item.Items$1 (minecraft@1.20.1)
1988:             4            128  net.minecraft.world.item.Rarity (minecraft@1.20.1)
1989:             4            128  net.minecraft.world.level.block.state.properties.StructureMode (minecraft@1.20.1)
1990:             4            128  net.minecraft.world.level.block.state.properties.Tilt (minecraft@1.20.1)
1991:             4            128  net.minecraft.world.level.levelgen.DensityFunctions$TwoArgumentSimpleFunction$Type (minecraft@1.20.1)
1992:             4            128  net.minecraft.world.level.levelgen.structure.placement.StructurePlacement$FrequencyReductionMethod (minecraft@1.20.1)
1993:             8            128  net.minecraft.world.level.storage.loot.entries.LootPoolEntryType (minecraft@1.20.1)
1994:             1            128  net.minecraftforge.client.gui.LoadingErrorScreen (forge@47.4.13)
1995:             8            128  net.minecraftforge.common.util.NonNullLazy$$Lambda$4891/0x0000000800d0e1d0 (forge@47.4.13)
1996:             8            128  net.minecraftforge.fml.ModLoadingState$$Lambda$4636/0x0000000800c3dc88 (fmlcore@1.20.1-47.4.13)
1997:             1            128  net.minecraftforge.fml.earlydisplay.DisplayWindow (fmlearlydisplay@1.20.1-47.4.13)
1998:             4            128  net.minecraftforge.fml.earlydisplay.SimpleBufferBuilder$Format (fmlearlydisplay@1.20.1-47.4.13)
1999:             4            128  net.minecraftforge.fml.loading.FMLPaths (fmlloader@1.20.1-47.4.13)
2000:             4            128  org.apache.logging.log4j.core.appender.DefaultErrorHandler (org.apache.logging.log4j.core@2.19.0)
2001:             2            128  org.apache.logging.log4j.core.appender.RollingRandomAccessFileAppender (org.apache.logging.log4j.core@2.19.0)
2002:             2            128  org.apache.logging.log4j.core.appender.rolling.PatternProcessor (org.apache.logging.log4j.core@2.19.0)
2003:             4            128  org.apache.logging.log4j.core.config.AwaitCompletionReliabilityStrategy (org.apache.logging.log4j.core@2.19.0)
2004:             4            128  org.apache.logging.log4j.core.layout.StringBuilderEncoder (org.apache.logging.log4j.core@2.19.0)
2005:             8            128  org.apache.logging.log4j.core.lookup.ContextMapLookup (org.apache.logging.log4j.core@2.19.0)
2006:             8            128  org.apache.logging.log4j.core.lookup.DateLookup (org.apache.logging.log4j.core@2.19.0)
2007:             8            128  org.apache.logging.log4j.core.lookup.EnvironmentLookup (org.apache.logging.log4j.core@2.19.0)
2008:             8            128  org.apache.logging.log4j.core.lookup.EventLookup (org.apache.logging.log4j.core@2.19.0)
2009:             8            128  org.apache.logging.log4j.core.lookup.JavaLookup (org.apache.logging.log4j.core@2.19.0)
2010:             8            128  org.apache.logging.log4j.core.lookup.Log4jLookup (org.apache.logging.log4j.core@2.19.0)
2011:             8            128  org.apache.logging.log4j.core.lookup.LowerLookup (org.apache.logging.log4j.core@2.19.0)
2012:             8            128  org.apache.logging.log4j.core.lookup.MainMapLookup (org.apache.logging.log4j.core@2.19.0)
2013:             8            128  org.apache.logging.log4j.core.lookup.MarkerLookup (org.apache.logging.log4j.core@2.19.0)
2014:             8            128  org.apache.logging.log4j.core.lookup.ResourceBundleLookup (org.apache.logging.log4j.core@2.19.0)
2015:             8            128  org.apache.logging.log4j.core.lookup.StructuredDataLookup (org.apache.logging.log4j.core@2.19.0)
2016:             8            128  org.apache.logging.log4j.core.lookup.UpperLookup (org.apache.logging.log4j.core@2.19.0)
2017:             8            128  org.apache.logging.log4j.core.util.datetime.FastDateParser$CopyQuotedStrategy (org.apache.logging.log4j.core@2.19.0)
2018:             8            128  org.apache.logging.log4j.core.util.datetime.FastDatePrinter$CharacterLiteral (org.apache.logging.log4j.core@2.19.0)
2019:             8            128  org.apache.logging.log4j.core.util.datetime.FastDatePrinter$TwoDigitNumberField (org.apache.logging.log4j.core@2.19.0)
2020:             4            128  org.openjdk.nashorn.api.scripting.NashornScriptEngine (org.openjdk.nashorn)
2021:             4            128  org.openjdk.nashorn.internal.codegen.CompilerConstants$8 (org.openjdk.nashorn)
2022:             4            128  org.openjdk.nashorn.internal.runtime.Context$ThrowErrorManager (org.openjdk.nashorn)
2023:             4            128  org.openjdk.nashorn.internal.runtime.Timing (org.openjdk.nashorn)
2024:             4            128  org.openjdk.nashorn.internal.runtime.options.Options (org.openjdk.nashorn)
2025:             2            128  org.openjdk.nashorn.internal.scripts.JO5P0 (org.openjdk.nashorn.structures)
2026:             2            128  sun.security.jgss.SunProvider$ProviderService (java.security.jgss@17.0.15)
2027:             2            128  sun.security.provider.SHA2$SHA256 (java.base@17.0.15)
2028:             4            128  sun.security.ssl.Finished$VerifyDataScheme (java.base@17.0.15)
2029:             4            128  sun.security.ssl.SSLTrafficKeyDerivation (java.base@17.0.15)
2030:             4            128  sun.security.util.DisabledAlgorithmConstraints (java.base@17.0.15)
2031:             4            128  sun.util.resources.Bundles$CacheKey (java.base@17.0.15)
2032:             3            120  [Ljava.lang.invoke.LambdaForm$BasicType; (java.base@17.0.15)
2033:             3            120  [Lnet.minecraft.world.entity.animal.axolotl.Axolotl$Variant; (minecraft@1.20.1)
2034:             3            120  [Lnet.minecraft.world.entity.animal.horse.Markings; (minecraft@1.20.1)
2035:             3            120  [Lnet.minecraft.world.level.levelgen.Heightmap$Types; (minecraft@1.20.1)
2036:             1            120  [Lnet.minecraftforge.client.gui.overlay.VanillaGuiOverlay; (forge@47.4.13)
2037:             2            120  [Lsun.security.util.ObjectIdentifier; (java.base@17.0.15)
2038:             3            120  com.google.common.base.Stopwatch (com.google.common@31.1-jre)
2039:             5            120  com.google.gson.internal.bind.TypeAdapterRuntimeTypeWrapper (com.google.gson@2.10)
2040:             5            120  com.google.gson.internal.bind.TypeAdapters$34$1 (com.google.gson@2.10)
2041:             3            120  com.mojang.blaze3d.platform.Monitor (minecraft@1.20.1)
2042:             3            120  com.mojang.blaze3d.systems.RenderSystem$AutoStorageIndexBuffer (minecraft@1.20.1)
2043:             5            120  com.mojang.serialization.Codec$1 (datafixerupper@6.0.8)
2044:             5            120  com.mojang.serialization.MapDecoder$3 (datafixerupper@6.0.8)
2045:             5            120  com.mojang.serialization.MapEncoder$2 (datafixerupper@6.0.8)
2046:             5            120  com.mojang.serialization.codecs.UnboundedMapCodec (datafixerupper@6.0.8)
2047:             5            120  com.sun.crypto.provider.DHParameters (java.base@17.0.15)
2048:             5            120  com.sun.jna.NativeMappedConverter (com.sun.jna@5.12.1)
2049:             5            120  com.sun.org.apache.xerces.internal.util.PropertyState (java.xml@17.0.15)
2050:             5            120  com.sun.org.apache.xerces.internal.utils.XMLSecurityPropertyManager$State (java.xml@17.0.15)
2051:             3            120  cpw.mods.modlauncher.log.TransformingThrowablePatternConverter (cpw.mods.modlauncher@10.0.9)
2052:             5            120  io.netty.util.internal.logging.LocationAwareSlf4JLogger (io.netty.common@4.1.82.Final)
2053:             3            120  java.io.FilePermission (java.base@17.0.15)
2054:             3            120  java.io.PrintStream (java.base@17.0.15)
2055:             5            120  java.lang.ProcessBuilder$Redirect$Type (java.base@17.0.15)
2056:             5            120  java.lang.invoke.VarHandleByteArrayAsLongs$ArrayHandle (java.base@17.0.15)
2057:             3            120  java.lang.reflect.ProxyGenerator$ProxyMethod (java.base@17.0.15)
2058:             5            120  java.time.format.DateTimeFormatterBuilder$OffsetIdPrinterParser (java.base@17.0.15)
2059:             5            120  java.time.format.SignStyle (java.base@17.0.15)
2060:             5            120  java.util.Collections$SynchronizedCollection (java.base@17.0.15)
2061:             3            120  java.util.PropertyResourceBundle (java.base@17.0.15)
2062:             5            120  java.util.ServiceLoader$2 (java.base@17.0.15)
2063:             5            120  java.util.concurrent.CompletableFuture (java.base@17.0.15)
2064:             5            120  java.util.concurrent.locks.ReentrantReadWriteLock$Sync$HoldCounter (java.base@17.0.15)
2065:             5            120  java.util.stream.StreamOpFlag$Type (java.base@17.0.15)
2066:             5            120  javax.tools.Diagnostic$Kind (java.compiler@17.0.15)
2067:             5            120  jdk.dynalink.StandardOperation (jdk.dynalink@17.0.15)
2068:             5            120  jdk.internal.math.FloatingDecimal$PreparedASCIIToBinaryBuffer (java.base@17.0.15)
2069:             5            120  joptsimple.internal.MethodInvokingValueConverter (jopt.simple@5.0.4)
2070:             5            120  net.minecraft.client.OptionInstance$IntRangeBase$1 (minecraft@1.20.1)
2071:             5            120  net.minecraft.client.gui.font.providers.BitmapProvider (minecraft@1.20.1)
2072:             3            120  net.minecraft.client.renderer.entity.PiglinRenderer (minecraft@1.20.1)
2073:             5            120  net.minecraft.server.packs.repository.FolderRepositorySource$$Lambda$4694/0x0000000800c90000 (minecraft@1.20.1)
2074:             5            120  net.minecraft.server.packs.repository.PackSource$1 (minecraft@1.20.1)
2075:             5            120  net.minecraft.util.ByIdMap$$Lambda$1499/0x000000080072b0c0 (minecraft@1.20.1)
2076:             3            120  net.minecraft.util.datafix.fixes.AddFlagIfNotPresentFix (minecraft@1.20.1)
2077:             5            120  net.minecraft.util.datafix.fixes.BlockRenameFixWithJigsaw$$Lambda$2332/0x00000008008b9158 (minecraft@1.20.1)
2078:             5            120  net.minecraft.util.datafix.fixes.EntityRenameFix$$Lambda$2245/0x0000000800899e10 (minecraft@1.20.1)
2079:             3            120  net.minecraft.world.effect.InstantenousMobEffect (minecraft@1.20.1)
2080:             5            120  net.minecraft.world.entity.animal.horse.Markings (minecraft@1.20.1)
2081:             5            120  net.minecraft.world.level.block.state.properties.DripstoneThickness (minecraft@1.20.1)
2082:             5            120  net.minecraft.world.level.block.state.properties.StairsShape (minecraft@1.20.1)
2083:             5            120  net.minecraft.world.level.levelgen.heightproviders.UniformHeight (minecraft@1.20.1)
2084:             5            120  net.minecraft.world.level.material.PushReaction (minecraft@1.20.1)
2085:             3            120  net.minecraftforge.common.ForgeConfigSpec (forge@47.4.13)
2086:             5            120  net.minecraftforge.event.TickEvent$Type (forge@47.4.13)
2087:             5            120  net.minecraftforge.eventbus.LockHelper (net.minecraftforge.eventbus)
2088:             5            120  net.minecraftforge.eventbus.api.EventPriority (net.minecraftforge.eventbus)
2089:             5            120  net.minecraftforge.fml.ModLoadingPhase (fmlcore@1.20.1-47.4.13)
2090:             5            120  net.minecraftforge.fml.loading.LanguageLoadingProvider$ModLanguageWrapper (fmlloader@1.20.1-47.4.13)
2091:             3            120  org.antlr.v4.runtime.atn.PlusLoopbackState (org.antlr.antlr4.runtime@4.9.1)
2092:             3            120  org.apache.logging.log4j.core.config.ConfigurationSource (org.apache.logging.log4j.core@2.19.0)
2093:             3            120  org.apache.logging.log4j.core.pattern.HighlightConverter (org.apache.logging.log4j.core@2.19.0)
2094:             5            120  org.apache.logging.log4j.core.pattern.PatternParser$ParserState (org.apache.logging.log4j.core@2.19.0)
2095:             5            120  org.apache.logging.log4j.core.time.MutableInstant (org.apache.logging.log4j.core@2.19.0)
2096:             3            120  org.apache.logging.log4j.core.util.datetime.FastDateParser (org.apache.logging.log4j.core@2.19.0)
2097:             5            120  org.objectweb.asm.Edge (org.objectweb.asm@9.8)
2098:             5            120  org.openjdk.nashorn.internal.WeakValueCache (org.openjdk.nashorn)
2099:             5            120  org.openjdk.nashorn.internal.codegen.CodeGenerator$TypeBounds (org.openjdk.nashorn)
2100:             5            120  sun.security.jca.ServiceId (java.base@17.0.15)
2101:             2            112  [Ljava.nio.file.StandardOpenOption; (java.base@17.0.15)
2102:             2            112  [Ljava.nio.file.attribute.PosixFilePermission; (java.base@17.0.15)
2103:             2            112  [Ljava.security.CryptoPrimitive; (java.base@17.0.15)
2104:             1            112  [Ljava.time.LocalTime; (java.base@17.0.15)
2105:             4            112  [Ljoptsimple.util.PathProperties; (jopt.simple@5.0.4)
2106:             2            112  [Lnet.minecraft.sounds.SoundSource; (minecraft@1.20.1)
2107:             2            112  [Lnet.minecraft.world.level.block.state.properties.RailShape; (minecraft@1.20.1)
2108:             2            112  [Lorg.openjdk.nashorn.internal.codegen.ClassEmitter$Flag; (org.openjdk.nashorn)
2109:             2            112  com.mojang.blaze3d.pipeline.TextureTarget (minecraft@1.20.1)
2110:             7            112  com.sun.proxy.jdk.proxy1.$Proxy26 (jdk.proxy1)
2111:             2            112  java.lang.invoke.BoundMethodHandle$Species_LLILLL (java.base@17.0.15)
2112:             2            112  java.nio.DirectIntBufferRU (java.base@17.0.15)
2113:             7            112  jdk.proxy2.$Proxy13 (jdk.proxy2)
2114:             2            112  net.minecraft.client.ToggleKeyMapping (minecraft@1.20.1)
2115:             2            112  net.minecraft.client.model.VillagerModel (minecraft@1.20.1)
2116:             1            112  net.minecraft.client.renderer.entity.EnderDragonRenderer$DragonModel (minecraft@1.20.1)
2117:             7            112  net.minecraft.util.datafix.schemas.V1451_3$$Lambda$1972/0x000000080084b500 (minecraft@1.20.1)
2118:             7            112  net.minecraft.util.datafix.schemas.V1451_3$$Lambda$1973/0x000000080084b748 (minecraft@1.20.1)
2119:             7            112  net.minecraft.util.datafix.schemas.V1451_3$$Lambda$1974/0x000000080084b970 (minecraft@1.20.1)
2120:             7            112  net.minecraft.util.datafix.schemas.V1451_3$$Lambda$1975/0x000000080084bb98 (minecraft@1.20.1)
2121:             7            112  net.minecraft.util.datafix.schemas.V1451_3$$Lambda$1976/0x000000080084bdc0 (minecraft@1.20.1)
2122:             7            112  net.minecraft.util.datafix.schemas.V1451_3$$Lambda$1977/0x000000080084e000 (minecraft@1.20.1)
2123:             7            112  net.minecraft.util.datafix.schemas.V1451_3$$Lambda$1978/0x000000080084e228 (minecraft@1.20.1)
2124:             7            112  net.minecraft.util.datafix.schemas.V1451_3$$Lambda$1979/0x000000080084e450 (minecraft@1.20.1)
2125:             7            112  net.minecraft.util.datafix.schemas.V1451_3$$Lambda$1980/0x000000080084e678 (minecraft@1.20.1)
2126:             7            112  net.minecraft.util.datafix.schemas.V1451_3$$Lambda$1981/0x000000080084e8a0 (minecraft@1.20.1)
2127:             7            112  net.minecraft.util.datafix.schemas.V1451_3$$Lambda$1982/0x000000080084eac8 (minecraft@1.20.1)
2128:             7            112  net.minecraft.util.datafix.schemas.V1451_3$$Lambda$1983/0x000000080084ecf0 (minecraft@1.20.1)
2129:             7            112  net.minecraft.util.datafix.schemas.V3327$$Lambda$2190/0x000000080087d380 (minecraft@1.20.1)
2130:             7            112  net.minecraft.world.entity.npc.VillagerType (minecraft@1.20.1)
2131:             2            112  net.minecraft.world.item.ItemFrameItem (minecraft@1.20.1)
2132:             2            112  net.minecraft.world.item.PlaceOnWaterBlockItem (minecraft@1.20.1)
2133:             7            112  net.minecraft.world.item.crafting.RecipeType$1 (minecraft@1.20.1)
2134:             7            112  net.minecraft.world.level.levelgen.feature.stateproviders.BlockStateProviderType (minecraft@1.20.1)
2135:             7            112  net.minecraftforge.eventbus.EventBus$$Lambda$4261/0x0000000800ba73d0 (net.minecraftforge.eventbus)
2136:             2            112  net.minecraftforge.network.simple.SimpleChannel$MessageBuilder (forge@47.4.13)
2137:             2            112  org.antlr.v4.runtime.atn.ATN (org.antlr.antlr4.runtime@4.9.1)
2138:             2            112  org.spongepowered.asm.mixin.MixinEnvironment (org.spongepowered.mixin)
2139:             2            112  sun.security.ec.ed.EdDSAParameters (jdk.crypto.ec@17.0.15)
2140:             1            104  [Lorg.apache.logging.log4j.core.util.datetime.FixedDateFormat$FixedFormat; (org.apache.logging.log4j.core@2.19.0)
2141:             3            104  [Lorg.openjdk.nashorn.internal.codegen.CompilationPhase; (org.openjdk.nashorn)
2142:             1            104  [Lsun.security.ssl.SSLHandshake; (java.base@17.0.15)
2143:             1            104  [Lsun.security.ssl.SignatureScheme; (java.base@17.0.15)
2144:             2            104  [Lsun.util.logging.PlatformLogger$Level; (java.base@17.0.15)
2145:             1            104  com.mojang.blaze3d.platform.Window (minecraft@1.20.1)
2146:             1            104  com.sun.crypto.provider.SunJCE (java.base@17.0.15)
2147:             1            104  com.sun.security.sasl.Provider (java.security.sasl@17.0.15)
2148:             1            104  com.sun.security.sasl.gsskerb.JdkSASL (jdk.security.jgss@17.0.15)
2149:             1            104  cpw.mods.modlauncher.TransformingClassLoader (cpw.mods.modlauncher@10.0.9)
2150:             1            104  jdk.internal.loader.ClassLoaders$AppClassLoader (java.base@17.0.15)
2151:             1            104  jdk.internal.loader.ClassLoaders$BootClassLoader (java.base@17.0.15)
2152:             1            104  jdk.internal.loader.ClassLoaders$PlatformClassLoader (java.base@17.0.15)
2153:             1            104  net.minecraft.client.MouseHandler (minecraft@1.20.1)
2154:             1            104  net.minecraft.client.model.ArmorStandModel (minecraft@1.20.1)
2155:             1            104  org.jcp.xml.dsig.internal.dom.XMLDSigRI (java.xml.crypto@17.0.15)
2156:             1            104  sun.net.www.protocol.https.HttpsClient (java.base@17.0.15)
2157:             1            104  sun.security.ec.SunEC (jdk.crypto.ec@17.0.15)
2158:             1            104  sun.security.jca.ProviderList$1 (java.base@17.0.15)
2159:             1            104  sun.security.jgss.SunProvider (java.security.jgss@17.0.15)
2160:             1            104  sun.security.provider.certpath.ldap.JdkLDAP (java.naming@17.0.15)
2161:             1            104  sun.security.rsa.SunRsaSign (java.base@17.0.15)
2162:             1            104  sun.security.smartcardio.SunPCSC (java.smartcardio@17.0.15)
2163:             1            104  sun.security.ssl.SunJSSE (java.base@17.0.15)
2164:             2             96  [Lcom.google.common.cache.LocalCache$EntryFactory; (com.google.common@31.1-jre)
2165:             3             96  [Lcom.google.common.collect.MapMakerInternalMap$Segment; (com.google.common@31.1-jre)
2166:             2             96  [Ljava.lang.System$Logger$Level; (java.base@17.0.15)
2167:             2             96  [Ljava.time.DayOfWeek; (java.base@17.0.15)
2168:             4             96  [Ljdk.dynalink.linker.ConversionComparator; (jdk.dynalink@17.0.15)
2169:             2             96  [Ljdk.dynalink.linker.GuardedInvocation; (jdk.dynalink@17.0.15)
2170:             3             96  [Lnet.minecraft.client.AttackIndicatorStatus; (minecraft@1.20.1)
2171:             3             96  [Lnet.minecraft.client.GraphicsStatus; (minecraft@1.20.1)
2172:             3             96  [Lnet.minecraft.client.NarratorStatus; (minecraft@1.20.1)
2173:             3             96  [Lnet.minecraft.client.ParticleStatus; (minecraft@1.20.1)
2174:             3             96  [Lnet.minecraft.client.PrioritizeChunkUpdates; (minecraft@1.20.1)
2175:             3             96  [Lnet.minecraft.world.entity.player.ChatVisiblity; (minecraft@1.20.1)
2176:             2             96  [Lnet.minecraft.world.entity.player.PlayerModelPart; (minecraft@1.20.1)
2177:             2             96  [Lnet.minecraft.world.item.ArmorMaterials; (minecraft@1.20.1)
2178:             4             96  [Lnet.minecraft.world.item.ItemStack; (minecraft@1.20.1)
2179:             3             96  [Lnet.minecraftforge.accesstransformer.AccessTransformer$Modifier; (accesstransformers@8.0.4)
2180:             4             96  [Lnet.minecraftforge.api.distmarker.Dist; (mergetool@1.1.5)
2181:             2             96  [Lorg.apache.logging.log4j.core.Filter; (org.apache.logging.log4j.core@2.19.0)
2182:             2             96  [Lorg.apache.logging.log4j.spi.StandardLevel; (org.apache.logging.log4j@2.19.0)
2183:             3             96  [Lorg.openjdk.nashorn.internal.codegen.types.Type; (org.openjdk.nashorn)
2184:             2             96  [Lsun.security.provider.certpath.OCSPResponse$ResponseStatus; (java.base@17.0.15)
2185:             1             96  [Lsun.util.locale.BaseLocale; (java.base@17.0.15)
2186:             1             96  [[Ljava.lang.Byte; (java.base@17.0.15)
2187:             4             96  com.electronwill.nightconfig.core.io.IndentStyle (com.electronwill.nightconfig.core@3.6.4)
2188:             3             96  com.electronwill.nightconfig.core.io.ParsingMode (com.electronwill.nightconfig.core@3.6.4)
2189:             4             96  com.google.common.base.AbstractIterator$State (com.google.common@31.1-jre)
2190:             4             96  com.google.common.collect.AbstractIterator$State (com.google.common@31.1-jre)
2191:             4             96  com.google.gson.ReflectionAccessFilter$FilterResult (com.google.gson@2.10)
2192:             4             96  com.google.gson.ReflectionAccessFilter$FilterResult
2193:             4             96  com.google.gson.internal.bind.TypeAdapters$30 (com.google.gson@2.10)
2194:             4             96  com.mojang.blaze3d.pipeline.MainTarget$AttachmentState (minecraft@1.20.1)
2195:             3             96  com.mojang.blaze3d.platform.InputConstants$Type (minecraft@1.20.1)
2196:             4             96  com.mojang.blaze3d.platform.NativeImage$InternalGlFormat (minecraft@1.20.1)
2197:             3             96  com.mojang.realmsclient.client.RealmsClient$Environment (minecraft@1.20.1)
2198:             4             96  com.mojang.serialization.MapDecoder$6 (datafixerupper@6.0.8)
2199:             4             96  com.mojang.text2speech.OperatingSystem (text2speech@1.17.9)
2200:             2             96  com.sun.crypto.provider.GaloisCounterMode$AESGCM (java.base@17.0.15)
2201:             3             96  com.sun.jmx.mbeanserver.DefaultMXBeanMappingFactory$EnumMapping (java.management@17.0.15)
2202:             2             96  com.sun.jmx.mbeanserver.MBeanIntrospector$MBeanInfoMap (java.management@17.0.15)
2203:             2             96  com.sun.jmx.mbeanserver.MBeanIntrospector$PerInterfaceMap (java.management@17.0.15)
2204:             2             96  com.sun.management.internal.GarbageCollectorExtImpl (jdk.management@17.0.15)
2205:             3             96  com.sun.org.apache.xerces.internal.utils.XMLSecurityManager$NameMap (java.xml@17.0.15)
2206:             3             96  com.sun.org.apache.xerces.internal.xni.QName (java.xml@17.0.15)
2207:             4             96  cpw.mods.jarhandling.SecureJar$Status (cpw.mods.securejarhandler)
2208:             4             96  cpw.mods.modlauncher.ModuleLayerHandler$LayerInfo (cpw.mods.modlauncher@10.0.9)
2209:             4             96  cpw.mods.modlauncher.TransformList (cpw.mods.modlauncher@10.0.9)
2210:             4             96  cpw.mods.modlauncher.TransformTargetLabel$LabelType (cpw.mods.modlauncher@10.0.9)
2211:             4             96  cpw.mods.modlauncher.api.IModuleLayerManager$Layer (cpw.mods.modlauncher@10.0.9)
2212:             4             96  cpw.mods.modlauncher.api.ITransformer$TargetType (cpw.mods.modlauncher@10.0.9)
2213:             4             96  cpw.mods.modlauncher.api.TransformerVoteResult (cpw.mods.modlauncher@10.0.9)
2214:             1             96  io.github.zekerzhayard.forgewrapper.installer.Installer$InstallV1Wrapper
2215:             4             96  io.netty.util.ResourceLeakDetector$Level (io.netty.common@4.1.82.Final)
2216:             3             96  java.io.BufferedOutputStream (java.base@17.0.15)
2217:             3             96  java.io.FileInputStream (java.base@17.0.15)
2218:             4             96  java.io.InputStreamReader (java.base@17.0.15)
2219:             3             96  java.lang.ProcessImpl$Platform (java.base@17.0.15)
2220:             3             96  java.lang.Runtime$Version (java.base@17.0.15)
2221:             3             96  java.lang.constant.DynamicConstantDesc$AnonymousDynamicConstantDesc (java.base@17.0.15)
2222:             4             96  java.lang.module.ModuleDescriptor$Modifier (java.base@17.0.15)
2223:             4             96  java.lang.module.ModuleDescriptor$Requires$Modifier (java.base@17.0.15)
2224:             1             96  java.net.FactoryURLClassLoader (java.base@17.0.15)
2225:             4             96  java.net.Inet4Address (java.base@17.0.15)
2226:             3             96  java.nio.file.attribute.FileTime (java.base@17.0.15)
2227:             4             96  java.text.Normalizer$Form (java.base@17.0.15)
2228:             4             96  java.time.ZoneRegion (java.base@17.0.15)
2229:             4             96  java.time.format.DateTimeFormatterBuilder$SettingsParser (java.base@17.0.15)
2230:             2             96  java.time.zone.ZoneOffsetTransitionRule (java.base@17.0.15)
2231:             4             96  java.util.Base64$Encoder (java.base@17.0.15)
2232:             6             96  java.util.Collections$UnmodifiableCollection (java.base@17.0.15)
2233:             3             96  java.util.HexFormat (java.base@17.0.15)
2234:             6             96  java.util.IdentityHashMap$Values (java.base@17.0.15)
2235:             3             96  java.util.PropertyPermission (java.base@17.0.15)
2236:             6             96  java.util.concurrent.ConcurrentHashMap$EntrySetView (java.base@17.0.15)
2237:             4             96  java.util.concurrent.Executors$DefaultThreadFactory (java.base@17.0.15)
2238:             3             96  java.util.concurrent.Semaphore$NonfairSync (java.base@17.0.15)
2239:             3             96  java.util.concurrent.locks.AbstractQueuedSynchronizer$SharedNode (java.base@17.0.15)
2240:             1             96  java.util.jar.JarVerifier (java.base@17.0.15)
2241:             3             96  java.util.regex.Pattern$Behind (java.base@17.0.15)
2242:             2             96  java.util.regex.Pattern$GroupCurly (java.base@17.0.15)
2243:             4             96  java.util.regex.Pattern$Qtype (java.base@17.0.15)
2244:             4             96  java.util.stream.StreamShape (java.base@17.0.15)
2245:             2             96  javax.management.openmbean.TabularType (java.management@17.0.15)
2246:             4             96  jdk.dynalink.LinkerServicesImpl (jdk.dynalink@17.0.15)
2247:             4             96  jdk.dynalink.beans.GuardedInvocationComponent$ValidationType (jdk.dynalink@17.0.15)
2248:             4             96  jdk.dynalink.linker.support.DefaultInternalObjectFilter (jdk.dynalink@17.0.15)
2249:             1             96  jdk.internal.jimage.ImageReader$SharedImageReader (java.base@17.0.15)
2250:             6             96  jdk.internal.loader.ClassLoaderValue (java.base@17.0.15)
2251:             4             96  jdk.internal.logger.BootstrapLogger$LoggingBackend (java.base@17.0.15)
2252:             4             96  jdk.internal.math.FormattedFloatingDecimal$Form (java.base@17.0.15)
2253:             3             96  joptsimple.NonOptionArgumentSpec (jopt.simple@5.0.4)
2254:             2             96  net.minecraft.DetectedVersion (minecraft@1.20.1)
2255:             3             96  net.minecraft.client.AttackIndicatorStatus (minecraft@1.20.1)
2256:             3             96  net.minecraft.client.CloudStatus (minecraft@1.20.1)
2257:             3             96  net.minecraft.client.GraphicsStatus (minecraft@1.20.1)
2258:             4             96  net.minecraft.client.InputType (minecraft@1.20.1)
2259:             3             96  net.minecraft.client.ParticleStatus (minecraft@1.20.1)
2260:             3             96  net.minecraft.client.PrioritizeChunkUpdates (minecraft@1.20.1)
2261:             2             96  net.minecraft.client.gui.components.DebugScreenOverlay$AllocationRateCalculator (minecraft@1.20.1)
2262:             4             96  net.minecraft.client.gui.narration.NarratedElementType (minecraft@1.20.1)
2263:             2             96  net.minecraft.client.model.BookModel (minecraft@1.20.1)
2264:             2             96  net.minecraft.client.model.CreeperModel (minecraft@1.20.1)
2265:             2             96  net.minecraft.client.model.GuardianModel (minecraft@1.20.1)
2266:             2             96  net.minecraft.client.model.TropicalFishModelA (minecraft@1.20.1)
2267:             2             96  net.minecraft.client.model.TropicalFishModelB (minecraft@1.20.1)
2268:             2             96  net.minecraft.client.model.WitherBossModel (minecraft@1.20.1)
2269:             1             96  net.minecraft.client.model.WolfModel (minecraft@1.20.1)
2270:             3             96  net.minecraft.client.renderer.MultiBufferSource$BufferSource (minecraft@1.20.1)
2271:             3             96  net.minecraft.client.renderer.RenderStateShard$LineStateShard (minecraft@1.20.1)
2272:             3             96  net.minecraft.client.renderer.RenderStateShard$WriteMaskStateShard (minecraft@1.20.1)
2273:             1             96  net.minecraft.client.renderer.debug.DebugRenderer (minecraft@1.20.1)
2274:             3             96  net.minecraft.client.renderer.entity.NoopRenderer (minecraft@1.20.1)
2275:             1             96  net.minecraft.client.sounds.SoundEngine (minecraft@1.20.1)
2276:             6             96  net.minecraft.client.telemetry.TelemetryEventType$$Lambda$6012/0x0000000800e9e978 (minecraft@1.20.1)
2277:             3             96  net.minecraft.network.chat.ChatTypeDecoration$Parameter (minecraft@1.20.1)
2278:             3             96  net.minecraft.server.packs.repository.PackCompatibility (minecraft@1.20.1)
2279:             3             96  net.minecraft.util.ModCheck$Confidence (minecraft@1.20.1)
2280:             3             96  net.minecraft.util.datafix.fixes.AdvancementsRenameFix (minecraft@1.20.1)
2281:             2             96  net.minecraft.util.datafix.fixes.EntityVariantFix (minecraft@1.20.1)
2282:             6             96  net.minecraft.util.datafix.fixes.SimplestEntityRenameFix$$Lambda$2240/0x0000000800893608 (minecraft@1.20.1)
2283:             3             96  net.minecraft.util.datafix.fixes.WriteAndReadFix (minecraft@1.20.1)
2284:             4             96  net.minecraft.util.datafix.schemas.V1451_6$$Lambda$1993/0x0000000800858000 (minecraft@1.20.1)
2285:             6             96  net.minecraft.util.datafix.schemas.V702$$Lambda$1891/0x000000080083ce08 (minecraft@1.20.1)
2286:             6             96  net.minecraft.util.datafix.schemas.V99$$Lambda$1818/0x000000080081e000 (minecraft@1.20.1)
2287:             6             96  net.minecraft.util.valueproviders.IntProviderType$$Lambda$2922/0x0000000800a56fa8 (minecraft@1.20.1)
2288:             2             96  net.minecraft.world.effect.AttackDamageMobEffect (minecraft@1.20.1)
2289:             4             96  net.minecraft.world.entity.animal.IronGolem$Crackiness (minecraft@1.20.1)
2290:             3             96  net.minecraft.world.entity.player.ChatVisiblity (minecraft@1.20.1)
2291:             4             96  net.minecraft.world.item.CreativeModeTab$Type (minecraft@1.20.1)
2292:             6             96  net.minecraft.world.item.MobBucketItem$$Lambda$2598/0x00000008009d9e78 (minecraft@1.20.1)
2293:             6             96  net.minecraft.world.item.MobBucketItem$$Lambda$2599/0x00000008009da0a0 (minecraft@1.20.1)
2294:             6             96  net.minecraft.world.item.MobBucketItem$$Lambda$2600/0x00000008009da2c8 (minecraft@1.20.1)
2295:             4             96  net.minecraft.world.item.crafting.SimpleCookingSerializer (minecraft@1.20.1)
2296:             3             96  net.minecraft.world.item.enchantment.DamageEnchantment (minecraft@1.20.1)
2297:             4             96  net.minecraft.world.item.enchantment.Enchantment$Rarity (minecraft@1.20.1)
2298:             3             96  net.minecraft.world.item.enchantment.LootBonusEnchantment (minecraft@1.20.1)
2299:             4             96  net.minecraft.world.level.block.Blocks$$Lambda$1532/0x0000000800733d38 (minecraft@1.20.1)
2300:             1             96  net.minecraft.world.level.block.CarvedPumpkinBlock (minecraft@1.20.1)
2301:             1             96  net.minecraft.world.level.block.CaveVinesBlock (minecraft@1.20.1)
2302:             1             96  net.minecraft.world.level.block.EquipableCarvedPumpkinBlock (minecraft@1.20.1)
2303:             1             96  net.minecraft.world.level.block.FireBlock (minecraft@1.20.1)
2304:             1             96  net.minecraft.world.level.block.KelpBlock (minecraft@1.20.1)
2305:             1             96  net.minecraft.world.level.block.SculkVeinBlock (minecraft@1.20.1)
2306:             1             96  net.minecraft.world.level.block.TwistingVinesBlock (minecraft@1.20.1)
2307:             4             96  net.minecraft.world.level.block.WeatheringCopper$WeatherState (minecraft@1.20.1)
2308:             1             96  net.minecraft.world.level.block.WeepingVinesBlock (minecraft@1.20.1)
2309:             1             96  net.minecraft.world.level.block.entity.ChestBlockEntity (minecraft@1.20.1)
2310:             4             96  net.minecraft.world.level.block.entity.ShulkerBoxBlockEntity$AnimationStatus (minecraft@1.20.1)
2311:             1             96  net.minecraft.world.level.block.entity.TrappedChestBlockEntity (minecraft@1.20.1)
2312:             4             96  net.minecraft.world.level.block.state.properties.BellAttachType (minecraft@1.20.1)
2313:             6             96  net.minecraft.world.level.levelgen.DensityFunctions$Mapped$Type$$Lambda$4139/0x0000000800b6f3e8 (minecraft@1.20.1)
2314:             6             96  net.minecraft.world.level.levelgen.feature.treedecorators.TreeDecoratorType (minecraft@1.20.1)
2315:             6             96  net.minecraft.world.level.levelgen.heightproviders.HeightProviderType$$Lambda$2998/0x0000000800a68fc0 (minecraft@1.20.1)
2316:             4             96  net.minecraft.world.level.levelgen.structure.TerrainAdjustment (minecraft@1.20.1)
2317:             6             96  net.minecraft.world.level.levelgen.structure.templatesystem.RuleTestType$$Lambda$2744/0x0000000800a0ed80 (minecraft@1.20.1)
2318:             3             96  net.minecraft.world.level.levelgen.synth.PerlinSimplexNoise (minecraft@1.20.1)
2319:             4             96  net.minecraftforge.accesstransformer.AccessTransformer$FinalState (accesstransformers@8.0.4)
2320:             4             96  net.minecraftforge.accesstransformer.AccessTransformer$Modifier (accesstransformers@8.0.4)
2321:             6             96  net.minecraftforge.eventbus.ModLauncherFactory (net.minecraftforge.eventbus)
2322:             4             96  net.minecraftforge.fml.earlydisplay.ColourScheme$Colour (fmlearlydisplay@1.20.1-47.4.13)
2323:             3             96  net.minecraftforge.fml.earlydisplay.SimpleBufferBuilder$Element (fmlearlydisplay@1.20.1-47.4.13)
2324:             3             96  net.minecraftforge.fml.loading.progress.Message (fmlloader@1.20.1-47.4.13)
2325:             4             96  net.minecraftforge.fml.loading.progress.Message$MessageType (fmlloader@1.20.1-47.4.13)
2326:             4             96  net.minecraftforge.forgespi.locating.IModFile$Type (net.minecraftforge.forgespi@7.0.1)
2327:             3             96  net.minecraftforge.installer.HashFunction
2328:             6             96  net.minecraftforge.registries.RegistryBuilder$$Lambda$1340/0x00000008006147a0 (forge@47.4.13)
2329:             6             96  net.minecraftforge.registries.RegistryBuilder$$Lambda$1341/0x00000008006149c8 (forge@47.4.13)
2330:             3             96  net.minecraftforge.registries.RegistryManager (forge@47.4.13)
2331:             4             96  net.minecrell.terminalconsole.util.LoggerNamePatternSelector$LoggerNameSelector (terminalconsoleappender@1.2.0)
2332:             3             96  org.antlr.v4.runtime.VocabularyImpl (org.antlr.antlr4.runtime@4.9.1)
2333:             2             96  org.apache.logging.log4j.core.appender.rolling.RollingFileManager$EmptyQueue (org.apache.logging.log4j.core@2.19.0)
2334:             4             96  org.apache.logging.log4j.core.config.AppenderRef (org.apache.logging.log4j.core@2.19.0)
2335:             4             96  org.apache.logging.log4j.core.jmx.AppenderAdmin (org.apache.logging.log4j.core@2.19.0)
2336:             4             96  org.apache.logging.log4j.core.jmx.LoggerConfigAdmin (org.apache.logging.log4j.core@2.19.0)
2337:             2             96  org.apache.logging.log4j.core.lookup.RuntimeStrSubstitutor (org.apache.logging.log4j.core@2.19.0)
2338:             4             96  org.apache.logging.log4j.core.pattern.MarkerSimpleNamePatternConverter (org.apache.logging.log4j.core@2.19.0)
2339:             4             96  org.apache.logging.log4j.core.pattern.NameAbbreviator$MaxElementAbbreviator (org.apache.logging.log4j.core@2.19.0)
2340:             3             96  org.apache.logging.log4j.core.util.Log4jThreadFactory (org.apache.logging.log4j.core@2.19.0)
2341:             3             96  org.apache.logging.log4j.core.util.datetime.FastDatePrinter (org.apache.logging.log4j.core@2.19.0)
2342:             3             96  org.apache.logging.log4j.core.util.datetime.FixedDateFormat$FixedTimeZoneFormat (org.apache.logging.log4j.core@2.19.0)
2343:             4             96  org.lwjgl.system.Platform$Architecture (org.lwjgl@3.3.1+7)
2344:             4             96  org.lwjgl.system.linux.LinuxLibrary (org.lwjgl@3.3.1+7)
2345:             3             96  org.openjdk.nashorn.internal.ir.LiteralNode$BooleanLiteralNode (org.openjdk.nashorn)
2346:             3             96  org.openjdk.nashorn.internal.ir.LiteralNode$NullLiteralNode (org.openjdk.nashorn)
2347:             4             96  org.openjdk.nashorn.internal.runtime.GlobalConstants (org.openjdk.nashorn)
2348:             1             96  org.openjdk.nashorn.internal.runtime.StructureLoader (org.openjdk.nashorn)
2349:             4             96  org.openjdk.nashorn.internal.runtime.arrays.NonExtensibleArrayFilter (org.openjdk.nashorn)
2350:             4             96  org.spongepowered.asm.mixin.MixinEnvironment$Option$Inherit (org.spongepowered.mixin)
2351:             4             96  org.spongepowered.asm.mixin.MixinEnvironment$Phase (org.spongepowered.mixin)
2352:             4             96  org.spongepowered.asm.mixin.transformer.MixinCoprocessor$ProcessResult (org.spongepowered.mixin)
2353:             4             96  org.spongepowered.asm.service.modlauncher.LoggerAdapterLog4j2 (org.spongepowered.mixin)
2354:             3             96  sun.net.spi.DefaultProxySelector$NonProxyInfo (java.base@17.0.15)
2355:             6             96  sun.security.provider.NativePRNG (java.base@17.0.15)
2356:             3             96  sun.security.ssl.CipherSuite$HashAlg (java.base@17.0.15)
2357:             4             96  sun.security.ssl.CipherType (java.base@17.0.15)
2358:             3             96  sun.security.ssl.ECPointFormatsExtension$ECPointFormat (java.base@17.0.15)
2359:             3             96  sun.security.ssl.SSLTrafficKeyDerivation$KeySchedule (java.base@17.0.15)
2360:             3             96  sun.security.ssl.SignatureScheme$SigAlgParamSpec (java.base@17.0.15)
2361:             3             96  sun.security.util.DisabledAlgorithmConstraints$DenyAfterConstraint (java.base@17.0.15)
2362:             4             96  sun.security.util.DisabledAlgorithmConstraints$UsageConstraint (java.base@17.0.15)
2363:             3             96  sun.security.x509.NetscapeCertTypeExtension (java.base@17.0.15)
2364:             3             96  sun.util.locale.provider.LocaleResources (java.base@17.0.15)
2365:             1             88  [Ljava.util.concurrent.ConcurrentMap; (java.base@17.0.15)
2366:             1             88  [Lnet.minecraft.client.RecipeBookCategories; (minecraft@1.20.1)
2367:             1             88  [Lnet.minecraft.client.resources.DefaultPlayerSkin$SkinType; (minecraft@1.20.1)
2368:             3             88  [Lnet.minecraft.world.level.block.Block; (minecraft@1.20.1)
2369:             3             88  [Lnet.minecraft.world.level.block.MultifaceSpreader$SpreadType; (minecraft@1.20.1)
2370:             3             88  [Lorg.apache.logging.log4j.core.pattern.FormattingInfo; (org.apache.logging.log4j.core@2.19.0)
2371:             1             88  [Lorg.openjdk.nashorn.internal.ir.RuntimeNode$Request; (org.openjdk.nashorn)
2372:             1             88  [Lsun.security.ssl.CipherSuite$KeyExchange; (java.base@17.0.15)
2373:             1             88  com.google.gson.Gson
2374:             1             88  net.minecraft.client.model.AxolotlModel (minecraft@1.20.1)
2375:             1             88  net.minecraft.client.model.BeeModel (minecraft@1.20.1)
2376:             1             88  net.minecraft.client.model.EndermanModel (minecraft@1.20.1)
2377:             1             88  net.minecraft.client.model.WardenModel (minecraft@1.20.1)
2378:             1             88  net.minecraft.world.level.block.CaveVinesPlantBlock (minecraft@1.20.1)
2379:             1             88  net.minecraft.world.level.block.GlowLichenBlock (minecraft@1.20.1)
2380:             1             88  net.minecraft.world.level.block.KelpPlantBlock (minecraft@1.20.1)
2381:             1             88  net.minecraft.world.level.block.LayeredCauldronBlock (minecraft@1.20.1)
2382:             1             88  net.minecraft.world.level.block.PowderSnowCauldronBlock (minecraft@1.20.1)
2383:             1             88  net.minecraft.world.level.block.TwistingVinesPlantBlock (minecraft@1.20.1)
2384:             1             88  net.minecraft.world.level.block.WeepingVinesPlantBlock (minecraft@1.20.1)
2385:             1             88  net.minecraft.world.level.block.WitherRoseBlock (minecraft@1.20.1)
2386:             1             88  net.minecraft.world.level.block.entity.ConduitBlockEntity (minecraft@1.20.1)
2387:             1             88  org.openjdk.nashorn.internal.scripts.JO12 (org.openjdk.nashorn.structures)
2388:             1             88  sun.security.ssl.TransportContext (java.base@17.0.15)
2389:             1             80  [Lcom.mojang.blaze3d.platform.GlStateManager$SourceFactor; (minecraft@1.20.1)
2390:             2             80  [Ljava.lang.OutOfMemoryError; (java.base@17.0.15)
2391:             1             80  [Ljava.time.temporal.ChronoUnit; (java.base@17.0.15)
2392:             2             80  [Ljava.util.stream.StreamOpFlag$Type; (java.base@17.0.15)
2393:             2             80  [Lnet.minecraft.client.gui.font.providers.GlyphProviderType; (minecraft@1.20.1)
2394:             2             80  [Lnet.minecraft.client.renderer.FaceInfo; (minecraft@1.20.1)
2395:             1             80  [Lnet.minecraft.client.resources.model.BlockModelRotation; (minecraft@1.20.1)
2396:             1             80  [Lnet.minecraft.client.resources.model.Material; (minecraft@1.20.1)
2397:             2             80  [Lnet.minecraft.client.telemetry.TelemetryProperty$GameMode; (minecraft@1.20.1)
2398:             1             80  [Lnet.minecraft.world.level.block.entity.ShulkerBoxBlockEntity; (minecraft@1.20.1)
2399:             2             80  [Lnet.minecraft.world.level.block.state.properties.DripstoneThickness; (minecraft@1.20.1)
2400:             2             80  [Lnet.minecraft.world.level.block.state.properties.StairsShape; (minecraft@1.20.1)
2401:             2             80  [Lnet.minecraft.world.level.levelgen.structure.structures.RuinedPortalPiece$VerticalPlacement; (minecraft@1.20.1)
2402:             3             80  [Lnet.minecraft.world.level.levelgen.synth.SimplexNoise; (minecraft@1.20.1)
2403:             1             80  [Lnet.minecraft.world.phys.Vec3; (minecraft@1.20.1)
2404:             1             80  [Lnet.minecraftforge.client.model.IQuadTransformer; (forge@47.4.13)
2405:             2             80  [Lnet.minecraftforge.fml.ModLoadingPhase; (fmlcore@1.20.1-47.4.13)
2406:             4             80  [Lorg.apache.logging.log4j.core.config.AppenderRef; (org.apache.logging.log4j.core@2.19.0)
2407:             2             80  [Lsun.security.jca.ProviderConfig; (java.base@17.0.15)
2408:             1             80  [Lsun.security.ssl.SSLCipher; (java.base@17.0.15)
2409:             1             80  [[Lorg.antlr.v4.runtime.atn.ATNConfig; (org.antlr.antlr4.runtime@4.9.1)
2410:             5             80  com.electronwill.nightconfig.core.InMemoryFormat (com.electronwill.nightconfig.core@3.6.4)
2411:             5             80  com.google.gson.internal.$Gson$Types$GenericArrayTypeImpl
2412:             2             80  com.mojang.blaze3d.shaders.Program$Type (minecraft@1.20.1)
2413:             5             80  com.mojang.serialization.MapCodec$$Lambda$1113/0x000000080057cfd0 (datafixerupper@6.0.8)
2414:             2             80  com.sun.jmx.mbeanserver.DefaultMXBeanMappingFactory$TabularMapping (java.management@17.0.15)
2415:             2             80  it.unimi.dsi.fastutil.shorts.Short2ObjectArrayMap (it.unimi.dsi.fastutil@8.5.9)
2416:             2             80  java.lang.invoke.BoundMethodHandle$Species_D (java.base@17.0.15)
2417:             2             80  java.lang.invoke.VarHandleLongs$FieldInstanceReadWrite (java.base@17.0.15)
2418:             2             80  java.lang.invoke.VarHandleReferences$Array (java.base@17.0.15)
2419:             2             80  java.lang.invoke.VarHandleReferences$FieldStaticReadWrite (java.base@17.0.15)
2420:             2             80  java.net.InetAddress$CachedAddresses (java.base@17.0.15)
2421:             2             80  java.time.format.DateTimeFormatterBuilder$FractionPrinterParser (java.base@17.0.15)
2422:             2             80  java.util.Locale$Category (java.base@17.0.15)
2423:             5             80  java.util.TreeMap$KeySet (java.base@17.0.15)
2424:             5             80  java.util.TreeSet (java.base@17.0.15)
2425:             1             80  jdk.internal.event.X509CertificateEvent (java.base@17.0.15)
2426:             1             80  jdk.internal.icu.impl.NormalizerImpl (java.base@17.0.15)
2427:             2             80  jdk.internal.icu.impl.Trie2$UTrie2Header (java.base@17.0.15)
2428:             2             80  jdk.internal.loader.URLClassPath (java.base@17.0.15)
2429:             5             80  jdk.proxy1.$Proxy0 (jdk.proxy1)
2430:             5             80  jdk.proxy1.$Proxy8 (jdk.proxy1)
2431:             5             80  jdk.proxy1.$Proxy9 (jdk.proxy1)
2432:             5             80  jdk.proxy2.$Proxy16 (jdk.proxy2)
2433:             2             80  joptsimple.OptionalArgumentOptionSpec (jopt.simple@5.0.4)
2434:             1             80  net.minecraft.client.model.ChickenModel (minecraft@1.20.1)
2435:             1             80  net.minecraft.client.model.FoxModel (minecraft@1.20.1)
2436:             1             80  net.minecraft.client.model.OcelotModel (minecraft@1.20.1)
2437:             1             80  net.minecraft.client.model.PandaModel (minecraft@1.20.1)
2438:             1             80  net.minecraft.client.model.RabbitModel (minecraft@1.20.1)
2439:             2             80  net.minecraft.client.model.ShulkerModel (minecraft@1.20.1)
2440:             5             80  net.minecraft.client.renderer.block.model.multipart.OrCondition (minecraft@1.20.1)
2441:             2             80  net.minecraft.client.renderer.entity.ChestedHorseRenderer (minecraft@1.20.1)
2442:             2             80  net.minecraft.client.renderer.entity.ItemFrameRenderer (minecraft@1.20.1)
2443:             2             80  net.minecraft.client.renderer.entity.LlamaRenderer (minecraft@1.20.1)
2444:             2             80  net.minecraft.client.renderer.entity.UndeadHorseRenderer (minecraft@1.20.1)
2445:             2             80  net.minecraft.client.renderer.entity.player.PlayerRenderer (minecraft@1.20.1)
2446:             5             80  net.minecraft.client.renderer.texture.atlas.SpriteSourceType (minecraft@1.20.1)
2447:             2             80  net.minecraft.util.SmoothDouble (minecraft@1.20.1)
2448:             2             80  net.minecraft.util.datafix.fixes.BlockEntitySignDoubleSidedEditableTextFix (minecraft@1.20.1)
2449:             2             80  net.minecraft.util.datafix.fixes.CriteriaRenameFix (minecraft@1.20.1)
2450:             2             80  net.minecraft.util.datafix.fixes.GossipUUIDFix (minecraft@1.20.1)
2451:             2             80  net.minecraft.util.datafix.fixes.VillagerDataFix (minecraft@1.20.1)
2452:             5             80  net.minecraft.util.datafix.schemas.V700$$Lambda$1887/0x000000080083c018 (minecraft@1.20.1)
2453:             1             80  net.minecraft.world.level.block.AmethystBlock (minecraft@1.20.1)
2454:             1             80  net.minecraft.world.level.block.BambooSaplingBlock (minecraft@1.20.1)
2455:             1             80  net.minecraft.world.level.block.BambooStalkBlock (minecraft@1.20.1)
2456:             1             80  net.minecraft.world.level.block.BarrelBlock (minecraft@1.20.1)
2457:             1             80  net.minecraft.world.level.block.BarrierBlock (minecraft@1.20.1)
2458:             1             80  net.minecraft.world.level.block.BeaconBlock (minecraft@1.20.1)
2459:             1             80  net.minecraft.world.level.block.BeetrootBlock (minecraft@1.20.1)
2460:             1             80  net.minecraft.world.level.block.BellBlock (minecraft@1.20.1)
2461:             1             80  net.minecraft.world.level.block.BigDripleafBlock (minecraft@1.20.1)
2462:             1             80  net.minecraft.world.level.block.BigDripleafStemBlock (minecraft@1.20.1)
2463:             1             80  net.minecraft.world.level.block.BlastFurnaceBlock (minecraft@1.20.1)
2464:             1             80  net.minecraft.world.level.block.BrewingStandBlock (minecraft@1.20.1)
2465:             1             80  net.minecraft.world.level.block.BubbleColumnBlock (minecraft@1.20.1)
2466:             1             80  net.minecraft.world.level.block.BuddingAmethystBlock (minecraft@1.20.1)
2467:             1             80  net.minecraft.world.level.block.CactusBlock (minecraft@1.20.1)
2468:             1             80  net.minecraft.world.level.block.CakeBlock (minecraft@1.20.1)
2469:             1             80  net.minecraft.world.level.block.CalibratedSculkSensorBlock (minecraft@1.20.1)
2470:             1             80  net.minecraft.world.level.block.CarpetBlock (minecraft@1.20.1)
2471:             1             80  net.minecraft.world.level.block.CarrotBlock (minecraft@1.20.1)
2472:             1             80  net.minecraft.world.level.block.CartographyTableBlock (minecraft@1.20.1)
2473:             1             80  net.minecraft.world.level.block.CauldronBlock (minecraft@1.20.1)
2474:             1             80  net.minecraft.world.level.block.ChainBlock (minecraft@1.20.1)
2475:             1             80  net.minecraft.world.level.block.CherryLeavesBlock (minecraft@1.20.1)
2476:             1             80  net.minecraft.world.level.block.ChestBlock (minecraft@1.20.1)
2477:             1             80  net.minecraft.world.level.block.ChiseledBookShelfBlock (minecraft@1.20.1)
2478:             1             80  net.minecraft.world.level.block.ChorusFlowerBlock (minecraft@1.20.1)
2479:             1             80  net.minecraft.world.level.block.ChorusPlantBlock (minecraft@1.20.1)
2480:             1             80  net.minecraft.world.level.block.CocoaBlock (minecraft@1.20.1)
2481:             1             80  net.minecraft.world.level.block.ComparatorBlock (minecraft@1.20.1)
2482:             1             80  net.minecraft.world.level.block.ComposterBlock (minecraft@1.20.1)
2483:             1             80  net.minecraft.world.level.block.ConduitBlock (minecraft@1.20.1)
2484:             1             80  net.minecraft.world.level.block.CraftingTableBlock (minecraft@1.20.1)
2485:             1             80  net.minecraft.world.level.block.CropBlock (minecraft@1.20.1)
2486:             1             80  net.minecraft.world.level.block.CryingObsidianBlock (minecraft@1.20.1)
2487:             1             80  net.minecraft.world.level.block.DaylightDetectorBlock (minecraft@1.20.1)
2488:             1             80  net.minecraft.world.level.block.DeadBushBlock (minecraft@1.20.1)
2489:             1             80  net.minecraft.world.level.block.DecoratedPotBlock (minecraft@1.20.1)
2490:             1             80  net.minecraft.world.level.block.DetectorRailBlock (minecraft@1.20.1)
2491:             1             80  net.minecraft.world.level.block.DirtPathBlock (minecraft@1.20.1)
2492:             1             80  net.minecraft.world.level.block.DispenserBlock (minecraft@1.20.1)
2493:             1             80  net.minecraft.world.level.block.DragonEggBlock (minecraft@1.20.1)
2494:             1             80  net.minecraft.world.level.block.DropperBlock (minecraft@1.20.1)
2495:             1             80  net.minecraft.world.level.block.EnchantmentTableBlock (minecraft@1.20.1)
2496:             1             80  net.minecraft.world.level.block.EndGatewayBlock (minecraft@1.20.1)
2497:             1             80  net.minecraft.world.level.block.EndPortalBlock (minecraft@1.20.1)
2498:             1             80  net.minecraft.world.level.block.EndPortalFrameBlock (minecraft@1.20.1)
2499:             1             80  net.minecraft.world.level.block.EndRodBlock (minecraft@1.20.1)
2500:             1             80  net.minecraft.world.level.block.EnderChestBlock (minecraft@1.20.1)
2501:             1             80  net.minecraft.world.level.block.FarmBlock (minecraft@1.20.1)
2502:             1             80  net.minecraft.world.level.block.FletchingTableBlock (minecraft@1.20.1)
2503:             1             80  net.minecraft.world.level.block.FrogspawnBlock (minecraft@1.20.1)
2504:             1             80  net.minecraft.world.level.block.FrostedIceBlock (minecraft@1.20.1)
2505:             1             80  net.minecraft.world.level.block.FurnaceBlock (minecraft@1.20.1)
2506:             1             80  net.minecraft.world.level.block.GlassBlock (minecraft@1.20.1)
2507:             1             80  net.minecraft.world.level.block.GrassBlock (minecraft@1.20.1)
2508:             1             80  net.minecraft.world.level.block.GravelBlock (minecraft@1.20.1)
2509:             1             80  net.minecraft.world.level.block.GrindstoneBlock (minecraft@1.20.1)
2510:             1             80  net.minecraft.world.level.block.HalfTransparentBlock (minecraft@1.20.1)
2511:             1             80  net.minecraft.world.level.block.HangingRootsBlock (minecraft@1.20.1)
2512:             1             80  net.minecraft.world.level.block.HayBlock (minecraft@1.20.1)
2513:             1             80  net.minecraft.world.level.block.HoneyBlock (minecraft@1.20.1)
2514:             1             80  net.minecraft.world.level.block.HopperBlock (minecraft@1.20.1)
2515:             1             80  net.minecraft.world.level.block.IceBlock (minecraft@1.20.1)
2516:             1             80  net.minecraft.world.level.block.InfestedRotatedPillarBlock (minecraft@1.20.1)
2517:             1             80  net.minecraft.world.level.block.JigsawBlock (minecraft@1.20.1)
2518:             1             80  net.minecraft.world.level.block.JukeboxBlock (minecraft@1.20.1)
2519:             1             80  net.minecraft.world.level.block.LadderBlock (minecraft@1.20.1)
2520:             1             80  net.minecraft.world.level.block.LavaCauldronBlock (minecraft@1.20.1)
2521:             1             80  net.minecraft.world.level.block.LecternBlock (minecraft@1.20.1)
2522:             1             80  net.minecraft.world.level.block.LeverBlock (minecraft@1.20.1)
2523:             1             80  net.minecraft.world.level.block.LightBlock (minecraft@1.20.1)
2524:             1             80  net.minecraft.world.level.block.LightningRodBlock (minecraft@1.20.1)
2525:             1             80  net.minecraft.world.level.block.LoomBlock (minecraft@1.20.1)
2526:             1             80  net.minecraft.world.level.block.MagmaBlock (minecraft@1.20.1)
2527:             1             80  net.minecraft.world.level.block.MangroveLeavesBlock (minecraft@1.20.1)
2528:             1             80  net.minecraft.world.level.block.MangrovePropaguleBlock (minecraft@1.20.1)
2529:             1             80  net.minecraft.world.level.block.MangroveRootsBlock (minecraft@1.20.1)
2530:             1             80  net.minecraft.world.level.block.MelonBlock (minecraft@1.20.1)
2531:             1             80  net.minecraft.world.level.block.MossBlock (minecraft@1.20.1)
2532:             1             80  net.minecraft.world.level.block.MudBlock (minecraft@1.20.1)
2533:             1             80  net.minecraft.world.level.block.MyceliumBlock (minecraft@1.20.1)
2534:             1             80  net.minecraft.world.level.block.NetherPortalBlock (minecraft@1.20.1)
2535:             1             80  net.minecraft.world.level.block.NetherSproutsBlock (minecraft@1.20.1)
2536:             1             80  net.minecraft.world.level.block.NetherWartBlock (minecraft@1.20.1)
2537:             1             80  net.minecraft.world.level.block.NetherrackBlock (minecraft@1.20.1)
2538:             1             80  net.minecraft.world.level.block.NoteBlock (minecraft@1.20.1)
2539:             1             80  net.minecraft.world.level.block.ObserverBlock (minecraft@1.20.1)
2540:             1             80  net.minecraft.world.level.block.PiglinWallSkullBlock (minecraft@1.20.1)
2541:             1             80  net.minecraft.world.level.block.PinkPetalsBlock (minecraft@1.20.1)
2542:             1             80  net.minecraft.world.level.block.PitcherCropBlock (minecraft@1.20.1)
2543:             1             80  net.minecraft.world.level.block.PlayerHeadBlock (minecraft@1.20.1)
2544:             1             80  net.minecraft.world.level.block.PlayerWallHeadBlock (minecraft@1.20.1)
2545:             1             80  net.minecraft.world.level.block.PointedDripstoneBlock (minecraft@1.20.1)
2546:             1             80  net.minecraft.world.level.block.PotatoBlock (minecraft@1.20.1)
2547:             1             80  net.minecraft.world.level.block.PowderSnowBlock (minecraft@1.20.1)
2548:             1             80  net.minecraft.world.level.block.PoweredBlock (minecraft@1.20.1)
2549:             1             80  net.minecraft.world.level.block.PumpkinBlock (minecraft@1.20.1)
2550:             1             80  net.minecraft.world.level.block.RailBlock (minecraft@1.20.1)
2551:             1             80  net.minecraft.world.level.block.RedStoneWireBlock (minecraft@1.20.1)
2552:             1             80  net.minecraft.world.level.block.RedstoneLampBlock (minecraft@1.20.1)
2553:             1             80  net.minecraft.world.level.block.RedstoneTorchBlock (minecraft@1.20.1)
2554:             1             80  net.minecraft.world.level.block.RedstoneWallTorchBlock (minecraft@1.20.1)
2555:             1             80  net.minecraft.world.level.block.RepeaterBlock (minecraft@1.20.1)
2556:             1             80  net.minecraft.world.level.block.RespawnAnchorBlock (minecraft@1.20.1)
2557:             1             80  net.minecraft.world.level.block.RootedDirtBlock (minecraft@1.20.1)
2558:             1             80  net.minecraft.world.level.block.ScaffoldingBlock (minecraft@1.20.1)
2559:             1             80  net.minecraft.world.level.block.SculkBlock (minecraft@1.20.1)
2560:             1             80  net.minecraft.world.level.block.SculkCatalystBlock (minecraft@1.20.1)
2561:             1             80  net.minecraft.world.level.block.SculkSensorBlock (minecraft@1.20.1)
2562:             1             80  net.minecraft.world.level.block.SculkShriekerBlock (minecraft@1.20.1)
2563:             1             80  net.minecraft.world.level.block.SeaPickleBlock (minecraft@1.20.1)
2564:             1             80  net.minecraft.world.level.block.SeagrassBlock (minecraft@1.20.1)
2565:             1             80  net.minecraft.world.level.block.SlimeBlock (minecraft@1.20.1)
2566:             1             80  net.minecraft.world.level.block.SmallDripleafBlock (minecraft@1.20.1)
2567:             1             80  net.minecraft.world.level.block.SmithingTableBlock (minecraft@1.20.1)
2568:             1             80  net.minecraft.world.level.block.SmokerBlock (minecraft@1.20.1)
2569:             1             80  net.minecraft.world.level.block.SnifferEggBlock (minecraft@1.20.1)
2570:             1             80  net.minecraft.world.level.block.SnowLayerBlock (minecraft@1.20.1)
2571:             1             80  net.minecraft.world.level.block.SnowyDirtBlock (minecraft@1.20.1)
2572:             1             80  net.minecraft.world.level.block.SoulFireBlock (minecraft@1.20.1)
2573:             1             80  net.minecraft.world.level.block.SoulSandBlock (minecraft@1.20.1)
2574:             1             80  net.minecraft.world.level.block.SpawnerBlock (minecraft@1.20.1)
2575:             1             80  net.minecraft.world.level.block.SpongeBlock (minecraft@1.20.1)
2576:             1             80  net.minecraft.world.level.block.SporeBlossomBlock (minecraft@1.20.1)
2577:             1             80  net.minecraft.world.level.block.StonecutterBlock (minecraft@1.20.1)
2578:             1             80  net.minecraft.world.level.block.StructureBlock (minecraft@1.20.1)
2579:             1             80  net.minecraft.world.level.block.StructureVoidBlock (minecraft@1.20.1)
2580:             1             80  net.minecraft.world.level.block.SugarCaneBlock (minecraft@1.20.1)
2581:             1             80  net.minecraft.world.level.block.SweetBerryBushBlock (minecraft@1.20.1)
2582:             1             80  net.minecraft.world.level.block.TallSeagrassBlock (minecraft@1.20.1)
2583:             1             80  net.minecraft.world.level.block.TargetBlock (minecraft@1.20.1)
2584:             1             80  net.minecraft.world.level.block.TintedGlassBlock (minecraft@1.20.1)
2585:             1             80  net.minecraft.world.level.block.TntBlock (minecraft@1.20.1)
2586:             1             80  net.minecraft.world.level.block.TorchflowerCropBlock (minecraft@1.20.1)
2587:             1             80  net.minecraft.world.level.block.TrappedChestBlock (minecraft@1.20.1)
2588:             1             80  net.minecraft.world.level.block.TripWireBlock (minecraft@1.20.1)
2589:             1             80  net.minecraft.world.level.block.TripWireHookBlock (minecraft@1.20.1)
2590:             1             80  net.minecraft.world.level.block.TurtleEggBlock (minecraft@1.20.1)
2591:             1             80  net.minecraft.world.level.block.VineBlock (minecraft@1.20.1)
2592:             1             80  net.minecraft.world.level.block.WaterlilyBlock (minecraft@1.20.1)
2593:             1             80  net.minecraft.world.level.block.WebBlock (minecraft@1.20.1)
2594:             1             80  net.minecraft.world.level.block.WetSpongeBlock (minecraft@1.20.1)
2595:             1             80  net.minecraft.world.level.block.WitherSkullBlock (minecraft@1.20.1)
2596:             1             80  net.minecraft.world.level.block.WitherWallSkullBlock (minecraft@1.20.1)
2597:             1             80  net.minecraft.world.level.block.piston.MovingPistonBlock (minecraft@1.20.1)
2598:             1             80  net.minecraft.world.level.block.piston.PistonHeadBlock (minecraft@1.20.1)
2599:             5             80  net.minecraft.world.level.levelgen.DensityFunctions$Marker$Type$$Lambda$4094/0x0000000800b61ef0 (minecraft@1.20.1)
2600:             2             80  net.minecraft.world.level.levelgen.DensityFunctions$WeirdScaledSampler$RarityValueMapper (minecraft@1.20.1)
2601:             5             80  net.minecraft.world.level.levelgen.placement.HeightRangePlacement (minecraft@1.20.1)
2602:             5             80  net.minecraft.world.level.levelgen.structure.pools.StructurePoolElementType$$Lambda$4178/0x0000000800b71c80 (minecraft@1.20.1)
2603:             2             80  net.minecraft.world.level.levelgen.structure.structures.MineshaftStructure$Type (minecraft@1.20.1)
2604:             1             80  net.minecraftforge.client.gui.LoadingErrorScreen$LoadingEntryList (forge@47.4.13)
2605:             2             80  net.minecraftforge.common.ForgeConfigSpec$Builder (forge@47.4.13)
2606:             1             80  net.minecraftforge.eventbus.ClassLoaderFactory$ASMClassLoader (net.minecraftforge.eventbus)
2607:             1             80  net.minecraftforge.fml.loading.FMLServiceProvider (fmlloader@1.20.1-47.4.13)
2608:             5             80  net.minecraftforge.network.NetworkInstance$$Lambda$4258/0x0000000800b9c278 (forge@47.4.13)
2609:             5             80  org.apache.commons.lang3.text.StrMatcher$CharMatcher (org.apache.commons.lang3@3.12.0)
2610:             2             80  org.apache.logging.log4j.core.appender.rolling.DefaultRolloverStrategy (org.apache.logging.log4j.core@2.19.0)
2611:             5             80  org.apache.logging.log4j.core.config.AppenderControlArraySet (org.apache.logging.log4j.core@2.19.0)
2612:             5             80  org.apache.logging.log4j.core.lookup.StrMatcher$CharMatcher (org.apache.logging.log4j.core@2.19.0)
2613:             2             80  org.apache.logging.log4j.core.util.WatchManager (org.apache.logging.log4j.core@2.19.0)
2614:             1             80  org.openjdk.nashorn.internal.scripts.JO8P0 (org.openjdk.nashorn.structures)
2615:             1             80  org.openjdk.nashorn.internal.scripts.JO9P0 (org.openjdk.nashorn.structures)
2616:             2             80  org.spongepowered.asm.mixin.injection.selectors.TargetSelector$DynamicSelectorEntry (org.spongepowered.mixin)
2617:             2             80  org.spongepowered.asm.mixin.transformer.MixinConfig$InjectorOptions (org.spongepowered.mixin)
2618:             2             80  sun.management.MemoryManagerImpl (java.management@17.0.15)
2619:             1             80  sun.nio.ch.NioSocketImpl (java.base@17.0.15)
2620:             2             80  sun.security.ec.XECParameters (jdk.crypto.ec@17.0.15)
2621:             5             80  sun.security.ssl.SSLCipher$T10BlockReadCipherGenerator (java.base@17.0.15)
2622:             5             80  sun.security.ssl.SSLCipher$T10BlockWriteCipherGenerator (java.base@17.0.15)
2623:             1             80  sun.security.ssl.SSLConfiguration (java.base@17.0.15)
2624:             2             80  sun.security.ssl.SSLSessionContextImpl (java.base@17.0.15)
2625:             1             80  sun.security.ssl.SSLSocketImpl (java.base@17.0.15)
2626:             1             80  sun.util.cldr.CLDRLocaleProviderAdapter (java.base@17.0.15)
2627:             1             80  sun.util.locale.provider.JRELocaleProviderAdapter (java.base@17.0.15)
2628:             1             72  [Lcom.llamalad7.mixinextras.service.MixinExtrasVersion; (MixinExtras@0.5.3)
2629:             1             72  [Lcom.mojang.blaze3d.platform.GlStateManager$DestFactor; (minecraft@1.20.1)
2630:             1             72  [Ljavax.management.openmbean.SimpleType; (java.management@17.0.15)
2631:             3             72  [Lnet.minecraft.world.effect.MobEffectInstance; (minecraft@1.20.1)
2632:             1             72  [Lnet.minecraft.world.item.enchantment.EnchantmentCategory; (minecraft@1.20.1)
2633:             3             72  [Lnet.minecraft.world.level.levelgen.GenerationStep$Carving; (minecraft@1.20.1)
2634:             3             72  [Lnet.minecraft.world.level.levelgen.structure.structures.MineshaftStructure$Type; (minecraft@1.20.1)
2635:             1             72  [Lnet.minecraftforge.fml.loading.FMLConfig$ConfigValue; (fmlloader@1.20.1-47.4.13)
2636:             2             72  [Lorg.apache.logging.log4j.core.pattern.ArrayPatternConverter; (org.apache.logging.log4j.core@2.19.0)
2637:             1             72  [Lorg.spongepowered.asm.mixin.MixinEnvironment$CompatibilityLevel; (org.spongepowered.mixin)
2638:             1             72  [Loshi.PlatformEnum; (com.github.oshi@6.2.2)
2639:             3             72  com.google.gson.internal.bind.ArrayTypeAdapter
2640:             3             72  com.google.gson.internal.bind.CollectionTypeAdapterFactory$Adapter (com.google.gson@2.10)
2641:             3             72  com.google.gson.internal.bind.TypeAdapters$34 (com.google.gson@2.10)
2642:             3             72  com.llamalad7.mixinextras.service.Versioned (MixinExtras@0.5.3)
2643:             3             72  com.mojang.serialization.Decoder$3 (datafixerupper@6.0.8)
2644:             3             72  com.sun.jna.NativeLibrary$NativeLibraryDisposer (com.sun.jna@5.12.1)
2645:             3             72  cpw.mods.modlauncher.api.INameMappingService$Domain (cpw.mods.modlauncher@10.0.9)
2646:             3             72  cpw.mods.modlauncher.api.ITransformerActivity$Type (cpw.mods.modlauncher@10.0.9)
2647:             3             72  java.lang.ProcessImpl$LaunchMechanism (java.base@17.0.15)
2648:             3             72  java.lang.StackStreamFactory$WalkerState (java.base@17.0.15)
2649:             3             72  java.lang.StackWalker$Option (java.base@17.0.15)
2650:             3             72  java.lang.WeakPairMap (java.base@17.0.15)
2651:             3             72  java.lang.annotation.RetentionPolicy (java.base@17.0.15)
2652:             3             72  java.lang.invoke.MethodHandleImpl$ArrayAccess (java.base@17.0.15)
2653:             3             72  java.lang.invoke.VarHandle$VarHandleDesc$Kind (java.base@17.0.15)
2654:             3             72  java.net.Proxy$Type (java.base@17.0.15)
2655:             3             72  java.net.StandardProtocolFamily (java.base@17.0.15)
2656:             3             72  java.nio.file.AccessMode (java.base@17.0.15)
2657:             3             72  java.nio.file.FileTreeWalker$EventType (java.base@17.0.15)
2658:             3             72  java.nio.file.StandardCopyOption (java.base@17.0.15)
2659:             3             72  java.security.SecurityPermission (java.base@17.0.15)
2660:             3             72  java.time.ZonedDateTime (java.base@17.0.15)
2661:             3             72  java.time.format.ResolverStyle (java.base@17.0.15)
2662:             3             72  java.time.zone.ZoneOffsetTransitionRule$TimeDefinition (java.base@17.0.15)
2663:             3             72  java.util.Collections$3 (java.base@17.0.15)
2664:             3             72  java.util.logging.Logger$LoggerBundle (java.logging@17.0.15)
2665:             3             72  java.util.regex.Pattern$Pos (java.base@17.0.15)
2666:             3             72  java.util.stream.Collector$Characteristics (java.base@17.0.15)
2667:             3             72  java.util.stream.MatchOps$MatchKind (java.base@17.0.15)
2668:             3             72  jdk.dynalink.BiClassValue$RetentionDirection (jdk.dynalink@17.0.15)
2669:             3             72  jdk.dynalink.StandardNamespace (jdk.dynalink@17.0.15)
2670:             3             72  jdk.internal.icu.util.CodePointTrie$ValueWidth (java.base@17.0.15)
2671:             3             72  jdk.internal.math.FloatingDecimal$ExceptionalBinaryToASCIIBuffer (java.base@17.0.15)
2672:             3             72  jdk.internal.misc.Signal (java.base@17.0.15)
2673:             3             72  net.fabricmc.loader.api.metadata.ModOrigin$Kind (net.fabricmc.loader@2.6.0+0.15.0+1.20.1-full)
2674:             3             72  net.minecraft.Util$$Lambda$3910/0x0000000800b35900 (minecraft@1.20.1)
2675:             3             72  net.minecraft.Util$OS (minecraft@1.20.1)
2676:             3             72  net.minecraft.client.CameraType (minecraft@1.20.1)
2677:             3             72  net.minecraft.client.ResourceLoadStateTracker$ReloadReason (minecraft@1.20.1)
2678:             3             72  net.minecraft.client.User$Type (minecraft@1.20.1)
2679:             3             72  net.minecraft.client.gui.Font$DisplayMode (minecraft@1.20.1)
2680:             3             72  net.minecraft.client.gui.narration.NarratableEntry$NarrationPriority (minecraft@1.20.1)
2681:             3             72  net.minecraft.client.gui.narration.NarrationThunk (minecraft@1.20.1)
2682:             1             72  net.minecraft.client.model.GoatModel (minecraft@1.20.1)
2683:             1             72  net.minecraft.client.model.PolarBearModel (minecraft@1.20.1)
2684:             1             72  net.minecraft.client.model.SheepFurModel (minecraft@1.20.1)
2685:             1             72  net.minecraft.client.model.SheepModel (minecraft@1.20.1)
2686:             1             72  net.minecraft.client.model.TurtleModel (minecraft@1.20.1)
2687:             3             72  net.minecraft.client.renderer.DimensionSpecialEffects$SkyType (minecraft@1.20.1)
2688:             3             72  net.minecraft.client.renderer.RenderStateShard$LayeringStateShard (minecraft@1.20.1)
2689:             3             72  net.minecraft.client.renderer.RenderStateShard$TexturingStateShard (minecraft@1.20.1)
2690:             3             72  net.minecraft.client.renderer.RenderType$OutlineProperty (minecraft@1.20.1)
2691:             1             72  net.minecraft.client.renderer.entity.EntityRenderDispatcher (minecraft@1.20.1)
2692:             3             72  net.minecraft.client.renderer.texture.DynamicTexture (minecraft@1.20.1)
2693:             3             72  net.minecraft.client.sounds.SoundEngine$DeviceCheckState (minecraft@1.20.1)
2694:             3             72  net.minecraft.client.telemetry.TelemetryProperty$ServerType (minecraft@1.20.1)
2695:             3             72  net.minecraft.server.packs.metadata.MetadataSectionType$1 (minecraft@1.20.1)
2696:             3             72  net.minecraft.util.ByIdMap$OutOfBoundsStrategy (minecraft@1.20.1)
2697:             3             72  net.minecraft.util.ExtraCodecs$$Lambda$3707/0x0000000800b106c8 (minecraft@1.20.1)
2698:             3             72  net.minecraft.util.ExtraCodecs$$Lambda$3713/0x0000000800b11450 (minecraft@1.20.1)
2699:             3             72  net.minecraft.util.ExtraCodecs$$Lambda$3717/0x0000000800b11d60 (minecraft@1.20.1)
2700:             3             72  net.minecraft.util.datafix.fixes.ItemStackTagFix$$Lambda$2304/0x00000008008b28b0 (minecraft@1.20.1)
2701:             3             72  net.minecraft.world.effect.MobEffectCategory (minecraft@1.20.1)
2702:             3             72  net.minecraft.world.entity.ai.attributes.AttributeModifier$Operation (minecraft@1.20.1)
2703:             3             72  net.minecraft.world.flag.FeatureFlagSet (minecraft@1.20.1)
2704:             3             72  net.minecraft.world.level.block.RenderShape (minecraft@1.20.1)
2705:             1             72  net.minecraft.world.level.block.entity.BannerBlockEntity (minecraft@1.20.1)
2706:             3             72  net.minecraft.world.level.block.entity.ChestLidController (minecraft@1.20.1)
2707:             3             72  net.minecraft.world.level.block.state.BlockBehaviour$OffsetType (minecraft@1.20.1)
2708:             3             72  net.minecraft.world.level.block.state.properties.AttachFace (minecraft@1.20.1)
2709:             3             72  net.minecraft.world.level.block.state.properties.BambooLeaves (minecraft@1.20.1)
2710:             3             72  net.minecraft.world.level.block.state.properties.ChestType (minecraft@1.20.1)
2711:             3             72  net.minecraft.world.level.block.state.properties.NoteBlockInstrument$Type (minecraft@1.20.1)
2712:             3             72  net.minecraft.world.level.block.state.properties.RedstoneSide (minecraft@1.20.1)
2713:             3             72  net.minecraft.world.level.block.state.properties.SculkSensorPhase (minecraft@1.20.1)
2714:             3             72  net.minecraft.world.level.block.state.properties.SlabType (minecraft@1.20.1)
2715:             3             72  net.minecraft.world.level.block.state.properties.WallSide (minecraft@1.20.1)
2716:             3             72  net.minecraft.world.level.levelgen.Heightmap$Usage (minecraft@1.20.1)
2717:             3             72  net.minecraft.world.level.pathfinder.PathComputationType (minecraft@1.20.1)
2718:             3             72  net.minecraft.world.phys.shapes.OffsetDoubleList (minecraft@1.20.1)
2719:             3             72  net.minecraftforge.accesstransformer.TargetType (accesstransformers@8.0.4)
2720:             3             72  net.minecraftforge.eventbus.api.Event$Result (net.minecraftforge.eventbus)
2721:             3             72  net.minecraftforge.fml.config.ModConfig$Type (fmlcore@1.20.1-47.4.13)
2722:             3             72  net.minecraftforge.fml.earlydisplay.ElementShader$RenderType (fmlearlydisplay@1.20.1-47.4.13)
2723:             3             72  net.minecraftforge.forgespi.language.IModInfo$DependencySide (net.minecraftforge.forgespi@7.0.1)
2724:             3             72  net.minecraftforge.forgespi.language.IModInfo$Ordering (net.minecraftforge.forgespi@7.0.1)
2725:             3             72  net.minecraftforge.installer.actions.ProgressCallback$MessagePriority
2726:             3             72  org.antlr.v4.runtime.CodePointBuffer$Type (org.antlr.antlr4.runtime@4.9.1)
2727:             3             72  org.antlr.v4.runtime.atn.PredictionMode (org.antlr.antlr4.runtime@4.9.1)
2728:             3             72  org.apache.commons.io.StandardLineSeparator (org.apache.commons.io@2.11.0)
2729:             3             72  org.apache.commons.lang3.text.translate.JavaUnicodeEscaper (org.apache.commons.lang3@3.12.0)
2730:             3             72  org.apache.commons.lang3.text.translate.NumericEntityUnescaper$OPTION (org.apache.commons.lang3@3.12.0)
2731:             3             72  org.apache.logging.log4j.core.Filter$Result (org.apache.logging.log4j.core@2.19.0)
2732:             3             72  org.apache.logging.log4j.core.util.datetime.FastDateFormat (org.apache.logging.log4j.core@2.19.0)
2733:             3             72  org.apache.logging.log4j.core.util.datetime.FastDatePrinter$PaddedNumberField (org.apache.logging.log4j.core@2.19.0)
2734:             3             72  org.apache.logging.log4j.core.util.datetime.FormatCache$MultipartKey (org.apache.logging.log4j.core@2.19.0)
2735:             3             72  org.lwjgl.Version$BuildType (org.lwjgl@3.3.1+7)
2736:             3             72  org.openjdk.nashorn.internal.runtime.Context$FieldMode (org.openjdk.nashorn)
2737:             3             72  org.openjdk.nashorn.internal.runtime.ScriptEnvironment$AnonymousClasses (org.openjdk.nashorn)
2738:             3             72  org.openjdk.nashorn.internal.runtime.ScriptEnvironment$FunctionStatementBehavior (org.openjdk.nashorn)
2739:             1             72  org.openjdk.nashorn.internal.scripts.JO8 (org.openjdk.nashorn.structures)
2740:             3             72  org.prismlauncher.EntryPoint$PreLaunchAction
2741:             3             72  org.spongepowered.asm.launch.platform.IMixinPlatformAgent$AcceptResult (org.spongepowered.mixin)
2742:             1             72  org.spongepowered.asm.mixin.transformer.MixinProcessor (org.spongepowered.mixin)
2743:             3             72  org.spongepowered.asm.mixin.transformer.PluginHandle$CompatibilityMode (org.spongepowered.mixin)
2744:             3             72  sun.management.ManagementFactoryHelper$1 (java.management@17.0.15)
2745:             3             72  sun.net.www.protocol.http.HttpURLConnection$TunnelState (java.base@17.0.15)
2746:             3             72  sun.security.provider.NativePRNG$Variant (java.base@17.0.15)
2747:             3             72  sun.security.provider.certpath.OCSP$RevocationStatus$CertStatus (java.base@17.0.15)
2748:             3             72  sun.security.ssl.ClientAuthType (java.base@17.0.15)
2749:             2             64  [Lcom.mojang.blaze3d.pipeline.MainTarget$AttachmentState; (minecraft@1.20.1)
2750:             1             64  [Lcom.mojang.blaze3d.platform.GlStateManager$TextureState; (minecraft@1.20.1)
2751:             2             64  [Lcpw.mods.modlauncher.TransformTargetLabel$LabelType; (cpw.mods.modlauncher@10.0.9)
2752:             2             64  [Lcpw.mods.modlauncher.api.ITransformer$TargetType; (cpw.mods.modlauncher@10.0.9)
2753:             2             64  [Ljava.lang.ProcessImpl$LaunchMechanism; (java.base@17.0.15)
2754:             2             64  [Ljava.lang.StackWalker$Option; (java.base@17.0.15)
2755:             2             64  [Ljava.lang.annotation.RetentionPolicy; (java.base@17.0.15)
2756:             1             64  [Ljava.lang.invoke.MethodHandleImpl$Intrinsic; (java.base@17.0.15)
2757:             2             64  [Ljava.lang.module.ModuleDescriptor$Requires$Modifier; (java.base@17.0.15)
2758:             2             64  [Ljava.nio.charset.CoderResult; (java.base@17.0.15)
2759:             3             64  [Ljava.security.cert.X509Certificate; (java.base@17.0.15)
2760:             2             64  [Ljava.util.stream.Collector$Characteristics; (java.base@17.0.15)
2761:             2             64  [Lnet.minecraft.client.CameraType; (minecraft@1.20.1)
2762:             2             64  [Lnet.minecraft.client.CloudStatus; (minecraft@1.20.1)
2763:             2             64  [Lnet.minecraft.client.telemetry.TelemetryProperty$ServerType; (minecraft@1.20.1)
2764:             2             64  [Lnet.minecraft.network.chat.ChatTypeDecoration$Parameter; (minecraft@1.20.1)
2765:             1             64  [Lnet.minecraft.util.datafix.DataFixTypes; (minecraft@1.20.1)
2766:             2             64  [Lnet.minecraft.world.entity.ai.attributes.AttributeModifier$Operation; (minecraft@1.20.1)
2767:             2             64  [Lnet.minecraft.world.item.ArmorItem$Type; (minecraft@1.20.1)
2768:             2             64  [Lnet.minecraft.world.level.block.state.properties.AttachFace; (minecraft@1.20.1)
2769:             2             64  [Lnet.minecraft.world.level.block.state.properties.BambooLeaves; (minecraft@1.20.1)
2770:             2             64  [Lnet.minecraft.world.level.block.state.properties.BellAttachType; (minecraft@1.20.1)
2771:             2             64  [Lnet.minecraft.world.level.block.state.properties.ChestType; (minecraft@1.20.1)
2772:             2             64  [Lnet.minecraft.world.level.block.state.properties.RedstoneSide; (minecraft@1.20.1)
2773:             2             64  [Lnet.minecraft.world.level.block.state.properties.SculkSensorPhase; (minecraft@1.20.1)
2774:             2             64  [Lnet.minecraft.world.level.block.state.properties.SlabType; (minecraft@1.20.1)
2775:             2             64  [Lnet.minecraft.world.level.block.state.properties.StructureMode; (minecraft@1.20.1)
2776:             2             64  [Lnet.minecraft.world.level.block.state.properties.Tilt; (minecraft@1.20.1)
2777:             2             64  [Lnet.minecraft.world.level.block.state.properties.WallSide; (minecraft@1.20.1)
2778:             2             64  [Lnet.minecraft.world.level.levelgen.structure.TerrainAdjustment; (minecraft@1.20.1)
2779:             2             64  [Lnet.minecraft.world.level.levelgen.structure.placement.StructurePlacement$FrequencyReductionMethod; (minecraft@1.20.1)
2780:             2             64  [Lnet.minecraftforge.fml.config.ModConfig$Type; (fmlcore@1.20.1-47.4.13)
2781:             2             64  [Lnet.minecraftforge.fml.loading.progress.Message$MessageType; (fmlloader@1.20.1-47.4.13)
2782:             2             64  [Lnet.minecraftforge.forgespi.language.IModInfo$DependencySide; (net.minecraftforge.forgespi@7.0.1)
2783:             2             64  [Lnet.minecraftforge.forgespi.language.IModInfo$Ordering; (net.minecraftforge.forgespi@7.0.1)
2784:             2             64  [Lnet.minecraftforge.forgespi.locating.IModFile$Type; (net.minecraftforge.forgespi@7.0.1)
2785:             2             64  [Lorg.apache.commons.lang3.text.translate.NumericEntityUnescaper$OPTION; (org.apache.commons.lang3@3.12.0)
2786:             2             64  [Lorg.apache.logging.log4j.core.Filter$Result; (org.apache.logging.log4j.core@2.19.0)
2787:             3             64  [Lorg.apache.logging.log4j.core.pattern.NameAbbreviator$PatternAbbreviatorFragment; (org.apache.logging.log4j.core@2.19.0)
2788:             2             64  [Lsun.security.ssl.SSLTrafficKeyDerivation$KeySchedule; (java.base@17.0.15)
2789:             2             64  [Lsun.security.validator.CADistrustPolicy; (java.base@17.0.15)
2790:             1             64  com.google.common.cache.CacheStats (com.google.common@31.1-jre)
2791:             4             64  com.google.common.cache.LocalCache$LocalLoadingCache (com.google.common@31.1-jre)
2792:             2             64  com.google.common.collect.ImmutableEnumMap (com.google.common@31.1-jre)
2793:             4             64  com.google.gson.internal.ConstructorConstructor$18
2794:             1             64  com.ibm.icu.impl.Trie2_16 (com.ibm.icu@71.1)
2795:             1             64  com.llamalad7.mixinextras.service.MixinExtrasServiceImpl (MixinExtras@0.5.3)
2796:             2             64  com.llamalad7.mixinextras.utils.InternalMethod$$Lambda$993/0x0000000800536af8 (MixinExtras@0.5.3)
2797:             2             64  com.mojang.authlib.Environment$1 (authlib@4.0.43)
2798:             4             64  com.mojang.authlib.yggdrasil.YggdrasilServicesKeyInfo (authlib@4.0.43)
2799:             2             64  com.mojang.blaze3d.vertex.VertexFormat$IndexType (minecraft@1.20.1)
2800:             4             64  com.mojang.serialization.codecs.RecordCodecBuilder$$Lambda$3977/0x0000000800b2f958 (datafixerupper@6.0.8)
2801:             4             64  com.mojang.serialization.codecs.RecordCodecBuilder$$Lambda$3978/0x0000000800b2fba0 (datafixerupper@6.0.8)
2802:             2             64  com.sun.crypto.provider.AESCrypt (java.base@17.0.15)
2803:             2             64  com.sun.org.apache.xerces.internal.utils.XMLSecurityPropertyManager$Property (java.xml@17.0.15)
2804:             2             64  io.github.zekerzhayard.forgewrapper.installer.util.ModuleUtil$TypeToAdd
2805:             1             64  it.unimi.dsi.fastutil.ints.Int2ObjectAVLTreeMap (it.unimi.dsi.fastutil@8.5.9)
2806:             1             64  it.unimi.dsi.fastutil.objects.Object2FloatOpenHashMap (it.unimi.dsi.fastutil@8.5.9)
2807:             1             64  it.unimi.dsi.fastutil.objects.Reference2ObjectOpenHashMap (it.unimi.dsi.fastutil@8.5.9)
2808:             2             64  java.io.FileOutputStream (java.base@17.0.15)
2809:             2             64  java.lang.ref.ReferenceQueue$Null (java.base@17.0.15)
2810:             2             64  java.net.Inet6Address$Inet6AddressHolder (java.base@17.0.15)
2811:             1             64  java.net.SocksSocketImpl (java.base@17.0.15)
2812:             4             64  java.security.spec.NamedParameterSpec (java.base@17.0.15)
2813:             1             64  java.text.DateFormatSymbols (java.base@17.0.15)
2814:             2             64  java.time.format.DateTimeFormatterBuilder$TextPrinterParser (java.base@17.0.15)
2815:             2             64  java.time.temporal.IsoFields$Unit (java.base@17.0.15)
2816:             4             64  java.util.Comparator$$Lambda$173/0x0000000800183480 (java.base@17.0.15)
2817:             4             64  java.util.concurrent.Executors$FinalizableDelegatedExecutorService (java.base@17.0.15)
2818:             2             64  java.util.concurrent.ScheduledThreadPoolExecutor$DelayedWorkQueue (java.base@17.0.15)
2819:             2             64  java.util.concurrent.SynchronousQueue (java.base@17.0.15)
2820:             2             64  java.util.concurrent.SynchronousQueue$TransferStack$SNode (java.base@17.0.15)
2821:             1             64  java.util.logging.LogManager$RootLogger (java.logging@17.0.15)
2822:             2             64  javax.crypto.JceSecurity$WeakIdentityWrapper (java.base@17.0.15)
2823:             4             64  jdk.dynalink.TypeConverterFactory$$Lambda$837/0x0000000800405ce0 (jdk.dynalink@17.0.15)
2824:             4             64  jdk.dynalink.TypeConverterFactory$$Lambda$838/0x0000000800408250 (jdk.dynalink@17.0.15)
2825:             4             64  jdk.dynalink.TypeConverterFactory$$Lambda$839/0x0000000800408488 (jdk.dynalink@17.0.15)
2826:             4             64  jdk.dynalink.linker.support.CompositeGuardingDynamicLinker (jdk.dynalink@17.0.15)
2827:             4             64  jdk.dynalink.linker.support.CompositeTypeBasedGuardingDynamicLinker (jdk.dynalink@17.0.15)
2828:             2             64  jdk.internal.reflect.UnsafeShortFieldAccessorImpl (java.base@17.0.15)
2829:             4             64  jdk.internal.util.Preconditions$1 (java.base@17.0.15)
2830:             4             64  jdk.proxy2.$Proxy10 (jdk.proxy2)
2831:             4             64  jdk.proxy2.$Proxy4 (jdk.proxy2)
2832:             2             64  joptsimple.OptionSet (jopt.simple@5.0.4)
2833:             2             64  joptsimple.internal.Rows (jopt.simple@5.0.4)
2834:             2             64  net.fabricmc.loader.impl.ModContainerImpl (net.fabricmc.loader@2.6.0+0.15.0+1.20.1-full)
2835:             2             64  net.fabricmc.loader.impl.metadata.ModOriginImpl (net.fabricmc.loader@2.6.0+0.15.0+1.20.1-full)
2836:             2             64  net.fabricmc.loader.impl.util.version.SemanticVersionImpl (net.fabricmc.loader@2.6.0+0.15.0+1.20.1-full)
2837:             1             64  net.minecraft.client.Camera (minecraft@1.20.1)
2838:             2             64  net.minecraft.client.gui.Font (minecraft@1.20.1)
2839:             1             64  net.minecraft.client.model.FrogModel (minecraft@1.20.1)
2840:             2             64  net.minecraft.client.model.SlimeModel (minecraft@1.20.1)
2841:             2             64  net.minecraft.client.model.SquidModel (minecraft@1.20.1)
2842:             1             64  net.minecraft.client.renderer.BlockEntityWithoutLevelRenderer (minecraft@1.20.1)
2843:             2             64  net.minecraft.client.renderer.DimensionSpecialEffects$EndEffects (minecraft@1.20.1)
2844:             2             64  net.minecraft.client.renderer.DimensionSpecialEffects$NetherEffects (minecraft@1.20.1)
2845:             2             64  net.minecraft.client.renderer.DimensionSpecialEffects$OverworldEffects (minecraft@1.20.1)
2846:             2             64  net.minecraft.client.renderer.RenderStateShard$CullStateShard (minecraft@1.20.1)
2847:             4             64  net.minecraft.client.renderer.RenderStateShard$DepthTestStateShard$$Lambda$4815/0x0000000800cbf100 (minecraft@1.20.1)
2848:             4             64  net.minecraft.client.renderer.RenderStateShard$DepthTestStateShard$$Lambda$4816/0x0000000800cbf320 (minecraft@1.20.1)
2849:             2             64  net.minecraft.client.renderer.RenderStateShard$LightmapStateShard (minecraft@1.20.1)
2850:             2             64  net.minecraft.client.renderer.RenderStateShard$MultiTextureStateShard (minecraft@1.20.1)
2851:             2             64  net.minecraft.client.renderer.RenderStateShard$OverlayStateShard (minecraft@1.20.1)
2852:             2             64  net.minecraft.client.renderer.entity.BoatRenderer (minecraft@1.20.1)
2853:             2             64  net.minecraft.client.renderer.entity.layers.VillagerProfessionLayer (minecraft@1.20.1)
2854:             2             64  net.minecraft.core.Direction$AxisDirection (minecraft@1.20.1)
2855:             2             64  net.minecraft.core.Direction$Plane (minecraft@1.20.1)
2856:             4             64  net.minecraft.network.FriendlyByteBuf$Reader$$Lambda$2473/0x000000080099ac88 (minecraft@1.20.1)
2857:             4             64  net.minecraft.network.FriendlyByteBuf$Writer$$Lambda$2472/0x000000080099aa28 (minecraft@1.20.1)
2858:             4             64  net.minecraft.network.syncher.EntityDataSerializer$$Lambda$2474/0x000000080099b168 (minecraft@1.20.1)
2859:             4             64  net.minecraft.network.syncher.EntityDataSerializer$$Lambda$2475/0x000000080099b3c8 (minecraft@1.20.1)
2860:             4             64  net.minecraft.server.packs.repository.PackSource$$Lambda$4365/0x0000000800be28c0 (minecraft@1.20.1)
2861:             4             64  net.minecraft.util.datafix.fixes.AdvancementsRenameFix$$Lambda$2285/0x00000008008aac58 (minecraft@1.20.1)
2862:             2             64  net.minecraft.util.datafix.fixes.ItemStackSpawnEggFix (minecraft@1.20.1)
2863:             2             64  net.minecraft.util.datafix.fixes.ItemStackSpawnEggFix$$Lambda$2269/0x000000080089f830 (minecraft@1.20.1)
2864:             2             64  net.minecraft.util.datafix.fixes.StatsRenameFix (minecraft@1.20.1)
2865:             2             64  net.minecraft.util.datafix.fixes.StatsRenameFix$$Lambda$2288/0x00000008008acfc0 (minecraft@1.20.1)
2866:             2             64  net.minecraft.util.datafix.fixes.StatsRenameFix$$Lambda$2290/0x00000008008ad428 (minecraft@1.20.1)
2867:             4             64  net.minecraft.util.datafix.schemas.V1451_6$$Lambda$1992/0x000000080084dd80 (minecraft@1.20.1)
2868:             4             64  net.minecraft.util.datafix.schemas.V1451_6$$Lambda$1999/0x0000000800858ce0 (minecraft@1.20.1)
2869:             4             64  net.minecraft.util.datafix.schemas.V2832$$Lambda$2146/0x0000000800877838 (minecraft@1.20.1)
2870:             4             64  net.minecraft.util.datafix.schemas.V3448$$Lambda$2196/0x000000080087eb10 (minecraft@1.20.1)
2871:             4             64  net.minecraft.util.valueproviders.FloatProviderType$$Lambda$2903/0x0000000800a53e40 (minecraft@1.20.1)
2872:             2             64  net.minecraft.world.entity.HumanoidArm (minecraft@1.20.1)
2873:             2             64  net.minecraft.world.entity.animal.MushroomCow$MushroomType (minecraft@1.20.1)
2874:             4             64  net.minecraft.world.entity.schedule.Schedule (minecraft@1.20.1)
2875:             1             64  net.minecraft.world.item.DyeableHorseArmorItem (minecraft@1.20.1)
2876:             4             64  net.minecraft.world.item.HoeItem$$Lambda$2592/0x00000008009d8ec0 (minecraft@1.20.1)
2877:             1             64  net.minecraft.world.item.PlayerHeadItem (minecraft@1.20.1)
2878:             4             64  net.minecraft.world.item.Rarity$$Lambda$1791/0x00000008007dfd98 (minecraft@1.20.1)
2879:             1             64  net.minecraft.world.item.SolidBucketItem (minecraft@1.20.1)
2880:             4             64  net.minecraft.world.level.block.Blocks$$Lambda$1749/0x00000008007a6578 (minecraft@1.20.1)
2881:             1             64  net.minecraft.world.level.block.entity.EnderChestBlockEntity (minecraft@1.20.1)
2882:             4             64  net.minecraft.world.level.levelgen.DensityFunctions$TwoArgumentSimpleFunction$Type$$Lambda$4141/0x0000000800b6fcd0 (minecraft@1.20.1)
2883:             4             64  net.minecraft.world.level.levelgen.VerticalAnchor$AboveBottom (minecraft@1.20.1)
2884:             4             64  net.minecraft.world.level.levelgen.VerticalAnchor$BelowTop (minecraft@1.20.1)
2885:             2             64  net.minecraft.world.level.levelgen.placement.CaveSurface (minecraft@1.20.1)
2886:             4             64  net.minecraft.world.level.levelgen.placement.HeightmapPlacement (minecraft@1.20.1)
2887:             2             64  net.minecraft.world.level.levelgen.structure.pools.StructureTemplatePool$Projection (minecraft@1.20.1)
2888:             4             64  net.minecraft.world.level.levelgen.structure.templatesystem.rule.blockentity.RuleBlockEntityModifierType$$Lambda$2761/0x0000000800a10ae8 (minecraft@1.20.1)
2889:             4             64  net.minecraft.world.level.storage.loot.providers.number.LootNumberProviderType (minecraft@1.20.1)
2890:             2             64  net.minecraftforge.common.ForgeConfigSpec$BuilderContext (forge@47.4.13)
2891:             2             64  net.minecraftforge.common.ForgeConfigSpec$DoubleValue (forge@47.4.13)
2892:             4             64  net.minecraftforge.common.util.NonNullLazy$$Lambda$4890/0x0000000800d0dd70 (forge@47.4.13)
2893:             4             64  net.minecraftforge.fml.ModLoadingState$$Lambda$4638/0x0000000800c3e0f0 (fmlcore@1.20.1-47.4.13)
2894:             2             64  net.minecraftforge.fml.earlydisplay.ColourScheme (fmlearlydisplay@1.20.1-47.4.13)
2895:             2             64  net.minecraftforge.forgespi.language.ModFileScanData (net.minecraftforge.forgespi@7.0.1)
2896:             2             64  net.minecraftforge.network.simple.SimpleChannel (forge@47.4.13)
2897:             2             64  net.minecraftforge.registries.GameData$BlockCallbacks$1 (forge@47.4.13)
2898:             2             64  org.apache.logging.log4j.core.config.ConfigurationScheduler (org.apache.logging.log4j.core@2.19.0)
2899:             4             64  org.apache.logging.log4j.core.lookup.StrMatcher$StringMatcher (org.apache.logging.log4j.core@2.19.0)
2900:             2             64  org.apache.logging.log4j.util.PropertiesUtil$Environment (org.apache.logging.log4j@2.19.0)
2901:             2             64  org.apache.logging.log4j.util.SortedArrayStringMap (org.apache.logging.log4j@2.19.0)
2902:             2             64  org.joml.Vector4f (org.joml@1.10.5)
2903:             4             64  org.openjdk.nashorn.api.scripting.NashornScriptEngineFactory (org.openjdk.nashorn)
2904:             2             64  org.spongepowered.asm.mixin.transformer.PluginHandle (org.spongepowered.mixin)
2905:             1             64  org.spongepowered.asm.service.modlauncher.MixinServiceModLauncher (org.spongepowered.mixin)
2906:             2             64  org.spongepowered.asm.util.perf.Profiler (org.spongepowered.mixin)
2907:             2             64  org.spongepowered.asm.util.perf.Profiler$DisabledSection (org.spongepowered.mixin)
2908:             1             64  sun.net.www.http.KeepAliveStream (java.base@17.0.15)
2909:             2             64  sun.security.provider.FileInputStreamPool$StreamRef (java.base@17.0.15)
2910:             2             64  sun.security.provider.certpath.ResponderId$Type (java.base@17.0.15)
2911:             1             64  sun.security.provider.certpath.ldap.JdkLDAP$ProviderService (java.naming@17.0.15)
2912:             2             64  sun.security.rsa.RSAUtil$KeyType (java.base@17.0.15)
2913:             1             64  sun.security.smartcardio.SunPCSC$ProviderService (java.smartcardio@17.0.15)
2914:             2             64  sun.security.ssl.CertStatusExtension$CertStatusRequestType (java.base@17.0.15)
2915:             2             64  sun.security.ssl.CertStatusExtension$OCSPStatusRequest (java.base@17.0.15)
2916:             2             64  sun.security.ssl.EphemeralKeyManager$EphemeralKeyPair (java.base@17.0.15)
2917:             2             64  sun.security.ssl.PskKeyExchangeModesExtension$PskKeyExchangeMode (java.base@17.0.15)
2918:             4             64  sun.security.ssl.SSLCipher$T11BlockReadCipherGenerator (java.base@17.0.15)
2919:             4             64  sun.security.ssl.SSLCipher$T11BlockWriteCipherGenerator (java.base@17.0.15)
2920:             1             64  sun.security.ssl.SSLSocketInputRecord (java.base@17.0.15)
2921:             1             64  sun.security.ssl.SSLSocketOutputRecord (java.base@17.0.15)
2922:             4             64  sun.security.util.DisabledAlgorithmConstraints$Constraints (java.base@17.0.15)
2923:             4             64  sun.security.x509.RFC822Name (java.base@17.0.15)
2924:             2             64  sun.util.locale.UnicodeLocaleExtension (java.base@17.0.15)
2925:             1             56  [Lcom.google.gson.stream.JsonToken; (com.google.gson@2.10)
2926:             1             56  [Lcom.google.gson.stream.JsonToken;
2927:             1             56  [Lcom.sun.org.apache.xerces.internal.impl.XMLScanner$NameType; (java.xml@17.0.15)
2928:             1             56  [Lcom.sun.org.apache.xerces.internal.utils.XMLSecurityManager$Limit; (java.xml@17.0.15)
2929:             1             56  [Ljava.lang.Runnable; (java.base@17.0.15)
2930:             1             56  [Ljava.util.Map; (java.base@17.0.15)
2931:             1             56  [Ljdk.dynalink.Operation; (jdk.dynalink@17.0.15)
2932:             1             56  [Lnet.minecraft.client.model.HumanoidModel$ArmPose; (minecraft@1.20.1)
2933:             1             56  [Lnet.minecraft.client.player.inventory.Hotbar; (minecraft@1.20.1)
2934:             1             56  [Lnet.minecraft.world.item.ItemDisplayContext; (minecraft@1.20.1)
2935:             1             56  [Lnet.minecraftforge.fml.ModLoadingStage; (fmlcore@1.20.1-47.4.13)
2936:             2             56  [Lorg.apache.logging.log4j.Level; (org.apache.logging.log4j@2.19.0)
2937:             1             56  [Lorg.openjdk.nashorn.internal.parser.TokenKind; (org.openjdk.nashorn)
2938:             1             56  com.mojang.blaze3d.pipeline.MainTarget (minecraft@1.20.1)
2939:             1             56  cpw.mods.modlauncher.Launcher (cpw.mods.modlauncher@10.0.9)
2940:             1             56  java.lang.invoke.BoundMethodHandle$Specializer (java.base@17.0.15)
2941:             1             56  java.net.SocketPermission (java.base@17.0.15)
2942:             1             56  java.security.cert.PKIXBuilderParameters (java.base@17.0.15)
2943:             1             56  java.util.logging.LogManager (java.logging@17.0.15)
2944:             1             56  jdk.internal.org.objectweb.asm.Label (java.base@17.0.15)
2945:             1             56  net.minecraft.client.model.AllayModel (minecraft@1.20.1)
2946:             1             56  net.minecraft.client.model.BatModel (minecraft@1.20.1)
2947:             1             56  net.minecraft.client.model.PhantomModel (minecraft@1.20.1)
2948:             1             56  net.minecraft.client.model.RavagerModel (minecraft@1.20.1)
2949:             1             56  net.minecraft.client.model.TadpoleModel (minecraft@1.20.1)
2950:             1             56  net.minecraft.client.model.VexModel (minecraft@1.20.1)
2951:             1             56  net.minecraft.client.model.WitchModel (minecraft@1.20.1)
2952:             1             56  net.minecraft.client.particle.ParticleEngine (minecraft@1.20.1)
2953:             1             56  net.minecraft.client.renderer.PostChain (minecraft@1.20.1)
2954:             1             56  net.minecraft.client.renderer.entity.PufferfishRenderer (minecraft@1.20.1)
2955:             1             56  net.minecraft.client.resources.model.ModelBakery (minecraft@1.20.1)
2956:             1             56  net.minecraft.world.item.AirItem (minecraft@1.20.1)
2957:             1             56  net.minecraft.world.item.ArmorStandItem (minecraft@1.20.1)
2958:             1             56  net.minecraft.world.item.ArrowItem (minecraft@1.20.1)
2959:             1             56  net.minecraft.world.item.BoneMealItem (minecraft@1.20.1)
2960:             1             56  net.minecraft.world.item.BookItem (minecraft@1.20.1)
2961:             1             56  net.minecraft.world.item.BottleItem (minecraft@1.20.1)
2962:             1             56  net.minecraft.world.item.BowItem (minecraft@1.20.1)
2963:             1             56  net.minecraft.world.item.BrushItem (minecraft@1.20.1)
2964:             1             56  net.minecraft.world.item.BundleItem (minecraft@1.20.1)
2965:             1             56  net.minecraft.world.item.ChorusFruitItem (minecraft@1.20.1)
2966:             1             56  net.minecraft.world.item.CompassItem (minecraft@1.20.1)
2967:             1             56  net.minecraft.world.item.CrossbowItem (minecraft@1.20.1)
2968:             1             56  net.minecraft.world.item.DebugStickItem (minecraft@1.20.1)
2969:             1             56  net.minecraft.world.item.DiscFragmentItem (minecraft@1.20.1)
2970:             1             56  net.minecraft.world.item.EggItem (minecraft@1.20.1)
2971:             1             56  net.minecraft.world.item.ElytraItem (minecraft@1.20.1)
2972:             1             56  net.minecraft.world.item.EmptyMapItem (minecraft@1.20.1)
2973:             1             56  net.minecraft.world.item.EnchantedBookItem (minecraft@1.20.1)
2974:             1             56  net.minecraft.world.item.EnchantedGoldenAppleItem (minecraft@1.20.1)
2975:             1             56  net.minecraft.world.item.EndCrystalItem (minecraft@1.20.1)
2976:             1             56  net.minecraft.world.item.EnderEyeItem (minecraft@1.20.1)
2977:             1             56  net.minecraft.world.item.EnderpearlItem (minecraft@1.20.1)
2978:             1             56  net.minecraft.world.item.ExperienceBottleItem (minecraft@1.20.1)
2979:             1             56  net.minecraft.world.item.FireChargeItem (minecraft@1.20.1)
2980:             1             56  net.minecraft.world.item.FireworkRocketItem (minecraft@1.20.1)
2981:             1             56  net.minecraft.world.item.FireworkStarItem (minecraft@1.20.1)
2982:             1             56  net.minecraft.world.item.FishingRodItem (minecraft@1.20.1)
2983:             1             56  net.minecraft.world.item.FlintAndSteelItem (minecraft@1.20.1)
2984:             1             56  net.minecraft.world.item.GlowInkSacItem (minecraft@1.20.1)
2985:             1             56  net.minecraft.world.item.HangingEntityItem (minecraft@1.20.1)
2986:             1             56  net.minecraft.world.item.HoneyBottleItem (minecraft@1.20.1)
2987:             1             56  net.minecraft.world.item.HoneycombItem (minecraft@1.20.1)
2988:             1             56  net.minecraft.world.item.InkSacItem (minecraft@1.20.1)
2989:             1             56  net.minecraft.world.item.InstrumentItem (minecraft@1.20.1)
2990:             1             56  net.minecraft.world.item.KnowledgeBookItem (minecraft@1.20.1)
2991:             1             56  net.minecraft.world.item.LeadItem (minecraft@1.20.1)
2992:             1             56  net.minecraft.world.item.LingeringPotionItem (minecraft@1.20.1)
2993:             1             56  net.minecraft.world.item.MapItem (minecraft@1.20.1)
2994:             1             56  net.minecraft.world.item.MilkBucketItem (minecraft@1.20.1)
2995:             1             56  net.minecraft.world.item.NameTagItem (minecraft@1.20.1)
2996:             1             56  net.minecraft.world.item.PotionItem (minecraft@1.20.1)
2997:             1             56  net.minecraft.world.item.SaddleItem (minecraft@1.20.1)
2998:             1             56  net.minecraft.world.item.ScaffoldingBlockItem (minecraft@1.20.1)
2999:             1             56  net.minecraft.world.item.ShearsItem (minecraft@1.20.1)
3000:             1             56  net.minecraft.world.item.ShieldItem (minecraft@1.20.1)
3001:             1             56  net.minecraft.world.item.SimpleFoiledItem (minecraft@1.20.1)
3002:             1             56  net.minecraft.world.item.SnowballItem (minecraft@1.20.1)
3003:             1             56  net.minecraft.world.item.SpectralArrowItem (minecraft@1.20.1)
3004:             1             56  net.minecraft.world.item.SplashPotionItem (minecraft@1.20.1)
3005:             1             56  net.minecraft.world.item.SpyglassItem (minecraft@1.20.1)
3006:             1             56  net.minecraft.world.item.SuspiciousStewItem (minecraft@1.20.1)
3007:             1             56  net.minecraft.world.item.TippedArrowItem (minecraft@1.20.1)
3008:             1             56  net.minecraft.world.item.TridentItem (minecraft@1.20.1)
3009:             1             56  net.minecraft.world.item.WritableBookItem (minecraft@1.20.1)
3010:             1             56  net.minecraft.world.item.WrittenBookItem (minecraft@1.20.1)
3011:             1             56  net.minecraft.world.level.block.entity.BedBlockEntity (minecraft@1.20.1)
3012:             1             56  net.minecraft.world.level.block.entity.DecoratedPotBlockEntity (minecraft@1.20.1)
3013:             1             56  net.minecraftforge.fml.ModLoadingException (fmlcore@1.20.1-47.4.13)
3014:             1             56  org.apache.logging.log4j.core.LoggerContext (org.apache.logging.log4j.core@2.19.0)
3015:             1             56  org.apache.logging.log4j.status.StatusLogger (org.apache.logging.log4j@2.19.0)
3016:             1             56  org.openjdk.nashorn.internal.ir.LiteralNode$ArrayLiteralNode (org.openjdk.nashorn)
3017:             1             56  org.openjdk.nashorn.internal.scripts.JO2P0 (org.openjdk.nashorn.structures)
3018:             1             56  sun.net.www.http.KeepAliveCache (java.base@17.0.15)
3019:             1             56  sun.security.provider.MD5 (java.base@17.0.15)
3020:             1             56  sun.security.provider.SHA (java.base@17.0.15)
3021:             1             56  sun.security.ssl.SSLCipher$T13GcmReadCipherGenerator$GcmReadCipher (java.base@17.0.15)
3022:             1             56  sun.security.ssl.SSLCipher$T13GcmWriteCipherGenerator$GcmWriteCipher (java.base@17.0.15)
3023:             1             56  sun.security.ssl.SSLContextImpl$DefaultSSLContext (java.base@17.0.15)
3024:             1             56  sun.security.validator.PKIXValidator (java.base@17.0.15)
3025:             1             48  [Lcom.google.gson.FieldNamingPolicy; (com.google.gson@2.10)
3026:             1             48  [Lcom.google.gson.FieldNamingPolicy;
3027:             1             48  [Lcom.llamalad7.mixinextras.lib.semver.VersionParser$CharType; (MixinExtras@0.5.3)
3028:             1             48  [Lcom.mojang.blaze3d.vertex.VertexFormat$Mode; (minecraft@1.20.1)
3029:             1             48  [Lcom.mojang.blaze3d.vertex.VertexFormatElement$Type; (minecraft@1.20.1)
3030:             2             48  [Lcpw.mods.modlauncher.serviceapi.ILaunchPluginService$Phase; (cpw.mods.modlauncher@10.0.9)
3031:             3             48  [Ljava.lang.annotation.Annotation; (java.base@17.0.15)
3032:             1             48  [Ljava.lang.management.MemoryPoolMXBean; (java.management@17.0.15)
3033:             1             48  [Ljava.math.RoundingMode; (java.base@17.0.15)
3034:             2             48  [Ljava.net.InetAddress; (java.base@17.0.15)
3035:             1             48  [Ljava.util.concurrent.TimeUnit; (java.base@17.0.15)
3036:             1             48  [Ljdk.xml.internal.JdkProperty$State; (java.xml@17.0.15)
3037:             2             48  [Lnet.minecraft.client.renderer.texture.TextureAtlasSprite; (minecraft@1.20.1)
3038:             2             48  [Lnet.minecraft.server.packs.PackType; (minecraft@1.20.1)
3039:             2             48  [Lnet.minecraft.world.entity.HumanoidArm; (minecraft@1.20.1)
3040:             2             48  [Lnet.minecraft.world.entity.animal.MushroomCow$MushroomType; (minecraft@1.20.1)
3041:             1             48  [Lnet.minecraft.world.entity.vehicle.AbstractMinecart$Type; (minecraft@1.20.1)
3042:             2             48  [Lnet.minecraft.world.level.biome.Biome$TemperatureModifier; (minecraft@1.20.1)
3043:             1             48  [Lnet.minecraft.world.level.block.SkullBlock$Types; (minecraft@1.20.1)
3044:             2             48  [Lnet.minecraft.world.level.block.state.properties.BedPart; (minecraft@1.20.1)
3045:             2             48  [Lnet.minecraft.world.level.block.state.properties.ComparatorMode; (minecraft@1.20.1)
3046:             2             48  [Lnet.minecraft.world.level.block.state.properties.DoorHingeSide; (minecraft@1.20.1)
3047:             2             48  [Lnet.minecraft.world.level.block.state.properties.DoubleBlockHalf; (minecraft@1.20.1)
3048:             2             48  [Lnet.minecraft.world.level.block.state.properties.Half; (minecraft@1.20.1)
3049:             2             48  [Lnet.minecraft.world.level.block.state.properties.PistonType; (minecraft@1.20.1)
3050:             2             48  [Lnet.minecraft.world.level.levelgen.DensityFunctions$WeirdScaledSampler$RarityValueMapper; (minecraft@1.20.1)
3051:             2             48  [Lnet.minecraft.world.level.levelgen.placement.CaveSurface; (minecraft@1.20.1)
3052:             2             48  [Lnet.minecraft.world.level.levelgen.structure.StructureSpawnOverride$BoundingBoxType; (minecraft@1.20.1)
3053:             2             48  [Lnet.minecraft.world.level.levelgen.structure.placement.RandomSpreadType; (minecraft@1.20.1)
3054:             2             48  [Lnet.minecraft.world.level.levelgen.structure.pools.StructureTemplatePool$Projection; (minecraft@1.20.1)
3055:             2             48  [Lnet.minecraft.world.level.levelgen.structure.structures.OceanRuinStructure$Type; (minecraft@1.20.1)
3056:             2             48  [Lnet.minecraft.world.scores.criteria.ObjectiveCriteria$RenderType; (minecraft@1.20.1)
3057:             1             48  [Lnet.minecraftforge.client.ForgeRenderTypes; (forge@47.4.13)
3058:             1             48  [Lorg.antlr.v4.runtime.atn.LexerActionType; (org.antlr.antlr4.runtime@4.9.1)
3059:             1             48  [Lorg.apache.logging.log4j.core.appender.rolling.RolloverFrequency; (org.apache.logging.log4j.core@2.19.0)
3060:             2             48  [Lorg.apache.logging.log4j.core.appender.rolling.TriggeringPolicy; (org.apache.logging.log4j.core@2.19.0)
3061:             2             48  [Lorg.apache.logging.log4j.core.config.AppenderControl; (org.apache.logging.log4j.core@2.19.0)
3062:             3             48  [Lorg.apache.logging.log4j.core.config.Property; (org.apache.logging.log4j.core@2.19.0)
3063:             1             48  [Lorg.joml.Vector4f; (org.joml@1.10.5)
3064:             1             48  [Lorg.openjdk.nashorn.internal.ir.FunctionNode$Kind; (org.openjdk.nashorn)
3065:             1             48  [Lorg.openjdk.nashorn.internal.runtime.JSType; (org.openjdk.nashorn)
3066:             1             48  [Lsun.security.x509.NetscapeCertTypeExtension$MapEntry; (java.base@17.0.15)
3067:             1             48  com.electronwill.nightconfig.core.file.WriteSyncFileConfig (com.electronwill.nightconfig.core@3.6.4)
3068:             2             48  com.electronwill.nightconfig.core.io.NewlineStyle (com.electronwill.nightconfig.core@3.6.4)
3069:             2             48  com.electronwill.nightconfig.core.io.WritingMode (com.electronwill.nightconfig.core@3.6.4)
3070:             3             48  com.google.common.base.Joiner (com.google.common@31.1-jre)
3071:             3             48  com.google.gson.internal.ConstructorConstructor$13 (com.google.gson@2.10)
3072:             2             48  com.google.gson.internal.bind.CollectionTypeAdapterFactory$Adapter
3073:             1             48  com.google.gson.internal.bind.TreeTypeAdapter
3074:             2             48  com.google.gson.internal.bind.TypeAdapters$34
3075:             2             48  com.ibm.icu.impl.Trie2$ValueWidth (com.ibm.icu@71.1)
3076:             3             48  com.mojang.authlib.properties.PropertyMap (authlib@4.0.43)
3077:             2             48  com.mojang.authlib.yggdrasil.YggdrasilEnvironment (authlib@4.0.43)
3078:             1             48  com.mojang.blaze3d.audio.Library (minecraft@1.20.1)
3079:             2             48  com.mojang.blaze3d.audio.Library$CountingChannelPool (minecraft@1.20.1)
3080:             2             48  com.mojang.blaze3d.platform.IconSet (minecraft@1.20.1)
3081:             2             48  com.mojang.blaze3d.shaders.FogShape (minecraft@1.20.1)
3082:             2             48  com.mojang.blaze3d.vertex.VertexBuffer$Usage (minecraft@1.20.1)
3083:             1             48  com.mojang.logging.plugins.QueueLogAppender (logging@1.1.1)
3084:             1             48  com.mojang.realmsclient.gui.RealmsDataFetcher (minecraft@1.20.1)
3085:             2             48  com.mojang.realmsclient.gui.task.RepeatedDelayStrategy$2 (minecraft@1.20.1)
3086:             2             48  com.mojang.serialization.MapCodec$2 (datafixerupper@6.0.8)
3087:             3             48  com.mojang.util.UUIDTypeAdapter (authlib@4.0.43)
3088:             2             48  com.sun.jmx.mbeanserver.ClassLoaderRepositorySupport$LoaderEntry (java.management@17.0.15)
3089:             1             48  com.sun.jmx.mbeanserver.DefaultMXBeanMappingFactory$Mappings (java.management@17.0.15)
3090:             2             48  com.sun.jmx.mbeanserver.WeakIdentityHashMap (java.management@17.0.15)
3091:             3             48  com.sun.org.apache.xerces.internal.impl.dv.dtd.ListDatatypeValidator (java.xml@17.0.15)
3092:             1             48  cpw.mods.modlauncher.ArgumentHandler (cpw.mods.modlauncher@10.0.9)
3093:             2             48  cpw.mods.modlauncher.TransformationServiceDecorator (cpw.mods.modlauncher@10.0.9)
3094:             2             48  cpw.mods.modlauncher.api.ITransformationService$Resource (cpw.mods.modlauncher@10.0.9)
3095:             2             48  cpw.mods.modlauncher.api.TypesafeMap (cpw.mods.modlauncher@10.0.9)
3096:             2             48  cpw.mods.modlauncher.serviceapi.ILaunchPluginService$Phase (cpw.mods.modlauncher@10.0.9)
3097:             2             48  it.unimi.dsi.fastutil.objects.ObjectArraySet (it.unimi.dsi.fastutil@8.5.9)
3098:             2             48  java.io.File$PathStatus (java.base@17.0.15)
3099:             2             48  java.io.FilePermissionCollection (java.base@17.0.15)
3100:             1             48  java.lang.NullPointerException (java.base@17.0.15)
3101:             1             48  java.lang.ProcessHandleImpl (java.base@17.0.15)
3102:             1             48  java.lang.invoke.BoundMethodHandle$Specializer$Factory (java.base@17.0.15)
3103:             2             48  java.lang.invoke.MethodHandles$Lookup$ClassOption (java.base@17.0.15)
3104:             2             48  java.lang.invoke.VarHandle$TypesAndInvokers (java.base@17.0.15)
3105:             2             48  java.lang.invoke.VarHandleByteArrayAsInts$ArrayHandle (java.base@17.0.15)
3106:             2             48  java.lang.reflect.ReflectPermission (java.base@17.0.15)
3107:             2             48  java.net.Inet6Address (java.base@17.0.15)
3108:             3             48  java.nio.charset.CodingErrorAction (java.base@17.0.15)
3109:             3             48  java.text.AttributedCharacterIterator$Attribute (java.base@17.0.15)
3110:             2             48  java.time.format.DateTimeFormatterBuilder$1 (java.base@17.0.15)
3111:             2             48  java.time.format.DateTimeFormatterBuilder$ZoneIdPrinterParser (java.base@17.0.15)
3112:             2             48  java.time.format.DateTimeTextProvider$LocaleStore (java.base@17.0.15)
3113:             3             48  java.util.Base64$Decoder (java.base@17.0.15)
3114:             2             48  java.util.Comparator$$Lambda$4196/0x00000008005e6820 (java.base@17.0.15)
3115:             2             48  java.util.OptionalDouble (java.base@17.0.15)
3116:             2             48  java.util.OptionalLong (java.base@17.0.15)
3117:             3             48  java.util.ResourceBundle$NoFallbackControl (java.base@17.0.15)
3118:             3             48  java.util.TreeMap$EntrySet (java.base@17.0.15)
3119:             3             48  java.util.concurrent.ConcurrentSkipListMap$KeySet (java.base@17.0.15)
3120:             3             48  java.util.concurrent.ConcurrentSkipListSet (java.base@17.0.15)
3121:             2             48  java.util.concurrent.CopyOnWriteArrayList$COWIterator (java.base@17.0.15)
3122:             2             48  java.util.function.BiConsumer$$Lambda$4289/0x00000008005e9658 (java.base@17.0.15)
3123:             2             48  java.util.function.Predicate$$Lambda$2560/0x00000008005e5ab0 (java.base@17.0.15)
3124:             1             48  java.util.logging.ConsoleHandler (java.logging@17.0.15)
3125:             2             48  java.util.logging.LoggingPermission (java.logging@17.0.15)
3126:             2             48  java.util.regex.Pattern$BackRef (java.base@17.0.15)
3127:             2             48  javax.crypto.CryptoPermissions (java.base@17.0.15)
3128:             2             48  javax.management.NotificationBroadcasterSupport (java.management@17.0.15)
3129:             1             48  jdk.internal.icu.impl.UCharacterProperty (java.base@17.0.15)
3130:             1             48  jdk.internal.icu.util.CodePointTrie$Fast16 (java.base@17.0.15)
3131:             2             48  jdk.internal.icu.util.CodePointTrie$Type (java.base@17.0.15)
3132:             3             48  jdk.internal.icu.util.VersionInfo (java.base@17.0.15)
3133:             1             48  jdk.internal.jimage.ImageHeader (java.base@17.0.15)
3134:             2             48  jdk.internal.misc.Signal$NativeHandler (java.base@17.0.15)
3135:             2             48  jdk.internal.module.ModuleHashes (java.base@17.0.15)
3136:             2             48  jdk.internal.module.SystemModuleFinders$SystemModuleFinder (java.base@17.0.15)
3137:             1             48  jdk.management.jfr.FlightRecorderMXBeanImpl (jdk.management.jfr@17.0.15)
3138:             1             48  joptsimple.OptionParser (jopt.simple@5.0.4)
3139:             3             48  joptsimple.util.PathConverter (jopt.simple@5.0.4)
3140:             2             48  net.fabricmc.loader.impl.FMLModMetadata (net.fabricmc.loader@2.6.0+0.15.0+1.20.1-full)
3141:             1             48  net.fabricmc.loader.impl.FabricLoaderImpl (net.fabricmc.loader@2.6.0+0.15.0+1.20.1-full)
3142:             2             48  net.fabricmc.loader.impl.discovery.BuiltinMetadataWrapper (net.fabricmc.loader@2.6.0+0.15.0+1.20.1-full)
3143:             1             48  net.minecraft.client.KeyboardHandler (minecraft@1.20.1)
3144:             2             48  net.minecraft.client.OptionInstance$UnitDouble$1 (minecraft@1.20.1)
3145:             1             48  net.minecraft.client.gui.components.DebugScreenOverlay (minecraft@1.20.1)
3146:             1             48  net.minecraft.client.gui.font.glyphs.EmptyGlyph (minecraft@1.20.1)
3147:             2             48  net.minecraft.client.gui.font.glyphs.SpecialGlyphs (minecraft@1.20.1)
3148:             2             48  net.minecraft.client.gui.narration.ScreenNarrationCollector$EntryKey (minecraft@1.20.1)
3149:             2             48  net.minecraft.client.gui.narration.ScreenNarrationCollector$NarrationEntry (minecraft@1.20.1)
3150:             1             48  net.minecraft.client.model.IronGolemModel (minecraft@1.20.1)
3151:             1             48  net.minecraft.client.model.SnowGolemModel (minecraft@1.20.1)
3152:             2             48  net.minecraft.client.model.TridentModel (minecraft@1.20.1)
3153:             1             48  net.minecraft.client.renderer.ItemInHandRenderer (minecraft@1.20.1)
3154:             2             48  net.minecraft.client.renderer.RenderStateShard$ColorLogicStateShard (minecraft@1.20.1)
3155:             3             48  net.minecraft.client.renderer.RenderStateShard$LineStateShard$$Lambda$4839/0x0000000800d01760 (minecraft@1.20.1)
3156:             3             48  net.minecraft.client.renderer.RenderStateShard$LineStateShard$$Lambda$4840/0x0000000800d01988 (minecraft@1.20.1)
3157:             3             48  net.minecraft.client.renderer.RenderStateShard$WriteMaskStateShard$$Lambda$4817/0x0000000800cbf760 (minecraft@1.20.1)
3158:             3             48  net.minecraft.client.renderer.RenderStateShard$WriteMaskStateShard$$Lambda$4818/0x0000000800cbf980 (minecraft@1.20.1)
3159:             2             48  net.minecraft.client.renderer.block.model.BlockModel$GuiLight (minecraft@1.20.1)
3160:             1             48  net.minecraft.client.renderer.blockentity.BlockEntityRenderDispatcher (minecraft@1.20.1)
3161:             1             48  net.minecraft.client.renderer.blockentity.DecoratedPotRenderer (minecraft@1.20.1)
3162:             1             48  net.minecraft.client.renderer.entity.TropicalFishRenderer (minecraft@1.20.1)
3163:             2             48  net.minecraft.client.renderer.entity.layers.ArrowLayer (minecraft@1.20.1)
3164:             2             48  net.minecraft.client.renderer.entity.layers.CrossedArmsItemLayer (minecraft@1.20.1)
3165:             2             48  net.minecraft.client.renderer.entity.layers.LlamaDecorLayer (minecraft@1.20.1)
3166:             2             48  net.minecraft.client.renderer.entity.layers.ParrotOnShoulderLayer (minecraft@1.20.1)
3167:             2             48  net.minecraft.client.renderer.entity.layers.PlayerItemInHandLayer (minecraft@1.20.1)
3168:             2             48  net.minecraft.client.renderer.entity.layers.SaddleLayer (minecraft@1.20.1)
3169:             2             48  net.minecraft.client.renderer.entity.layers.SpinAttackEffectLayer (minecraft@1.20.1)
3170:             2             48  net.minecraft.client.resources.DefaultPlayerSkin$ModelType (minecraft@1.20.1)
3171:             1             48  net.minecraft.client.resources.model.ModelManager (minecraft@1.20.1)
3172:             2             48  net.minecraft.client.resources.sounds.Sound$Type (minecraft@1.20.1)
3173:             2             48  net.minecraft.client.resources.sounds.SoundInstance$Attenuation (minecraft@1.20.1)
3174:             3             48  net.minecraft.client.searchtree.SearchRegistry$Key (minecraft@1.20.1)
3175:             2             48  net.minecraft.core.Holder$Reference$Type (minecraft@1.20.1)
3176:             2             48  net.minecraft.core.HolderSet$Direct (minecraft@1.20.1)
3177:             2             48  net.minecraft.network.chat.ChatTypeDecoration (minecraft@1.20.1)
3178:             3             48  net.minecraft.network.chat.FormattedText$2 (minecraft@1.20.1)
3179:             3             48  net.minecraft.network.syncher.EntityDataSerializer$$Lambda$2483/0x000000080099eea0 (minecraft@1.20.1)
3180:             3             48  net.minecraft.resources.ResourceKey$$Lambda$2518/0x00000008009acb08 (minecraft@1.20.1)
3181:             2             48  net.minecraft.server.packs.PackType (minecraft@1.20.1)
3182:             2             48  net.minecraft.server.packs.repository.Pack$Position (minecraft@1.20.1)
3183:             2             48  net.minecraft.server.packs.resources.FallbackResourceManager (minecraft@1.20.1)
3184:             2             48  net.minecraft.server.packs.resources.FallbackResourceManager$PackEntry (minecraft@1.20.1)
3185:             2             48  net.minecraft.util.ExtraCodecs$$Lambda$1078/0x000000080056d8b0 (minecraft@1.20.1)
3186:             3             48  net.minecraft.util.ExtraCodecs$$Lambda$3706/0x0000000800b10480 (minecraft@1.20.1)
3187:             3             48  net.minecraft.util.ExtraCodecs$$Lambda$3712/0x0000000800b11208 (minecraft@1.20.1)
3188:             3             48  net.minecraft.util.ExtraCodecs$$Lambda$3716/0x0000000800b11b18 (minecraft@1.20.1)
3189:             2             48  net.minecraft.util.ExtraCodecs$XorCodec (minecraft@1.20.1)
3190:             3             48  net.minecraft.util.StringRepresentable$1 (minecraft@1.20.1)
3191:             3             48  net.minecraft.util.datafix.fixes.AddFlagIfNotPresentFix$$Lambda$2333/0x00000008008b97a0 (minecraft@1.20.1)
3192:             1             48  net.minecraft.util.datafix.fixes.ChunkProtoTickListFix$$Lambda$2340/0x00000008008bf148 (minecraft@1.20.1)
3193:             1             48  net.minecraft.util.datafix.fixes.FurnaceRecipeFix$$Lambda$2312/0x00000008008b3cb8 (minecraft@1.20.1)
3194:             2             48  net.minecraft.util.datafix.fixes.WorldGenSettingsDisallowOldCustomWorldsFix (minecraft@1.20.1)
3195:             3             48  net.minecraft.util.datafix.schemas.V99$$Lambda$1838/0x0000000800820ac0 (minecraft@1.20.1)
3196:             3             48  net.minecraft.util.valueproviders.ConstantInt (minecraft@1.20.1)
3197:             2             48  net.minecraft.world.entity.EquipmentSlot$Type (minecraft@1.20.1)
3198:             3             48  net.minecraft.world.entity.animal.FrogVariant (minecraft@1.20.1)
3199:             2             48  net.minecraft.world.flag.FeatureFlag (minecraft@1.20.1)
3200:             2             48  net.minecraft.world.item.CreativeModeTab$Row (minecraft@1.20.1)
3201:             2             48  net.minecraft.world.level.ChunkPos (minecraft@1.20.1)
3202:             2             48  net.minecraft.world.level.LightLayer (minecraft@1.20.1)
3203:             2             48  net.minecraft.world.level.biome.MultiNoiseBiomeSourceParameterList$Preset (minecraft@1.20.1)
3204:             3             48  net.minecraft.world.level.block.MultifaceSpreader (minecraft@1.20.1)
3205:             2             48  net.minecraft.world.level.block.PressurePlateBlock$Sensitivity (minecraft@1.20.1)
3206:             2             48  net.minecraft.world.level.block.SculkVeinBlock$SculkVeinSpreaderConfig (minecraft@1.20.1)
3207:             2             48  net.minecraft.world.level.block.entity.ChestBlockEntity$1 (minecraft@1.20.1)
3208:             2             48  net.minecraft.world.level.block.state.properties.BedPart (minecraft@1.20.1)
3209:             2             48  net.minecraft.world.level.block.state.properties.ComparatorMode (minecraft@1.20.1)
3210:             2             48  net.minecraft.world.level.block.state.properties.DoorHingeSide (minecraft@1.20.1)
3211:             2             48  net.minecraft.world.level.block.state.properties.DoubleBlockHalf (minecraft@1.20.1)
3212:             2             48  net.minecraft.world.level.block.state.properties.Half (minecraft@1.20.1)
3213:             2             48  net.minecraft.world.level.block.state.properties.PistonType (minecraft@1.20.1)
3214:             2             48  net.minecraft.world.level.chunk.ChunkStatus$ChunkType (minecraft@1.20.1)
3215:             2             48  net.minecraft.world.level.levelgen.GenerationStep$Carving (minecraft@1.20.1)
3216:             2             48  net.minecraft.world.level.levelgen.blockpredicates.MatchingBlocksPredicate (minecraft@1.20.1)
3217:             3             48  net.minecraft.world.level.levelgen.carver.WorldCarver$$Lambda$3094/0x0000000800a7f690 (minecraft@1.20.1)
3218:             3             48  net.minecraft.world.level.levelgen.feature.RandomPatchFeature (minecraft@1.20.1)
3219:             2             48  net.minecraft.world.level.levelgen.structure.StructureSpawnOverride$BoundingBoxType (minecraft@1.20.1)
3220:             2             48  net.minecraft.world.level.levelgen.structure.placement.RandomSpreadType (minecraft@1.20.1)
3221:             2             48  net.minecraft.world.level.levelgen.structure.structures.OceanRuinStructure$Type (minecraft@1.20.1)
3222:             3             48  net.minecraft.world.level.levelgen.structure.templatesystem.BlockIgnoreProcessor (minecraft@1.20.1)
3223:             3             48  net.minecraft.world.level.levelgen.structure.templatesystem.PosRuleTestType$$Lambda$2771/0x0000000800a12c18 (minecraft@1.20.1)
3224:             2             48  net.minecraft.world.level.storage.DataVersion (minecraft@1.20.1)
3225:             3             48  net.minecraft.world.level.storage.loot.entries.CompositeEntryBase$1 (minecraft@1.20.1)
3226:             2             48  net.minecraft.world.scores.criteria.ObjectiveCriteria$RenderType (minecraft@1.20.1)
3227:             2             48  net.minecraftforge.api.distmarker.Dist (mergetool@1.1.5)
3228:             1             48  net.minecraftforge.client.gui.overlay.ForgeGui$ForgeDebugScreenOverlay (forge@47.4.13)
3229:             1             48  net.minecraftforge.common.ForgeConfig$Client (forge@47.4.13)
3230:             1             48  net.minecraftforge.common.ForgeConfig$Server (forge@47.4.13)
3231:             3             48  net.minecraftforge.common.ForgeConfigSpec$Builder$$Lambda$5667/0x0000000800e2d980 (forge@47.4.13)
3232:             2             48  net.minecraftforge.common.ForgeConfigSpec$Builder$$Lambda$5672/0x0000000800e2e8e0 (forge@47.4.13)
3233:             2             48  net.minecraftforge.common.ForgeConfigSpec$Range (forge@47.4.13)
3234:             2             48  net.minecraftforge.common.IExtensibleEnum$$Lambda$1796/0x00000008007f93a8 (forge@47.4.13)
3235:             2             48  net.minecraftforge.common.util.LogicalSidedProvider (forge@47.4.13)
3236:             2             48  net.minecraftforge.event.TickEvent$Phase (forge@47.4.13)
3237:             2             48  net.minecraftforge.fml.LogicalSide (fmlcore@1.20.1-47.4.13)
3238:             1             48  net.minecraftforge.fml.ModLoader (fmlcore@1.20.1-47.4.13)
3239:             2             48  net.minecraftforge.fml.earlydisplay.RenderElement$$Lambda$607/0x00000008003852f0 (fmlearlydisplay@1.20.1-47.4.13)
3240:             2             48  net.minecraftforge.fml.earlydisplay.SimpleBufferBuilder$Mode (fmlearlydisplay@1.20.1-47.4.13)
3241:             2             48  net.minecraftforge.forgespi.locating.ForgeFeature$VersionFeatureTest (net.minecraftforge.forgespi@7.0.1)
3242:             3             48  net.minecraftforge.network.event.EventNetworkChannel (forge@47.4.13)
3243:             2             48  net.minecraftforge.network.simple.IndexedMessageCodec (forge@47.4.13)
3244:             2             48  net.minecrell.terminalconsole.util.LoggerNamePatternSelector (terminalconsoleappender@1.2.0)
3245:             2             48  org.antlr.v4.runtime.atn.ATNDeserializer$UnicodeDeserializingMode (org.antlr.antlr4.runtime@4.9.1)
3246:             2             48  org.antlr.v4.runtime.atn.ATNType (org.antlr.antlr4.runtime@4.9.1)
3247:             3             48  org.antlr.v4.runtime.atn.LexerPushModeAction (org.antlr.antlr4.runtime@4.9.1)
3248:             3             48  org.antlr.v4.runtime.atn.LexerTypeAction (org.antlr.antlr4.runtime@4.9.1)
3249:             2             48  org.antlr.v4.runtime.atn.NotSetTransition (org.antlr.antlr4.runtime@4.9.1)
3250:             1             48  org.antlr.v4.runtime.atn.Transition$1 (org.antlr.antlr4.runtime@4.9.1)
3251:             3             48  org.apache.commons.lang3.text.StrMatcher$StringMatcher (org.apache.commons.lang3@3.12.0)
3252:             3             48  org.apache.commons.lang3.text.translate.NumericEntityUnescaper (org.apache.commons.lang3@3.12.0)
3253:             2             48  org.apache.logging.log4j.core.appender.rolling.CompositeTriggeringPolicy (org.apache.logging.log4j.core@2.19.0)
3254:             2             48  org.apache.logging.log4j.core.appender.rolling.OnStartupTriggeringPolicy (org.apache.logging.log4j.core@2.19.0)
3255:             1             48  org.apache.logging.log4j.core.appender.rolling.TimeBasedTriggeringPolicy (org.apache.logging.log4j.core@2.19.0)
3256:             2             48  org.apache.logging.log4j.core.config.plugins.util.PluginManager (org.apache.logging.log4j.core@2.19.0)
3257:             2             48  org.apache.logging.log4j.core.config.status.StatusConfiguration$Verbosity (org.apache.logging.log4j.core@2.19.0)
3258:             1             48  org.apache.logging.log4j.core.impl.Log4jProvider (org.apache.logging.log4j.core@2.19.0)
3259:             2             48  org.apache.logging.log4j.core.layout.PatternLayout$PatternSelectorSerializer (org.apache.logging.log4j.core@2.19.0)
3260:             2             48  org.apache.logging.log4j.core.pattern.NameAbbreviator$PatternAbbreviatorFragment (org.apache.logging.log4j.core@2.19.0)
3261:             2             48  org.apache.logging.log4j.core.util.DummyNanoClock (org.apache.logging.log4j.core@2.19.0)
3262:             2             48  org.apache.logging.log4j.message.SimpleMessage (org.apache.logging.log4j@2.19.0)
3263:             1             48  org.apache.logging.log4j.simple.SimpleLogger (org.apache.logging.log4j@2.19.0)
3264:             2             48  org.apache.logging.log4j.util.PropertyFilePropertySource (org.apache.logging.log4j@2.19.0)
3265:             1             48  org.openjdk.nashorn.internal.runtime.Source$Cache (org.openjdk.nashorn)
3266:             2             48  org.openjdk.nashorn.internal.runtime.linker.JavaAdapterBytecodeGenerator$MethodInfo (org.openjdk.nashorn)
3267:             2             48  org.openjdk.nashorn.internal.runtime.linker.JavaAdapterClassLoader (org.openjdk.nashorn)
3268:             1             48  org.openjdk.nashorn.internal.scripts.JO1P0 (org.openjdk.nashorn.structures)
3269:             1             48  org.prismlauncher.launcher.impl.StandardLauncher
3270:             2             48  org.spongepowered.asm.mixin.transformer.Config (org.spongepowered.mixin)
3271:             1             48  org.spongepowered.asm.mixin.transformer.MixinTransformer (org.spongepowered.mixin)
3272:             2             48  sun.reflect.generics.tree.Wildcard (java.base@17.0.15)
3273:             2             48  sun.security.ec.ParametersMap (jdk.crypto.ec@17.0.15)
3274:             2             48  sun.security.jca.ProviderList (java.base@17.0.15)
3275:             2             48  sun.security.jca.ProviderList$3 (java.base@17.0.15)
3276:             3             48  sun.security.rsa.PSSParameters (java.base@17.0.15)
3277:             2             48  sun.security.ssl.SSLAlgorithmConstraints (java.base@17.0.15)
3278:             3             48  sun.security.ssl.SSLCipher$StreamReadCipherGenerator (java.base@17.0.15)
3279:             3             48  sun.security.ssl.SSLCipher$StreamWriteCipherGenerator (java.base@17.0.15)
3280:             3             48  sun.security.ssl.SessionId (java.base@17.0.15)
3281:             2             48  sun.security.util.DisabledAlgorithmConstraints$jdkCAConstraint (java.base@17.0.15)
3282:             2             48  sun.util.locale.LocaleExtensions (java.base@17.0.15)
3283:             2             48  sun.util.locale.provider.LocaleServiceProviderPool (java.base@17.0.15)
3284:             1             40  [Lcom.mojang.authlib.minecraft.UserApiService$UserFlag; (authlib@4.0.43)
3285:             1             40  [Lcom.mojang.blaze3d.vertex.VertexFormatElement$Usage; (minecraft@1.20.1)
3286:             2             40  [Lcom.sun.jmx.mbeanserver.ClassLoaderRepositorySupport$LoaderEntry; (java.management@17.0.15)
3287:             1             40  [Lcom.sun.org.apache.xerces.internal.util.Status; (java.xml@17.0.15)
3288:             1             40  [Lcom.sun.org.apache.xerces.internal.utils.XMLSecurityPropertyManager$State; (java.xml@17.0.15)
3289:             1             40  [Ljava.lang.ProcessBuilder$Redirect$Type; (java.base@17.0.15)
3290:             1             40  [Ljava.lang.Thread$State; (java.base@17.0.15)
3291:             1             40  [Ljava.lang.invoke.VarHandle$AccessType; (java.base@17.0.15)
3292:             1             40  [Ljava.nio.charset.Charset; (java.base@17.0.15)
3293:             1             40  [Ljava.security.Permission; (java.base@17.0.15)
3294:             1             40  [Ljava.time.format.SignStyle; (java.base@17.0.15)
3295:             1             40  [Ljava.time.format.TextStyle; (java.base@17.0.15)
3296:             2             40  [Ljava.time.zone.ZoneOffsetTransitionRule; (java.base@17.0.15)
3297:             1             40  [Ljava.util.stream.StreamOpFlag; (java.base@17.0.15)
3298:             1             40  [Ljavax.net.ssl.SSLEngineResult$HandshakeStatus; (java.base@17.0.15)
3299:             1             40  [Ljavax.tools.Diagnostic$Kind; (java.compiler@17.0.15)
3300:             1             40  [Ljdk.dynalink.StandardOperation; (jdk.dynalink@17.0.15)
3301:             1             40  [Lnet.minecraft.Util$OS; (minecraft@1.20.1)
3302:             1             40  [Lnet.minecraft.client.renderer.RenderType; (minecraft@1.20.1)
3303:             1             40  [Lnet.minecraft.client.tutorial.TutorialSteps; (minecraft@1.20.1)
3304:             1             40  [Lnet.minecraft.world.item.Tiers; (minecraft@1.20.1)
3305:             1             40  [Lnet.minecraft.world.item.enchantment.ProtectionEnchantment$Type; (minecraft@1.20.1)
3306:             1             40  [Lnet.minecraft.world.level.biome.MobSpawnSettings$SpawnerData; (minecraft@1.20.1)
3307:             1             40  [Lnet.minecraft.world.level.levelgen.DensityFunctions$Mapped$Type; (minecraft@1.20.1)
3308:             1             40  [Lnet.minecraft.world.level.levelgen.DensityFunctions$Marker$Type; (minecraft@1.20.1)
3309:             1             40  [Lnet.minecraft.world.level.material.PushReaction; (minecraft@1.20.1)
3310:             1             40  [Lnet.minecraftforge.event.TickEvent$Type; (forge@47.4.13)
3311:             1             40  [Lnet.minecraftforge.eventbus.api.EventPriority; (net.minecraftforge.eventbus)
3312:             1             40  [Lnet.minecraftforge.fml.loading.moddiscovery.BackgroundScanHandler$ScanStatus; (fmlloader@1.20.1-47.4.13)
3313:             1             40  [Lorg.apache.logging.log4j.core.LifeCycle$State; (org.apache.logging.log4j.core@2.19.0)
3314:             1             40  [Lorg.apache.logging.log4j.core.appender.rolling.FileExtension; (org.apache.logging.log4j.core@2.19.0)
3315:             1             40  [Lorg.apache.logging.log4j.core.pattern.PatternParser$ParserState; (org.apache.logging.log4j.core@2.19.0)
3316:             1             40  [Lorg.openjdk.nashorn.internal.codegen.Condition; (org.openjdk.nashorn)
3317:             1             40  [Lorg.openjdk.nashorn.internal.codegen.LocalVariableTypesCalculator$LvarType; (org.openjdk.nashorn)
3318:             1             40  [Lorg.spongepowered.asm.logging.Level; (org.spongepowered.mixin)
3319:             1             40  [Lorg.spongepowered.asm.mixin.transformer.ext.IExtension; (org.spongepowered.mixin)
3320:             1             40  [Lsun.security.ssl.CipherSuite$MacAlg; (java.base@17.0.15)
3321:             1             40  [Lsun.security.ssl.ContentType; (java.base@17.0.15)
3322:             1             40  [Lsun.security.ssl.SSLKeyExchange$T12KeyAgreement; (java.base@17.0.15)
3323:             1             40  [Lsun.security.util.DisabledAlgorithmConstraints$Constraint$Operator; (java.base@17.0.15)
3324:             1             40  [Lsun.util.locale.provider.LocaleProviderAdapter$Type; (java.base@17.0.15)
3325:             1             40  [[Lcom.mojang.math.SymmetricGroup3; (minecraft@1.20.1)
3326:             1             40  [[Ljava.lang.invoke.LambdaForm$Name; (java.base@17.0.15)
3327:             1             40  com.google.common.util.concurrent.ThreadFactoryBuilder$1 (com.google.common@31.1-jre)
3328:             1             40  com.google.gson.internal.Excluder
3329:             1             40  com.google.gson.internal.Excluder (com.google.gson@2.10)
3330:             1             40  com.ibm.icu.impl.Trie2$UTrie2Header (com.ibm.icu@71.1)
3331:             1             40  com.mojang.authlib.yggdrasil.YggdrasilMinecraftSessionService (authlib@4.0.43)
3332:             1             40  com.mojang.blaze3d.platform.GlStateManager$Viewport (minecraft@1.20.1)
3333:             1             40  com.sun.jmx.interceptor.DefaultMBeanServerInterceptor (java.management@17.0.15)
3334:             1             40  com.sun.jmx.mbeanserver.JmxMBeanServer (java.management@17.0.15)
3335:             1             40  com.sun.jmx.mbeanserver.MBeanServerDelegateImpl (java.management@17.0.15)
3336:             1             40  com.sun.jna.Structure$LayoutInfo (com.sun.jna@5.12.1)
3337:             1             40  com.sun.management.internal.DiagnosticCommandImpl (jdk.management@17.0.15)
3338:             1             40  com.sun.management.internal.OperatingSystemImpl$ProcessCpuTicks (jdk.management@17.0.15)
3339:             1             40  com.sun.management.internal.OperatingSystemImpl$SystemCpuTicks (jdk.management@17.0.15)
3340:             1             40  com.sun.org.apache.xerces.internal.impl.XMLEntityScanner$1 (java.xml@17.0.15)
3341:             1             40  com.sun.xml.internal.stream.util.BufferAllocator (java.xml@17.0.15)
3342:             1             40  it.unimi.dsi.fastutil.ints.Int2ObjectMaps$UnmodifiableMap (it.unimi.dsi.fastutil@8.5.9)
3343:             1             40  it.unimi.dsi.fastutil.ints.IntAVLTreeSet (it.unimi.dsi.fastutil@8.5.9)
3344:             1             40  it.unimi.dsi.fastutil.longs.Long2ObjectMaps$SynchronizedMap (it.unimi.dsi.fastutil@8.5.9)
3345:             1             40  it.unimi.dsi.fastutil.objects.Object2IntArrayMap (it.unimi.dsi.fastutil@8.5.9)
3346:             1             40  it.unimi.dsi.fastutil.objects.Reference2ReferenceArrayMap (it.unimi.dsi.fastutil@8.5.9)
3347:             1             40  java.io.BufferedInputStream (java.base@17.0.15)
3348:             1             40  java.lang.ArithmeticException (java.base@17.0.15)
3349:             1             40  java.lang.ArrayIndexOutOfBoundsException (java.base@17.0.15)
3350:             1             40  java.lang.ClassCastException (java.base@17.0.15)
3351:             1             40  java.lang.NoSuchMethodError (java.base@17.0.15)
3352:             1             40  java.lang.NoSuchMethodException (java.base@17.0.15)
3353:             1             40  java.lang.VirtualMachineError (java.base@17.0.15)
3354:             1             40  java.lang.invoke.VarHandleInts$FieldStaticReadWrite (java.base@17.0.15)
3355:             1             40  java.time.format.DateTimeFormatterBuilder (java.base@17.0.15)
3356:             1             40  java.util.ResourceBundle$2 (java.base@17.0.15)
3357:             1             40  java.util.concurrent.LinkedBlockingDeque (java.base@17.0.15)
3358:             1             40  javax.crypto.CryptoAllPermission (java.base@17.0.15)
3359:             1             40  jdk.internal.event.SecurityProviderServiceEvent (java.base@17.0.15)
3360:             1             40  jdk.internal.icu.impl.CharTrie (java.base@17.0.15)
3361:             1             40  jdk.internal.icu.impl.UCharacterProperty$1 (java.base@17.0.15)
3362:             1             40  jdk.internal.icu.text.StringPrep (java.base@17.0.15)
3363:             1             40  jdk.internal.logger.LazyLoggers$LazyLoggerAccessor (java.base@17.0.15)
3364:             1             40  jdk.internal.ref.CleanerImpl$CleanerCleanable (java.base@17.0.15)
3365:             1             40  net.minecraft.client.User (minecraft@1.20.1)
3366:             1             40  net.minecraft.client.gui.components.ChatComponent (minecraft@1.20.1)
3367:             1             40  net.minecraft.client.gui.components.PlayerTabOverlay (minecraft@1.20.1)
3368:             1             40  net.minecraft.client.gui.screens.social.PlayerSocialManager (minecraft@1.20.1)
3369:             1             40  net.minecraft.client.model.BlazeModel (minecraft@1.20.1)
3370:             1             40  net.minecraft.client.model.CamelModel (minecraft@1.20.1)
3371:             1             40  net.minecraft.client.model.ChestRaftModel (minecraft@1.20.1)
3372:             1             40  net.minecraft.client.model.DolphinModel (minecraft@1.20.1)
3373:             1             40  net.minecraft.client.model.EvokerFangsModel (minecraft@1.20.1)
3374:             1             40  net.minecraft.client.model.PufferfishBigModel (minecraft@1.20.1)
3375:             1             40  net.minecraft.client.model.PufferfishMidModel (minecraft@1.20.1)
3376:             1             40  net.minecraft.client.model.PufferfishSmallModel (minecraft@1.20.1)
3377:             1             40  net.minecraft.client.model.RaftModel (minecraft@1.20.1)
3378:             1             40  net.minecraft.client.model.SilverfishModel (minecraft@1.20.1)
3379:             1             40  net.minecraft.client.model.SnifferModel (minecraft@1.20.1)
3380:             1             40  net.minecraft.client.multiplayer.chat.ChatListener (minecraft@1.20.1)
3381:             1             40  net.minecraft.client.renderer.LightTexture (minecraft@1.20.1)
3382:             1             40  net.minecraft.client.renderer.OutlineBufferSource (minecraft@1.20.1)
3383:             1             40  net.minecraft.client.renderer.block.BlockRenderDispatcher (minecraft@1.20.1)
3384:             1             40  net.minecraft.client.renderer.debug.WorldGenAttemptRenderer (minecraft@1.20.1)
3385:             1             40  net.minecraft.client.renderer.entity.AllayRenderer (minecraft@1.20.1)
3386:             1             40  net.minecraft.client.renderer.entity.ArmorStandRenderer (minecraft@1.20.1)
3387:             1             40  net.minecraft.client.renderer.entity.AxolotlRenderer (minecraft@1.20.1)
3388:             1             40  net.minecraft.client.renderer.entity.BatRenderer (minecraft@1.20.1)
3389:             1             40  net.minecraft.client.renderer.entity.BeeRenderer (minecraft@1.20.1)
3390:             1             40  net.minecraft.client.renderer.entity.BlazeRenderer (minecraft@1.20.1)
3391:             1             40  net.minecraft.client.renderer.entity.CamelRenderer (minecraft@1.20.1)
3392:             1             40  net.minecraft.client.renderer.entity.CatRenderer (minecraft@1.20.1)
3393:             1             40  net.minecraft.client.renderer.entity.CaveSpiderRenderer (minecraft@1.20.1)
3394:             1             40  net.minecraft.client.renderer.entity.ChickenRenderer (minecraft@1.20.1)
3395:             1             40  net.minecraft.client.renderer.entity.CodRenderer (minecraft@1.20.1)
3396:             1             40  net.minecraft.client.renderer.entity.CowRenderer (minecraft@1.20.1)
3397:             1             40  net.minecraft.client.renderer.entity.CreeperRenderer (minecraft@1.20.1)
3398:             1             40  net.minecraft.client.renderer.entity.DisplayRenderer$BlockDisplayRenderer (minecraft@1.20.1)
3399:             1             40  net.minecraft.client.renderer.entity.DisplayRenderer$ItemDisplayRenderer (minecraft@1.20.1)
3400:             1             40  net.minecraft.client.renderer.entity.DisplayRenderer$TextDisplayRenderer (minecraft@1.20.1)
3401:             1             40  net.minecraft.client.renderer.entity.DolphinRenderer (minecraft@1.20.1)
3402:             1             40  net.minecraft.client.renderer.entity.DrownedRenderer (minecraft@1.20.1)
3403:             1             40  net.minecraft.client.renderer.entity.ElderGuardianRenderer (minecraft@1.20.1)
3404:             1             40  net.minecraft.client.renderer.entity.EndCrystalRenderer (minecraft@1.20.1)
3405:             1             40  net.minecraft.client.renderer.entity.EndermanRenderer (minecraft@1.20.1)
3406:             1             40  net.minecraft.client.renderer.entity.EndermiteRenderer (minecraft@1.20.1)
3407:             1             40  net.minecraft.client.renderer.entity.EvokerRenderer (minecraft@1.20.1)
3408:             1             40  net.minecraft.client.renderer.entity.FoxRenderer (minecraft@1.20.1)
3409:             1             40  net.minecraft.client.renderer.entity.FrogRenderer (minecraft@1.20.1)
3410:             1             40  net.minecraft.client.renderer.entity.GhastRenderer (minecraft@1.20.1)
3411:             1             40  net.minecraft.client.renderer.entity.GiantMobRenderer (minecraft@1.20.1)
3412:             1             40  net.minecraft.client.renderer.entity.GlowSquidRenderer (minecraft@1.20.1)
3413:             1             40  net.minecraft.client.renderer.entity.GoatRenderer (minecraft@1.20.1)
3414:             1             40  net.minecraft.client.renderer.entity.GuardianRenderer (minecraft@1.20.1)
3415:             1             40  net.minecraft.client.renderer.entity.HoglinRenderer (minecraft@1.20.1)
3416:             1             40  net.minecraft.client.renderer.entity.HorseRenderer (minecraft@1.20.1)
3417:             1             40  net.minecraft.client.renderer.entity.HuskRenderer (minecraft@1.20.1)
3418:             1             40  net.minecraft.client.renderer.entity.IllusionerRenderer (minecraft@1.20.1)
3419:             1             40  net.minecraft.client.renderer.entity.IronGolemRenderer (minecraft@1.20.1)
3420:             1             40  net.minecraft.client.renderer.entity.ItemEntityRenderer (minecraft@1.20.1)
3421:             1             40  net.minecraft.client.renderer.entity.MagmaCubeRenderer (minecraft@1.20.1)
3422:             1             40  net.minecraft.client.renderer.entity.MushroomCowRenderer (minecraft@1.20.1)
3423:             1             40  net.minecraft.client.renderer.entity.OcelotRenderer (minecraft@1.20.1)
3424:             1             40  net.minecraft.client.renderer.entity.PandaRenderer (minecraft@1.20.1)
3425:             1             40  net.minecraft.client.renderer.entity.ParrotRenderer (minecraft@1.20.1)
3426:             1             40  net.minecraft.client.renderer.entity.PhantomRenderer (minecraft@1.20.1)
3427:             1             40  net.minecraft.client.renderer.entity.PigRenderer (minecraft@1.20.1)
3428:             1             40  net.minecraft.client.renderer.entity.PillagerRenderer (minecraft@1.20.1)
3429:             1             40  net.minecraft.client.renderer.entity.PolarBearRenderer (minecraft@1.20.1)
3430:             1             40  net.minecraft.client.renderer.entity.RabbitRenderer (minecraft@1.20.1)
3431:             1             40  net.minecraft.client.renderer.entity.RavagerRenderer (minecraft@1.20.1)
3432:             1             40  net.minecraft.client.renderer.entity.SalmonRenderer (minecraft@1.20.1)
3433:             1             40  net.minecraft.client.renderer.entity.SheepRenderer (minecraft@1.20.1)
3434:             1             40  net.minecraft.client.renderer.entity.ShulkerRenderer (minecraft@1.20.1)
3435:             1             40  net.minecraft.client.renderer.entity.SilverfishRenderer (minecraft@1.20.1)
3436:             1             40  net.minecraft.client.renderer.entity.SkeletonRenderer (minecraft@1.20.1)
3437:             1             40  net.minecraft.client.renderer.entity.SlimeRenderer (minecraft@1.20.1)
3438:             1             40  net.minecraft.client.renderer.entity.SnifferRenderer (minecraft@1.20.1)
3439:             1             40  net.minecraft.client.renderer.entity.SnowGolemRenderer (minecraft@1.20.1)
3440:             1             40  net.minecraft.client.renderer.entity.SpiderRenderer (minecraft@1.20.1)
3441:             1             40  net.minecraft.client.renderer.entity.SquidRenderer (minecraft@1.20.1)
3442:             1             40  net.minecraft.client.renderer.entity.StrayRenderer (minecraft@1.20.1)
3443:             1             40  net.minecraft.client.renderer.entity.StriderRenderer (minecraft@1.20.1)
3444:             1             40  net.minecraft.client.renderer.entity.TadpoleRenderer (minecraft@1.20.1)
3445:             1             40  net.minecraft.client.renderer.entity.TntMinecartRenderer (minecraft@1.20.1)
3446:             1             40  net.minecraft.client.renderer.entity.TurtleRenderer (minecraft@1.20.1)
3447:             1             40  net.minecraft.client.renderer.entity.VexRenderer (minecraft@1.20.1)
3448:             1             40  net.minecraft.client.renderer.entity.VillagerRenderer (minecraft@1.20.1)
3449:             1             40  net.minecraft.client.renderer.entity.VindicatorRenderer (minecraft@1.20.1)
3450:             1             40  net.minecraft.client.renderer.entity.WanderingTraderRenderer (minecraft@1.20.1)
3451:             1             40  net.minecraft.client.renderer.entity.WardenRenderer (minecraft@1.20.1)
3452:             1             40  net.minecraft.client.renderer.entity.WitchRenderer (minecraft@1.20.1)
3453:             1             40  net.minecraft.client.renderer.entity.WitherBossRenderer (minecraft@1.20.1)
3454:             1             40  net.minecraft.client.renderer.entity.WitherSkeletonRenderer (minecraft@1.20.1)
3455:             1             40  net.minecraft.client.renderer.entity.WolfRenderer (minecraft@1.20.1)
3456:             1             40  net.minecraft.client.renderer.entity.ZoglinRenderer (minecraft@1.20.1)
3457:             1             40  net.minecraft.client.renderer.entity.ZombieRenderer (minecraft@1.20.1)
3458:             1             40  net.minecraft.client.renderer.entity.ZombieVillagerRenderer (minecraft@1.20.1)
3459:             1             40  net.minecraft.util.datafix.DataFixers$1 (minecraft@1.20.1)
3460:             1             40  net.minecraft.util.datafix.DataFixers$2 (minecraft@1.20.1)
3461:             1             40  net.minecraft.util.datafix.fixes.BlockEntityBannerColorFix (minecraft@1.20.1)
3462:             1             40  net.minecraft.util.datafix.fixes.BlockEntityBlockStateFix (minecraft@1.20.1)
3463:             1             40  net.minecraft.util.datafix.fixes.BlockEntityJukeboxFix (minecraft@1.20.1)
3464:             1             40  net.minecraft.util.datafix.fixes.BlockEntityKeepPacked (minecraft@1.20.1)
3465:             1             40  net.minecraft.util.datafix.fixes.BlockEntityShulkerBoxColorFix (minecraft@1.20.1)
3466:             1             40  net.minecraft.util.datafix.fixes.BlockEntitySignTextStrictJsonFix (minecraft@1.20.1)
3467:             1             40  net.minecraft.util.datafix.fixes.CatTypeFix (minecraft@1.20.1)
3468:             1             40  net.minecraft.util.datafix.fixes.ColorlessShulkerEntityFix (minecraft@1.20.1)
3469:             1             40  net.minecraft.util.datafix.fixes.EntityArmorStandSilentFix (minecraft@1.20.1)
3470:             1             40  net.minecraft.util.datafix.fixes.EntityBrushableBlockFieldsRenameFix (minecraft@1.20.1)
3471:             1             40  net.minecraft.util.datafix.fixes.EntityGoatMissingStateFix (minecraft@1.20.1)
3472:             1             40  net.minecraft.util.datafix.fixes.EntityHorseSaddleFix (minecraft@1.20.1)
3473:             1             40  net.minecraft.util.datafix.fixes.EntityItemFrameDirectionFix (minecraft@1.20.1)
3474:             1             40  net.minecraft.util.datafix.fixes.EntityPaintingFieldsRenameFix (minecraft@1.20.1)
3475:             1             40  net.minecraft.util.datafix.fixes.EntityPaintingMotiveFix (minecraft@1.20.1)
3476:             1             40  net.minecraft.util.datafix.fixes.EntityShulkerColorFix (minecraft@1.20.1)
3477:             1             40  net.minecraft.util.datafix.fixes.EntityShulkerRotationFix (minecraft@1.20.1)
3478:             1             40  net.minecraft.util.datafix.fixes.EntityWolfColorFix (minecraft@1.20.1)
3479:             1             40  net.minecraft.util.datafix.fixes.EntityZombieVillagerTypeFix (minecraft@1.20.1)
3480:             1             40  net.minecraft.util.datafix.fixes.FilteredSignsFix (minecraft@1.20.1)
3481:             1             40  net.minecraft.util.datafix.fixes.ItemSpawnEggFix$$Lambda$2228/0x000000080088b978 (minecraft@1.20.1)
3482:             1             40  net.minecraft.util.datafix.fixes.JigsawPropertiesFix (minecraft@1.20.1)
3483:             1             40  net.minecraft.util.datafix.fixes.MemoryExpiryDataFix (minecraft@1.20.1)
3484:             1             40  net.minecraft.util.datafix.fixes.OminousBannerBlockEntityRenameFix (minecraft@1.20.1)
3485:             1             40  net.minecraft.util.datafix.fixes.OptionsRenameFieldFix (minecraft@1.20.1)
3486:             1             40  net.minecraft.util.datafix.fixes.RemoveGolemGossipFix (minecraft@1.20.1)
3487:             1             40  net.minecraft.util.datafix.fixes.StriderGravityFix (minecraft@1.20.1)
3488:             1             40  net.minecraft.util.datafix.fixes.VariantRenameFix (minecraft@1.20.1)
3489:             1             40  net.minecraft.util.datafix.fixes.VillagerFollowRangeFix (minecraft@1.20.1)
3490:             1             40  net.minecraft.util.datafix.fixes.VillagerTradeFix (minecraft@1.20.1)
3491:             1             40  net.minecraft.util.datafix.fixes.WeaponSmithChestLootTableFix (minecraft@1.20.1)
3492:             1             40  net.minecraft.util.datafix.fixes.ZombieVillagerRebuildXpFix (minecraft@1.20.1)
3493:             1             40  net.minecraft.util.datafix.schemas.V100 (minecraft@1.20.1)
3494:             1             40  net.minecraft.util.datafix.schemas.V102 (minecraft@1.20.1)
3495:             1             40  net.minecraft.util.datafix.schemas.V1022 (minecraft@1.20.1)
3496:             1             40  net.minecraft.util.datafix.schemas.V106 (minecraft@1.20.1)
3497:             1             40  net.minecraft.util.datafix.schemas.V107 (minecraft@1.20.1)
3498:             1             40  net.minecraft.util.datafix.schemas.V1125 (minecraft@1.20.1)
3499:             1             40  net.minecraft.util.datafix.schemas.V135 (minecraft@1.20.1)
3500:             1             40  net.minecraft.util.datafix.schemas.V143 (minecraft@1.20.1)
3501:             1             40  net.minecraft.util.datafix.schemas.V1451 (minecraft@1.20.1)
3502:             1             40  net.minecraft.util.datafix.schemas.V1451_1 (minecraft@1.20.1)
3503:             1             40  net.minecraft.util.datafix.schemas.V1451_2 (minecraft@1.20.1)
3504:             1             40  net.minecraft.util.datafix.schemas.V1451_3 (minecraft@1.20.1)
3505:             1             40  net.minecraft.util.datafix.schemas.V1451_4 (minecraft@1.20.1)
3506:             1             40  net.minecraft.util.datafix.schemas.V1451_5 (minecraft@1.20.1)
3507:             1             40  net.minecraft.util.datafix.schemas.V1451_6 (minecraft@1.20.1)
3508:             1             40  net.minecraft.util.datafix.schemas.V1460 (minecraft@1.20.1)
3509:             1             40  net.minecraft.util.datafix.schemas.V1466 (minecraft@1.20.1)
3510:             1             40  net.minecraft.util.datafix.schemas.V1470 (minecraft@1.20.1)
3511:             1             40  net.minecraft.util.datafix.schemas.V1481 (minecraft@1.20.1)
3512:             1             40  net.minecraft.util.datafix.schemas.V1483 (minecraft@1.20.1)
3513:             1             40  net.minecraft.util.datafix.schemas.V1486 (minecraft@1.20.1)
3514:             1             40  net.minecraft.util.datafix.schemas.V1510 (minecraft@1.20.1)
3515:             1             40  net.minecraft.util.datafix.schemas.V1800 (minecraft@1.20.1)
3516:             1             40  net.minecraft.util.datafix.schemas.V1801 (minecraft@1.20.1)
3517:             1             40  net.minecraft.util.datafix.schemas.V1904 (minecraft@1.20.1)
3518:             1             40  net.minecraft.util.datafix.schemas.V1906 (minecraft@1.20.1)
3519:             1             40  net.minecraft.util.datafix.schemas.V1909 (minecraft@1.20.1)
3520:             1             40  net.minecraft.util.datafix.schemas.V1920 (minecraft@1.20.1)
3521:             1             40  net.minecraft.util.datafix.schemas.V1928 (minecraft@1.20.1)
3522:             1             40  net.minecraft.util.datafix.schemas.V1929 (minecraft@1.20.1)
3523:             1             40  net.minecraft.util.datafix.schemas.V1931 (minecraft@1.20.1)
3524:             1             40  net.minecraft.util.datafix.schemas.V2100 (minecraft@1.20.1)
3525:             1             40  net.minecraft.util.datafix.schemas.V2501 (minecraft@1.20.1)
3526:             1             40  net.minecraft.util.datafix.schemas.V2502 (minecraft@1.20.1)
3527:             1             40  net.minecraft.util.datafix.schemas.V2505 (minecraft@1.20.1)
3528:             1             40  net.minecraft.util.datafix.schemas.V2509 (minecraft@1.20.1)
3529:             1             40  net.minecraft.util.datafix.schemas.V2519 (minecraft@1.20.1)
3530:             1             40  net.minecraft.util.datafix.schemas.V2522 (minecraft@1.20.1)
3531:             1             40  net.minecraft.util.datafix.schemas.V2551 (minecraft@1.20.1)
3532:             1             40  net.minecraft.util.datafix.schemas.V2568 (minecraft@1.20.1)
3533:             1             40  net.minecraft.util.datafix.schemas.V2571 (minecraft@1.20.1)
3534:             1             40  net.minecraft.util.datafix.schemas.V2684 (minecraft@1.20.1)
3535:             1             40  net.minecraft.util.datafix.schemas.V2686 (minecraft@1.20.1)
3536:             1             40  net.minecraft.util.datafix.schemas.V2688 (minecraft@1.20.1)
3537:             1             40  net.minecraft.util.datafix.schemas.V2704 (minecraft@1.20.1)
3538:             1             40  net.minecraft.util.datafix.schemas.V2707 (minecraft@1.20.1)
3539:             1             40  net.minecraft.util.datafix.schemas.V2831 (minecraft@1.20.1)
3540:             1             40  net.minecraft.util.datafix.schemas.V2832 (minecraft@1.20.1)
3541:             1             40  net.minecraft.util.datafix.schemas.V2842 (minecraft@1.20.1)
3542:             1             40  net.minecraft.util.datafix.schemas.V3076 (minecraft@1.20.1)
3543:             1             40  net.minecraft.util.datafix.schemas.V3078 (minecraft@1.20.1)
3544:             1             40  net.minecraft.util.datafix.schemas.V3081 (minecraft@1.20.1)
3545:             1             40  net.minecraft.util.datafix.schemas.V3082 (minecraft@1.20.1)
3546:             1             40  net.minecraft.util.datafix.schemas.V3083 (minecraft@1.20.1)
3547:             1             40  net.minecraft.util.datafix.schemas.V3202 (minecraft@1.20.1)
3548:             1             40  net.minecraft.util.datafix.schemas.V3203 (minecraft@1.20.1)
3549:             1             40  net.minecraft.util.datafix.schemas.V3204 (minecraft@1.20.1)
3550:             1             40  net.minecraft.util.datafix.schemas.V3325 (minecraft@1.20.1)
3551:             1             40  net.minecraft.util.datafix.schemas.V3326 (minecraft@1.20.1)
3552:             1             40  net.minecraft.util.datafix.schemas.V3327 (minecraft@1.20.1)
3553:             1             40  net.minecraft.util.datafix.schemas.V3328 (minecraft@1.20.1)
3554:             1             40  net.minecraft.util.datafix.schemas.V3438 (minecraft@1.20.1)
3555:             1             40  net.minecraft.util.datafix.schemas.V3448 (minecraft@1.20.1)
3556:             1             40  net.minecraft.util.datafix.schemas.V501 (minecraft@1.20.1)
3557:             1             40  net.minecraft.util.datafix.schemas.V700 (minecraft@1.20.1)
3558:             1             40  net.minecraft.util.datafix.schemas.V701 (minecraft@1.20.1)
3559:             1             40  net.minecraft.util.datafix.schemas.V702 (minecraft@1.20.1)
3560:             1             40  net.minecraft.util.datafix.schemas.V703 (minecraft@1.20.1)
3561:             1             40  net.minecraft.util.datafix.schemas.V704 (minecraft@1.20.1)
3562:             1             40  net.minecraft.util.datafix.schemas.V705 (minecraft@1.20.1)
3563:             1             40  net.minecraft.util.datafix.schemas.V808 (minecraft@1.20.1)
3564:             1             40  net.minecraft.util.datafix.schemas.V99 (minecraft@1.20.1)
3565:             1             40  net.minecraft.world.effect.AbsoptionMobEffect (minecraft@1.20.1)
3566:             1             40  net.minecraft.world.effect.HealthBoostMobEffect (minecraft@1.20.1)
3567:             1             40  net.minecraft.world.effect.MobEffects$1 (minecraft@1.20.1)
3568:             1             40  net.minecraftforge.fml.LoadingFailedException (fmlcore@1.20.1-47.4.13)
3569:             1             40  net.minecraftforge.fml.ModList (fmlcore@1.20.1-47.4.13)
3570:             1             40  net.minecraftforge.fml.earlydisplay.RenderElement$DisplayContext (fmlearlydisplay@1.20.1-47.4.13)
3571:             1             40  net.minecraftforge.fml.loading.EarlyLoadingException (fmlloader@1.20.1-47.4.13)
3572:             1             40  net.minecraftforge.fml.loading.moddiscovery.BackgroundScanHandler (fmlloader@1.20.1-47.4.13)
3573:             1             40  net.minecraftforge.fml.loading.moddiscovery.ModValidator (fmlloader@1.20.1-47.4.13)
3574:             1             40  net.minecrell.terminalconsole.TerminalConsoleAppender (terminalconsoleappender@1.2.0)
3575:             1             40  org.antlr.v4.runtime.ParserRuleContext (org.antlr.antlr4.runtime@4.9.1)
3576:             1             40  org.antlr.v4.runtime.atn.ATNConfigSet$ConfigHashSet (org.antlr.antlr4.runtime@4.9.1)
3577:             1             40  org.apache.logging.log4j.core.jmx.LoggerContextAdmin (org.apache.logging.log4j.core@2.19.0)
3578:             1             40  org.apache.logging.log4j.core.jmx.StatusLoggerAdmin (org.apache.logging.log4j.core@2.19.0)
3579:             1             40  org.apache.logging.log4j.status.StatusData (org.apache.logging.log4j@2.19.0)
3580:             1             40  org.joml.Vector3d (org.joml@1.10.5)
3581:             1             40  org.openjdk.nashorn.internal.codegen.ApplySpecialization$AppliesFoundException (org.openjdk.nashorn)
3582:             1             40  org.openjdk.nashorn.internal.codegen.Label$Stack (org.openjdk.nashorn)
3583:             1             40  org.openjdk.nashorn.internal.codegen.types.ArrayType (org.openjdk.nashorn)
3584:             1             40  org.openjdk.nashorn.internal.codegen.types.BooleanType (org.openjdk.nashorn)
3585:             1             40  org.openjdk.nashorn.internal.codegen.types.IntType (org.openjdk.nashorn)
3586:             1             40  org.openjdk.nashorn.internal.codegen.types.LongType (org.openjdk.nashorn)
3587:             1             40  org.openjdk.nashorn.internal.codegen.types.NumberType (org.openjdk.nashorn)
3588:             1             40  org.openjdk.nashorn.internal.codegen.types.Type$1 (org.openjdk.nashorn)
3589:             1             40  org.openjdk.nashorn.internal.codegen.types.Type$2 (org.openjdk.nashorn)
3590:             1             40  org.openjdk.nashorn.internal.codegen.types.Type$3 (org.openjdk.nashorn)
3591:             1             40  org.openjdk.nashorn.internal.codegen.types.Type$4 (org.openjdk.nashorn)
3592:             1             40  org.openjdk.nashorn.internal.codegen.types.Type$5 (org.openjdk.nashorn)
3593:             1             40  org.openjdk.nashorn.internal.codegen.types.Type$6 (org.openjdk.nashorn)
3594:             1             40  org.openjdk.nashorn.internal.codegen.types.Type$7 (org.openjdk.nashorn)
3595:             1             40  org.spongepowered.asm.mixin.MixinEnvironment$CompatibilityLevel (org.spongepowered.mixin)
3596:             1             40  org.spongepowered.asm.mixin.MixinEnvironment$CompatibilityLevel$1 (org.spongepowered.mixin)
3597:             1             40  org.spongepowered.asm.mixin.MixinEnvironment$CompatibilityLevel$10 (org.spongepowered.mixin)
3598:             1             40  org.spongepowered.asm.mixin.MixinEnvironment$CompatibilityLevel$11 (org.spongepowered.mixin)
3599:             1             40  org.spongepowered.asm.mixin.MixinEnvironment$CompatibilityLevel$12 (org.spongepowered.mixin)
3600:             1             40  org.spongepowered.asm.mixin.MixinEnvironment$CompatibilityLevel$2 (org.spongepowered.mixin)
3601:             1             40  org.spongepowered.asm.mixin.MixinEnvironment$CompatibilityLevel$3 (org.spongepowered.mixin)
3602:             1             40  org.spongepowered.asm.mixin.MixinEnvironment$CompatibilityLevel$4 (org.spongepowered.mixin)
3603:             1             40  org.spongepowered.asm.mixin.MixinEnvironment$CompatibilityLevel$5 (org.spongepowered.mixin)
3604:             1             40  org.spongepowered.asm.mixin.MixinEnvironment$CompatibilityLevel$6 (org.spongepowered.mixin)
3605:             1             40  org.spongepowered.asm.mixin.MixinEnvironment$CompatibilityLevel$7 (org.spongepowered.mixin)
3606:             1             40  org.spongepowered.asm.mixin.MixinEnvironment$CompatibilityLevel$8 (org.spongepowered.mixin)
3607:             1             40  org.spongepowered.asm.mixin.MixinEnvironment$CompatibilityLevel$9 (org.spongepowered.mixin)
3608:             1             40  org.spongepowered.asm.mixin.transformer.ext.Extensions (org.spongepowered.mixin)
3609:             1             40  oshi.util.Memoizer$1 (com.github.oshi@6.2.2)
3610:             1             40  sun.net.www.MessageHeader (java.base@17.0.15)
3611:             1             40  sun.net.www.http.KeepAliveStreamCleaner (java.base@17.0.15)
3612:             1             40  sun.nio.cs.StandardCharsets$Aliases (java.base@17.0.15)
3613:             1             40  sun.nio.cs.StandardCharsets$Cache (java.base@17.0.15)
3614:             1             40  sun.security.ssl.Plaintext (java.base@17.0.15)
3615:             1             40  sun.security.ssl.TrustStoreManager$TrustStoreDescriptor (java.base@17.0.15)
3616:             1             40  sun.security.ssl.X509TrustManagerImpl (java.base@17.0.15)
3617:             1             40  sun.text.resources.cldr.FormatData (java.base@17.0.15)
3618:             1             40  sun.text.resources.cldr.FormatData_en (java.base@17.0.15)
3619:             1             40  sun.util.locale.InternalLocaleBuilder (java.base@17.0.15)
3620:             1             40  sun.util.resources.Bundles$1 (java.base@17.0.15)
3621:             1             40  sun.util.resources.cldr.CalendarData (java.base@17.0.15)
3622:             1             32  [Lcom.electronwill.nightconfig.core.io.IndentStyle; (com.electronwill.nightconfig.core@3.6.4)
3623:             1             32  [Lcom.electronwill.nightconfig.core.io.ParsingMode; (com.electronwill.nightconfig.core@3.6.4)
3624:             1             32  [Lcom.google.common.base.AbstractIterator$State; (com.google.common@31.1-jre)
3625:             1             32  [Lcom.google.common.cache.LocalCache$Strength; (com.google.common@31.1-jre)
3626:             1             32  [Lcom.google.common.collect.AbstractIterator$State; (com.google.common@31.1-jre)
3627:             1             32  [Lcom.google.gson.ReflectionAccessFilter$FilterResult; (com.google.gson@2.10)
3628:             1             32  [Lcom.google.gson.ReflectionAccessFilter$FilterResult;
3629:             1             32  [Lcom.google.gson.ToNumberPolicy; (com.google.gson@2.10)
3630:             1             32  [Lcom.google.gson.ToNumberPolicy;
3631:             1             32  [Lcom.llamalad7.mixinextras.transformer.MixinTransformer; (MixinExtras@0.5.3)
3632:             1             32  [Lcom.mojang.blaze3d.platform.InputConstants$Type; (minecraft@1.20.1)
3633:             1             32  [Lcom.mojang.blaze3d.platform.NativeImage$Format; (minecraft@1.20.1)
3634:             1             32  [Lcom.mojang.blaze3d.platform.NativeImage$InternalGlFormat; (minecraft@1.20.1)
3635:             1             32  [Lcom.mojang.datafixers.functions.PointFreeRule$CompRewrite; (datafixerupper@6.0.8)
3636:             1             32  [Lcom.mojang.datafixers.functions.PointFreeRule; (datafixerupper@6.0.8)
3637:             1             32  [Lcom.mojang.realmsclient.client.RealmsClient$Environment; (minecraft@1.20.1)
3638:             1             32  [Lcom.mojang.text2speech.OperatingSystem; (text2speech@1.17.9)
3639:             1             32  [Lcom.sun.org.apache.xerces.internal.utils.XMLSecurityManager$NameMap; (java.xml@17.0.15)
3640:             1             32  [Lcpw.mods.jarhandling.SecureJar$Status; (cpw.mods.securejarhandler)
3641:             1             32  [Lcpw.mods.modlauncher.api.INameMappingService$Domain; (cpw.mods.modlauncher@10.0.9)
3642:             1             32  [Lcpw.mods.modlauncher.api.ITransformerActivity$Type; (cpw.mods.modlauncher@10.0.9)
3643:             1             32  [Lcpw.mods.modlauncher.api.TransformerVoteResult; (cpw.mods.modlauncher@10.0.9)
3644:             1             32  [Lio.netty.util.ResourceLeakDetector$Level; (io.netty.common@4.1.82.Final)
3645:             1             32  [Ljava.lang.ProcessImpl$Platform; (java.base@17.0.15)
3646:             1             32  [Ljava.lang.StackStreamFactory$WalkerState; (java.base@17.0.15)
3647:             1             32  [Ljava.lang.ThreadGroup; (java.base@17.0.15)
3648:             2             32  [Ljava.lang.Throwable; (java.base@17.0.15)
3649:             1             32  [Ljava.lang.invoke.MethodHandleImpl$ArrayAccess; (java.base@17.0.15)
3650:             1             32  [Ljava.lang.invoke.VarHandle$VarHandleDesc$Kind; (java.base@17.0.15)
3651:             1             32  [Ljava.lang.management.MemoryManagerMXBean; (java.management@17.0.15)
3652:             1             32  [Ljava.lang.module.ModuleDescriptor$Modifier; (java.base@17.0.15)
3653:             1             32  [Ljava.net.Proxy$Type; (java.base@17.0.15)
3654:             1             32  [Ljava.net.StandardProtocolFamily; (java.base@17.0.15)
3655:             1             32  [Ljava.nio.file.AccessMode; (java.base@17.0.15)
3656:             1             32  [Ljava.nio.file.FileTreeWalker$EventType; (java.base@17.0.15)
3657:             1             32  [Ljava.nio.file.StandardCopyOption; (java.base@17.0.15)
3658:             1             32  [Ljava.text.Normalizer$Form; (java.base@17.0.15)
3659:             1             32  [Ljava.time.format.DateTimeFormatterBuilder$SettingsParser; (java.base@17.0.15)
3660:             1             32  [Ljava.time.format.ResolverStyle; (java.base@17.0.15)
3661:             1             32  [Ljava.time.temporal.IsoFields$Field; (java.base@17.0.15)
3662:             1             32  [Ljava.time.temporal.JulianFields$Field; (java.base@17.0.15)
3663:             1             32  [Ljava.time.zone.ZoneOffsetTransitionRule$TimeDefinition; (java.base@17.0.15)
3664:             1             32  [Ljava.util.regex.Pattern$Qtype; (java.base@17.0.15)
3665:             1             32  [Ljava.util.stream.MatchOps$MatchKind; (java.base@17.0.15)
3666:             1             32  [Ljava.util.stream.StreamShape; (java.base@17.0.15)
3667:             1             32  [Ljavax.xml.catalog.CatalogFeatures$Feature; (java.xml@17.0.15)
3668:             1             32  [Ljdk.dynalink.BiClassValue$RetentionDirection; (jdk.dynalink@17.0.15)
3669:             1             32  [Ljdk.dynalink.StandardNamespace; (jdk.dynalink@17.0.15)
3670:             1             32  [Ljdk.dynalink.beans.GuardedInvocationComponent$ValidationType; (jdk.dynalink@17.0.15)
3671:             1             32  [Ljdk.internal.icu.util.CodePointTrie$ValueWidth; (java.base@17.0.15)
3672:             1             32  [Ljdk.internal.logger.BootstrapLogger$LoggingBackend; (java.base@17.0.15)
3673:             1             32  [Ljdk.internal.math.FormattedFloatingDecimal$Form; (java.base@17.0.15)
3674:             1             32  [Ljdk.internal.module.ServicesCatalog; (java.base@17.0.15)
3675:             1             32  [Lnet.fabricmc.loader.api.metadata.ModOrigin$Kind; (net.fabricmc.loader@2.6.0+0.15.0+1.20.1-full)
3676:             1             32  [Lnet.minecraft.client.InputType; (minecraft@1.20.1)
3677:             1             32  [Lnet.minecraft.client.ResourceLoadStateTracker$ReloadReason; (minecraft@1.20.1)
3678:             1             32  [Lnet.minecraft.client.User$Type; (minecraft@1.20.1)
3679:             1             32  [Lnet.minecraft.client.gui.Font$DisplayMode; (minecraft@1.20.1)
3680:             1             32  [Lnet.minecraft.client.gui.narration.NarratableEntry$NarrationPriority; (minecraft@1.20.1)
3681:             1             32  [Lnet.minecraft.client.gui.narration.NarratedElementType; (minecraft@1.20.1)
3682:             1             32  [Lnet.minecraft.client.renderer.DimensionSpecialEffects$SkyType; (minecraft@1.20.1)
3683:             1             32  [Lnet.minecraft.client.renderer.RenderType$OutlineProperty; (minecraft@1.20.1)
3684:             1             32  [Lnet.minecraft.client.renderer.block.model.ItemModelGenerator$SpanFacing; (minecraft@1.20.1)
3685:             1             32  [Lnet.minecraft.client.sounds.SoundEngine$DeviceCheckState; (minecraft@1.20.1)
3686:             1             32  [Lnet.minecraft.server.packs.repository.PackCompatibility; (minecraft@1.20.1)
3687:             1             32  [Lnet.minecraft.util.ByIdMap$OutOfBoundsStrategy; (minecraft@1.20.1)
3688:             1             32  [Lnet.minecraft.util.ModCheck$Confidence; (minecraft@1.20.1)
3689:             1             32  [Lnet.minecraft.world.effect.MobEffectCategory; (minecraft@1.20.1)
3690:             1             32  [Lnet.minecraft.world.entity.EntityType; (minecraft@1.20.1)
3691:             1             32  [Lnet.minecraft.world.entity.animal.IronGolem$Crackiness; (minecraft@1.20.1)
3692:             1             32  [Lnet.minecraft.world.item.CreativeModeTab$Type; (minecraft@1.20.1)
3693:             1             32  [Lnet.minecraft.world.item.Rarity; (minecraft@1.20.1)
3694:             1             32  [Lnet.minecraft.world.item.enchantment.Enchantment$Rarity; (minecraft@1.20.1)
3695:             1             32  [Lnet.minecraft.world.level.biome.BiomeSpecialEffects$GrassColorModifier; (minecraft@1.20.1)
3696:             1             32  [Lnet.minecraft.world.level.block.RenderShape; (minecraft@1.20.1)
3697:             1             32  [Lnet.minecraft.world.level.block.WeatheringCopper$WeatherState; (minecraft@1.20.1)
3698:             1             32  [Lnet.minecraft.world.level.block.entity.ShulkerBoxBlockEntity$AnimationStatus; (minecraft@1.20.1)
3699:             1             32  [Lnet.minecraft.world.level.block.state.BlockBehaviour$OffsetType; (minecraft@1.20.1)
3700:             1             32  [Lnet.minecraft.world.level.block.state.properties.BooleanProperty; (minecraft@1.20.1)
3701:             1             32  [Lnet.minecraft.world.level.block.state.properties.NoteBlockInstrument$Type; (minecraft@1.20.1)
3702:             1             32  [Lnet.minecraft.world.level.levelgen.DensityFunctions$TwoArgumentSimpleFunction$Type; (minecraft@1.20.1)
3703:             1             32  [Lnet.minecraft.world.level.levelgen.Heightmap$Usage; (minecraft@1.20.1)
3704:             1             32  [Lnet.minecraft.world.level.pathfinder.PathComputationType; (minecraft@1.20.1)
3705:             1             32  [Lnet.minecraftforge.accesstransformer.AccessTransformer$FinalState; (accesstransformers@8.0.4)
3706:             1             32  [Lnet.minecraftforge.accesstransformer.TargetType; (accesstransformers@8.0.4)
3707:             1             32  [Lnet.minecraftforge.client.settings.KeyConflictContext; (forge@47.4.13)
3708:             1             32  [Lnet.minecraftforge.eventbus.api.Event$Result; (net.minecraftforge.eventbus)
3709:             1             32  [Lnet.minecraftforge.fml.earlydisplay.ElementShader$RenderType; (fmlearlydisplay@1.20.1-47.4.13)
3710:             1             32  [Lnet.minecraftforge.fml.earlydisplay.SimpleBufferBuilder$Format; (fmlearlydisplay@1.20.1-47.4.13)
3711:             1             32  [Lnet.minecraftforge.fml.loading.FMLPaths; (fmlloader@1.20.1-47.4.13)
3712:             1             32  [Lnet.minecraftforge.installer.HashFunction;
3713:             1             32  [Lnet.minecraftforge.installer.actions.ProgressCallback$MessagePriority;
3714:             1             32  [Lnet.minecraftforge.network.NetworkDirection; (forge@47.4.13)
3715:             1             32  [Lorg.antlr.v4.runtime.CodePointBuffer$Type; (org.antlr.antlr4.runtime@4.9.1)
3716:             1             32  [Lorg.antlr.v4.runtime.atn.PredictionMode; (org.antlr.antlr4.runtime@4.9.1)
3717:             1             32  [Lorg.apache.commons.io.StandardLineSeparator; (org.apache.commons.io@2.11.0)
3718:             2             32  [Lorg.apache.logging.log4j.core.appender.rolling.action.Action; (org.apache.logging.log4j.core@2.19.0)
3719:             1             32  [Lorg.apache.logging.log4j.core.config.LoggerConfig$LoggerConfigPredicate; (org.apache.logging.log4j.core@2.19.0)
3720:             1             32  [Lorg.apache.logging.log4j.core.util.datetime.FixedDateFormat$FixedTimeZoneFormat; (org.apache.logging.log4j.core@2.19.0)
3721:             1             32  [Lorg.lwjgl.Version$BuildType; (org.lwjgl@3.3.1+7)
3722:             1             32  [Lorg.lwjgl.system.Platform$Architecture; (org.lwjgl@3.3.1+7)
3723:             1             32  [Lorg.lwjgl.system.Platform; (org.lwjgl@3.3.1+7)
3724:             1             32  [Lorg.openjdk.nashorn.internal.runtime.Context$FieldMode; (org.openjdk.nashorn)
3725:             1             32  [Lorg.openjdk.nashorn.internal.runtime.ScriptEnvironment$AnonymousClasses; (org.openjdk.nashorn)
3726:             1             32  [Lorg.openjdk.nashorn.internal.runtime.ScriptEnvironment$FunctionStatementBehavior; (org.openjdk.nashorn)
3727:             1             32  [Lorg.prismlauncher.EntryPoint$PreLaunchAction;
3728:             1             32  [Lorg.spongepowered.asm.launch.platform.IMixinPlatformAgent$AcceptResult; (org.spongepowered.mixin)
3729:             1             32  [Lorg.spongepowered.asm.mixin.MixinEnvironment$Option$Inherit; (org.spongepowered.mixin)
3730:             1             32  [Lorg.spongepowered.asm.mixin.MixinEnvironment$Side; (org.spongepowered.mixin)
3731:             1             32  [Lorg.spongepowered.asm.mixin.transformer.MixinCoprocessor$ProcessResult; (org.spongepowered.mixin)
3732:             1             32  [Lorg.spongepowered.asm.mixin.transformer.PluginHandle$CompatibilityMode; (org.spongepowered.mixin)
3733:             1             32  [Lsun.net.www.protocol.http.HttpURLConnection$TunnelState; (java.base@17.0.15)
3734:             1             32  [Lsun.security.provider.NativePRNG$Variant; (java.base@17.0.15)
3735:             1             32  [Lsun.security.provider.certpath.OCSP$RevocationStatus$CertStatus; (java.base@17.0.15)
3736:             1             32  [Lsun.security.ssl.CipherSuite$HashAlg; (java.base@17.0.15)
3737:             1             32  [Lsun.security.ssl.CipherType; (java.base@17.0.15)
3738:             1             32  [Lsun.security.ssl.ClientAuthType; (java.base@17.0.15)
3739:             1             32  [Lsun.security.ssl.ECPointFormatsExtension$ECPointFormat; (java.base@17.0.15)
3740:             1             32  [Lsun.security.ssl.Finished$VerifyDataScheme; (java.base@17.0.15)
3741:             1             32  [Lsun.security.ssl.SSLTrafficKeyDerivation; (java.base@17.0.15)
3742:             1             32  [Lsun.security.ssl.SignatureScheme$SigAlgParamSpec; (java.base@17.0.15)
3743:             1             32  [[[I (java.base@17.0.15)
3744:             2             32  com.electronwill.nightconfig.core.InMemoryCommentedFormat (com.electronwill.nightconfig.core@3.6.4)
3745:             2             32  com.google.common.collect.Interners$InternerImpl (com.google.common@31.1-jre)
3746:             1             32  com.google.common.collect.Iterators$ArrayItr (com.google.common@31.1-jre)
3747:             1             32  com.google.common.hash.MessageDigestHashFunction (com.google.common@31.1-jre)
3748:             2             32  com.google.gson.internal.ConstructorConstructor$13
3749:             1             32  com.google.gson.internal.bind.MapTypeAdapterFactory$Adapter (com.google.gson@2.10)
3750:             1             32  com.google.gson.internal.bind.ReflectiveTypeAdapterFactory
3751:             1             32  com.google.gson.internal.bind.ReflectiveTypeAdapterFactory$RecordAdapter (com.google.gson@2.10)
3752:             1             32  com.google.gson.internal.bind.TreeTypeAdapter$SingleTypeFactory
3753:             1             32  com.google.gson.internal.reflect.ReflectionHelper$RecordSupportedHelper
3754:             1             32  com.google.gson.internal.reflect.ReflectionHelper$RecordSupportedHelper (com.google.gson@2.10)
3755:             1             32  com.ibm.icu.impl.UBiDiProps (com.ibm.icu@71.1)
3756:             2             32  com.mojang.authlib.properties.PropertyMap$Serializer (authlib@4.0.43)
3757:             1             32  com.mojang.authlib.yggdrasil.YggdrasilAuthenticationService (authlib@4.0.43)
3758:             1             32  com.mojang.authlib.yggdrasil.YggdrasilServicesKeyInfo$$Lambda$4369/0x0000000800be88c8 (authlib@4.0.43)
3759:             2             32  com.mojang.blaze3d.font.SpaceProvider$$Lambda$5423/0x0000000800de8420 (minecraft@1.20.1)
3760:             1             32  com.mojang.blaze3d.platform.DisplayData (minecraft@1.20.1)
3761:             1             32  com.mojang.blaze3d.platform.GlStateManager$BlendState (minecraft@1.20.1)
3762:             1             32  com.mojang.blaze3d.platform.GlStateManager$PolygonOffsetState (minecraft@1.20.1)
3763:             1             32  com.mojang.blaze3d.platform.GlStateManager$StencilState (minecraft@1.20.1)
3764:             2             32  com.mojang.blaze3d.shaders.AbstractUniform (minecraft@1.20.1)
3765:             2             32  com.mojang.blaze3d.vertex.Tesselator (minecraft@1.20.1)
3766:             2             32  com.mojang.blaze3d.vertex.VertexSorting$$Lambda$4345/0x0000000800bbb1f8 (minecraft@1.20.1)
3767:             1             32  com.mojang.datafixers.DataFixerUpper (datafixerupper@6.0.8)
3768:             2             32  com.mojang.realmsclient.dto.GuardedSerializer (minecraft@1.20.1)
3769:             2             32  com.mojang.serialization.Codec$$Lambda$3853/0x0000000800aadc38 (datafixerupper@6.0.8)
3770:             2             32  com.mojang.serialization.Codec$$Lambda$3854/0x0000000800aade80 (datafixerupper@6.0.8)
3771:             2             32  com.mojang.serialization.JsonOps (datafixerupper@6.0.8)
3772:             1             32  com.sun.jmx.mbeanserver.Repository (java.management@17.0.15)
3773:             1             32  com.sun.jna.Library$Handler (com.sun.jna@5.12.1)
3774:             1             32  com.sun.management.internal.OperatingSystemImpl (jdk.management@17.0.15)
3775:             2             32  com.sun.org.apache.xerces.internal.impl.dv.dtd.ENTITYDatatypeValidator (java.xml@17.0.15)
3776:             2             32  com.sun.proxy.jdk.proxy1.$Proxy1 (jdk.proxy1)
3777:             2             32  com.sun.proxy.jdk.proxy1.$Proxy27 (jdk.proxy1)
3778:             1             32  cpw.mods.modlauncher.ClassTransformer (cpw.mods.modlauncher@10.0.9)
3779:             2             32  io.netty.util.internal.logging.Slf4JLoggerFactory (io.netty.common@4.1.82.Final)
3780:             1             32  java.io.UnixFileSystem (java.base@17.0.15)
3781:             2             32  java.lang.Boolean (java.base@17.0.15)
3782:             1             32  java.lang.Module$ArchivedData (java.base@17.0.15)
3783:             2             32  java.lang.Shutdown$Lock (java.base@17.0.15)
3784:             1             32  java.net.InetAddress$CachedLocalHost (java.base@17.0.15)
3785:             2             32  java.nio.ByteOrder (java.base@17.0.15)
3786:             2             32  java.nio.file.attribute.PosixFilePermissions$1 (java.base@17.0.15)
3787:             1             32  java.text.DontCareFieldPosition (java.base@17.0.15)
3788:             2             32  java.time.format.DateTimeFormatterBuilder$StringLiteralPrinterParser (java.base@17.0.15)
3789:             1             32  java.util.ArrayList$Itr (java.base@17.0.15)
3790:             1             32  java.util.Collections$UnmodifiableSortedMap (java.base@17.0.15)
3791:             1             32  java.util.LinkedHashMap$LinkedKeyIterator (java.base@17.0.15)
3792:             1             32  java.util.Random (java.base@17.0.15)
3793:             2             32  java.util.ResourceBundle$SingleFormatControl (java.base@17.0.15)
3794:             1             32  java.util.Stack (java.base@17.0.15)
3795:             2             32  java.util.concurrent.SynchronousQueue$TransferStack (java.base@17.0.15)
3796:             1             32  java.util.concurrent.ThreadLocalRandom (java.base@17.0.15)
3797:             1             32  java.util.concurrent.locks.AbstractQueuedSynchronizer$ConditionNode (java.base@17.0.15)
3798:             1             32  java.util.concurrent.locks.AbstractQueuedSynchronizer$ExclusiveNode (java.base@17.0.15)
3799:             1             32  java.util.logging.LogManager$SystemLoggerContext (java.logging@17.0.15)
3800:             2             32  java.util.regex.CharPredicates$$Lambda$1262/0x00000008002fb0b8 (java.base@17.0.15)
3801:             1             32  java.util.regex.Pattern$BnM (java.base@17.0.15)
3802:             1             32  java.util.regex.Pattern$NotBehind (java.base@17.0.15)
3803:             1             32  java.util.zip.ZipCoder$UTF8ZipCoder (java.base@17.0.15)
3804:             2             32  jdk.dynalink.linker.support.Lookup (jdk.dynalink@17.0.15)
3805:             1             32  jdk.internal.loader.ArchivedClassLoaders (java.base@17.0.15)
3806:             1             32  jdk.internal.module.ArchivedModuleGraph (java.base@17.0.15)
3807:             2             32  jdk.internal.module.ModuleResolution (java.base@17.0.15)
3808:             2             32  jdk.internal.module.ModuleTarget (java.base@17.0.15)
3809:             1             32  jdk.internal.org.objectweb.asm.ConstantDynamic (java.base@17.0.15)
3810:             1             32  jdk.internal.org.objectweb.asm.Handle (java.base@17.0.15)
3811:             1             32  jdk.internal.reflect.UnsafeQualifiedStaticLongFieldAccessorImpl (java.base@17.0.15)
3812:             1             32  jdk.net.ExtendedSocketOptions$1 (jdk.net@17.0.15)
3813:             2             32  jdk.proxy2.$Proxy15 (jdk.proxy2)
3814:             2             32  jdk.proxy2.$Proxy23 (jdk.proxy2)
3815:             2             32  net.minecraft.DefaultUncaughtExceptionHandler (minecraft@1.20.1)
3816:             1             32  net.minecraft.client.HotbarManager (minecraft@1.20.1)
3817:             1             32  net.minecraft.client.OptionInstance$AltEnum (minecraft@1.20.1)
3818:             1             32  net.minecraft.client.PeriodicNotificationManager (minecraft@1.20.1)
3819:             1             32  net.minecraft.client.ResourceLoadStateTracker$ReloadState (minecraft@1.20.1)
3820:             2             32  net.minecraft.client.StringSplitter (minecraft@1.20.1)
3821:             1             32  net.minecraft.client.Timer (minecraft@1.20.1)
3822:             2             32  net.minecraft.client.gui.Font$$Lambda$4927/0x0000000800d18db8 (minecraft@1.20.1)
3823:             1             32  net.minecraft.client.gui.components.spectator.SpectatorGui (minecraft@1.20.1)
3824:             1             32  net.minecraft.client.gui.components.toasts.ToastComponent (minecraft@1.20.1)
3825:             1             32  net.minecraft.client.gui.font.FontManager (minecraft@1.20.1)
3826:             1             32  net.minecraft.client.main.GameConfig (minecraft@1.20.1)
3827:             1             32  net.minecraft.client.main.GameConfig$FolderData (minecraft@1.20.1)
3828:             1             32  net.minecraft.client.main.GameConfig$QuickPlayData (minecraft@1.20.1)
3829:             1             32  net.minecraft.client.main.GameConfig$UserData (minecraft@1.20.1)
3830:             1             32  net.minecraft.client.model.CodModel (minecraft@1.20.1)
3831:             1             32  net.minecraft.client.model.EndermiteModel (minecraft@1.20.1)
3832:             1             32  net.minecraft.client.model.GhastModel (minecraft@1.20.1)
3833:             1             32  net.minecraft.client.model.LavaSlimeModel (minecraft@1.20.1)
3834:             1             32  net.minecraft.client.model.LeashKnotModel (minecraft@1.20.1)
3835:             1             32  net.minecraft.client.model.LlamaSpitModel (minecraft@1.20.1)
3836:             1             32  net.minecraft.client.model.SalmonModel (minecraft@1.20.1)
3837:             1             32  net.minecraft.client.model.ShieldModel (minecraft@1.20.1)
3838:             1             32  net.minecraft.client.model.ShulkerBulletModel (minecraft@1.20.1)
3839:             1             32  net.minecraft.client.multiplayer.AccountProfileKeyPairManager (minecraft@1.20.1)
3840:             1             32  net.minecraft.client.multiplayer.chat.report.ReportingContext (minecraft@1.20.1)
3841:             2             32  net.minecraft.client.particle.FlameParticle$Provider (minecraft@1.20.1)
3842:             1             32  net.minecraft.client.renderer.RenderBuffers (minecraft@1.20.1)
3843:             2             32  net.minecraft.client.renderer.RenderStateShard$CullStateShard$$Lambda$4813/0x0000000800cbeaa0 (minecraft@1.20.1)
3844:             2             32  net.minecraft.client.renderer.RenderStateShard$CullStateShard$$Lambda$4814/0x0000000800cbecc0 (minecraft@1.20.1)
3845:             2             32  net.minecraft.client.renderer.RenderStateShard$LightmapStateShard$$Lambda$4809/0x0000000800cbbd30 (minecraft@1.20.1)
3846:             2             32  net.minecraft.client.renderer.RenderStateShard$LightmapStateShard$$Lambda$4810/0x0000000800cbe000 (minecraft@1.20.1)
3847:             2             32  net.minecraft.client.renderer.RenderStateShard$MultiTextureStateShard$$Lambda$4885/0x0000000800d0cc40 (minecraft@1.20.1)
3848:             2             32  net.minecraft.client.renderer.RenderStateShard$OverlayStateShard$$Lambda$4811/0x0000000800cbe440 (minecraft@1.20.1)
3849:             2             32  net.minecraft.client.renderer.RenderStateShard$OverlayStateShard$$Lambda$4812/0x0000000800cbe660 (minecraft@1.20.1)
3850:             2             32  net.minecraft.client.renderer.block.model.BlockElement$Deserializer (minecraft@1.20.1)
3851:             2             32  net.minecraft.client.renderer.block.model.BlockElementFace$Deserializer (minecraft@1.20.1)
3852:             2             32  net.minecraft.client.renderer.block.model.BlockFaceUV$Deserializer (minecraft@1.20.1)
3853:             2             32  net.minecraft.client.renderer.block.model.FaceBakery (minecraft@1.20.1)
3854:             2             32  net.minecraft.client.renderer.block.model.ItemModelGenerator (minecraft@1.20.1)
3855:             2             32  net.minecraft.client.renderer.block.model.ItemOverride$Deserializer (minecraft@1.20.1)
3856:             2             32  net.minecraft.client.renderer.block.model.ItemTransform$Deserializer (minecraft@1.20.1)
3857:             2             32  net.minecraft.client.renderer.block.model.ItemTransforms$Deserializer (minecraft@1.20.1)
3858:             1             32  net.minecraft.client.renderer.blockentity.ConduitRenderer (minecraft@1.20.1)
3859:             1             32  net.minecraft.client.renderer.debug.BeeDebugRenderer (minecraft@1.20.1)
3860:             1             32  net.minecraft.client.renderer.debug.BrainDebugRenderer (minecraft@1.20.1)
3861:             1             32  net.minecraft.client.renderer.debug.ChunkDebugRenderer (minecraft@1.20.1)
3862:             1             32  net.minecraft.client.renderer.debug.CollisionBoxRenderer (minecraft@1.20.1)
3863:             1             32  net.minecraft.client.renderer.debug.LightSectionDebugRenderer (minecraft@1.20.1)
3864:             1             32  net.minecraft.client.renderer.debug.StructureRenderer (minecraft@1.20.1)
3865:             1             32  net.minecraft.client.renderer.debug.SupportBlockRenderer (minecraft@1.20.1)
3866:             1             32  net.minecraft.client.renderer.entity.DragonFireballRenderer (minecraft@1.20.1)
3867:             1             32  net.minecraft.client.renderer.entity.EnderDragonRenderer (minecraft@1.20.1)
3868:             1             32  net.minecraft.client.renderer.entity.EvokerFangsRenderer (minecraft@1.20.1)
3869:             1             32  net.minecraft.client.renderer.entity.ExperienceOrbRenderer (minecraft@1.20.1)
3870:             1             32  net.minecraft.client.renderer.entity.FallingBlockRenderer (minecraft@1.20.1)
3871:             1             32  net.minecraft.client.renderer.entity.FireworkEntityRenderer (minecraft@1.20.1)
3872:             1             32  net.minecraft.client.renderer.entity.FishingHookRenderer (minecraft@1.20.1)
3873:             1             32  net.minecraft.client.renderer.entity.ItemRenderer (minecraft@1.20.1)
3874:             1             32  net.minecraft.client.renderer.entity.LeashKnotRenderer (minecraft@1.20.1)
3875:             1             32  net.minecraft.client.renderer.entity.LightningBoltRenderer (minecraft@1.20.1)
3876:             1             32  net.minecraft.client.renderer.entity.LlamaSpitRenderer (minecraft@1.20.1)
3877:             1             32  net.minecraft.client.renderer.entity.PaintingRenderer (minecraft@1.20.1)
3878:             1             32  net.minecraft.client.renderer.entity.ShulkerBulletRenderer (minecraft@1.20.1)
3879:             1             32  net.minecraft.client.renderer.entity.SpectralArrowRenderer (minecraft@1.20.1)
3880:             1             32  net.minecraft.client.renderer.entity.ThrownTridentRenderer (minecraft@1.20.1)
3881:             1             32  net.minecraft.client.renderer.entity.TippableArrowRenderer (minecraft@1.20.1)
3882:             1             32  net.minecraft.client.renderer.entity.TntRenderer (minecraft@1.20.1)
3883:             1             32  net.minecraft.client.renderer.entity.WitherSkullRenderer (minecraft@1.20.1)
3884:             2             32  net.minecraft.client.renderer.entity.layers.BeeStingerLayer (minecraft@1.20.1)
3885:             2             32  net.minecraft.client.renderer.entity.layers.CapeLayer (minecraft@1.20.1)
3886:             2             32  net.minecraft.client.renderer.entity.layers.Deadmau5EarsLayer (minecraft@1.20.1)
3887:             2             32  net.minecraft.client.renderer.entity.layers.SpiderEyesLayer (minecraft@1.20.1)
3888:             1             32  net.minecraft.client.renderer.texture.TextureManager (minecraft@1.20.1)
3889:             1             32  net.minecraft.client.resources.ClientPackSource (minecraft@1.20.1)
3890:             1             32  net.minecraft.client.resources.DownloadedPackSource (minecraft@1.20.1)
3891:             1             32  net.minecraft.client.resources.SkinManager (minecraft@1.20.1)
3892:             1             32  net.minecraft.client.resources.metadata.animation.AnimationMetadataSection (minecraft@1.20.1)
3893:             1             32  net.minecraft.client.resources.metadata.animation.AnimationMetadataSection$1 (minecraft@1.20.1)
3894:             1             32  net.minecraft.client.sounds.MusicManager (minecraft@1.20.1)
3895:             1             32  net.minecraft.client.sounds.SoundEngineExecutor (minecraft@1.20.1)
3896:             1             32  net.minecraft.client.telemetry.ClientTelemetryManager (minecraft@1.20.1)
3897:             1             32  net.minecraft.client.tutorial.Tutorial (minecraft@1.20.1)
3898:             2             32  net.minecraft.network.chat.Component$Serializer (minecraft@1.20.1)
3899:             2             32  net.minecraft.server.packs.BuiltInMetadata (minecraft@1.20.1)
3900:             1             32  net.minecraft.server.packs.VanillaPackResources (minecraft@1.20.1)
3901:             2             32  net.minecraft.tags.TagKey$$Lambda$2749/0x0000000800a09000 (minecraft@1.20.1)
3902:             1             32  net.minecraft.util.CrudeIncrementalIntIdentityHashBiMap (minecraft@1.20.1)
3903:             1             32  net.minecraft.util.FrameTimer (minecraft@1.20.1)
3904:             1             32  net.minecraft.util.SegmentedAnglePrecision (minecraft@1.20.1)
3905:             2             32  net.minecraft.util.datafix.fixes.AbstractPoiSectionFix$$Lambda$2309/0x00000008008b35f0 (minecraft@1.20.1)
3906:             1             32  net.minecraft.util.datafix.fixes.AdvancementsFix (minecraft@1.20.1)
3907:             1             32  net.minecraft.util.datafix.fixes.BitStorageAlignFix$$Lambda$2326/0x00000008008b4c80 (minecraft@1.20.1)
3908:             1             32  net.minecraft.util.datafix.fixes.BlendingDataFix (minecraft@1.20.1)
3909:             1             32  net.minecraft.util.datafix.fixes.BlockEntityRenameFix (minecraft@1.20.1)
3910:             1             32  net.minecraft.util.datafix.fixes.BlockEntityUUIDFix (minecraft@1.20.1)
3911:             1             32  net.minecraft.util.datafix.fixes.ChunkHeightAndBiomeFix$$Lambda$2338/0x00000008008be7e8 (minecraft@1.20.1)
3912:             2             32  net.minecraft.util.datafix.fixes.CriteriaRenameFix$$Lambda$2347/0x00000008008c4af0 (minecraft@1.20.1)
3913:             1             32  net.minecraft.util.datafix.fixes.EntityBlockStateFix$$Lambda$2263/0x000000080089e598 (minecraft@1.20.1)
3914:             1             32  net.minecraft.util.datafix.fixes.EntityCatSplitFix (minecraft@1.20.1)
3915:             1             32  net.minecraft.util.datafix.fixes.EntityCodSalmonFix (minecraft@1.20.1)
3916:             1             32  net.minecraft.util.datafix.fixes.EntityElderGuardianSplitFix (minecraft@1.20.1)
3917:             1             32  net.minecraft.util.datafix.fixes.EntityHorseSplitFix (minecraft@1.20.1)
3918:             1             32  net.minecraft.util.datafix.fixes.EntityPufferfishRenameFix (minecraft@1.20.1)
3919:             1             32  net.minecraft.util.datafix.fixes.EntityRavagerRenameFix (minecraft@1.20.1)
3920:             1             32  net.minecraft.util.datafix.fixes.EntityRidingToPassengersFix$$Lambda$2237/0x0000000800893178 (minecraft@1.20.1)
3921:             1             32  net.minecraft.util.datafix.fixes.EntitySkeletonSplitFix (minecraft@1.20.1)
3922:             1             32  net.minecraft.util.datafix.fixes.EntityTheRenameningFix (minecraft@1.20.1)
3923:             1             32  net.minecraft.util.datafix.fixes.EntityTippedArrowFix (minecraft@1.20.1)
3924:             1             32  net.minecraft.util.datafix.fixes.EntityUUIDFix (minecraft@1.20.1)
3925:             1             32  net.minecraft.util.datafix.fixes.EntityZombieSplitFix (minecraft@1.20.1)
3926:             1             32  net.minecraft.util.datafix.fixes.EntityZombifiedPiglinRenameFix (minecraft@1.20.1)
3927:             1             32  net.minecraft.util.datafix.fixes.FeatureFlagRemoveFix (minecraft@1.20.1)
3928:             1             32  net.minecraft.util.datafix.fixes.FilteredBooksFix (minecraft@1.20.1)
3929:             1             32  net.minecraft.util.datafix.fixes.GoatHornIdFix (minecraft@1.20.1)
3930:             1             32  net.minecraft.util.datafix.fixes.ItemRemoveBlockEntityTagFix (minecraft@1.20.1)
3931:             1             32  net.minecraft.util.datafix.fixes.ItemRemoveBlockEntityTagFix$$Lambda$2268/0x000000080089f5e8 (minecraft@1.20.1)
3932:             1             32  net.minecraft.util.datafix.fixes.ItemStackUUIDFix (minecraft@1.20.1)
3933:             1             32  net.minecraft.util.datafix.fixes.LeavesFix$$Lambda$2283/0x00000008008a75f8 (minecraft@1.20.1)
3934:             1             32  net.minecraft.util.datafix.fixes.LevelUUIDFix (minecraft@1.20.1)
3935:             1             32  net.minecraft.util.datafix.fixes.MissingDimensionFix$$Lambda$2329/0x00000008008b8a88 (minecraft@1.20.1)
3936:             1             32  net.minecraft.util.datafix.fixes.NewVillageFix$$Lambda$2299/0x00000008008af710 (minecraft@1.20.1)
3937:             1             32  net.minecraft.util.datafix.fixes.OminousBannerRenameFix (minecraft@1.20.1)
3938:             1             32  net.minecraft.util.datafix.fixes.PlayerUUIDFix (minecraft@1.20.1)
3939:             1             32  net.minecraft.util.datafix.fixes.PoiTypeRemoveFix (minecraft@1.20.1)
3940:             1             32  net.minecraft.util.datafix.fixes.PoiTypeRenameFix (minecraft@1.20.1)
3941:             1             32  net.minecraft.util.datafix.fixes.RemapChunkStatusFix (minecraft@1.20.1)
3942:             1             32  net.minecraft.util.datafix.fixes.SavedDataUUIDFix (minecraft@1.20.1)
3943:             1             32  net.minecraft.util.datafix.fixes.SpawnerDataFix$$Lambda$2336/0x00000008008be0d0 (minecraft@1.20.1)
3944:             1             32  net.minecraft.util.datafix.fixes.TrappedChestBlockEntityFix$$Lambda$2294/0x00000008008ae200 (minecraft@1.20.1)
3945:             1             32  net.minecraft.util.datafix.fixes.VillagerRebuildLevelAndXpFix$$Lambda$2305/0x00000008008b2af8 (minecraft@1.20.1)
3946:             2             32  net.minecraft.util.datafix.fixes.WorldGenSettingsDisallowOldCustomWorldsFix$$Lambda$2339/0x00000008008bec98 (minecraft@1.20.1)
3947:             2             32  net.minecraft.util.datafix.schemas.V703$$Lambda$1893/0x000000080083d500 (minecraft@1.20.1)
3948:             2             32  net.minecraft.util.datafix.schemas.V703$$Lambda$1894/0x000000080083d728 (minecraft@1.20.1)
3949:             2             32  net.minecraft.util.datafix.schemas.V703$$Lambda$1895/0x000000080083d950 (minecraft@1.20.1)
3950:             2             32  net.minecraft.util.datafix.schemas.V703$$Lambda$1896/0x000000080083db78 (minecraft@1.20.1)
3951:             2             32  net.minecraft.util.datafix.schemas.V703$$Lambda$1897/0x000000080083dda0 (minecraft@1.20.1)
3952:             1             32  net.minecraft.world.item.enchantment.ArrowDamageEnchantment (minecraft@1.20.1)
3953:             1             32  net.minecraft.world.item.enchantment.ArrowFireEnchantment (minecraft@1.20.1)
3954:             1             32  net.minecraft.world.item.enchantment.ArrowInfiniteEnchantment (minecraft@1.20.1)
3955:             1             32  net.minecraft.world.item.enchantment.ArrowKnockbackEnchantment (minecraft@1.20.1)
3956:             1             32  net.minecraft.world.item.enchantment.ArrowPiercingEnchantment (minecraft@1.20.1)
3957:             1             32  net.minecraft.world.item.enchantment.BindingCurseEnchantment (minecraft@1.20.1)
3958:             1             32  net.minecraft.world.item.enchantment.DigDurabilityEnchantment (minecraft@1.20.1)
3959:             1             32  net.minecraft.world.item.enchantment.DiggingEnchantment (minecraft@1.20.1)
3960:             1             32  net.minecraft.world.item.enchantment.FireAspectEnchantment (minecraft@1.20.1)
3961:             1             32  net.minecraft.world.item.enchantment.FishingSpeedEnchantment (minecraft@1.20.1)
3962:             1             32  net.minecraft.world.item.enchantment.FrostWalkerEnchantment (minecraft@1.20.1)
3963:             1             32  net.minecraft.world.item.enchantment.KnockbackEnchantment (minecraft@1.20.1)
3964:             1             32  net.minecraft.world.item.enchantment.MendingEnchantment (minecraft@1.20.1)
3965:             1             32  net.minecraft.world.item.enchantment.MultiShotEnchantment (minecraft@1.20.1)
3966:             1             32  net.minecraft.world.item.enchantment.OxygenEnchantment (minecraft@1.20.1)
3967:             1             32  net.minecraft.world.item.enchantment.QuickChargeEnchantment (minecraft@1.20.1)
3968:             1             32  net.minecraft.world.item.enchantment.SoulSpeedEnchantment (minecraft@1.20.1)
3969:             1             32  net.minecraft.world.item.enchantment.SweepingEdgeEnchantment (minecraft@1.20.1)
3970:             1             32  net.minecraft.world.item.enchantment.SwiftSneakEnchantment (minecraft@1.20.1)
3971:             1             32  net.minecraft.world.item.enchantment.ThornsEnchantment (minecraft@1.20.1)
3972:             1             32  net.minecraft.world.item.enchantment.TridentChannelingEnchantment (minecraft@1.20.1)
3973:             1             32  net.minecraft.world.item.enchantment.TridentImpalerEnchantment (minecraft@1.20.1)
3974:             1             32  net.minecraft.world.item.enchantment.TridentLoyaltyEnchantment (minecraft@1.20.1)
3975:             1             32  net.minecraft.world.item.enchantment.TridentRiptideEnchantment (minecraft@1.20.1)
3976:             1             32  net.minecraft.world.item.enchantment.UntouchingEnchantment (minecraft@1.20.1)
3977:             1             32  net.minecraft.world.item.enchantment.VanishingCurseEnchantment (minecraft@1.20.1)
3978:             1             32  net.minecraft.world.item.enchantment.WaterWalkerEnchantment (minecraft@1.20.1)
3979:             1             32  net.minecraft.world.item.enchantment.WaterWorkerEnchantment (minecraft@1.20.1)
3980:             1             32  net.minecraft.world.level.biome.AmbientMoodSettings (minecraft@1.20.1)
3981:             1             32  net.minecraft.world.level.biome.BiomeGenerationSettings (minecraft@1.20.1)
3982:             1             32  net.minecraft.world.level.biome.BiomeSpecialEffects$GrassColorModifier$1 (minecraft@1.20.1)
3983:             1             32  net.minecraft.world.level.biome.BiomeSpecialEffects$GrassColorModifier$2 (minecraft@1.20.1)
3984:             1             32  net.minecraft.world.level.biome.BiomeSpecialEffects$GrassColorModifier$3 (minecraft@1.20.1)
3985:             1             32  net.minecraft.world.level.biome.MobSpawnSettings (minecraft@1.20.1)
3986:             2             32  net.minecraft.world.level.block.CaveVines$$Lambda$1778/0x00000008007b2640 (minecraft@1.20.1)
3987:             1             32  net.minecraft.world.level.block.entity.DecoratedPotBlockEntity$Decorations (minecraft@1.20.1)
3988:             2             32  net.minecraft.world.level.block.state.StateHolder$$Lambda$1478/0x000000080071df60 (minecraft@1.20.1)
3989:             2             32  net.minecraft.world.level.levelgen.VerticalAnchor$Absolute (minecraft@1.20.1)
3990:             1             32  net.minecraft.world.level.levelgen.carver.CarverDebugSettings (minecraft@1.20.1)
3991:             1             32  net.minecraft.world.level.levelgen.feature.DesertWellFeature (minecraft@1.20.1)
3992:             2             32  net.minecraft.world.level.levelgen.feature.featuresize.FeatureSizeType (minecraft@1.20.1)
3993:             2             32  net.minecraft.world.level.levelgen.structure.placement.StructurePlacementType$$Lambda$3485/0x0000000800ad2fc8 (minecraft@1.20.1)
3994:             1             32  net.minecraft.world.level.material.EmptyFluid (minecraft@1.20.1)
3995:             1             32  net.minecraft.world.level.material.LavaFluid$Flowing (minecraft@1.20.1)
3996:             1             32  net.minecraft.world.level.material.LavaFluid$Source (minecraft@1.20.1)
3997:             1             32  net.minecraft.world.level.material.WaterFluid$Flowing (minecraft@1.20.1)
3998:             1             32  net.minecraft.world.level.material.WaterFluid$Source (minecraft@1.20.1)
3999:             1             32  net.minecraft.world.level.storage.LevelStorageSource (minecraft@1.20.1)
4000:             2             32  net.minecraft.world.level.storage.loot.providers.nbt.LootNbtProviderType (minecraft@1.20.1)
4001:             2             32  net.minecraft.world.level.storage.loot.providers.score.LootScoreProviderType (minecraft@1.20.1)
4002:             1             32  net.minecraftforge.client.gui.LoadingErrorScreen$LoadingEntryList$LoadingMessageEntry (forge@47.4.13)
4003:             1             32  net.minecraftforge.client.model.ForgeFaceData (forge@47.4.13)
4004:             1             32  net.minecraftforge.client.model.ForgeItemModelShaper (forge@47.4.13)
4005:             1             32  net.minecraftforge.fml.earlydisplay.ElementShader (fmlearlydisplay@1.20.1-47.4.13)
4006:             1             32  net.minecraftforge.fml.earlydisplay.PerformanceInfo (fmlearlydisplay@1.20.1-47.4.13)
4007:             1             32  net.minecraftforge.fml.earlydisplay.SimpleFont (fmlearlydisplay@1.20.1-47.4.13)
4008:             1             32  net.minecraftforge.fml.loading.LanguageLoadingProvider (fmlloader@1.20.1-47.4.13)
4009:             1             32  net.minecraftforge.fml.loading.LoadingModList (fmlloader@1.20.1-47.4.13)
4010:             1             32  net.minecraftforge.fml.loading.VersionInfo (fmlloader@1.20.1-47.4.13)
4011:             1             32  net.minecraftforge.fml.loading.moddiscovery.ModDiscoverer (fmlloader@1.20.1-47.4.13)
4012:             1             32  net.minecraftforge.fml.loading.progress.ProgressMeter (fmlloader@1.20.1-47.4.13)
4013:             2             32  net.minecraftforge.jarjar.metadata.json.ArtifactVersionSerializer (JarJarMetadata@0.3.19)
4014:             2             32  net.minecraftforge.network.simple.SimpleChannel$$Lambda$4260/0x0000000800b9c6d8 (forge@47.4.13)
4015:             2             32  net.minecraftforge.network.simple.SimpleChannel$$Lambda$4266/0x0000000800b9c910 (forge@47.4.13)
4016:             2             32  net.minecraftforge.network.simple.SimpleChannel$MessageBuilder$$Lambda$4294/0x0000000800baf550 (forge@47.4.13)
4017:             1             32  org.antlr.v4.runtime.atn.EmptyPredictionContext (org.antlr.antlr4.runtime@4.9.1)
4018:             2             32  org.antlr.v4.runtime.atn.PredictionContextCache (org.antlr.antlr4.runtime@4.9.1)
4019:             2             32  org.apache.commons.lang3.mutable.MutableObject (org.apache.commons.lang3@3.12.0)
4020:             2             32  org.apache.commons.lang3.text.StrMatcher$CharSetMatcher (org.apache.commons.lang3@3.12.0)
4021:             2             32  org.apache.commons.lang3.text.translate.UnicodeUnpairedSurrogateRemover (org.apache.commons.lang3@3.12.0)
4022:             1             32  org.apache.logging.log4j.core.appender.rolling.SizeBasedTriggeringPolicy (org.apache.logging.log4j.core@2.19.0)
4023:             2             32  org.apache.logging.log4j.core.config.DefaultAdvertiser (org.apache.logging.log4j.core@2.19.0)
4024:             1             32  org.apache.logging.log4j.core.filter.ThresholdFilter (org.apache.logging.log4j.core@2.19.0)
4025:             1             32  org.apache.logging.log4j.core.impl.ThrowableFormatOptions (org.apache.logging.log4j.core@2.19.0)
4026:             2             32  org.apache.logging.log4j.core.layout.PatternLayout$NoFormatPatternSerializer (org.apache.logging.log4j.core@2.19.0)
4027:             2             32  org.apache.logging.log4j.core.lookup.StrMatcher$CharSetMatcher (org.apache.logging.log4j.core@2.19.0)
4028:             2             32  org.apache.logging.log4j.core.pattern.NameAbbreviator$PatternAbbreviator (org.apache.logging.log4j.core@2.19.0)
4029:             1             32  org.apache.logging.log4j.core.util.DefaultShutdownCallbackRegistry (org.apache.logging.log4j.core@2.19.0)
4030:             2             32  org.apache.logging.log4j.core.util.SystemClock (org.apache.logging.log4j.core@2.19.0)
4031:             1             32  org.apache.logging.log4j.core.util.datetime.FastDateParser$CaseInsensitiveTextStrategy (org.apache.logging.log4j.core@2.19.0)
4032:             2             32  org.apache.logging.log4j.message.ReusableSimpleMessage (org.apache.logging.log4j@2.19.0)
4033:             1             32  org.apache.logging.log4j.status.StatusLogger$BoundedQueue (org.apache.logging.log4j@2.19.0)
4034:             2             32  org.apache.logging.log4j.util.EnvironmentPropertySource (org.apache.logging.log4j@2.19.0)
4035:             2             32  org.apache.logging.log4j.util.PropertiesUtil (org.apache.logging.log4j@2.19.0)
4036:             2             32  org.apache.logging.log4j.util.PropertySource$Comparator (org.apache.logging.log4j@2.19.0)
4037:             2             32  org.apache.logging.log4j.util.SystemPropertiesPropertySource (org.apache.logging.log4j@2.19.0)
4038:             2             32  org.jline.terminal.impl.NativeSignalHandler (jline.terminal@3.12.1)
4039:             1             32  org.lwjgl.system.Platform$1 (org.lwjgl@3.3.1+7)
4040:             1             32  org.lwjgl.system.Platform$2 (org.lwjgl@3.3.1+7)
4041:             1             32  org.lwjgl.system.Platform$3 (org.lwjgl@3.3.1+7)
4042:             1             32  org.openjdk.nashorn.internal.codegen.CompilationPhase$ApplySpecializationPhase (org.openjdk.nashorn)
4043:             1             32  org.openjdk.nashorn.internal.codegen.CompilationPhase$BytecodeGenerationPhase (org.openjdk.nashorn)
4044:             1             32  org.openjdk.nashorn.internal.codegen.CompilationPhase$CacheAstPhase (org.openjdk.nashorn)
4045:             1             32  org.openjdk.nashorn.internal.codegen.CompilationPhase$ConstantFoldingPhase (org.openjdk.nashorn)
4046:             1             32  org.openjdk.nashorn.internal.codegen.CompilationPhase$DeclareLocalSymbolsPhase (org.openjdk.nashorn)
4047:             1             32  org.openjdk.nashorn.internal.codegen.CompilationPhase$InstallPhase (org.openjdk.nashorn)
4048:             1             32  org.openjdk.nashorn.internal.codegen.CompilationPhase$LocalVariableTypeCalculationPhase (org.openjdk.nashorn)
4049:             1             32  org.openjdk.nashorn.internal.codegen.CompilationPhase$LoweringPhase (org.openjdk.nashorn)
4050:             1             32  org.openjdk.nashorn.internal.codegen.CompilationPhase$OptimisticTypeAssignmentPhase (org.openjdk.nashorn)
4051:             1             32  org.openjdk.nashorn.internal.codegen.CompilationPhase$ProgramPointPhase (org.openjdk.nashorn)
4052:             1             32  org.openjdk.nashorn.internal.codegen.CompilationPhase$ReinitializeCachedPhase (org.openjdk.nashorn)
4053:             1             32  org.openjdk.nashorn.internal.codegen.CompilationPhase$ReuseCompileUnitsPhase (org.openjdk.nashorn)
4054:             1             32  org.openjdk.nashorn.internal.codegen.CompilationPhase$ScopeDepthComputationPhase (org.openjdk.nashorn)
4055:             1             32  org.openjdk.nashorn.internal.codegen.CompilationPhase$SplittingPhase (org.openjdk.nashorn)
4056:             1             32  org.openjdk.nashorn.internal.codegen.CompilationPhase$SymbolAssignmentPhase (org.openjdk.nashorn)
4057:             1             32  org.openjdk.nashorn.internal.codegen.CompilerConstants$4 (org.openjdk.nashorn)
4058:             2             32  org.openjdk.nashorn.internal.runtime.Undefined (org.openjdk.nashorn)
4059:             1             32  org.openjdk.nashorn.internal.runtime.linker.JavaAdapterFactory$AdapterInfo (org.openjdk.nashorn)
4060:             2             32  org.slf4j.helpers.BasicMarkerFactory (org.slf4j@2.0.1)
4061:             1             32  org.spongepowered.asm.launch.MixinLaunchPlugin (org.spongepowered.mixin)
4062:             1             32  org.spongepowered.asm.launch.platform.MixinPlatformManager (org.spongepowered.mixin)
4063:             1             32  org.spongepowered.asm.mixin.injection.invoke.arg.ArgsClassGenerator (org.spongepowered.mixin)
4064:             1             32  org.spongepowered.asm.mixin.refmap.ReferenceMapper (org.spongepowered.mixin)
4065:             1             32  org.spongepowered.asm.mixin.transformer.InnerClassGenerator (org.spongepowered.mixin)
4066:             2             32  org.spongepowered.asm.mixin.transformer.MixinConfig$OverwriteOptions (org.spongepowered.mixin)
4067:             1             32  org.spongepowered.asm.mixin.transformer.MixinCoprocessors (org.spongepowered.mixin)
4068:             1             32  org.spongepowered.asm.mixin.transformer.ext.extensions.ExtensionCheckInterfaces (org.spongepowered.mixin)
4069:             2             32  org.spongepowered.asm.obfuscation.RemapperChain (org.spongepowered.mixin)
4070:             1             32  org.spongepowered.asm.service.MixinService (org.spongepowered.mixin)
4071:             1             32  sun.net.www.http.ClientVector (java.base@17.0.15)
4072:             1             32  sun.net.www.http.KeepAliveKey (java.base@17.0.15)
4073:             2             32  sun.net.www.protocol.file.Handler (java.base@17.0.15)
4074:             1             32  sun.net.www.protocol.https.Handler (java.base@17.0.15)
4075:             2             32  sun.net.www.protocol.jar.Handler (java.base@17.0.15)
4076:             2             32  sun.net.www.protocol.jrt.Handler (java.base@17.0.15)
4077:             1             32  sun.nio.fs.LinuxFileSystem (java.base@17.0.15)
4078:             2             32  sun.reflect.generics.tree.ArrayTypeSignature (java.base@17.0.15)
4079:             2             32  sun.reflect.generics.tree.TypeVariableSignature (java.base@17.0.15)
4080:             1             32  sun.security.ec.ed.Ed25519Operations (jdk.crypto.ec@17.0.15)
4081:             1             32  sun.security.ec.ed.Ed448Operations (jdk.crypto.ec@17.0.15)
4082:             1             32  sun.security.ec.point.ExtendedHomogeneousPoint$Immutable (jdk.crypto.ec@17.0.15)
4083:             2             32  sun.security.provider.FileInputStreamPool$UnclosableInputStream (java.base@17.0.15)
4084:             1             32  sun.security.provider.SecureRandom (java.base@17.0.15)
4085:             2             32  sun.security.ssl.AlpnExtension$SHAlpnAbsence (java.base@17.0.15)
4086:             2             32  sun.security.ssl.AlpnExtension$SHAlpnConsumer (java.base@17.0.15)
4087:             2             32  sun.security.ssl.AlpnExtension$SHAlpnProducer (java.base@17.0.15)
4088:             2             32  sun.security.ssl.Authenticator$TLS13Authenticator (java.base@17.0.15)
4089:             2             32  sun.security.ssl.DHKeyExchange$DHEKAGenerator (java.base@17.0.15)
4090:             2             32  sun.security.ssl.DHKeyExchange$DHEPossessionGenerator (java.base@17.0.15)
4091:             2             32  sun.security.ssl.SSLAlgorithmDecomposer (java.base@17.0.15)
4092:             2             32  sun.security.ssl.SSLCipher$NullReadCipherGenerator (java.base@17.0.15)
4093:             2             32  sun.security.ssl.SSLCipher$NullWriteCipherGenerator (java.base@17.0.15)
4094:             2             32  sun.security.ssl.SSLCipher$T12GcmReadCipherGenerator (java.base@17.0.15)
4095:             2             32  sun.security.ssl.SSLCipher$T12GcmWriteCipherGenerator (java.base@17.0.15)
4096:             2             32  sun.security.ssl.SSLCipher$T13GcmReadCipherGenerator (java.base@17.0.15)
4097:             2             32  sun.security.ssl.SSLCipher$T13GcmWriteCipherGenerator (java.base@17.0.15)
4098:             1             32  sun.security.ssl.SSLSocketImpl$AppInputStream (java.base@17.0.15)
4099:             2             32  sun.security.ssl.ServerHello$T12ServerHelloConsumer (java.base@17.0.15)
4100:             2             32  sun.security.ssl.ServerHello$T13HelloRetryRequestConsumer (java.base@17.0.15)
4101:             2             32  sun.security.ssl.ServerHello$T13ServerHelloConsumer (java.base@17.0.15)
4102:             2             32  sun.security.ssl.SupportedVersionsExtension$SHSupportedVersionsStringizer (java.base@17.0.15)
4103:             1             32  sun.security.ssl.TrustStoreManager$TrustAnchorManager (java.base@17.0.15)
4104:             2             32  sun.security.util.AlgorithmDecomposer (java.base@17.0.15)
4105:             2             32  sun.security.util.HostnameChecker (java.base@17.0.15)
4106:             1             32  sun.security.util.KnownOIDs$1 (java.base@17.0.15)
4107:             1             32  sun.security.util.KnownOIDs$10 (java.base@17.0.15)
4108:             1             32  sun.security.util.KnownOIDs$2 (java.base@17.0.15)
4109:             1             32  sun.security.util.KnownOIDs$3 (java.base@17.0.15)
4110:             1             32  sun.security.util.KnownOIDs$4 (java.base@17.0.15)
4111:             1             32  sun.security.util.KnownOIDs$5 (java.base@17.0.15)
4112:             1             32  sun.security.util.KnownOIDs$6 (java.base@17.0.15)
4113:             1             32  sun.security.util.KnownOIDs$7 (java.base@17.0.15)
4114:             1             32  sun.security.util.KnownOIDs$8 (java.base@17.0.15)
4115:             1             32  sun.security.util.KnownOIDs$9 (java.base@17.0.15)
4116:             1             32  sun.security.util.math.intpoly.Curve25519OrderField (java.base@17.0.15)
4117:             1             32  sun.security.util.math.intpoly.Curve448OrderField (java.base@17.0.15)
4118:             2             32  sun.security.util.math.intpoly.IntegerPolynomial$Limb (java.base@17.0.15)
4119:             1             32  sun.security.util.math.intpoly.IntegerPolynomial25519 (java.base@17.0.15)
4120:             1             32  sun.security.util.math.intpoly.IntegerPolynomial448 (java.base@17.0.15)
4121:             1             32  sun.security.util.math.intpoly.IntegerPolynomialP256 (java.base@17.0.15)
4122:             1             32  sun.security.util.math.intpoly.IntegerPolynomialP384 (java.base@17.0.15)
4123:             1             32  sun.security.util.math.intpoly.IntegerPolynomialP521 (java.base@17.0.15)
4124:             1             32  sun.security.util.math.intpoly.P256OrderField (java.base@17.0.15)
4125:             1             32  sun.security.util.math.intpoly.P384OrderField (java.base@17.0.15)
4126:             1             32  sun.security.util.math.intpoly.P521OrderField (java.base@17.0.15)
4127:             1             32  sun.security.x509.PrivateKeyUsageExtension (java.base@17.0.15)
4128:             1             24  [Lcom.electronwill.nightconfig.core.io.NewlineStyle; (com.electronwill.nightconfig.core@3.6.4)
4129:             1             24  [Lcom.electronwill.nightconfig.core.io.WritingMode; (com.electronwill.nightconfig.core@3.6.4)
4130:             1             24  [Lcom.google.common.base.Functions$IdentityFunction; (com.google.common@31.1-jre)
4131:             1             24  [Lcom.google.common.cache.CacheBuilder$NullListener; (com.google.common@31.1-jre)
4132:             1             24  [Lcom.google.common.cache.CacheBuilder$OneWeigher; (com.google.common@31.1-jre)
4133:             1             24  [Lcom.google.common.collect.Iterators$EmptyModifiableIterator; (com.google.common@31.1-jre)
4134:             1             24  [Lcom.google.common.collect.MapMaker$Dummy; (com.google.common@31.1-jre)
4135:             1             24  [Lcom.google.common.collect.MapMakerInternalMap$Strength; (com.google.common@31.1-jre)
4136:             1             24  [Lcom.google.common.io.RecursiveDeleteOption; (com.google.common@31.1-jre)
4137:             1             24  [Lcom.google.gson.LongSerializationPolicy; (com.google.gson@2.10)
4138:             1             24  [Lcom.google.gson.LongSerializationPolicy;
4139:             1             24  [Lcom.ibm.icu.impl.Trie2$ValueWidth; (com.ibm.icu@71.1)
4140:             1             24  [Lcom.llamalad7.mixinextras.service.Versioned; (MixinExtras@0.5.3)
4141:             1             24  [Lcom.mojang.authlib.yggdrasil.YggdrasilEnvironment; (authlib@4.0.43)
4142:             1             24  [Lcom.mojang.blaze3d.platform.GlStateManager$Viewport; (minecraft@1.20.1)
4143:             1             24  [Lcom.mojang.blaze3d.platform.IconSet; (minecraft@1.20.1)
4144:             1             24  [Lcom.mojang.blaze3d.shaders.FogShape; (minecraft@1.20.1)
4145:             1             24  [Lcom.mojang.blaze3d.shaders.Program$Type; (minecraft@1.20.1)
4146:             1             24  [Lcom.mojang.blaze3d.vertex.VertexBuffer$Usage; (minecraft@1.20.1)
4147:             1             24  [Lcom.mojang.blaze3d.vertex.VertexFormat$IndexType; (minecraft@1.20.1)
4148:             1             24  [Lcom.mojang.datafixers.TypeRewriteRule$Nop; (datafixerupper@6.0.8)
4149:             1             24  [Lcom.mojang.datafixers.functions.PointFreeRule$AppNest; (datafixerupper@6.0.8)
4150:             1             24  [Lcom.mojang.datafixers.functions.PointFreeRule$CataFuseDifferent; (datafixerupper@6.0.8)
4151:             1             24  [Lcom.mojang.datafixers.functions.PointFreeRule$CataFuseSame; (datafixerupper@6.0.8)
4152:             1             24  [Lcom.mojang.datafixers.functions.PointFreeRule$LensComp; (datafixerupper@6.0.8)
4153:             1             24  [Lcom.mojang.datafixers.functions.PointFreeRule$SortInj; (datafixerupper@6.0.8)
4154:             1             24  [Lcom.mojang.datafixers.functions.PointFreeRule$SortProj; (datafixerupper@6.0.8)
4155:             1             24  [Lcom.mojang.datafixers.util.Unit; (datafixerupper@6.0.8)
4156:             1             24  [Lcom.mojang.serialization.DataResult$Instance; (datafixerupper@6.0.8)
4157:             1             24  [Lcom.sun.jna.Structure; (com.sun.jna@5.12.1)
4158:             1             24  [Lcom.sun.org.apache.xerces.internal.utils.XMLSecurityPropertyManager$Property; (java.xml@17.0.15)
4159:             1             24  [Lio.github.zekerzhayard.forgewrapper.installer.util.ModuleUtil$TypeToAdd;
4160:             1             24  [Ljava.io.File$PathStatus; (java.base@17.0.15)
4161:             1             24  [Ljava.lang.StackWalker$ExtendedOption; (java.base@17.0.15)
4162:             1             24  [Ljava.lang.invoke.MethodHandles$Lookup$ClassOption; (java.base@17.0.15)
4163:             1             24  [Ljava.nio.file.LinkOption; (java.base@17.0.15)
4164:             1             24  [Ljava.time.temporal.IsoFields$Unit; (java.base@17.0.15)
4165:             1             24  [Ljava.util.Comparators$NaturalOrderComparator; (java.base@17.0.15)
4166:             1             24  [Ljava.util.Locale$Category; (java.base@17.0.15)
4167:             1             24  [Ljavax.net.ssl.KeyManager; (java.base@17.0.15)
4168:             1             24  [Ljavax.net.ssl.TrustManager; (java.base@17.0.15)
4169:             1             24  [Ljdk.internal.icu.util.CodePointTrie$Type; (java.base@17.0.15)
4170:             1             24  [Lnet.minecraft.Util$IdentityStrategy; (minecraft@1.20.1)
4171:             1             24  [Lnet.minecraft.client.OptionInstance$UnitDouble; (minecraft@1.20.1)
4172:             1             24  [Lnet.minecraft.client.gui.font.glyphs.SpecialGlyphs; (minecraft@1.20.1)
4173:             1             24  [Lnet.minecraft.client.renderer.block.model.BlockModel$GuiLight; (minecraft@1.20.1)
4174:             1             24  [Lnet.minecraft.client.resources.DefaultPlayerSkin$ModelType; (minecraft@1.20.1)
4175:             1             24  [Lnet.minecraft.client.resources.sounds.Sound$Type; (minecraft@1.20.1)
4176:             1             24  [Lnet.minecraft.client.resources.sounds.SoundInstance$Attenuation; (minecraft@1.20.1)
4177:             1             24  [Lnet.minecraft.core.Direction$AxisDirection; (minecraft@1.20.1)
4178:             1             24  [Lnet.minecraft.core.Direction$Plane; (minecraft@1.20.1)
4179:             1             24  [Lnet.minecraft.core.Holder$Reference$Type; (minecraft@1.20.1)
4180:             1             24  [Lnet.minecraft.server.packs.repository.Pack$Position; (minecraft@1.20.1)
4181:             1             24  [Lnet.minecraft.util.Unit; (minecraft@1.20.1)
4182:             1             24  [Lnet.minecraft.world.entity.EquipmentSlot$Type; (minecraft@1.20.1)
4183:             1             24  [Lnet.minecraft.world.item.CreativeModeTab$Row; (minecraft@1.20.1)
4184:             1             24  [Lnet.minecraft.world.level.LightLayer; (minecraft@1.20.1)
4185:             1             24  [Lnet.minecraft.world.level.block.PressurePlateBlock$Sensitivity; (minecraft@1.20.1)
4186:             1             24  [Lnet.minecraft.world.level.block.state.BlockState; (minecraft@1.20.1)
4187:             1             24  [Lnet.minecraft.world.level.chunk.ChunkStatus$ChunkType; (minecraft@1.20.1)
4188:             1             24  [Lnet.minecraft.world.level.levelgen.DensityFunctions$BeardifierMarker; (minecraft@1.20.1)
4189:             1             24  [Lnet.minecraft.world.level.levelgen.DensityFunctions$BlendAlpha; (minecraft@1.20.1)
4190:             1             24  [Lnet.minecraft.world.level.levelgen.DensityFunctions$BlendOffset; (minecraft@1.20.1)
4191:             1             24  [Lnet.minecraft.world.level.levelgen.SurfaceRules$AbovePreliminarySurface; (minecraft@1.20.1)
4192:             1             24  [Lnet.minecraft.world.level.levelgen.SurfaceRules$Bandlands; (minecraft@1.20.1)
4193:             1             24  [Lnet.minecraft.world.level.levelgen.SurfaceRules$Hole; (minecraft@1.20.1)
4194:             1             24  [Lnet.minecraft.world.level.levelgen.SurfaceRules$Steep; (minecraft@1.20.1)
4195:             1             24  [Lnet.minecraft.world.level.levelgen.SurfaceRules$Temperature; (minecraft@1.20.1)
4196:             1             24  [Lnet.minecraftforge.accesstransformer.AccessTransformerEngine; (accesstransformers@8.0.4)
4197:             1             24  [Lnet.minecraftforge.event.TickEvent$Phase; (forge@47.4.13)
4198:             1             24  [Lnet.minecraftforge.fml.LogicalSide; (fmlcore@1.20.1-47.4.13)
4199:             1             24  [Lnet.minecraftforge.fml.earlydisplay.ColourScheme; (fmlearlydisplay@1.20.1-47.4.13)
4200:             1             24  [Lnet.minecraftforge.fml.earlydisplay.SimpleBufferBuilder$Mode; (fmlearlydisplay@1.20.1-47.4.13)
4201:             1             24  [Lnet.minecraftforge.network.event.EventNetworkChannel; (forge@47.4.13)
4202:             1             24  [Lorg.antlr.v4.runtime.atn.ATNDeserializer$UnicodeDeserializingMode; (org.antlr.antlr4.runtime@4.9.1)
4203:             1             24  [Lorg.antlr.v4.runtime.atn.ATNType; (org.antlr.antlr4.runtime@4.9.1)
4204:             1             24  [Lorg.apache.logging.log4j.core.appender.ConsoleAppender$Target; (org.apache.logging.log4j.core@2.19.0)
4205:             1             24  [Lorg.apache.logging.log4j.core.async.ThreadNameCachingStrategy; (org.apache.logging.log4j.core@2.19.0)
4206:             1             24  [Lorg.apache.logging.log4j.core.config.status.StatusConfiguration$Verbosity; (org.apache.logging.log4j.core@2.19.0)
4207:             1             24  [Lorg.apache.logging.log4j.core.pattern.NameAbbreviator$MaxElementAbbreviator$Strategy; (org.apache.logging.log4j.core@2.19.0)
4208:             1             24  [Lorg.joml.Vector3f; (org.joml@1.10.5)
4209:             1             24  [Lsun.security.provider.certpath.ResponderId$Type; (java.base@17.0.15)
4210:             1             24  [Lsun.security.rsa.RSAUtil$KeyType; (java.base@17.0.15)
4211:             1             24  [Lsun.security.ssl.CertStatusExtension$CertStatusRequest; (java.base@17.0.15)
4212:             1             24  [Lsun.security.ssl.CertStatusExtension$CertStatusRequestType; (java.base@17.0.15)
4213:             1             24  [Lsun.security.ssl.EphemeralKeyManager$EphemeralKeyPair; (java.base@17.0.15)
4214:             1             24  [Lsun.security.ssl.PskKeyExchangeModesExtension$PskKeyExchangeMode; (java.base@17.0.15)
4215:             1             24  com.electronwill.nightconfig.core.file.SimpleCommentedFileConfig (com.electronwill.nightconfig.core@3.6.4)
4216:             1             24  com.google.common.base.Functions$IdentityFunction (com.google.common@31.1-jre)
4217:             1             24  com.google.common.cache.CacheBuilder$NullListener (com.google.common@31.1-jre)
4218:             1             24  com.google.common.cache.CacheBuilder$OneWeigher (com.google.common@31.1-jre)
4219:             1             24  com.google.common.cache.LocalCache$EntryFactory$1 (com.google.common@31.1-jre)
4220:             1             24  com.google.common.cache.LocalCache$EntryFactory$2 (com.google.common@31.1-jre)
4221:             1             24  com.google.common.cache.LocalCache$EntryFactory$3 (com.google.common@31.1-jre)
4222:             1             24  com.google.common.cache.LocalCache$EntryFactory$4 (com.google.common@31.1-jre)
4223:             1             24  com.google.common.cache.LocalCache$EntryFactory$5 (com.google.common@31.1-jre)
4224:             1             24  com.google.common.cache.LocalCache$EntryFactory$6 (com.google.common@31.1-jre)
4225:             1             24  com.google.common.cache.LocalCache$EntryFactory$7 (com.google.common@31.1-jre)
4226:             1             24  com.google.common.cache.LocalCache$EntryFactory$8 (com.google.common@31.1-jre)
4227:             1             24  com.google.common.cache.LocalCache$Strength$1 (com.google.common@31.1-jre)
4228:             1             24  com.google.common.cache.LocalCache$Strength$2 (com.google.common@31.1-jre)
4229:             1             24  com.google.common.cache.LocalCache$Strength$3 (com.google.common@31.1-jre)
4230:             1             24  com.google.common.collect.EvictingQueue (com.google.common@31.1-jre)
4231:             1             24  com.google.common.collect.ImmutableMap$IteratorBasedImmutableMap$1EntrySetImpl (com.google.common@31.1-jre)
4232:             1             24  com.google.common.collect.ImmutableSet$EmptySetBuilderImpl (com.google.common@31.1-jre)
4233:             1             24  com.google.common.collect.Iterators$EmptyModifiableIterator (com.google.common@31.1-jre)
4234:             1             24  com.google.common.collect.MapMaker$Dummy (com.google.common@31.1-jre)
4235:             1             24  com.google.common.collect.MapMakerInternalMap$Strength$1 (com.google.common@31.1-jre)
4236:             1             24  com.google.common.collect.MapMakerInternalMap$Strength$2 (com.google.common@31.1-jre)
4237:             1             24  com.google.common.collect.NaturalOrdering (com.google.common@31.1-jre)
4238:             1             24  com.google.common.io.RecursiveDeleteOption (com.google.common@31.1-jre)
4239:             1             24  com.google.gson.FieldNamingPolicy$1 (com.google.gson@2.10)
4240:             1             24  com.google.gson.FieldNamingPolicy$1
4241:             1             24  com.google.gson.FieldNamingPolicy$2 (com.google.gson@2.10)
4242:             1             24  com.google.gson.FieldNamingPolicy$2
4243:             1             24  com.google.gson.FieldNamingPolicy$3 (com.google.gson@2.10)
4244:             1             24  com.google.gson.FieldNamingPolicy$3
4245:             1             24  com.google.gson.FieldNamingPolicy$4 (com.google.gson@2.10)
4246:             1             24  com.google.gson.FieldNamingPolicy$4
4247:             1             24  com.google.gson.FieldNamingPolicy$5 (com.google.gson@2.10)
4248:             1             24  com.google.gson.FieldNamingPolicy$5
4249:             1             24  com.google.gson.FieldNamingPolicy$6 (com.google.gson@2.10)
4250:             1             24  com.google.gson.FieldNamingPolicy$6
4251:             1             24  com.google.gson.FieldNamingPolicy$7 (com.google.gson@2.10)
4252:             1             24  com.google.gson.FieldNamingPolicy$7
4253:             1             24  com.google.gson.LongSerializationPolicy$1 (com.google.gson@2.10)
4254:             1             24  com.google.gson.LongSerializationPolicy$1
4255:             1             24  com.google.gson.LongSerializationPolicy$2 (com.google.gson@2.10)
4256:             1             24  com.google.gson.LongSerializationPolicy$2
4257:             1             24  com.google.gson.ToNumberPolicy$1 (com.google.gson@2.10)
4258:             1             24  com.google.gson.ToNumberPolicy$1
4259:             1             24  com.google.gson.ToNumberPolicy$2 (com.google.gson@2.10)
4260:             1             24  com.google.gson.ToNumberPolicy$2
4261:             1             24  com.google.gson.ToNumberPolicy$3 (com.google.gson@2.10)
4262:             1             24  com.google.gson.ToNumberPolicy$3
4263:             1             24  com.google.gson.ToNumberPolicy$4 (com.google.gson@2.10)
4264:             1             24  com.google.gson.ToNumberPolicy$4
4265:             1             24  com.google.gson.internal.ConstructorConstructor
4266:             1             24  com.google.gson.internal.ConstructorConstructor$19 (com.google.gson@2.10)
4267:             1             24  com.google.gson.internal.ConstructorConstructor$19
4268:             1             24  com.google.gson.internal.ConstructorConstructor$3
4269:             1             24  com.google.gson.internal.UnsafeAllocator$1 (com.google.gson@2.10)
4270:             1             24  com.google.gson.internal.UnsafeAllocator$1
4271:             1             24  com.google.gson.internal.bind.JsonTreeReader$1 (com.google.gson@2.10)
4272:             1             24  com.google.gson.internal.bind.MapTypeAdapterFactory
4273:             1             24  com.google.gson.internal.bind.ReflectiveTypeAdapterFactory$FieldReflectionAdapter (com.google.gson@2.10)
4274:             1             24  com.google.gson.internal.bind.TypeAdapters$33
4275:             1             24  com.google.gson.internal.bind.TypeAdapters$33 (com.google.gson@2.10)
4276:             1             24  com.llamalad7.mixinextras.lib.semver.VersionParser$CharType$1 (MixinExtras@0.5.3)
4277:             1             24  com.llamalad7.mixinextras.lib.semver.VersionParser$CharType$2 (MixinExtras@0.5.3)
4278:             1             24  com.llamalad7.mixinextras.lib.semver.VersionParser$CharType$3 (MixinExtras@0.5.3)
4279:             1             24  com.llamalad7.mixinextras.lib.semver.VersionParser$CharType$4 (MixinExtras@0.5.3)
4280:             1             24  com.llamalad7.mixinextras.lib.semver.VersionParser$CharType$5 (MixinExtras@0.5.3)
4281:             1             24  com.llamalad7.mixinextras.lib.semver.VersionParser$CharType$6 (MixinExtras@0.5.3)
4282:             1             24  com.llamalad7.mixinextras.lib.semver.VersionParser$CharType$7 (MixinExtras@0.5.3)
4283:             1             24  com.llamalad7.mixinextras.service.ServiceInitializationExtension (MixinExtras@0.5.3)
4284:             1             24  com.llamalad7.mixinextras.transformer.MixinTransformerExtension (MixinExtras@0.5.3)
4285:             1             24  com.llamalad7.mixinextras.utils.InternalConstructor$$Lambda$994/0x0000000800536f20 (MixinExtras@0.5.3)
4286:             1             24  com.mojang.authlib.minecraft.UserApiService$UserProperties (authlib@4.0.43)
4287:             1             24  com.mojang.authlib.yggdrasil.YggdrasilServicesKeyInfo$$Lambda$4370/0x0000000800be8af0 (authlib@4.0.43)
4288:             1             24  com.mojang.authlib.yggdrasil.YggdrasilServicesKeyInfo$$Lambda$4975/0x0000000800d30240 (authlib@4.0.43)
4289:             1             24  com.mojang.blaze3d.audio.Listener (minecraft@1.20.1)
4290:             1             24  com.mojang.blaze3d.pipeline.MainTarget$Dimension (minecraft@1.20.1)
4291:             1             24  com.mojang.blaze3d.platform.GlStateManager$ColorLogicState (minecraft@1.20.1)
4292:             1             24  com.mojang.blaze3d.platform.GlStateManager$CullState (minecraft@1.20.1)
4293:             1             24  com.mojang.blaze3d.platform.GlStateManager$DepthState (minecraft@1.20.1)
4294:             1             24  com.mojang.blaze3d.platform.GlStateManager$StencilFunc (minecraft@1.20.1)
4295:             1             24  com.mojang.blaze3d.platform.ScreenManager (minecraft@1.20.1)
4296:             1             24  com.mojang.blaze3d.vertex.PoseStack$Pose (minecraft@1.20.1)
4297:             1             24  com.mojang.datafixers.TypeRewriteRule$Nop (datafixerupper@6.0.8)
4298:             1             24  com.mojang.datafixers.functions.PointFreeRule$AppNest (datafixerupper@6.0.8)
4299:             1             24  com.mojang.datafixers.functions.PointFreeRule$CataFuseDifferent (datafixerupper@6.0.8)
4300:             1             24  com.mojang.datafixers.functions.PointFreeRule$CataFuseSame (datafixerupper@6.0.8)
4301:             1             24  com.mojang.datafixers.functions.PointFreeRule$Everywhere (datafixerupper@6.0.8)
4302:             1             24  com.mojang.datafixers.functions.PointFreeRule$LensComp (datafixerupper@6.0.8)
4303:             1             24  com.mojang.datafixers.functions.PointFreeRule$SortInj (datafixerupper@6.0.8)
4304:             1             24  com.mojang.datafixers.functions.PointFreeRule$SortProj (datafixerupper@6.0.8)
4305:             1             24  com.mojang.datafixers.types.constant.EmptyPart (datafixerupper@6.0.8)
4306:             1             24  com.mojang.datafixers.types.constant.EmptyPartPassthrough (datafixerupper@6.0.8)
4307:             1             24  com.mojang.datafixers.util.Unit (datafixerupper@6.0.8)
4308:             1             24  com.mojang.realmsclient.client.RealmsClient (minecraft@1.20.1)
4309:             1             24  com.mojang.realmsclient.gui.RealmsNewsManager (minecraft@1.20.1)
4310:             1             24  com.mojang.realmsclient.gui.task.DataFetcher (minecraft@1.20.1)
4311:             1             24  com.mojang.serialization.DataResult$Instance (datafixerupper@6.0.8)
4312:             1             24  com.mojang.serialization.MapCodec$7 (datafixerupper@6.0.8)
4313:             1             24  com.mojang.serialization.codecs.EitherMapCodec (datafixerupper@6.0.8)
4314:             1             24  com.mojang.text2speech.NarratorLinux (text2speech@1.17.9)
4315:             1             24  com.sun.jmx.mbeanserver.ClassLoaderRepositorySupport (java.management@17.0.15)
4316:             1             24  com.sun.jmx.mbeanserver.MXBeanLookup (java.management@17.0.15)
4317:             1             24  com.sun.jmx.remote.util.ClassLogger (java.management@17.0.15)
4318:             1             24  com.sun.jna.Structure$3 (com.sun.jna@5.12.1)
4319:             1             24  com.sun.jna.Structure$StructureSet (com.sun.jna@5.12.1)
4320:             1             24  com.sun.jna.StructureReadContext (com.sun.jna@5.12.1)
4321:             1             24  com.sun.jna.WeakMemoryHolder (com.sun.jna@5.12.1)
4322:             1             24  com.sun.jna.internal.Cleaner (com.sun.jna@5.12.1)
4323:             1             24  com.sun.management.internal.HotSpotThreadImpl (jdk.management@17.0.15)
4324:             1             24  com.sun.management.internal.PlatformMBeanProviderImpl$1 (jdk.management@17.0.15)
4325:             1             24  com.sun.management.internal.PlatformMBeanProviderImpl$2 (jdk.management@17.0.15)
4326:             1             24  com.sun.management.internal.PlatformMBeanProviderImpl$3 (jdk.management@17.0.15)
4327:             1             24  com.sun.management.internal.PlatformMBeanProviderImpl$4 (jdk.management@17.0.15)
4328:             1             24  com.sun.management.internal.PlatformMBeanProviderImpl$5 (jdk.management@17.0.15)
4329:             1             24  com.sun.org.apache.xerces.internal.impl.Constants$ArrayEnumeration (java.xml@17.0.15)
4330:             1             24  com.sun.org.apache.xerces.internal.jaxp.SAXParserFactoryImpl (java.xml@17.0.15)
4331:             1             24  cpw.mods.modlauncher.ArgumentHandler$DiscoveryData (cpw.mods.modlauncher@10.0.9)
4332:             1             24  cpw.mods.modlauncher.Environment (cpw.mods.modlauncher@10.0.9)
4333:             1             24  cpw.mods.modlauncher.LaunchPluginHandler$$Lambda$947/0x0000000800505470 (cpw.mods.modlauncher@10.0.9)
4334:             1             24  cpw.mods.modlauncher.LaunchPluginHandler$$Lambda$957/0x000000080050f810 (cpw.mods.modlauncher@10.0.9)
4335:             1             24  cpw.mods.modlauncher.ModuleLayerHandler (cpw.mods.modlauncher@10.0.9)
4336:             1             24  cpw.mods.modlauncher.NameMappingServiceHandler (cpw.mods.modlauncher@10.0.9)
4337:             1             24  cpw.mods.modlauncher.TransformStore (cpw.mods.modlauncher@10.0.9)
4338:             1             24  cpw.mods.modlauncher.TransformationServicesHandler (cpw.mods.modlauncher@10.0.9)
4339:             1             24  cpw.mods.modlauncher.TransformingClassLoaderBuilder (cpw.mods.modlauncher@10.0.9)
4340:             1             24  cpw.mods.niofs.union.UnionFileSystemProvider (cpw.mods.securejarhandler)
4341:             1             24  io.github.zekerzhayard.forgewrapper.installer.detector.MultiMCFileDetector
4342:             1             24  io.netty.util.AttributeKey$1 (io.netty.common@4.1.82.Final)
4343:             1             24  it.unimi.dsi.fastutil.doubles.DoubleLists$UnmodifiableRandomAccessList (it.unimi.dsi.fastutil@8.5.9)
4344:             1             24  it.unimi.dsi.fastutil.ints.IntArraySet (it.unimi.dsi.fastutil@8.5.9)
4345:             1             24  it.unimi.dsi.fastutil.ints.IntArrays$Segment (it.unimi.dsi.fastutil@8.5.9)
4346:             1             24  it.unimi.dsi.fastutil.shorts.ShortArrays$Segment (it.unimi.dsi.fastutil@8.5.9)
4347:             1             24  java.io.ByteArrayOutputStream (java.base@17.0.15)
4348:             1             24  java.lang.ProcessEnvironment$StringEnvironment (java.base@17.0.15)
4349:             1             24  java.lang.ProcessHandleImpl$$Lambda$282/0x0000000800251770 (java.base@17.0.15)
4350:             1             24  java.lang.StackWalker$ExtendedOption (java.base@17.0.15)
4351:             1             24  java.lang.invoke.DirectMethodHandle$EnsureInitialized (java.base@17.0.15)
4352:             1             24  java.lang.invoke.MethodHandleImpl$ArrayAccessor$1 (java.base@17.0.15)
4353:             1             24  java.lang.invoke.MethodHandleImpl$BindCaller$1 (java.base@17.0.15)
4354:             1             24  java.lang.invoke.MethodHandleImpl$Makers$3 (java.base@17.0.15)
4355:             1             24  java.lang.invoke.MethodType$ConcurrentWeakInternSet (java.base@17.0.15)
4356:             1             24  java.lang.management.DefaultPlatformMBeanProvider$1 (java.management@17.0.15)
4357:             1             24  java.lang.management.DefaultPlatformMBeanProvider$10 (java.management@17.0.15)
4358:             1             24  java.lang.management.DefaultPlatformMBeanProvider$11 (java.management@17.0.15)
4359:             1             24  java.lang.management.DefaultPlatformMBeanProvider$2 (java.management@17.0.15)
4360:             1             24  java.lang.management.DefaultPlatformMBeanProvider$3 (java.management@17.0.15)
4361:             1             24  java.lang.management.DefaultPlatformMBeanProvider$4 (java.management@17.0.15)
4362:             1             24  java.lang.management.DefaultPlatformMBeanProvider$5 (java.management@17.0.15)
4363:             1             24  java.lang.management.DefaultPlatformMBeanProvider$6 (java.management@17.0.15)
4364:             1             24  java.lang.management.DefaultPlatformMBeanProvider$7 (java.management@17.0.15)
4365:             1             24  java.lang.management.DefaultPlatformMBeanProvider$8 (java.management@17.0.15)
4366:             1             24  java.lang.management.DefaultPlatformMBeanProvider$9 (java.management@17.0.15)
4367:             1             24  java.lang.reflect.Proxy$1 (java.base@17.0.15)
4368:             1             24  java.math.MutableBigInteger (java.base@17.0.15)
4369:             1             24  java.net.Inet4AddressImpl (java.base@17.0.15)
4370:             1             24  java.net.Proxy (java.base@17.0.15)
4371:             1             24  java.net.Socket$SocketInputStream (java.base@17.0.15)
4372:             1             24  java.net.Socket$SocketOutputStream (java.base@17.0.15)
4373:             1             24  java.nio.file.LinkOption (java.base@17.0.15)
4374:             1             24  java.security.Timestamp (java.base@17.0.15)
4375:             1             24  java.security.cert.CertificateFactory (java.base@17.0.15)
4376:             1             24  java.time.Period (java.base@17.0.15)
4377:             1             24  java.time.format.DecimalStyle (java.base@17.0.15)
4378:             1             24  java.time.temporal.IsoFields$Field$1 (java.base@17.0.15)
4379:             1             24  java.time.temporal.IsoFields$Field$2 (java.base@17.0.15)
4380:             1             24  java.time.temporal.IsoFields$Field$3 (java.base@17.0.15)
4381:             1             24  java.time.temporal.IsoFields$Field$4 (java.base@17.0.15)
4382:             1             24  java.time.zone.TzdbZoneRulesProvider (java.base@17.0.15)
4383:             1             24  java.util.Collections$EmptyMap (java.base@17.0.15)
4384:             1             24  java.util.Collections$UnmodifiableList (java.base@17.0.15)
4385:             1             24  java.util.Comparators$NaturalOrderComparator (java.base@17.0.15)
4386:             1             24  java.util.Currency (java.base@17.0.15)
4387:             1             24  java.util.Locale$Cache (java.base@17.0.15)
4388:             1             24  java.util.OptionalInt (java.base@17.0.15)
4389:             1             24  java.util.PropertyPermissionCollection (java.base@17.0.15)
4390:             1             24  java.util.ResourceBundle$Control$CandidateListCache (java.base@17.0.15)
4391:             1             24  java.util.concurrent.Executors$DelegatedScheduledExecutorService (java.base@17.0.15)
4392:             1             24  java.util.concurrent.Executors$RunnableAdapter (java.base@17.0.15)
4393:             1             24  java.util.function.Predicate$$Lambda$2584/0x00000008005e5d08 (java.base@17.0.15)
4394:             1             24  java.util.logging.LogManager$LoggerContext (java.logging@17.0.15)
4395:             1             24  java.util.regex.Pattern$BmpCharPredicate$$Lambda$986/0x00000008002ee9e8 (java.base@17.0.15)
4396:             1             24  java.util.regex.Pattern$Bound (java.base@17.0.15)
4397:             1             24  javax.net.ssl.SNIHostName (java.base@17.0.15)
4398:             1             24  javax.net.ssl.SSLContext (java.base@17.0.15)
4399:             1             24  jdk.dynalink.beans.BeansLinker$1 (jdk.dynalink@17.0.15)
4400:             1             24  jdk.dynalink.beans.BeansLinker$NoSuchMemberHandlerBindingLinker (jdk.dynalink@17.0.15)
4401:             1             24  jdk.dynalink.beans.StaticClass$1 (jdk.dynalink@17.0.15)
4402:             1             24  jdk.dynalink.beans.StaticClassLinker$1 (jdk.dynalink@17.0.15)
4403:             1             24  jdk.internal.icu.impl.Norm2AllModes (java.base@17.0.15)
4404:             1             24  jdk.internal.icu.impl.Norm2AllModes$ComposeNormalizer2 (java.base@17.0.15)
4405:             1             24  jdk.internal.icu.impl.Norm2AllModes$Norm2AllModesSingleton (java.base@17.0.15)
4406:             1             24  jdk.internal.jimage.ImageReader (java.base@17.0.15)
4407:             1             24  jdk.internal.logger.BootstrapLogger$RedirectedLoggers (java.base@17.0.15)
4408:             1             24  jdk.internal.ref.CleanerImpl (java.base@17.0.15)
4409:             1             24  jdk.jfr.internal.management.StreamManager (jdk.jfr@17.0.15)
4410:             1             24  jdk.management.jfr.internal.FlightRecorderMXBeanProvider$SingleMBeanComponent (jdk.management.jfr@17.0.15)
4411:             1             24  jdk.nio.zipfs.ZipCoder$UTF8 (jdk.zipfs@17.0.15)
4412:             1             24  joptsimple.BuiltinHelpFormatter (jopt.simple@5.0.4)
4413:             1             24  joptsimple.util.PathProperties$1 (jopt.simple@5.0.4)
4414:             1             24  joptsimple.util.PathProperties$2 (jopt.simple@5.0.4)
4415:             1             24  joptsimple.util.PathProperties$3 (jopt.simple@5.0.4)
4416:             1             24  joptsimple.util.PathProperties$4 (jopt.simple@5.0.4)
4417:             1             24  joptsimple.util.PathProperties$5 (jopt.simple@5.0.4)
4418:             1             24  joptsimple.util.PathProperties$6 (jopt.simple@5.0.4)
4419:             1             24  net.fabricmc.loader.impl.ObjectShareImpl (net.fabricmc.loader@2.6.0+0.15.0+1.20.1-full)
4420:             1             24  net.fabricmc.loader.impl.entrypoint.EntrypointStorage (net.fabricmc.loader@2.6.0+0.15.0+1.20.1-full)
4421:             1             24  net.minecraft.Util$IdentityStrategy (minecraft@1.20.1)
4422:             1             24  net.minecraft.Util$OS$1 (minecraft@1.20.1)
4423:             1             24  net.minecraft.Util$OS$2 (minecraft@1.20.1)
4424:             1             24  net.minecraft.client.GameNarrator (minecraft@1.20.1)
4425:             1             24  net.minecraft.client.OptionInstance$ClampingLazyMaxIntRange (minecraft@1.20.1)
4426:             1             24  net.minecraft.client.OptionInstance$LazyEnum (minecraft@1.20.1)
4427:             1             24  net.minecraft.client.OptionInstance$UnitDouble (minecraft@1.20.1)
4428:             1             24  net.minecraft.client.Options$1 (minecraft@1.20.1)
4429:             1             24  net.minecraft.client.Realms32BitWarningStatus (minecraft@1.20.1)
4430:             1             24  net.minecraft.client.ResourceLoadStateTracker (minecraft@1.20.1)
4431:             1             24  net.minecraft.client.color.block.BlockColors (minecraft@1.20.1)
4432:             1             24  net.minecraft.client.gui.MapRenderer (minecraft@1.20.1)
4433:             1             24  net.minecraft.client.gui.components.AbstractSelectionList$TrackedList (minecraft@1.20.1)
4434:             1             24  net.minecraft.client.gui.components.BossHealthOverlay (minecraft@1.20.1)
4435:             1             24  net.minecraft.client.gui.components.SubtitleOverlay (minecraft@1.20.1)
4436:             1             24  net.minecraft.client.gui.font.providers.TrueTypeGlyphProviderDefinition$Shift (minecraft@1.20.1)
4437:             1             24  net.minecraft.client.gui.narration.ScreenNarrationCollector (minecraft@1.20.1)
4438:             1             24  net.minecraft.client.gui.navigation.ScreenPosition (minecraft@1.20.1)
4439:             1             24  net.minecraft.client.gui.navigation.ScreenRectangle (minecraft@1.20.1)
4440:             1             24  net.minecraft.client.gui.screens.LoadingOverlay$LogoTexture (minecraft@1.20.1)
4441:             1             24  net.minecraft.client.main.GameConfig$GameData (minecraft@1.20.1)
4442:             1             24  net.minecraft.client.multiplayer.chat.ChatLog (minecraft@1.20.1)
4443:             1             24  net.minecraft.client.multiplayer.chat.report.AbuseReportSender$Services (minecraft@1.20.1)
4444:             1             24  net.minecraft.client.multiplayer.chat.report.ReportEnvironment (minecraft@1.20.1)
4445:             1             24  net.minecraft.client.particle.GlowParticle$ElectricSparkProvider (minecraft@1.20.1)
4446:             1             24  net.minecraft.client.particle.GlowParticle$ScrapeProvider (minecraft@1.20.1)
4447:             1             24  net.minecraft.client.particle.GlowParticle$WaxOffProvider (minecraft@1.20.1)
4448:             1             24  net.minecraft.client.particle.GlowParticle$WaxOnProvider (minecraft@1.20.1)
4449:             1             24  net.minecraft.client.quickplay.QuickPlayLog$1 (minecraft@1.20.1)
4450:             1             24  net.minecraft.client.renderer.GpuWarnlistManager (minecraft@1.20.1)
4451:             1             24  net.minecraft.client.renderer.RenderStateShard$EmptyTextureStateShard (minecraft@1.20.1)
4452:             1             24  net.minecraft.client.renderer.RunningTrimmedMean (minecraft@1.20.1)
4453:             1             24  net.minecraft.client.renderer.VirtualScreen (minecraft@1.20.1)
4454:             1             24  net.minecraft.client.renderer.block.BlockModelShaper (minecraft@1.20.1)
4455:             1             24  net.minecraft.client.renderer.block.LiquidBlockRenderer (minecraft@1.20.1)
4456:             1             24  net.minecraft.client.renderer.block.model.BlockModelDefinition$Context (minecraft@1.20.1)
4457:             1             24  net.minecraft.client.renderer.blockentity.BannerRenderer (minecraft@1.20.1)
4458:             1             24  net.minecraft.client.renderer.blockentity.BedRenderer (minecraft@1.20.1)
4459:             1             24  net.minecraft.client.renderer.blockentity.HangingSignRenderer (minecraft@1.20.1)
4460:             1             24  net.minecraft.client.renderer.blockentity.SignRenderer (minecraft@1.20.1)
4461:             1             24  net.minecraft.client.renderer.debug.GameEventListenerRenderer (minecraft@1.20.1)
4462:             1             24  net.minecraft.client.renderer.debug.GoalSelectorDebugRenderer (minecraft@1.20.1)
4463:             1             24  net.minecraft.client.renderer.debug.NeighborsUpdateRenderer (minecraft@1.20.1)
4464:             1             24  net.minecraft.client.renderer.debug.PathfindingRenderer (minecraft@1.20.1)
4465:             1             24  net.minecraft.client.renderer.debug.RaidDebugRenderer (minecraft@1.20.1)
4466:             1             24  net.minecraft.client.renderer.entity.EvokerRenderer$1 (minecraft@1.20.1)
4467:             1             24  net.minecraft.client.renderer.entity.IllusionerRenderer$1 (minecraft@1.20.1)
4468:             1             24  net.minecraft.client.renderer.entity.VindicatorRenderer$1 (minecraft@1.20.1)
4469:             1             24  net.minecraft.client.renderer.entity.layers.CarriedBlockLayer (minecraft@1.20.1)
4470:             1             24  net.minecraft.client.renderer.entity.layers.CatCollarLayer (minecraft@1.20.1)
4471:             1             24  net.minecraft.client.renderer.entity.layers.CreeperPowerLayer (minecraft@1.20.1)
4472:             1             24  net.minecraft.client.renderer.entity.layers.DolphinCarryingItemLayer (minecraft@1.20.1)
4473:             1             24  net.minecraft.client.renderer.entity.layers.DrownedOuterLayer (minecraft@1.20.1)
4474:             1             24  net.minecraft.client.renderer.entity.layers.FoxHeldItemLayer (minecraft@1.20.1)
4475:             1             24  net.minecraft.client.renderer.entity.layers.HorseArmorLayer (minecraft@1.20.1)
4476:             1             24  net.minecraft.client.renderer.entity.layers.IronGolemFlowerLayer (minecraft@1.20.1)
4477:             1             24  net.minecraft.client.renderer.entity.layers.MushroomCowMushroomLayer (minecraft@1.20.1)
4478:             1             24  net.minecraft.client.renderer.entity.layers.PandaHoldsItemLayer (minecraft@1.20.1)
4479:             1             24  net.minecraft.client.renderer.entity.layers.SheepFurLayer (minecraft@1.20.1)
4480:             1             24  net.minecraft.client.renderer.entity.layers.SlimeOuterLayer (minecraft@1.20.1)
4481:             1             24  net.minecraft.client.renderer.entity.layers.SnowGolemHeadLayer (minecraft@1.20.1)
4482:             1             24  net.minecraft.client.renderer.entity.layers.StrayClothingLayer (minecraft@1.20.1)
4483:             1             24  net.minecraft.client.renderer.entity.layers.TropicalFishPatternLayer (minecraft@1.20.1)
4484:             1             24  net.minecraft.client.renderer.entity.layers.WitchItemLayer (minecraft@1.20.1)
4485:             1             24  net.minecraft.client.renderer.entity.layers.WitherArmorLayer (minecraft@1.20.1)
4486:             1             24  net.minecraft.client.renderer.texture.SimpleTexture (minecraft@1.20.1)
4487:             1             24  net.minecraft.client.resources.MobEffectTextureManager (minecraft@1.20.1)
4488:             1             24  net.minecraft.client.resources.PaintingTextureManager (minecraft@1.20.1)
4489:             1             24  net.minecraft.client.resources.SkinManager$1 (minecraft@1.20.1)
4490:             1             24  net.minecraft.client.resources.SplashManager (minecraft@1.20.1)
4491:             1             24  net.minecraft.client.resources.language.ClientLanguage (minecraft@1.20.1)
4492:             1             24  net.minecraft.client.resources.language.LanguageManager (minecraft@1.20.1)
4493:             1             24  net.minecraft.client.resources.metadata.animation.AnimationFrame (minecraft@1.20.1)
4494:             1             24  net.minecraft.client.sounds.ChannelAccess (minecraft@1.20.1)
4495:             1             24  net.minecraft.client.sounds.SoundBufferLibrary (minecraft@1.20.1)
4496:             1             24  net.minecraft.client.sounds.SoundManager (minecraft@1.20.1)
4497:             1             24  net.minecraft.client.sounds.SoundManager$1 (minecraft@1.20.1)
4498:             1             24  net.minecraft.client.sounds.SoundManager$Preparations (minecraft@1.20.1)
4499:             1             24  net.minecraft.client.telemetry.TelemetryLogManager (minecraft@1.20.1)
4500:             1             24  net.minecraft.client.telemetry.events.GameLoadTimesEvent (minecraft@1.20.1)
4501:             1             24  net.minecraft.client.tutorial.BundleTutorial (minecraft@1.20.1)
4502:             1             24  net.minecraft.core.BlockPos$MutableBlockPos (minecraft@1.20.1)
4503:             1             24  net.minecraft.core.Direction$Axis$1 (minecraft@1.20.1)
4504:             1             24  net.minecraft.core.Direction$Axis$2 (minecraft@1.20.1)
4505:             1             24  net.minecraft.core.Direction$Axis$3 (minecraft@1.20.1)
4506:             1             24  net.minecraft.core.IdMapper (minecraft@1.20.1)
4507:             1             24  net.minecraft.core.dispenser.DispenseItemBehavior$24 (minecraft@1.20.1)
4508:             1             24  net.minecraft.core.particles.DustColorTransitionOptions (minecraft@1.20.1)
4509:             1             24  net.minecraft.core.particles.DustParticleOptions (minecraft@1.20.1)
4510:             1             24  net.minecraft.network.chat.ChatType (minecraft@1.20.1)
4511:             1             24  net.minecraft.network.chat.ChatType$Bound (minecraft@1.20.1)
4512:             1             24  net.minecraft.server.packs.linkfs.LinkFileSystem (minecraft@1.20.1)
4513:             1             24  net.minecraft.server.packs.metadata.pack.PackMetadataSection (minecraft@1.20.1)
4514:             1             24  net.minecraft.server.packs.repository.FolderRepositorySource (minecraft@1.20.1)
4515:             1             24  net.minecraft.server.packs.repository.PackRepository (minecraft@1.20.1)
4516:             1             24  net.minecraft.server.packs.resources.MultiPackResourceManager (minecraft@1.20.1)
4517:             1             24  net.minecraft.server.packs.resources.ReloadableResourceManager (minecraft@1.20.1)
4518:             1             24  net.minecraft.util.ExtraCodecs$$Lambda$1081/0x000000080056df78 (minecraft@1.20.1)
4519:             1             24  net.minecraft.util.ExtraCodecs$$Lambda$5695/0x0000000800e36a28 (minecraft@1.20.1)
4520:             1             24  net.minecraft.util.InclusiveRange$$Lambda$3718/0x0000000800b11fa8 (minecraft@1.20.1)
4521:             1             24  net.minecraft.util.Unit (minecraft@1.20.1)
4522:             1             24  net.minecraft.util.datafix.fixes.AbstractArrowPickupFix (minecraft@1.20.1)
4523:             1             24  net.minecraft.util.datafix.fixes.AttributesRename (minecraft@1.20.1)
4524:             1             24  net.minecraft.util.datafix.fixes.BedItemColorFix (minecraft@1.20.1)
4525:             1             24  net.minecraft.util.datafix.fixes.BitStorageAlignFix (minecraft@1.20.1)
4526:             1             24  net.minecraft.util.datafix.fixes.BlendingDataRemoveFromNetherEndFix (minecraft@1.20.1)
4527:             1             24  net.minecraft.util.datafix.fixes.BlockEntityCustomNameToComponentFix (minecraft@1.20.1)
4528:             1             24  net.minecraft.util.datafix.fixes.BlockEntityIdFix (minecraft@1.20.1)
4529:             1             24  net.minecraft.util.datafix.fixes.BlockNameFlatteningFix (minecraft@1.20.1)
4530:             1             24  net.minecraft.util.datafix.fixes.BlockStateStructureTemplateFix (minecraft@1.20.1)
4531:             1             24  net.minecraft.util.datafix.fixes.CauldronRenameFix (minecraft@1.20.1)
4532:             1             24  net.minecraft.util.datafix.fixes.ChunkBedBlockEntityInjecterFix (minecraft@1.20.1)
4533:             1             24  net.minecraft.util.datafix.fixes.ChunkBedBlockEntityInjecterFix$$Lambda$2254/0x000000080089c6b0 (minecraft@1.20.1)
4534:             1             24  net.minecraft.util.datafix.fixes.ChunkBiomeFix (minecraft@1.20.1)
4535:             1             24  net.minecraft.util.datafix.fixes.ChunkDeleteIgnoredLightDataFix (minecraft@1.20.1)
4536:             1             24  net.minecraft.util.datafix.fixes.ChunkDeleteLightFix (minecraft@1.20.1)
4537:             1             24  net.minecraft.util.datafix.fixes.ChunkHeightAndBiomeFix (minecraft@1.20.1)
4538:             1             24  net.minecraft.util.datafix.fixes.ChunkLightRemoveFix (minecraft@1.20.1)
4539:             1             24  net.minecraft.util.datafix.fixes.ChunkPalettedStorageFix (minecraft@1.20.1)
4540:             1             24  net.minecraft.util.datafix.fixes.ChunkProtoTickListFix (minecraft@1.20.1)
4541:             1             24  net.minecraft.util.datafix.fixes.ChunkRenamesFix (minecraft@1.20.1)
4542:             1             24  net.minecraft.util.datafix.fixes.ChunkRenamesFix$$Lambda$2341/0x00000008008bf590 (minecraft@1.20.1)
4543:             1             24  net.minecraft.util.datafix.fixes.ChunkStatusFix (minecraft@1.20.1)
4544:             1             24  net.minecraft.util.datafix.fixes.ChunkStatusFix2 (minecraft@1.20.1)
4545:             1             24  net.minecraft.util.datafix.fixes.ChunkStructuresTemplateRenameFix (minecraft@1.20.1)
4546:             1             24  net.minecraft.util.datafix.fixes.ChunkToProtochunkFix (minecraft@1.20.1)
4547:             1             24  net.minecraft.util.datafix.fixes.DecoratedPotFieldRenameFix (minecraft@1.20.1)
4548:             1             24  net.minecraft.util.datafix.fixes.EffectDurationFix (minecraft@1.20.1)
4549:             1             24  net.minecraft.util.datafix.fixes.EffectDurationFix$$Lambda$2354/0x00000008008c7b00 (minecraft@1.20.1)
4550:             1             24  net.minecraft.util.datafix.fixes.EntityBlockStateFix (minecraft@1.20.1)
4551:             1             24  net.minecraft.util.datafix.fixes.EntityCustomNameToComponentFix (minecraft@1.20.1)
4552:             1             24  net.minecraft.util.datafix.fixes.EntityEquipmentToArmorAndHandFix (minecraft@1.20.1)
4553:             1             24  net.minecraft.util.datafix.fixes.EntityHealthFix (minecraft@1.20.1)
4554:             1             24  net.minecraft.util.datafix.fixes.EntityIdFix (minecraft@1.20.1)
4555:             1             24  net.minecraft.util.datafix.fixes.EntityMinecartIdentifiersFix (minecraft@1.20.1)
4556:             1             24  net.minecraft.util.datafix.fixes.EntityMinecartIdentifiersFix$$Lambda$2230/0x000000080087f1a0 (minecraft@1.20.1)
4557:             1             24  net.minecraft.util.datafix.fixes.EntityPaintingItemFrameDirectionFix (minecraft@1.20.1)
4558:             1             24  net.minecraft.util.datafix.fixes.EntityPaintingItemFrameDirectionFix$$Lambda$2233/0x000000080087faa0 (minecraft@1.20.1)
4559:             1             24  net.minecraft.util.datafix.fixes.EntityPaintingItemFrameDirectionFix$$Lambda$2234/0x000000080087fce8 (minecraft@1.20.1)
4560:             1             24  net.minecraft.util.datafix.fixes.EntityProjectileOwnerFix (minecraft@1.20.1)
4561:             1             24  net.minecraft.util.datafix.fixes.EntityRedundantChanceTagsFix (minecraft@1.20.1)
4562:             1             24  net.minecraft.util.datafix.fixes.EntityRidingToPassengersFix (minecraft@1.20.1)
4563:             1             24  net.minecraft.util.datafix.fixes.EntityStringUuidFix (minecraft@1.20.1)
4564:             1             24  net.minecraft.util.datafix.fixes.ForcePoiRebuild (minecraft@1.20.1)
4565:             1             24  net.minecraft.util.datafix.fixes.FurnaceRecipeFix (minecraft@1.20.1)
4566:             1             24  net.minecraft.util.datafix.fixes.HeightmapRenamingFix (minecraft@1.20.1)
4567:             1             24  net.minecraft.util.datafix.fixes.HeightmapRenamingFix$$Lambda$2279/0x00000008008a4868 (minecraft@1.20.1)
4568:             1             24  net.minecraft.util.datafix.fixes.IglooMetadataRemovalFix (minecraft@1.20.1)
4569:             1             24  net.minecraft.util.datafix.fixes.ItemBannerColorFix (minecraft@1.20.1)
4570:             1             24  net.minecraft.util.datafix.fixes.ItemBannerColorFix$$Lambda$2249/0x000000080089a958 (minecraft@1.20.1)
4571:             1             24  net.minecraft.util.datafix.fixes.ItemCustomNameToComponentFix (minecraft@1.20.1)
4572:             1             24  net.minecraft.util.datafix.fixes.ItemCustomNameToComponentFix$$Lambda$2273/0x00000008008a3ae8 (minecraft@1.20.1)
4573:             1             24  net.minecraft.util.datafix.fixes.ItemIdFix (minecraft@1.20.1)
4574:             1             24  net.minecraft.util.datafix.fixes.ItemIdFix$$Lambda$2221/0x000000080088b2c8 (minecraft@1.20.1)
4575:             1             24  net.minecraft.util.datafix.fixes.ItemLoreFix (minecraft@1.20.1)
4576:             1             24  net.minecraft.util.datafix.fixes.ItemPotionFix (minecraft@1.20.1)
4577:             1             24  net.minecraft.util.datafix.fixes.ItemPotionFix$$Lambda$2226/0x000000080088b730 (minecraft@1.20.1)
4578:             1             24  net.minecraft.util.datafix.fixes.ItemShulkerBoxColorFix (minecraft@1.20.1)
4579:             1             24  net.minecraft.util.datafix.fixes.ItemShulkerBoxColorFix$$Lambda$2251/0x000000080089bfe8 (minecraft@1.20.1)
4580:             1             24  net.minecraft.util.datafix.fixes.ItemSpawnEggFix (minecraft@1.20.1)
4581:             1             24  net.minecraft.util.datafix.fixes.ItemStackEnchantmentNamesFix (minecraft@1.20.1)
4582:             1             24  net.minecraft.util.datafix.fixes.ItemStackEnchantmentNamesFix$$Lambda$2282/0x00000008008a7058 (minecraft@1.20.1)
4583:             1             24  net.minecraft.util.datafix.fixes.ItemStackMapIdFix (minecraft@1.20.1)
4584:             1             24  net.minecraft.util.datafix.fixes.ItemStackMapIdFix$$Lambda$2264/0x000000080089ecf8 (minecraft@1.20.1)
4585:             1             24  net.minecraft.util.datafix.fixes.ItemStackTheFlatteningFix (minecraft@1.20.1)
4586:             1             24  net.minecraft.util.datafix.fixes.ItemStackTheFlatteningFix$$Lambda$2267/0x000000080089f3a0 (minecraft@1.20.1)
4587:             1             24  net.minecraft.util.datafix.fixes.ItemStackUUIDFix$$Lambda$2321/0x00000008008b5910 (minecraft@1.20.1)
4588:             1             24  net.minecraft.util.datafix.fixes.ItemWaterPotionFix (minecraft@1.20.1)
4589:             1             24  net.minecraft.util.datafix.fixes.ItemWaterPotionFix$$Lambda$2250/0x000000080089aba0 (minecraft@1.20.1)
4590:             1             24  net.minecraft.util.datafix.fixes.ItemWrittenBookPagesStrictJsonFix (minecraft@1.20.1)
4591:             1             24  net.minecraft.util.datafix.fixes.ItemWrittenBookPagesStrictJsonFix$$Lambda$2241/0x0000000800893850 (minecraft@1.20.1)
4592:             1             24  net.minecraft.util.datafix.fixes.JigsawRotationFix (minecraft@1.20.1)
4593:             1             24  net.minecraft.util.datafix.fixes.LeavesFix (minecraft@1.20.1)
4594:             1             24  net.minecraft.util.datafix.fixes.LegacyDragonFightFix (minecraft@1.20.1)
4595:             1             24  net.minecraft.util.datafix.fixes.LevelDataGeneratorOptionsFix (minecraft@1.20.1)
4596:             1             24  net.minecraft.util.datafix.fixes.LevelFlatGeneratorInfoFix (minecraft@1.20.1)
4597:             1             24  net.minecraft.util.datafix.fixes.MapIdFix (minecraft@1.20.1)
4598:             1             24  net.minecraft.util.datafix.fixes.MissingDimensionFix (minecraft@1.20.1)
4599:             1             24  net.minecraft.util.datafix.fixes.MobSpawnerEntityIdentifiersFix (minecraft@1.20.1)
4600:             1             24  net.minecraft.util.datafix.fixes.MobSpawnerEntityIdentifiersFix$$Lambda$2229/0x000000080088bbc0 (minecraft@1.20.1)
4601:             1             24  net.minecraft.util.datafix.fixes.NewVillageFix (minecraft@1.20.1)
4602:             1             24  net.minecraft.util.datafix.fixes.ObjectiveDisplayNameFix (minecraft@1.20.1)
4603:             1             24  net.minecraft.util.datafix.fixes.ObjectiveRenderTypeFix (minecraft@1.20.1)
4604:             1             24  net.minecraft.util.datafix.fixes.OptionsAccessibilityOnboardFix (minecraft@1.20.1)
4605:             1             24  net.minecraft.util.datafix.fixes.OptionsAddTextBackgroundFix (minecraft@1.20.1)
4606:             1             24  net.minecraft.util.datafix.fixes.OptionsAmbientOcclusionFix (minecraft@1.20.1)
4607:             1             24  net.minecraft.util.datafix.fixes.OptionsForceVBOFix (minecraft@1.20.1)
4608:             1             24  net.minecraft.util.datafix.fixes.OptionsKeyLwjgl3Fix (minecraft@1.20.1)
4609:             1             24  net.minecraft.util.datafix.fixes.OptionsKeyTranslationFix (minecraft@1.20.1)
4610:             1             24  net.minecraft.util.datafix.fixes.OptionsLowerCaseLanguageFix (minecraft@1.20.1)
4611:             1             24  net.minecraft.util.datafix.fixes.OptionsProgrammerArtFix (minecraft@1.20.1)
4612:             1             24  net.minecraft.util.datafix.fixes.OverreachingTickFix (minecraft@1.20.1)
4613:             1             24  net.minecraft.util.datafix.fixes.RedstoneWireConnectionsFix (minecraft@1.20.1)
4614:             1             24  net.minecraft.util.datafix.fixes.ReorganizePoi (minecraft@1.20.1)
4615:             1             24  net.minecraft.util.datafix.fixes.SavedDataFeaturePoolElementFix (minecraft@1.20.1)
4616:             1             24  net.minecraft.util.datafix.fixes.SpawnerDataFix (minecraft@1.20.1)
4617:             1             24  net.minecraft.util.datafix.fixes.StatsCounterFix (minecraft@1.20.1)
4618:             1             24  net.minecraft.util.datafix.fixes.StatsCounterFix$$Lambda$2271/0x000000080089fcc0 (minecraft@1.20.1)
4619:             1             24  net.minecraft.util.datafix.fixes.StructureReferenceCountFix (minecraft@1.20.1)
4620:             1             24  net.minecraft.util.datafix.fixes.StructureSettingsFlattenFix (minecraft@1.20.1)
4621:             1             24  net.minecraft.util.datafix.fixes.StructuresBecomeConfiguredFix (minecraft@1.20.1)
4622:             1             24  net.minecraft.util.datafix.fixes.TeamDisplayNameFix (minecraft@1.20.1)
4623:             1             24  net.minecraft.util.datafix.fixes.TrappedChestBlockEntityFix (minecraft@1.20.1)
4624:             1             24  net.minecraft.util.datafix.fixes.VillagerRebuildLevelAndXpFix (minecraft@1.20.1)
4625:             1             24  net.minecraft.util.datafix.fixes.WallPropertyFix (minecraft@1.20.1)
4626:             1             24  net.minecraft.util.datafix.fixes.WorldGenSettingsFix (minecraft@1.20.1)
4627:             1             24  net.minecraft.util.datafix.fixes.WorldGenSettingsHeightAndBiomeFix (minecraft@1.20.1)
4628:             1             24  net.minecraft.util.datafix.fixes.WorldGenSettingsHeightAndBiomeFix$$Lambda$2337/0x00000008008be318 (minecraft@1.20.1)
4629:             1             24  net.minecraft.util.eventlog.EventLogDirectory (minecraft@1.20.1)
4630:             1             24  net.minecraft.util.profiling.ContinuousProfiler (minecraft@1.20.1)
4631:             1             24  net.minecraft.world.flag.FeatureFlagRegistry (minecraft@1.20.1)
4632:             1             24  net.minecraft.world.item.HoeItem$$Lambda$2597/0x00000008009d9a38 (minecraft@1.20.1)
4633:             1             24  net.minecraft.world.item.enchantment.EnchantmentCategory$1 (minecraft@1.20.1)
4634:             1             24  net.minecraft.world.item.enchantment.EnchantmentCategory$10 (minecraft@1.20.1)
4635:             1             24  net.minecraft.world.item.enchantment.EnchantmentCategory$11 (minecraft@1.20.1)
4636:             1             24  net.minecraft.world.item.enchantment.EnchantmentCategory$12 (minecraft@1.20.1)
4637:             1             24  net.minecraft.world.item.enchantment.EnchantmentCategory$13 (minecraft@1.20.1)
4638:             1             24  net.minecraft.world.item.enchantment.EnchantmentCategory$14 (minecraft@1.20.1)
4639:             1             24  net.minecraft.world.item.enchantment.EnchantmentCategory$2 (minecraft@1.20.1)
4640:             1             24  net.minecraft.world.item.enchantment.EnchantmentCategory$3 (minecraft@1.20.1)
4641:             1             24  net.minecraft.world.item.enchantment.EnchantmentCategory$4 (minecraft@1.20.1)
4642:             1             24  net.minecraft.world.item.enchantment.EnchantmentCategory$5 (minecraft@1.20.1)
4643:             1             24  net.minecraft.world.item.enchantment.EnchantmentCategory$6 (minecraft@1.20.1)
4644:             1             24  net.minecraft.world.item.enchantment.EnchantmentCategory$7 (minecraft@1.20.1)
4645:             1             24  net.minecraft.world.item.enchantment.EnchantmentCategory$8 (minecraft@1.20.1)
4646:             1             24  net.minecraft.world.item.enchantment.EnchantmentCategory$9 (minecraft@1.20.1)
4647:             1             24  net.minecraft.world.level.biome.Biome$TemperatureModifier$1 (minecraft@1.20.1)
4648:             1             24  net.minecraft.world.level.biome.Biome$TemperatureModifier$2 (minecraft@1.20.1)
4649:             1             24  net.minecraft.world.level.block.MultifaceSpreader$SpreadType$1 (minecraft@1.20.1)
4650:             1             24  net.minecraft.world.level.block.MultifaceSpreader$SpreadType$2 (minecraft@1.20.1)
4651:             1             24  net.minecraft.world.level.block.MultifaceSpreader$SpreadType$3 (minecraft@1.20.1)
4652:             1             24  net.minecraft.world.level.block.entity.EnderChestBlockEntity$1 (minecraft@1.20.1)
4653:             1             24  net.minecraft.world.level.block.state.predicate.BlockStatePredicate (minecraft@1.20.1)
4654:             1             24  net.minecraft.world.level.levelgen.DensityFunctions$BeardifierMarker (minecraft@1.20.1)
4655:             1             24  net.minecraft.world.level.levelgen.DensityFunctions$BlendAlpha (minecraft@1.20.1)
4656:             1             24  net.minecraft.world.level.levelgen.DensityFunctions$BlendOffset (minecraft@1.20.1)
4657:             1             24  net.minecraft.world.level.levelgen.DensityFunctions$Constant (minecraft@1.20.1)
4658:             1             24  net.minecraft.world.level.levelgen.SurfaceRules$AbovePreliminarySurface (minecraft@1.20.1)
4659:             1             24  net.minecraft.world.level.levelgen.SurfaceRules$Bandlands (minecraft@1.20.1)
4660:             1             24  net.minecraft.world.level.levelgen.SurfaceRules$Hole (minecraft@1.20.1)
4661:             1             24  net.minecraft.world.level.levelgen.SurfaceRules$Steep (minecraft@1.20.1)
4662:             1             24  net.minecraft.world.level.levelgen.SurfaceRules$Temperature (minecraft@1.20.1)
4663:             1             24  net.minecraft.world.level.levelgen.ThreadSafeLegacyRandomSource (minecraft@1.20.1)
4664:             1             24  net.minecraft.world.level.levelgen.carver.CanyonWorldCarver (minecraft@1.20.1)
4665:             1             24  net.minecraft.world.level.levelgen.carver.CaveWorldCarver (minecraft@1.20.1)
4666:             1             24  net.minecraft.world.level.levelgen.carver.NetherWorldCarver (minecraft@1.20.1)
4667:             1             24  net.minecraft.world.level.levelgen.structure.templatesystem.GravityProcessor (minecraft@1.20.1)
4668:             1             24  net.minecraft.world.level.validation.PathAllowList (minecraft@1.20.1)
4669:             1             24  net.minecraftforge.accesstransformer.AccessTransformerEngine (accesstransformers@8.0.4)
4670:             1             24  net.minecraftforge.accesstransformer.parser.AccessTransformerList (accesstransformers@8.0.4)
4671:             1             24  net.minecraftforge.accesstransformer.service.ServiceNameHandler (accesstransformers@8.0.4)
4672:             1             24  net.minecraftforge.client.ForgeHooksClient$$Lambda$5007/0x0000000800d5d998 (forge@47.4.13)
4673:             1             24  net.minecraftforge.client.model.lighting.ForgeModelBlockRenderer (forge@47.4.13)
4674:             1             24  net.minecraftforge.client.settings.KeyConflictContext$1 (forge@47.4.13)
4675:             1             24  net.minecraftforge.client.settings.KeyConflictContext$2 (forge@47.4.13)
4676:             1             24  net.minecraftforge.client.settings.KeyConflictContext$3 (forge@47.4.13)
4677:             1             24  net.minecraftforge.client.settings.KeyModifier$1 (forge@47.4.13)
4678:             1             24  net.minecraftforge.client.settings.KeyModifier$2 (forge@47.4.13)
4679:             1             24  net.minecraftforge.client.settings.KeyModifier$3 (forge@47.4.13)
4680:             1             24  net.minecraftforge.client.settings.KeyModifier$4 (forge@47.4.13)
4681:             1             24  net.minecraftforge.common.util.Lazy$Concurrent (forge@47.4.13)
4682:             1             24  net.minecraftforge.eventbus.EventBusEngine (net.minecraftforge.eventbus)
4683:             1             24  net.minecraftforge.fml.config.ConfigTracker (fmlcore@1.20.1-47.4.13)
4684:             1             24  net.minecraftforge.fml.earlydisplay.EarlyFramebuffer (fmlearlydisplay@1.20.1-47.4.13)
4685:             1             24  net.minecraftforge.fml.earlydisplay.RenderElement$$Lambda$5266/0x0000000800daf218 (fmlearlydisplay@1.20.1-47.4.13)
4686:             1             24  net.minecraftforge.fml.earlydisplay.RenderElement$$Lambda$604/0x0000000800384a60 (fmlearlydisplay@1.20.1-47.4.13)
4687:             1             24  net.minecraftforge.fml.earlydisplay.RenderElement$$Lambda$608/0x0000000800385528 (fmlearlydisplay@1.20.1-47.4.13)
4688:             1             24  net.minecraftforge.fml.javafmlmod.FMLJavaModLanguageProvider$FMLModTarget (javafmllanguage@1.20.1-47.4.13)
4689:             1             24  net.minecraftforge.fml.loading.EarlyLoadingException$ExceptionData (fmlloader@1.20.1-47.4.13)
4690:             1             24  net.minecraftforge.fml.loading.MCPNamingService (fmlloader@1.20.1-47.4.13)
4691:             1             24  net.minecraftforge.fml.loading.moddiscovery.ClasspathLocator (fmlloader@1.20.1-47.4.13)
4692:             1             24  net.minecraftforge.fml.loading.moddiscovery.ExplodedDirectoryLocator (fmlloader@1.20.1-47.4.13)
4693:             1             24  net.minecraftforge.fml.loading.moddiscovery.ModsFolderLocator (fmlloader@1.20.1-47.4.13)
4694:             1             24  net.minecraftforge.fml.loading.targets.CommonClientLaunchHandler$$Lambda$1027/0x000000080054dfa8 (fmlloader@1.20.1-47.4.13)
4695:             1             24  net.minecraftforge.forgespi.Environment (net.minecraftforge.forgespi@7.0.1)
4696:             1             24  net.minecraftforge.jarjar.metadata.json.MetadataSerializer$1 (JarJarMetadata@0.3.19)
4697:             1             24  net.minecraftforge.network.ServerStatusPing$ChannelData (forge@47.4.13)
4698:             1             24  org.antlr.v4.runtime.atn.SemanticContext$Predicate (org.antlr.antlr4.runtime@4.9.1)
4699:             1             24  org.antlr.v4.runtime.misc.Pair (org.antlr.antlr4.runtime@4.9.1)
4700:             1             24  org.apache.logging.log4j.core.appender.ConsoleAppender$Target$1 (org.apache.logging.log4j.core@2.19.0)
4701:             1             24  org.apache.logging.log4j.core.appender.ConsoleAppender$Target$2 (org.apache.logging.log4j.core@2.19.0)
4702:             1             24  org.apache.logging.log4j.core.appender.rolling.FileExtension$1 (org.apache.logging.log4j.core@2.19.0)
4703:             1             24  org.apache.logging.log4j.core.appender.rolling.FileExtension$2 (org.apache.logging.log4j.core@2.19.0)
4704:             1             24  org.apache.logging.log4j.core.appender.rolling.FileExtension$3 (org.apache.logging.log4j.core@2.19.0)
4705:             1             24  org.apache.logging.log4j.core.appender.rolling.FileExtension$4 (org.apache.logging.log4j.core@2.19.0)
4706:             1             24  org.apache.logging.log4j.core.appender.rolling.FileExtension$5 (org.apache.logging.log4j.core@2.19.0)
4707:             1             24  org.apache.logging.log4j.core.appender.rolling.FileExtension$6 (org.apache.logging.log4j.core@2.19.0)
4708:             1             24  org.apache.logging.log4j.core.async.ThreadNameCachingStrategy$1 (org.apache.logging.log4j.core@2.19.0)
4709:             1             24  org.apache.logging.log4j.core.async.ThreadNameCachingStrategy$2 (org.apache.logging.log4j.core@2.19.0)
4710:             1             24  org.apache.logging.log4j.core.config.LoggerConfig$LoggerConfigPredicate$1 (org.apache.logging.log4j.core@2.19.0)
4711:             1             24  org.apache.logging.log4j.core.config.LoggerConfig$LoggerConfigPredicate$2 (org.apache.logging.log4j.core@2.19.0)
4712:             1             24  org.apache.logging.log4j.core.config.LoggerConfig$LoggerConfigPredicate$3 (org.apache.logging.log4j.core@2.19.0)
4713:             1             24  org.apache.logging.log4j.core.config.Loggers (org.apache.logging.log4j.core@2.19.0)
4714:             1             24  org.apache.logging.log4j.core.config.json.JsonConfigurationFactory (org.apache.logging.log4j.core@2.19.0)
4715:             1             24  org.apache.logging.log4j.core.config.plugins.util.PluginRegistry (org.apache.logging.log4j.core@2.19.0)
4716:             1             24  org.apache.logging.log4j.core.config.yaml.YamlConfigurationFactory (org.apache.logging.log4j.core@2.19.0)
4717:             1             24  org.apache.logging.log4j.core.filter.CompositeFilter (org.apache.logging.log4j.core@2.19.0)
4718:             1             24  org.apache.logging.log4j.core.impl.Log4jContextFactory (org.apache.logging.log4j.core@2.19.0)
4719:             1             24  org.apache.logging.log4j.core.jmx.ContextSelectorAdmin (org.apache.logging.log4j.core@2.19.0)
4720:             1             24  org.apache.logging.log4j.core.pattern.FormattingInfo (org.apache.logging.log4j.core@2.19.0)
4721:             1             24  org.apache.logging.log4j.core.pattern.IntegerPatternConverter (org.apache.logging.log4j.core@2.19.0)
4722:             1             24  org.apache.logging.log4j.core.pattern.LevelPatternConverter$SimpleLevelPatternConverter (org.apache.logging.log4j.core@2.19.0)
4723:             1             24  org.apache.logging.log4j.core.pattern.LineSeparatorPatternConverter (org.apache.logging.log4j.core@2.19.0)
4724:             1             24  org.apache.logging.log4j.core.pattern.MessagePatternConverter$SimpleMessagePatternConverter (org.apache.logging.log4j.core@2.19.0)
4725:             1             24  org.apache.logging.log4j.core.pattern.NameAbbreviator$MaxElementAbbreviator$Strategy$1 (org.apache.logging.log4j.core@2.19.0)
4726:             1             24  org.apache.logging.log4j.core.pattern.NameAbbreviator$MaxElementAbbreviator$Strategy$2 (org.apache.logging.log4j.core@2.19.0)
4727:             1             24  org.apache.logging.log4j.core.pattern.PatternParser (org.apache.logging.log4j.core@2.19.0)
4728:             1             24  org.apache.logging.log4j.core.pattern.SimpleLiteralPatternConverter$Space (org.apache.logging.log4j.core@2.19.0)
4729:             1             24  org.apache.logging.log4j.core.pattern.ThreadNamePatternConverter (org.apache.logging.log4j.core@2.19.0)
4730:             1             24  org.apache.logging.log4j.core.util.Source (org.apache.logging.log4j.core@2.19.0)
4731:             1             24  org.apache.logging.log4j.core.util.datetime.FastDatePrinter$TextField (org.apache.logging.log4j.core@2.19.0)
4732:             1             24  org.apache.logging.log4j.spi.LoggerRegistry (org.apache.logging.log4j@2.19.0)
4733:             1             24  org.apache.logging.log4j.status.StatusConsoleListener (org.apache.logging.log4j@2.19.0)
4734:             1             24  org.apache.logging.slf4j.Log4jLoggerFactory (org.apache.logging.log4j.slf4j@2.19.0)
4735:             1             24  org.apache.logging.slf4j.SLF4JServiceProvider (org.apache.logging.log4j.slf4j@2.19.0)
4736:             1             24  org.apache.maven.artifact.versioning.ComparableVersion$LongItem (maven.artifact@3.8.5)
4737:             1             24  org.lwjgl.glfw.GLFWErrorCallback$Container (org.lwjgl.glfw@3.3.1+7)
4738:             1             24  org.lwjgl.glfw.GLFWImage (org.lwjgl.glfw@3.3.1+7)
4739:             1             24  org.lwjgl.glfw.GLFWVidMode (org.lwjgl.glfw@3.3.1+7)
4740:             1             24  org.lwjgl.openal.ALC$SharedLibraryAL (org.lwjgl.openal@3.3.1+7)
4741:             1             24  org.lwjgl.opengl.GL$1 (org.lwjgl.opengl@3.3.1+7)
4742:             1             24  org.lwjgl.stb.STBTTPackRange (org.lwjgl.stb@3.3.1+7)
4743:             1             24  org.lwjgl.stb.STBTTPackedchar (org.lwjgl.stb@3.3.1+7)
4744:             1             24  org.openjdk.nashorn.internal.runtime.AccessorProperty$1 (org.openjdk.nashorn)
4745:             1             24  org.openjdk.nashorn.internal.runtime.arrays.ArrayData$UntouchedArrayData (org.openjdk.nashorn)
4746:             1             24  org.openjdk.nashorn.internal.runtime.linker.ClassAndLoader (org.openjdk.nashorn)
4747:             1             24  org.openjdk.nashorn.internal.runtime.linker.JavaAdapterFactory$1 (org.openjdk.nashorn)
4748:             1             24  org.openjdk.nashorn.internal.runtime.linker.JavaAdapterFactory$2 (org.openjdk.nashorn)
4749:             1             24  org.openjdk.nashorn.internal.runtime.linker.NashornBeansLinker$1 (org.openjdk.nashorn)
4750:             1             24  org.openjdk.nashorn.internal.runtime.linker.NashornCallSiteDescriptor$1 (org.openjdk.nashorn)
4751:             1             24  org.openjdk.nashorn.internal.runtime.linker.NashornLinker$1 (org.openjdk.nashorn)
4752:             1             24  org.openjdk.nashorn.internal.runtime.logging.DebugLogger (org.openjdk.nashorn)
4753:             1             24  org.slf4j.helpers.BasicMDCAdapter (org.slf4j@2.0.1)
4754:             1             24  org.slf4j.helpers.BasicMDCAdapter$1 (org.slf4j@2.0.1)
4755:             1             24  org.slf4j.helpers.FormattingTuple (org.slf4j@2.0.1)
4756:             1             24  org.slf4j.helpers.NOP_FallbackServiceProvider (org.slf4j@2.0.1)
4757:             1             24  org.slf4j.helpers.SubstituteLoggerFactory (org.slf4j@2.0.1)
4758:             1             24  org.slf4j.helpers.SubstituteServiceProvider (org.slf4j@2.0.1)
4759:             1             24  org.spongepowered.asm.launch.MixinTransformationService (org.spongepowered.mixin)
4760:             1             24  org.spongepowered.asm.launch.platform.MixinConnectorManager (org.spongepowered.mixin)
4761:             1             24  org.spongepowered.asm.launch.platform.MixinPlatformAgentMinecraftForge (org.spongepowered.mixin)
4762:             1             24  org.spongepowered.asm.launch.platform.container.ContainerHandleModLauncherEx (org.spongepowered.mixin)
4763:             1             24  org.spongepowered.asm.mixin.MixinEnvironment$Side$1 (org.spongepowered.mixin)
4764:             1             24  org.spongepowered.asm.mixin.MixinEnvironment$Side$2 (org.spongepowered.mixin)
4765:             1             24  org.spongepowered.asm.mixin.MixinEnvironment$Side$3 (org.spongepowered.mixin)
4766:             1             24  org.spongepowered.asm.mixin.transformer.MixinClassGenerator (org.spongepowered.mixin)
4767:             1             24  org.spongepowered.asm.mixin.transformer.MixinCoprocessorAccessor (org.spongepowered.mixin)
4768:             1             24  org.spongepowered.asm.mixin.transformer.ext.extensions.ExtensionClassExporter (org.spongepowered.mixin)
4769:             1             24  org.spongepowered.asm.service.MixinService$LogBuffer (org.spongepowered.mixin)
4770:             1             24  org.spongepowered.asm.service.modlauncher.Blackboard (org.spongepowered.mixin)
4771:             1             24  org.spongepowered.asm.service.modlauncher.MixinTransformationHandler (org.spongepowered.mixin)
4772:             1             24  org.spongepowered.asm.service.modlauncher.ModLauncherAuditTrail (org.spongepowered.mixin)
4773:             1             24  org.spongepowered.asm.service.modlauncher.ModLauncherClassTracker (org.spongepowered.mixin)
4774:             1             24  org.spongepowered.asm.util.ReEntranceLock (org.spongepowered.mixin)
4775:             1             24  org.spongepowered.asm.util.VersionNumber (org.spongepowered.mixin)
4776:             1             24  sun.management.CompilationImpl (java.management@17.0.15)
4777:             1             24  sun.management.ManagementFactoryHelper$LoggingMXBeanAccess (java.management@17.0.15)
4778:             1             24  sun.management.ManagementFactoryHelper$PlatformLoggingImpl (java.management@17.0.15)
4779:             1             24  sun.management.MemoryImpl (java.management@17.0.15)
4780:             1             24  sun.management.RuntimeImpl (java.management@17.0.15)
4781:             1             24  sun.management.VMManagementImpl (java.management@17.0.15)
4782:             1             24  sun.net.ProgressMonitor (java.base@17.0.15)
4783:             1             24  sun.net.sdp.SdpProvider (java.base@17.0.15)
4784:             1             24  sun.net.www.http.KeepAliveEntry (java.base@17.0.15)
4785:             1             24  sun.net.www.protocol.http.Handler (java.base@17.0.15)
4786:             1             24  sun.nio.cs.ISO_8859_1 (java.base@17.0.15)
4787:             1             24  sun.nio.cs.StandardCharsets (java.base@17.0.15)
4788:             1             24  sun.nio.cs.US_ASCII (java.base@17.0.15)
4789:             1             24  sun.nio.cs.UTF_16 (java.base@17.0.15)
4790:             1             24  sun.nio.cs.UTF_16BE (java.base@17.0.15)
4791:             1             24  sun.nio.cs.UTF_16LE (java.base@17.0.15)
4792:             1             24  sun.nio.cs.UTF_8 (java.base@17.0.15)
4793:             1             24  sun.reflect.generics.reflectiveObjects.WildcardTypeImpl (java.base@17.0.15)
4794:             1             24  sun.security.ec.point.ProjectivePoint$Immutable (jdk.crypto.ec@17.0.15)
4795:             1             24  sun.security.ssl.EphemeralKeyManager (java.base@17.0.15)
4796:             1             24  sun.security.ssl.HandshakeHash (java.base@17.0.15)
4797:             1             24  sun.security.ssl.SSLSocketImpl$AppOutputStream (java.base@17.0.15)
4798:             1             24  sun.security.ssl.SunX509KeyManagerImpl (java.base@17.0.15)
4799:             1             24  sun.security.validator.CADistrustPolicy$1 (java.base@17.0.15)
4800:             1             24  sun.security.validator.CADistrustPolicy$2 (java.base@17.0.15)
4801:             1             24  sun.security.validator.CADistrustPolicy$3 (java.base@17.0.15)
4802:             1             24  sun.security.validator.EndEntityChecker (java.base@17.0.15)
4803:             1             24  sun.util.cldr.CLDRCalendarDataProviderImpl (java.base@17.0.15)
4804:             1             24  sun.util.cldr.CLDRCalendarNameProviderImpl (java.base@17.0.15)
4805:             1             24  sun.util.locale.BaseLocale$Cache (java.base@17.0.15)
4806:             1             24  sun.util.locale.provider.CalendarNameProviderImpl (java.base@17.0.15)
4807:             1             24  sun.util.locale.provider.CalendarProviderImpl (java.base@17.0.15)
4808:             1             24  sun.util.locale.provider.DateFormatSymbolsProviderImpl (java.base@17.0.15)
4809:             1             24  sun.util.locale.provider.DecimalFormatSymbolsProviderImpl (java.base@17.0.15)
4810:             1             24  sun.util.locale.provider.NumberFormatProviderImpl (java.base@17.0.15)
4811:             1             16  [Lcpw.mods.modlauncher.api.NamedPath; (cpw.mods.modlauncher@10.0.9)
4812:             1             16  [Lio.netty.util.AsciiString; (io.netty.common@4.1.82.Final)
4813:             1             16  [Ljava.lang.ClassLoader; (java.base@17.0.15)
4814:             1             16  [Ljava.lang.Double; (java.base@17.0.15)
4815:             1             16  [Ljava.lang.Float; (java.base@17.0.15)
4816:             1             16  [Ljava.lang.constant.Constable; (java.base@17.0.15)
4817:             1             16  [Ljava.nio.file.attribute.FileAttribute; (java.base@17.0.15)
4818:             1             16  [Ljava.security.Provider; (java.base@17.0.15)
4819:             1             16  [Ljava.text.FieldPosition; (java.base@17.0.15)
4820:             1             16  [Ljava.util.logging.Handler; (java.logging@17.0.15)
4821:             1             16  [Ljavax.security.cert.X509Certificate; (java.base@17.0.15)
4822:             1             16  [Lorg.apache.commons.lang3.tuple.ImmutablePair; (org.apache.commons.lang3@3.12.0)
4823:             1             16  [Lorg.apache.commons.lang3.tuple.ImmutableTriple; (org.apache.commons.lang3@3.12.0)
4824:             1             16  [Lorg.apache.commons.lang3.tuple.Pair$PairAdapter; (org.apache.commons.lang3@3.12.0)
4825:             1             16  [Lorg.apache.commons.lang3.tuple.Triple$TripleAdapter; (org.apache.commons.lang3@3.12.0)
4826:             1             16  [Lorg.apache.logging.log4j.core.Appender; (org.apache.logging.log4j.core@2.19.0)
4827:             1             16  [Lorg.apache.logging.log4j.core.impl.ExtendedStackTraceElement; (org.apache.logging.log4j.core@2.19.0)
4828:             1             16  [Lorg.apache.logging.log4j.core.impl.ThrowableProxy; (org.apache.logging.log4j.core@2.19.0)
4829:             1             16  [Lorg.apache.logging.log4j.spi.LoggerContext; (org.apache.logging.log4j@2.19.0)
4830:             1             16  [Lorg.openjdk.nashorn.internal.ir.Expression; (org.openjdk.nashorn)
4831:             1             16  com.bawnorton.mixinsquared.MixinSquaredBootstrap$$Lambda$1006/0x0000000800547d68 (MixinSquared.beta._1@0.3.6-beta.1)
4832:             1             16  com.bawnorton.mixinsquared.MixinSquaredBootstrap$$Lambda$1010/0x00000008005488f8 (MixinSquared.beta._1@0.3.6-beta.1)
4833:             1             16  com.bawnorton.mixinsquared.adjuster.ExtensionAnnotationAdjust (MixinSquared.beta._1@0.3.6-beta.1)
4834:             1             16  com.bawnorton.mixinsquared.canceller.ExtensionCancelApplication (MixinSquared.beta._1@0.3.6-beta.1)
4835:             1             16  com.bawnorton.mixinsquared.platform.forge.MixinSquaredApiImplLoader$$Lambda$1004/0x0000000800547048 (mixinsquared@0.3.6-beta.1)
4836:             1             16  com.bawnorton.mixinsquared.platform.forge.MixinSquaredApiImplLoader$$Lambda$1005/0x0000000800547928 (mixinsquared@0.3.6-beta.1)
4837:             1             16  com.bawnorton.mixinsquared.platform.forge.MixinSquaredMixinConfigPlugin (mixinsquared@0.3.6-beta.1)
4838:             1             16  com.electronwill.nightconfig.core.AbstractCommentedConfig$$Lambda$405/0x0000000800314538 (com.electronwill.nightconfig.core@3.6.4)
4839:             1             16  com.electronwill.nightconfig.core.AbstractCommentedConfig$$Lambda$406/0x0000000800314778 (com.electronwill.nightconfig.core@3.6.4)
4840:             1             16  com.electronwill.nightconfig.core.Config$$Lambda$379/0x0000000800302aa8 (com.electronwill.nightconfig.core@3.6.4)
4841:             1             16  com.electronwill.nightconfig.core.Config$$Lambda$5666/0x0000000800e12080 (com.electronwill.nightconfig.core@3.6.4)
4842:             1             16  com.electronwill.nightconfig.core.ConfigSpec (com.electronwill.nightconfig.core@3.6.4)
4843:             1             16  com.electronwill.nightconfig.core.ConfigSpec$$Lambda$385/0x0000000800305ae8 (com.electronwill.nightconfig.core@3.6.4)
4844:             1             16  com.electronwill.nightconfig.core.InMemoryCommentedFormat$$Lambda$380/0x0000000800303d98 (com.electronwill.nightconfig.core@3.6.4)
4845:             1             16  com.electronwill.nightconfig.core.InMemoryFormat$$Lambda$377/0x0000000800302608 (com.electronwill.nightconfig.core@3.6.4)
4846:             1             16  com.electronwill.nightconfig.core.InMemoryFormat$$Lambda$378/0x0000000800302858 (com.electronwill.nightconfig.core@3.6.4)
4847:             1             16  com.electronwill.nightconfig.core.NullObject (com.electronwill.nightconfig.core@3.6.4)
4848:             1             16  com.electronwill.nightconfig.core.file.FileNotFoundAction$$Lambda$396/0x000000080030afb8 (com.electronwill.nightconfig.core@3.6.4)
4849:             1             16  com.electronwill.nightconfig.core.file.FileNotFoundAction$$Lambda$397/0x000000080030b1d8 (com.electronwill.nightconfig.core@3.6.4)
4850:             1             16  com.electronwill.nightconfig.core.file.FileNotFoundAction$$Lambda$398/0x000000080030b3f8 (com.electronwill.nightconfig.core@3.6.4)
4851:             1             16  com.electronwill.nightconfig.core.file.FileNotFoundAction$$Lambda$403/0x000000080030f568 (com.electronwill.nightconfig.core@3.6.4)
4852:             1             16  com.electronwill.nightconfig.core.file.FormatDetector$$Lambda$386/0x0000000800308400 (com.electronwill.nightconfig.core@3.6.4)
4853:             1             16  com.electronwill.nightconfig.core.io.ParsingMode$$Lambda$387/0x0000000800309440 (com.electronwill.nightconfig.core@3.6.4)
4854:             1             16  com.electronwill.nightconfig.core.io.ParsingMode$$Lambda$388/0x0000000800309870 (com.electronwill.nightconfig.core@3.6.4)
4855:             1             16  com.electronwill.nightconfig.core.io.ParsingMode$$Lambda$389/0x0000000800309ca0 (com.electronwill.nightconfig.core@3.6.4)
4856:             1             16  com.electronwill.nightconfig.core.io.ParsingMode$$Lambda$390/0x0000000800309ec0 (com.electronwill.nightconfig.core@3.6.4)
4857:             1             16  com.electronwill.nightconfig.core.io.ParsingMode$$Lambda$391/0x000000080030a0f0 (com.electronwill.nightconfig.core@3.6.4)
4858:             1             16  com.electronwill.nightconfig.core.io.ParsingMode$$Lambda$392/0x000000080030a320 (com.electronwill.nightconfig.core@3.6.4)
4859:             1             16  com.electronwill.nightconfig.core.io.ParsingMode$$Lambda$393/0x000000080030a540 (com.electronwill.nightconfig.core@3.6.4)
4860:             1             16  com.electronwill.nightconfig.core.io.ParsingMode$$Lambda$394/0x000000080030a770 (com.electronwill.nightconfig.core@3.6.4)
4861:             1             16  com.electronwill.nightconfig.core.io.ParsingMode$$Lambda$395/0x000000080030a9a0 (com.electronwill.nightconfig.core@3.6.4)
4862:             1             16  com.electronwill.nightconfig.toml.TomlFormat (com.electronwill.nightconfig.toml@3.6.4)
4863:             1             16  com.electronwill.nightconfig.toml.TomlWriter$$Lambda$399/0x000000080030e000 (com.electronwill.nightconfig.toml@3.6.4)
4864:             1             16  com.electronwill.nightconfig.toml.TomlWriter$$Lambda$400/0x000000080030e250 (com.electronwill.nightconfig.toml@3.6.4)
4865:             1             16  com.electronwill.nightconfig.toml.TomlWriter$$Lambda$401/0x000000080030e4a0 (com.electronwill.nightconfig.toml@3.6.4)
4866:             1             16  com.google.common.base.Absent (com.google.common@31.1-jre)
4867:             1             16  com.google.common.base.CharMatcher$AnyOf (com.google.common@31.1-jre)
4868:             1             16  com.google.common.base.CharMatcher$Negated (com.google.common@31.1-jre)
4869:             1             16  com.google.common.base.CharMatcher$None (com.google.common@31.1-jre)
4870:             1             16  com.google.common.base.Equivalence$Equals (com.google.common@31.1-jre)
4871:             1             16  com.google.common.base.Equivalence$Identity (com.google.common@31.1-jre)
4872:             1             16  com.google.common.base.Platform$JdkPatternCompiler (com.google.common@31.1-jre)
4873:             1             16  com.google.common.base.Suppliers$SupplierOfInstance (com.google.common@31.1-jre)
4874:             1             16  com.google.common.base.Ticker$1 (com.google.common@31.1-jre)
4875:             1             16  com.google.common.cache.CacheBuilder$1 (com.google.common@31.1-jre)
4876:             1             16  com.google.common.cache.CacheBuilder$2 (com.google.common@31.1-jre)
4877:             1             16  com.google.common.cache.CacheBuilder$3 (com.google.common@31.1-jre)
4878:             1             16  com.google.common.cache.LocalCache$1 (com.google.common@31.1-jre)
4879:             1             16  com.google.common.cache.LocalCache$2 (com.google.common@31.1-jre)
4880:             1             16  com.google.common.collect.CollectCollectors$$Lambda$1175/0x000000080058ad80 (com.google.common@31.1-jre)
4881:             1             16  com.google.common.collect.CollectCollectors$$Lambda$1177/0x000000080058b1d8 (com.google.common@31.1-jre)
4882:             1             16  com.google.common.collect.CollectCollectors$$Lambda$1178/0x000000080058b420 (com.google.common@31.1-jre)
4883:             1             16  com.google.common.collect.CollectCollectors$$Lambda$706/0x00000008003b71c0 (com.google.common@31.1-jre)
4884:             1             16  com.google.common.collect.CollectCollectors$$Lambda$707/0x00000008003b73e0 (com.google.common@31.1-jre)
4885:             1             16  com.google.common.collect.CollectCollectors$$Lambda$708/0x00000008003b7610 (com.google.common@31.1-jre)
4886:             1             16  com.google.common.collect.CollectCollectors$$Lambda$709/0x00000008003b7858 (com.google.common@31.1-jre)
4887:             1             16  com.google.common.collect.CollectCollectors$$Lambda$710/0x00000008003bcb40 (com.google.common@31.1-jre)
4888:             1             16  com.google.common.collect.CollectCollectors$$Lambda$711/0x00000008003bcf90 (com.google.common@31.1-jre)
4889:             1             16  com.google.common.collect.CollectCollectors$$Lambda$712/0x00000008003bd1c0 (com.google.common@31.1-jre)
4890:             1             16  com.google.common.collect.CollectCollectors$$Lambda$713/0x00000008003bd408 (com.google.common@31.1-jre)
4891:             1             16  com.google.common.collect.CollectCollectors$$Lambda$714/0x00000008003c0960 (com.google.common@31.1-jre)
4892:             1             16  com.google.common.collect.CollectCollectors$$Lambda$715/0x00000008003c1210 (com.google.common@31.1-jre)
4893:             1             16  com.google.common.collect.CollectCollectors$$Lambda$716/0x00000008003c1440 (com.google.common@31.1-jre)
4894:             1             16  com.google.common.collect.CollectCollectors$$Lambda$717/0x00000008003c1688 (com.google.common@31.1-jre)
4895:             1             16  com.google.common.collect.CollectCollectors$$Lambda$719/0x00000008003c1b00 (com.google.common@31.1-jre)
4896:             1             16  com.google.common.collect.CollectSpliterators$FlatMapSpliteratorOfObject$$Lambda$4671/0x0000000800c85470 (com.google.common@31.1-jre)
4897:             1             16  com.google.common.collect.ImmutableMapValues (com.google.common@31.1-jre)
4898:             1             16  com.google.common.collect.MapMakerInternalMap$1 (com.google.common@31.1-jre)
4899:             1             16  com.google.common.collect.MapMakerInternalMap$StrongKeyWeakValueEntry$Helper (com.google.common@31.1-jre)
4900:             1             16  com.google.common.collect.MapMakerInternalMap$WeakKeyDummyValueEntry$Helper (com.google.common@31.1-jre)
4901:             1             16  com.google.common.collect.ReverseNaturalOrdering (com.google.common@31.1-jre)
4902:             1             16  com.google.common.collect.Streams$$Lambda$4670/0x0000000800c84b40 (com.google.common@31.1-jre)
4903:             1             16  com.google.common.collect.Tables$1 (com.google.common@31.1-jre)
4904:             1             16  com.google.common.io.Files$2 (com.google.common@31.1-jre)
4905:             1             16  com.google.common.io.MoreFiles$1 (com.google.common@31.1-jre)
4906:             1             16  com.google.gson.Gson$1
4907:             1             16  com.google.gson.Gson$2
4908:             1             16  com.google.gson.Gson$4
4909:             1             16  com.google.gson.Gson$5
4910:             1             16  com.google.gson.JsonNull (com.google.gson@2.10)
4911:             1             16  com.google.gson.JsonNull
4912:             1             16  com.google.gson.internal.ConstructorConstructor$18 (com.google.gson@2.10)
4913:             1             16  com.google.gson.internal.LinkedTreeMap$1 (com.google.gson@2.10)
4914:             1             16  com.google.gson.internal.LinkedTreeMap$1
4915:             1             16  com.google.gson.internal.LinkedTreeMap$EntrySet
4916:             1             16  com.google.gson.internal.LinkedTreeMap$KeySet
4917:             1             16  com.google.gson.internal.bind.ArrayTypeAdapter$1
4918:             1             16  com.google.gson.internal.bind.ArrayTypeAdapter$1 (com.google.gson@2.10)
4919:             1             16  com.google.gson.internal.bind.CollectionTypeAdapterFactory
4920:             1             16  com.google.gson.internal.bind.DateTypeAdapter$1
4921:             1             16  com.google.gson.internal.bind.DateTypeAdapter$1 (com.google.gson@2.10)
4922:             1             16  com.google.gson.internal.bind.DefaultDateTypeAdapter$DateType$1
4923:             1             16  com.google.gson.internal.bind.DefaultDateTypeAdapter$DateType$1 (com.google.gson@2.10)
4924:             1             16  com.google.gson.internal.bind.JsonAdapterAnnotationTypeAdapterFactory
4925:             1             16  com.google.gson.internal.bind.NumberTypeAdapter
4926:             1             16  com.google.gson.internal.bind.NumberTypeAdapter (com.google.gson@2.10)
4927:             1             16  com.google.gson.internal.bind.NumberTypeAdapter$1
4928:             1             16  com.google.gson.internal.bind.NumberTypeAdapter$1 (com.google.gson@2.10)
4929:             1             16  com.google.gson.internal.bind.ObjectTypeAdapter$1
4930:             1             16  com.google.gson.internal.bind.ObjectTypeAdapter$1 (com.google.gson@2.10)
4931:             1             16  com.google.gson.internal.bind.TreeTypeAdapter$GsonContextImpl
4932:             1             16  com.google.gson.internal.bind.TypeAdapters$1
4933:             1             16  com.google.gson.internal.bind.TypeAdapters$1 (com.google.gson@2.10)
4934:             1             16  com.google.gson.internal.bind.TypeAdapters$10
4935:             1             16  com.google.gson.internal.bind.TypeAdapters$10 (com.google.gson@2.10)
4936:             1             16  com.google.gson.internal.bind.TypeAdapters$11
4937:             1             16  com.google.gson.internal.bind.TypeAdapters$11 (com.google.gson@2.10)
4938:             1             16  com.google.gson.internal.bind.TypeAdapters$12
4939:             1             16  com.google.gson.internal.bind.TypeAdapters$12 (com.google.gson@2.10)
4940:             1             16  com.google.gson.internal.bind.TypeAdapters$13
4941:             1             16  com.google.gson.internal.bind.TypeAdapters$13 (com.google.gson@2.10)
4942:             1             16  com.google.gson.internal.bind.TypeAdapters$14
4943:             1             16  com.google.gson.internal.bind.TypeAdapters$14 (com.google.gson@2.10)
4944:             1             16  com.google.gson.internal.bind.TypeAdapters$15
4945:             1             16  com.google.gson.internal.bind.TypeAdapters$15 (com.google.gson@2.10)
4946:             1             16  com.google.gson.internal.bind.TypeAdapters$16
4947:             1             16  com.google.gson.internal.bind.TypeAdapters$16 (com.google.gson@2.10)
4948:             1             16  com.google.gson.internal.bind.TypeAdapters$17
4949:             1             16  com.google.gson.internal.bind.TypeAdapters$17 (com.google.gson@2.10)
4950:             1             16  com.google.gson.internal.bind.TypeAdapters$18
4951:             1             16  com.google.gson.internal.bind.TypeAdapters$18 (com.google.gson@2.10)
4952:             1             16  com.google.gson.internal.bind.TypeAdapters$19
4953:             1             16  com.google.gson.internal.bind.TypeAdapters$19 (com.google.gson@2.10)
4954:             1             16  com.google.gson.internal.bind.TypeAdapters$2
4955:             1             16  com.google.gson.internal.bind.TypeAdapters$2 (com.google.gson@2.10)
4956:             1             16  com.google.gson.internal.bind.TypeAdapters$20
4957:             1             16  com.google.gson.internal.bind.TypeAdapters$20 (com.google.gson@2.10)
4958:             1             16  com.google.gson.internal.bind.TypeAdapters$21
4959:             1             16  com.google.gson.internal.bind.TypeAdapters$21 (com.google.gson@2.10)
4960:             1             16  com.google.gson.internal.bind.TypeAdapters$22
4961:             1             16  com.google.gson.internal.bind.TypeAdapters$22 (com.google.gson@2.10)
4962:             1             16  com.google.gson.internal.bind.TypeAdapters$23
4963:             1             16  com.google.gson.internal.bind.TypeAdapters$23 (com.google.gson@2.10)
4964:             1             16  com.google.gson.internal.bind.TypeAdapters$24
4965:             1             16  com.google.gson.internal.bind.TypeAdapters$24 (com.google.gson@2.10)
4966:             1             16  com.google.gson.internal.bind.TypeAdapters$25
4967:             1             16  com.google.gson.internal.bind.TypeAdapters$25 (com.google.gson@2.10)
4968:             1             16  com.google.gson.internal.bind.TypeAdapters$26
4969:             1             16  com.google.gson.internal.bind.TypeAdapters$26 (com.google.gson@2.10)
4970:             1             16  com.google.gson.internal.bind.TypeAdapters$27
4971:             1             16  com.google.gson.internal.bind.TypeAdapters$27 (com.google.gson@2.10)
4972:             1             16  com.google.gson.internal.bind.TypeAdapters$28
4973:             1             16  com.google.gson.internal.bind.TypeAdapters$28 (com.google.gson@2.10)
4974:             1             16  com.google.gson.internal.bind.TypeAdapters$29
4975:             1             16  com.google.gson.internal.bind.TypeAdapters$29 (com.google.gson@2.10)
4976:             1             16  com.google.gson.internal.bind.TypeAdapters$3
4977:             1             16  com.google.gson.internal.bind.TypeAdapters$3 (com.google.gson@2.10)
4978:             1             16  com.google.gson.internal.bind.TypeAdapters$4
4979:             1             16  com.google.gson.internal.bind.TypeAdapters$4 (com.google.gson@2.10)
4980:             1             16  com.google.gson.internal.bind.TypeAdapters$5
4981:             1             16  com.google.gson.internal.bind.TypeAdapters$5 (com.google.gson@2.10)
4982:             1             16  com.google.gson.internal.bind.TypeAdapters$6
4983:             1             16  com.google.gson.internal.bind.TypeAdapters$6 (com.google.gson@2.10)
4984:             1             16  com.google.gson.internal.bind.TypeAdapters$7
4985:             1             16  com.google.gson.internal.bind.TypeAdapters$7 (com.google.gson@2.10)
4986:             1             16  com.google.gson.internal.bind.TypeAdapters$8
4987:             1             16  com.google.gson.internal.bind.TypeAdapters$8 (com.google.gson@2.10)
4988:             1             16  com.google.gson.internal.bind.TypeAdapters$9
4989:             1             16  com.google.gson.internal.bind.TypeAdapters$9 (com.google.gson@2.10)
4990:             1             16  com.google.gson.internal.sql.SqlDateTypeAdapter$1
4991:             1             16  com.google.gson.internal.sql.SqlDateTypeAdapter$1 (com.google.gson@2.10)
4992:             1             16  com.google.gson.internal.sql.SqlTimeTypeAdapter$1
4993:             1             16  com.google.gson.internal.sql.SqlTimeTypeAdapter$1 (com.google.gson@2.10)
4994:             1             16  com.google.gson.internal.sql.SqlTimestampTypeAdapter$1
4995:             1             16  com.google.gson.internal.sql.SqlTimestampTypeAdapter$1 (com.google.gson@2.10)
4996:             1             16  com.google.gson.internal.sql.SqlTypesSupport$1
4997:             1             16  com.google.gson.internal.sql.SqlTypesSupport$1 (com.google.gson@2.10)
4998:             1             16  com.google.gson.internal.sql.SqlTypesSupport$2
4999:             1             16  com.google.gson.internal.sql.SqlTypesSupport$2 (com.google.gson@2.10)
5000:             1             16  com.google.gson.stream.JsonReader$1 (com.google.gson@2.10)
5001:             1             16  com.google.gson.stream.JsonReader$1
5002:             1             16  com.ibm.icu.impl.Trie2$1 (com.ibm.icu@71.1)
5003:             1             16  com.llamalad7.mixinextras.expression.impl.point.ExpressionSliceMarkerTransformer (MixinExtras@0.5.3)
5004:             1             16  com.llamalad7.mixinextras.expression.impl.wrapper.ExpressionInjectorWrapperTransformer (MixinExtras@0.5.3)
5005:             1             16  com.llamalad7.mixinextras.injector.LateInjectionApplicatorExtension (MixinExtras@0.5.3)
5006:             1             16  com.llamalad7.mixinextras.injector.wrapmethod.WrapMethodApplicatorExtension (MixinExtras@0.5.3)
5007:             1             16  com.llamalad7.mixinextras.lib.semver.Version$$Lambda$988/0x0000000800529b08 (MixinExtras@0.5.3)
5008:             1             16  com.llamalad7.mixinextras.lib.semver.Version$$Lambda$989/0x000000080052a000 (MixinExtras@0.5.3)
5009:             1             16  com.llamalad7.mixinextras.platform.forge.MixinExtrasConfigPlugin (mixinextras@0.5.3)
5010:             1             16  com.llamalad7.mixinextras.service.MixinExtrasServiceImpl$$Lambda$992/0x0000000800536080 (MixinExtras@0.5.3)
5011:             1             16  com.llamalad7.mixinextras.sugar.impl.SugarMixinTransformer (MixinExtras@0.5.3)
5012:             1             16  com.llamalad7.mixinextras.sugar.impl.SugarPostProcessingExtension (MixinExtras@0.5.3)
5013:             1             16  com.llamalad7.mixinextras.utils.MixinExtrasLogger$$Lambda$985/0x0000000800528d68 (MixinExtras@0.5.3)
5014:             1             16  com.llamalad7.mixinextras.utils.MixinInternals$$Lambda$995/0x0000000800537148 (MixinExtras@0.5.3)
5015:             1             16  com.llamalad7.mixinextras.wrapper.factory.FactoryRedirectWrapperMixinTransformer (MixinExtras@0.5.3)
5016:             1             16  com.mojang.authlib.GameProfile$Serializer (authlib@4.0.43)
5017:             1             16  com.mojang.authlib.minecraft.TelemetrySession$1 (authlib@4.0.43)
5018:             1             16  com.mojang.authlib.minecraft.UserApiService$1 (authlib@4.0.43)
5019:             1             16  com.mojang.authlib.minecraft.client.ObjectMapper (authlib@4.0.43)
5020:             1             16  com.mojang.authlib.yggdrasil.ServicesKeySet$$Lambda$4368/0x0000000800be86a8 (authlib@4.0.43)
5021:             1             16  com.mojang.authlib.yggdrasil.ServicesKeySet$$Lambda$4371/0x0000000800be8d18 (authlib@4.0.43)
5022:             1             16  com.mojang.authlib.yggdrasil.YggdrasilEnvironment$$Lambda$4367/0x0000000800be6880 (authlib@4.0.43)
5023:             1             16  com.mojang.authlib.yggdrasil.YggdrasilMinecraftSessionService$1 (authlib@4.0.43)
5024:             1             16  com.mojang.authlib.yggdrasil.YggdrasilServicesKeyInfo$$Lambda$4974/0x0000000800d30000 (authlib@4.0.43)
5025:             1             16  com.mojang.authlib.yggdrasil.response.ProfileSearchResultsResponse$Serializer (authlib@4.0.43)
5026:             1             16  com.mojang.blaze3d.audio.Library$1 (minecraft@1.20.1)
5027:             1             16  com.mojang.blaze3d.font.SpaceProvider (minecraft@1.20.1)
5028:             1             16  com.mojang.blaze3d.font.SpaceProvider$Definition$$Lambda$5293/0x0000000800dcba58 (minecraft@1.20.1)
5029:             1             16  com.mojang.blaze3d.font.SpaceProvider$Definition$$Lambda$5297/0x0000000800dc9c00 (minecraft@1.20.1)
5030:             1             16  com.mojang.blaze3d.font.SpaceProvider$Definition$$Lambda$5298/0x0000000800dd0000 (minecraft@1.20.1)
5031:             1             16  com.mojang.blaze3d.pipeline.RenderTarget$$Lambda$4607/0x0000000800c38000 (minecraft@1.20.1)
5032:             1             16  com.mojang.blaze3d.platform.ClipboardManager (minecraft@1.20.1)
5033:             1             16  com.mojang.blaze3d.platform.DebugMemoryUntracker$$Lambda$4604/0x0000000800c2aba8 (minecraft@1.20.1)
5034:             1             16  com.mojang.blaze3d.platform.GLX$$Lambda$4567/0x0000000800c1f228 (minecraft@1.20.1)
5035:             1             16  com.mojang.blaze3d.platform.GLX$$Lambda$4569/0x0000000800c1fb70 (minecraft@1.20.1)
5036:             1             16  com.mojang.blaze3d.platform.GlDebug$$Lambda$4601/0x0000000800c2a4e8 (minecraft@1.20.1)
5037:             1             16  com.mojang.blaze3d.platform.GlDebug$$Lambda$4603/0x0000000800c2a978 (minecraft@1.20.1)
5038:             1             16  com.mojang.blaze3d.platform.GlStateManager$$Lambda$4605/0x0000000800c31620 (minecraft@1.20.1)
5039:             1             16  com.mojang.blaze3d.platform.GlStateManager$$Lambda$4606/0x0000000800c31a38 (minecraft@1.20.1)
5040:             1             16  com.mojang.blaze3d.platform.GlStateManager$ColorMask (minecraft@1.20.1)
5041:             1             16  com.mojang.blaze3d.platform.GlStateManager$ScissorState (minecraft@1.20.1)
5042:             1             16  com.mojang.blaze3d.platform.InputConstants$Type$$Lambda$4480/0x0000000800c061e0 (minecraft@1.20.1)
5043:             1             16  com.mojang.blaze3d.platform.InputConstants$Type$$Lambda$4481/0x0000000800c06410 (minecraft@1.20.1)
5044:             1             16  com.mojang.blaze3d.platform.InputConstants$Type$$Lambda$4482/0x0000000800c06640 (minecraft@1.20.1)
5045:             1             16  com.mojang.blaze3d.platform.ScreenManager$$Lambda$4572/0x0000000800c24a80 (minecraft@1.20.1)
5046:             1             16  com.mojang.blaze3d.platform.Window$$Lambda$4574/0x0000000800c25ba0 (minecraft@1.20.1)
5047:             1             16  com.mojang.blaze3d.platform.Window$$Lambda$4575/0x0000000800c25e30 (minecraft@1.20.1)
5048:             1             16  com.mojang.blaze3d.platform.Window$$Lambda$4586/0x0000000800c27238 (minecraft@1.20.1)
5049:             1             16  com.mojang.blaze3d.platform.Window$$Lambda$4587/0x0000000800c274c8 (minecraft@1.20.1)
5050:             1             16  com.mojang.blaze3d.platform.Window$$Lambda$4588/0x0000000800c27758 (minecraft@1.20.1)
5051:             1             16  com.mojang.blaze3d.platform.Window$$Lambda$4589/0x0000000800c279e8 (minecraft@1.20.1)
5052:             1             16  com.mojang.blaze3d.platform.Window$$Lambda$4590/0x0000000800c27c78 (minecraft@1.20.1)
5053:             1             16  com.mojang.blaze3d.platform.Window$$Lambda$4596/0x0000000800c29268 (minecraft@1.20.1)
5054:             1             16  com.mojang.blaze3d.shaders.EffectProgram$1 (minecraft@1.20.1)
5055:             1             16  com.mojang.blaze3d.systems.RenderSystem$$Lambda$4341/0x0000000800bba130 (minecraft@1.20.1)
5056:             1             16  com.mojang.blaze3d.systems.RenderSystem$$Lambda$4342/0x0000000800bba790 (minecraft@1.20.1)
5057:             1             16  com.mojang.blaze3d.systems.RenderSystem$$Lambda$4343/0x0000000800bba9b0 (minecraft@1.20.1)
5058:             1             16  com.mojang.blaze3d.systems.RenderSystem$$Lambda$4570/0x0000000800c1fd90 (minecraft@1.20.1)
5059:             1             16  com.mojang.blaze3d.vertex.PoseStack (minecraft@1.20.1)
5060:             1             16  com.mojang.blaze3d.vertex.PoseStack$$Lambda$4347/0x0000000800bbbac8 (minecraft@1.20.1)
5061:             1             16  com.mojang.blaze3d.vertex.VertexFormatElement$Usage$$Lambda$4845/0x0000000800d03310 (minecraft@1.20.1)
5062:             1             16  com.mojang.blaze3d.vertex.VertexFormatElement$Usage$$Lambda$4846/0x0000000800d03730 (minecraft@1.20.1)
5063:             1             16  com.mojang.blaze3d.vertex.VertexFormatElement$Usage$$Lambda$4847/0x0000000800d03950 (minecraft@1.20.1)
5064:             1             16  com.mojang.blaze3d.vertex.VertexFormatElement$Usage$$Lambda$4848/0x0000000800d03b70 (minecraft@1.20.1)
5065:             1             16  com.mojang.blaze3d.vertex.VertexFormatElement$Usage$$Lambda$4849/0x0000000800d03d90 (minecraft@1.20.1)
5066:             1             16  com.mojang.blaze3d.vertex.VertexFormatElement$Usage$$Lambda$4850/0x0000000800d06000 (minecraft@1.20.1)
5067:             1             16  com.mojang.blaze3d.vertex.VertexFormatElement$Usage$$Lambda$4851/0x0000000800d06220 (minecraft@1.20.1)
5068:             1             16  com.mojang.blaze3d.vertex.VertexFormatElement$Usage$$Lambda$4852/0x0000000800d06440 (minecraft@1.20.1)
5069:             1             16  com.mojang.blaze3d.vertex.VertexFormatElement$Usage$$Lambda$4853/0x0000000800d06660 (minecraft@1.20.1)
5070:             1             16  com.mojang.blaze3d.vertex.VertexFormatElement$Usage$$Lambda$4854/0x0000000800d06880 (minecraft@1.20.1)
5071:             1             16  com.mojang.blaze3d.vertex.VertexFormatElement$Usage$$Lambda$4855/0x0000000800d06aa0 (minecraft@1.20.1)
5072:             1             16  com.mojang.blaze3d.vertex.VertexFormatElement$Usage$$Lambda$4856/0x0000000800d06cc0 (minecraft@1.20.1)
5073:             1             16  com.mojang.blaze3d.vertex.VertexSorting$$Lambda$4344/0x0000000800bbafd0 (minecraft@1.20.1)
5074:             1             16  com.mojang.blaze3d.vertex.VertexSorting$$Lambda$4346/0x0000000800bbb420 (minecraft@1.20.1)
5075:             1             16  com.mojang.brigadier.exceptions.BuiltInExceptions$$Lambda$1137/0x000000080058dfd8 (brigadier@1.1.8)
5076:             1             16  com.mojang.brigadier.exceptions.BuiltInExceptions$$Lambda$1138/0x000000080058e1f8 (brigadier@1.1.8)
5077:             1             16  com.mojang.brigadier.exceptions.BuiltInExceptions$$Lambda$1139/0x000000080058e418 (brigadier@1.1.8)
5078:             1             16  com.mojang.brigadier.exceptions.BuiltInExceptions$$Lambda$1140/0x000000080058e638 (brigadier@1.1.8)
5079:             1             16  com.mojang.brigadier.exceptions.BuiltInExceptions$$Lambda$1141/0x000000080058e858 (brigadier@1.1.8)
5080:             1             16  com.mojang.brigadier.exceptions.BuiltInExceptions$$Lambda$1142/0x000000080058ea78 (brigadier@1.1.8)
5081:             1             16  com.mojang.brigadier.exceptions.BuiltInExceptions$$Lambda$1143/0x000000080058ec98 (brigadier@1.1.8)
5082:             1             16  com.mojang.brigadier.exceptions.BuiltInExceptions$$Lambda$1144/0x000000080058eeb8 (brigadier@1.1.8)
5083:             1             16  com.mojang.brigadier.exceptions.BuiltInExceptions$$Lambda$1145/0x000000080058f2f8 (brigadier@1.1.8)
5084:             1             16  com.mojang.brigadier.exceptions.BuiltInExceptions$$Lambda$1146/0x000000080058f988 (brigadier@1.1.8)
5085:             1             16  com.mojang.brigadier.exceptions.BuiltInExceptions$$Lambda$1147/0x000000080058fbc8 (brigadier@1.1.8)
5086:             1             16  com.mojang.brigadier.exceptions.BuiltInExceptions$$Lambda$1148/0x000000080058a000 (brigadier@1.1.8)
5087:             1             16  com.mojang.brigadier.exceptions.BuiltInExceptions$$Lambda$1149/0x000000080058a240 (brigadier@1.1.8)
5088:             1             16  com.mojang.brigadier.exceptions.BuiltInExceptions$$Lambda$1150/0x000000080058a480 (brigadier@1.1.8)
5089:             1             16  com.mojang.brigadier.exceptions.BuiltInExceptions$$Lambda$1151/0x000000080058a6c0 (brigadier@1.1.8)
5090:             1             16  com.mojang.brigadier.exceptions.BuiltInExceptions$$Lambda$1152/0x000000080058a900 (brigadier@1.1.8)
5091:             1             16  com.mojang.brigadier.exceptions.BuiltInExceptions$$Lambda$1153/0x000000080058ab40 (brigadier@1.1.8)
5092:             1             16  com.mojang.datafixers.DSL$$Lambda$1852/0x0000000800826390 (datafixerupper@6.0.8)
5093:             1             16  com.mojang.datafixers.DSL$$Lambda$2003/0x00000008008577e0 (datafixerupper@6.0.8)
5094:             1             16  com.mojang.datafixers.DataFix$$Lambda$2246/0x0000000800894b08 (datafixerupper@6.0.8)
5095:             1             16  com.mojang.datafixers.DataFixUtils$$Lambda$2208/0x0000000800887c70 (datafixerupper@6.0.8)
5096:             1             16  com.mojang.datafixers.DataFixUtils$$Lambda$2210/0x000000080088c240 (datafixerupper@6.0.8)
5097:             1             16  com.mojang.datafixers.DataFixerBuilder$$Lambda$2198/0x00000008008852b0 (datafixerupper@6.0.8)
5098:             1             16  com.mojang.datafixers.DataFixerBuilder$$Lambda$2200/0x0000000800885718 (datafixerupper@6.0.8)
5099:             1             16  com.mojang.datafixers.DataFixerBuilder$$Lambda$2203/0x00000008008867c0 (datafixerupper@6.0.8)
5100:             1             16  com.mojang.datafixers.DataFixerUpper$$Lambda$1863/0x000000080082da00 (datafixerupper@6.0.8)
5101:             1             16  com.mojang.datafixers.View$$Lambda$2366/0x00000008008cc490 (datafixerupper@6.0.8)
5102:             1             16  com.mojang.datafixers.functions.PointFreeRule$CompRewrite$$Lambda$1864/0x0000000800831d90 (datafixerupper@6.0.8)
5103:             1             16  com.mojang.datafixers.functions.PointFreeRule$CompRewrite$$Lambda$2369/0x00000008008ccd38 (datafixerupper@6.0.8)
5104:             1             16  com.mojang.datafixers.functions.PointFreeRule$Seq (datafixerupper@6.0.8)
5105:             1             16  com.mojang.datafixers.kinds.Applicative$$Lambda$1194/0x0000000800597598 (datafixerupper@6.0.8)
5106:             1             16  com.mojang.datafixers.kinds.Applicative$$Lambda$2785/0x0000000800a15200 (datafixerupper@6.0.8)
5107:             1             16  com.mojang.datafixers.kinds.Applicative$$Lambda$2979/0x0000000800a2b7a8 (datafixerupper@6.0.8)
5108:             1             16  com.mojang.datafixers.kinds.Applicative$$Lambda$2980/0x0000000800a2b9e8 (datafixerupper@6.0.8)
5109:             1             16  com.mojang.datafixers.kinds.Applicative$$Lambda$3086/0x0000000800a7d200 (datafixerupper@6.0.8)
5110:             1             16  com.mojang.datafixers.kinds.Applicative$$Lambda$3135/0x0000000800a7d850 (datafixerupper@6.0.8)
5111:             1             16  com.mojang.datafixers.kinds.Applicative$$Lambda$3260/0x0000000800aa4c00 (datafixerupper@6.0.8)
5112:             1             16  com.mojang.datafixers.kinds.Applicative$$Lambda$3424/0x0000000800aacd98 (datafixerupper@6.0.8)
5113:             1             16  com.mojang.datafixers.kinds.Applicative$$Lambda$3436/0x0000000800aad3e8 (datafixerupper@6.0.8)
5114:             1             16  com.mojang.datafixers.kinds.Applicative$$Lambda$3902/0x0000000800aaf8e8 (datafixerupper@6.0.8)
5115:             1             16  com.mojang.datafixers.kinds.Applicative$$Lambda$5391/0x0000000800de0918 (datafixerupper@6.0.8)
5116:             1             16  com.mojang.datafixers.schemas.Schema$$Lambda$1809/0x000000080081bc18 (datafixerupper@6.0.8)
5117:             1             16  com.mojang.datafixers.schemas.Schema$$Lambda$1857/0x0000000800829938 (datafixerupper@6.0.8)
5118:             1             16  com.mojang.datafixers.schemas.Schema$$Lambda$2212/0x000000080088c6c0 (datafixerupper@6.0.8)
5119:             1             16  com.mojang.datafixers.schemas.Schema$$Lambda$2214/0x000000080088cb00 (datafixerupper@6.0.8)
5120:             1             16  com.mojang.datafixers.types.Type$$Lambda$2363/0x0000000800897940 (datafixerupper@6.0.8)
5121:             1             16  com.mojang.datafixers.types.templates.Hook$HookFunction$1 (datafixerupper@6.0.8)
5122:             1             16  com.mojang.datafixers.types.templates.TaggedChoice$$Lambda$1855/0x0000000800829040 (datafixerupper@6.0.8)
5123:             1             16  com.mojang.datafixers.util.Either$$Lambda$5383/0x0000000800ddf528 (datafixerupper@6.0.8)
5124:             1             16  com.mojang.datafixers.util.Pair$$Lambda$1853/0x00000008008265d0 (datafixerupper@6.0.8)
5125:             1             16  com.mojang.datafixers.util.Pair$$Lambda$1854/0x0000000800826810 (datafixerupper@6.0.8)
5126:             1             16  com.mojang.logging.LogQueues$$Lambda$287/0x000000080028aea8 (logging@1.1.1)
5127:             1             16  com.mojang.math.OctahedralGroup$$Lambda$5565/0x0000000800e0f4c8 (minecraft@1.20.1)
5128:             1             16  com.mojang.math.OctahedralGroup$$Lambda$5566/0x0000000800e0f6f8 (minecraft@1.20.1)
5129:             1             16  com.mojang.math.OctahedralGroup$$Lambda$5567/0x0000000800e0f938 (minecraft@1.20.1)
5130:             1             16  com.mojang.math.OctahedralGroup$$Lambda$5568/0x0000000800e0fb78 (minecraft@1.20.1)
5131:             1             16  com.mojang.math.OctahedralGroup$$Lambda$5569/0x0000000800e0fdb8 (minecraft@1.20.1)
5132:             1             16  com.mojang.math.SymmetricGroup3$$Lambda$5563/0x0000000800e0ea58 (minecraft@1.20.1)
5133:             1             16  com.mojang.math.Transformation$$Lambda$5571/0x0000000800e14258 (minecraft@1.20.1)
5134:             1             16  com.mojang.math.Transformation$$Lambda$5572/0x0000000800e14498 (minecraft@1.20.1)
5135:             1             16  com.mojang.math.Transformation$$Lambda$5573/0x0000000800e146d8 (minecraft@1.20.1)
5136:             1             16  com.mojang.math.Transformation$$Lambda$5574/0x0000000800e14918 (minecraft@1.20.1)
5137:             1             16  com.mojang.math.Transformation$$Lambda$5575/0x0000000800e14b58 (minecraft@1.20.1)
5138:             1             16  com.mojang.math.Transformation$$Lambda$5576/0x0000000800e14d98 (minecraft@1.20.1)
5139:             1             16  com.mojang.math.Transformation$$Lambda$5577/0x0000000800e14fe8 (minecraft@1.20.1)
5140:             1             16  com.mojang.math.Transformation$$Lambda$5578/0x0000000800e15228 (minecraft@1.20.1)
5141:             1             16  com.mojang.math.Transformation$$Lambda$5579/0x0000000800e15468 (minecraft@1.20.1)
5142:             1             16  com.mojang.math.Transformation$$Lambda$5580/0x0000000800e156a8 (minecraft@1.20.1)
5143:             1             16  com.mojang.math.Transformation$$Lambda$5581/0x0000000800e158e8 (minecraft@1.20.1)
5144:             1             16  com.mojang.realmsclient.RealmsMainScreen$$Lambda$5702/0x0000000800e38cd8 (minecraft@1.20.1)
5145:             1             16  com.mojang.realmsclient.RealmsMainScreen$$Lambda$5703/0x0000000800e38f28 (minecraft@1.20.1)
5146:             1             16  com.mojang.realmsclient.client.RealmsClient$$Lambda$5112/0x0000000800d90ad8 (minecraft@1.20.1)
5147:             1             16  com.mojang.realmsclient.client.RealmsClient$$Lambda$5113/0x0000000800d90cf8 (minecraft@1.20.1)
5148:             1             16  com.mojang.realmsclient.client.RealmsClient$$Lambda$5114/0x0000000800d90f38 (minecraft@1.20.1)
5149:             1             16  com.mojang.realmsclient.gui.RealmsDataFetcher$$Lambda$5115/0x0000000800d91df0 (minecraft@1.20.1)
5150:             1             16  com.mojang.realmsclient.gui.RealmsDataFetcher$$Lambda$5116/0x0000000800d92a90 (minecraft@1.20.1)
5151:             1             16  com.mojang.realmsclient.gui.RealmsDataFetcher$$Lambda$5117/0x0000000800d92cb8 (minecraft@1.20.1)
5152:             1             16  com.mojang.realmsclient.gui.RealmsDataFetcher$$Lambda$5118/0x0000000800d93118 (minecraft@1.20.1)
5153:             1             16  com.mojang.realmsclient.gui.RealmsDataFetcher$$Lambda$5119/0x0000000800d93550 (minecraft@1.20.1)
5154:             1             16  com.mojang.realmsclient.gui.RealmsDataFetcher$$Lambda$5120/0x0000000800d93778 (minecraft@1.20.1)
5155:             1             16  com.mojang.realmsclient.gui.task.RepeatedDelayStrategy$1 (minecraft@1.20.1)
5156:             1             16  com.mojang.realmsclient.util.RealmsPersistence (minecraft@1.20.1)
5157:             1             16  com.mojang.serialization.Codec$$Lambda$1479/0x000000080066fd98 (datafixerupper@6.0.8)
5158:             1             16  com.mojang.serialization.Codec$$Lambda$1480/0x0000000800719190 (datafixerupper@6.0.8)
5159:             1             16  com.mojang.serialization.Codec$10 (datafixerupper@6.0.8)
5160:             1             16  com.mojang.serialization.Codec$11 (datafixerupper@6.0.8)
5161:             1             16  com.mojang.serialization.Codec$12 (datafixerupper@6.0.8)
5162:             1             16  com.mojang.serialization.Codec$12$$Lambda$4553/0x0000000800c19808 (datafixerupper@6.0.8)
5163:             1             16  com.mojang.serialization.Codec$13 (datafixerupper@6.0.8)
5164:             1             16  com.mojang.serialization.Codec$13$$Lambda$5545/0x0000000800dfd9e0 (datafixerupper@6.0.8)
5165:             1             16  com.mojang.serialization.Codec$14 (datafixerupper@6.0.8)
5166:             1             16  com.mojang.serialization.Codec$14$$Lambda$5398/0x0000000800de1b10 (datafixerupper@6.0.8)
5167:             1             16  com.mojang.serialization.Codec$15 (datafixerupper@6.0.8)
5168:             1             16  com.mojang.serialization.Codec$15$$Lambda$4544/0x0000000800c18a70 (datafixerupper@6.0.8)
5169:             1             16  com.mojang.serialization.Codec$16 (datafixerupper@6.0.8)
5170:             1             16  com.mojang.serialization.Codec$17 (datafixerupper@6.0.8)
5171:             1             16  com.mojang.serialization.Codec$18 (datafixerupper@6.0.8)
5172:             1             16  com.mojang.serialization.Codec$19 (datafixerupper@6.0.8)
5173:             1             16  com.mojang.serialization.Codec$20 (datafixerupper@6.0.8)
5174:             1             16  com.mojang.serialization.Codec$9 (datafixerupper@6.0.8)
5175:             1             16  com.mojang.serialization.DataResult$$Lambda$5475/0x0000000800df5480 (datafixerupper@6.0.8)
5176:             1             16  com.mojang.serialization.Decoder$$Lambda$4540/0x0000000800c18830 (datafixerupper@6.0.8)
5177:             1             16  com.mojang.serialization.Decoder$$Lambda$5467/0x0000000800defba0 (datafixerupper@6.0.8)
5178:             1             16  com.mojang.serialization.JsonOps$1$$Lambda$5388/0x0000000800de0248 (datafixerupper@6.0.8)
5179:             1             16  com.mojang.serialization.Lifecycle$1 (datafixerupper@6.0.8)
5180:             1             16  com.mojang.serialization.Lifecycle$2 (datafixerupper@6.0.8)
5181:             1             16  com.mojang.serialization.OptionalDynamic$$Lambda$1961/0x0000000800835ad0 (datafixerupper@6.0.8)
5182:             1             16  com.mojang.serialization.codecs.BaseMapCodec$$Lambda$5394/0x0000000800de1210 (datafixerupper@6.0.8)
5183:             1             16  com.mojang.serialization.codecs.BaseMapCodec$$Lambda$5399/0x0000000800de1d50 (datafixerupper@6.0.8)
5184:             1             16  com.mojang.serialization.codecs.EitherCodec$$Lambda$4547/0x0000000800c19140 (datafixerupper@6.0.8)
5185:             1             16  com.mojang.serialization.codecs.EitherCodec$$Lambda$4548/0x0000000800c19380 (datafixerupper@6.0.8)
5186:             1             16  com.mojang.serialization.codecs.EitherCodec$$Lambda$4556/0x0000000800c19c70 (datafixerupper@6.0.8)
5187:             1             16  com.mojang.serialization.codecs.EitherCodec$$Lambda$4557/0x0000000800c19eb0 (datafixerupper@6.0.8)
5188:             1             16  com.mojang.serialization.codecs.OptionalFieldCodec$$Lambda$5415/0x0000000800de2f60 (datafixerupper@6.0.8)
5189:             1             16  com.mojang.serialization.codecs.RecordCodecBuilder$$Lambda$1068/0x000000080056a7e8 (datafixerupper@6.0.8)
5190:             1             16  com.mojang.text2speech.Narrator$1 (text2speech@1.17.9)
5191:             1             16  com.mojang.util.ByteBufferTypeAdapter (authlib@4.0.43)
5192:             1             16  com.mojang.util.InstantTypeAdapter (authlib@4.0.43)
5193:             1             16  com.sun.jmx.interceptor.DefaultMBeanServerInterceptor$ResourceContext$1 (java.management@17.0.15)
5194:             1             16  com.sun.jmx.mbeanserver.DefaultMXBeanMappingFactory (java.management@17.0.15)
5195:             1             16  com.sun.jmx.mbeanserver.DescriptorCache (java.management@17.0.15)
5196:             1             16  com.sun.jmx.mbeanserver.MBeanAnalyzer$MethodOrder (java.management@17.0.15)
5197:             1             16  com.sun.jmx.mbeanserver.MBeanInstantiator (java.management@17.0.15)
5198:             1             16  com.sun.jmx.mbeanserver.MXBeanIntrospector (java.management@17.0.15)
5199:             1             16  com.sun.jmx.mbeanserver.SecureClassLoaderRepository (java.management@17.0.15)
5200:             1             16  com.sun.jmx.mbeanserver.StandardMBeanIntrospector (java.management@17.0.15)
5201:             1             16  com.sun.jna.JNIEnv (com.sun.jna@5.12.1)
5202:             1             16  com.sun.jna.Native$1 (com.sun.jna@5.12.1)
5203:             1             16  com.sun.jna.Native$2 (com.sun.jna@5.12.1)
5204:             1             16  com.sun.jna.Native$7 (com.sun.jna@5.12.1)
5205:             1             16  com.sun.jna.Structure$1 (com.sun.jna@5.12.1)
5206:             1             16  com.sun.jna.Structure$2 (com.sun.jna@5.12.1)
5207:             1             16  com.sun.jna.VarArgsChecker$RealVarArgsChecker (com.sun.jna@5.12.1)
5208:             1             16  com.sun.jna.platform.linux.Udev$UdevContext (com.sun.jna.platform@5.12.1)
5209:             1             16  com.sun.jna.platform.linux.Udev$UdevDevice (com.sun.jna.platform@5.12.1)
5210:             1             16  com.sun.jna.platform.linux.Udev$UdevEnumerate (com.sun.jna.platform@5.12.1)
5211:             1             16  com.sun.jna.platform.linux.Udev$UdevListEntry (com.sun.jna.platform@5.12.1)
5212:             1             16  com.sun.management.internal.HotSpotDiagnostic (jdk.management@17.0.15)
5213:             1             16  com.sun.management.internal.PlatformMBeanProviderImpl (jdk.management@17.0.15)
5214:             1             16  com.sun.management.internal.PlatformMBeanProviderImpl$$Lambda$253/0x0000000800194ad0 (jdk.management@17.0.15)
5215:             1             16  com.sun.org.apache.xerces.internal.dom.CharacterDataImpl$1 (java.xml@17.0.15)
5216:             1             16  com.sun.org.apache.xerces.internal.impl.dv.dtd.IDDatatypeValidator (java.xml@17.0.15)
5217:             1             16  com.sun.org.apache.xerces.internal.impl.dv.dtd.IDREFDatatypeValidator (java.xml@17.0.15)
5218:             1             16  com.sun.org.apache.xerces.internal.impl.dv.dtd.NMTOKENDatatypeValidator (java.xml@17.0.15)
5219:             1             16  com.sun.org.apache.xerces.internal.impl.dv.dtd.NOTATIONDatatypeValidator (java.xml@17.0.15)
5220:             1             16  com.sun.org.apache.xerces.internal.impl.dv.dtd.StringDatatypeValidator (java.xml@17.0.15)
5221:             1             16  cpw.mods.bootstraplauncher.BootstrapLauncher$$Lambda$160/0x0000000800123970 (cpw.mods.bootstraplauncher@1.1.2)
5222:             1             16  cpw.mods.bootstraplauncher.BootstrapLauncher$$Lambda$175/0x0000000800127870 (cpw.mods.bootstraplauncher@1.1.2)
5223:             1             16  cpw.mods.bootstraplauncher.BootstrapLauncher$$Lambda$178/0x00000008001c4418 (cpw.mods.bootstraplauncher@1.1.2)
5224:             1             16  cpw.mods.bootstraplauncher.BootstrapLauncher$$Lambda$179/0x00000008001c4638 (cpw.mods.bootstraplauncher@1.1.2)
5225:             1             16  cpw.mods.cl.JarModuleFinder (cpw.mods.securejarhandler)
5226:             1             16  cpw.mods.cl.JarModuleFinder$$Lambda$180/0x00000008001c4ee8 (cpw.mods.securejarhandler)
5227:             1             16  cpw.mods.cl.JarModuleFinder$$Lambda$181/0x00000008001c5128 (cpw.mods.securejarhandler)
5228:             1             16  cpw.mods.cl.JarModuleFinder$$Lambda$182/0x00000008001c5368 (cpw.mods.securejarhandler)
5229:             1             16  cpw.mods.cl.JarModuleFinder$$Lambda$183/0x00000008001c55a8 (cpw.mods.securejarhandler)
5230:             1             16  cpw.mods.cl.ModularURLHandler (cpw.mods.securejarhandler)
5231:             1             16  cpw.mods.cl.ModularURLHandler$$Lambda$190/0x00000008001c6318 (cpw.mods.securejarhandler)
5232:             1             16  cpw.mods.cl.ModularURLHandler$$Lambda$191/0x00000008001c6558 (cpw.mods.securejarhandler)
5233:             1             16  cpw.mods.cl.ModularURLHandler$FunctionURLStreamHandler (cpw.mods.securejarhandler)
5234:             1             16  cpw.mods.cl.ModuleClassLoader$$Lambda$1338/0x000000080051b8b0 (cpw.mods.securejarhandler)
5235:             1             16  cpw.mods.cl.ModuleClassLoader$$Lambda$192/0x00000008001c69d0 (cpw.mods.securejarhandler)
5236:             1             16  cpw.mods.cl.ModuleClassLoader$$Lambda$194/0x00000008001c6e68 (cpw.mods.securejarhandler)
5237:             1             16  cpw.mods.cl.ModuleClassLoader$$Lambda$195/0x00000008001c70a8 (cpw.mods.securejarhandler)
5238:             1             16  cpw.mods.cl.ModuleClassLoader$$Lambda$202/0x00000008001c2258 (cpw.mods.securejarhandler)
5239:             1             16  cpw.mods.cl.ModuleClassLoader$$Lambda$209/0x00000008001c2b50 (cpw.mods.securejarhandler)
5240:             1             16  cpw.mods.cl.ModuleClassLoader$$Lambda$215/0x00000008001c1c00 (cpw.mods.securejarhandler)
5241:             1             16  cpw.mods.cl.ModuleClassLoader$$Lambda$216/0x00000008001c8000 (cpw.mods.securejarhandler)
5242:             1             16  cpw.mods.cl.ModuleClassLoader$$Lambda$217/0x00000008001c8420 (cpw.mods.securejarhandler)
5243:             1             16  cpw.mods.cl.ModuleClassLoader$$Lambda$223/0x00000008001c96f8 (cpw.mods.securejarhandler)
5244:             1             16  cpw.mods.cl.ModuleClassLoader$$Lambda$225/0x00000008001c9b80 (cpw.mods.securejarhandler)
5245:             1             16  cpw.mods.cl.ModuleClassLoader$$Lambda$226/0x00000008001c9dc0 (cpw.mods.securejarhandler)
5246:             1             16  cpw.mods.cl.UnionURLStreamHandler (cpw.mods.securejarhandler)
5247:             1             16  cpw.mods.cl.UnionURLStreamHandler$$Lambda$227/0x00000008001ca010 (cpw.mods.securejarhandler)
5248:             1             16  cpw.mods.jarhandling.SecureJar$$Lambda$177/0x00000008001c4000 (cpw.mods.securejarhandler)
5249:             1             16  cpw.mods.jarhandling.SecureJar$$Lambda$98/0x0000000800107d88 (cpw.mods.securejarhandler)
5250:             1             16  cpw.mods.jarhandling.SecureJar$Provider$$Lambda$163/0x0000000800126498 (cpw.mods.securejarhandler)
5251:             1             16  cpw.mods.jarhandling.SecureJar$Provider$$Lambda$164/0x00000008001266d8 (cpw.mods.securejarhandler)
5252:             1             16  cpw.mods.jarhandling.impl.Jar$$Lambda$100/0x000000080010b428 (cpw.mods.securejarhandler)
5253:             1             16  cpw.mods.jarhandling.impl.Jar$$Lambda$101/0x000000080010b678 (cpw.mods.securejarhandler)
5254:             1             16  cpw.mods.jarhandling.impl.Jar$$Lambda$102/0x000000080010bab0 (cpw.mods.securejarhandler)
5255:             1             16  cpw.mods.jarhandling.impl.Jar$$Lambda$103/0x000000080010bd00 (cpw.mods.securejarhandler)
5256:             1             16  cpw.mods.jarhandling.impl.Jar$$Lambda$129/0x000000080011f000 (cpw.mods.securejarhandler)
5257:             1             16  cpw.mods.jarhandling.impl.Jar$$Lambda$130/0x000000080011f250 (cpw.mods.securejarhandler)
5258:             1             16  cpw.mods.jarhandling.impl.Jar$$Lambda$131/0x000000080011f4a0 (cpw.mods.securejarhandler)
5259:             1             16  cpw.mods.jarhandling.impl.Jar$$Lambda$132/0x000000080011f6e0 (cpw.mods.securejarhandler)
5260:             1             16  cpw.mods.jarhandling.impl.Jar$$Lambda$133/0x000000080011f920 (cpw.mods.securejarhandler)
5261:             1             16  cpw.mods.jarhandling.impl.Jar$$Lambda$141/0x000000080011fb60 (cpw.mods.securejarhandler)
5262:             1             16  cpw.mods.jarhandling.impl.Jar$$Lambda$142/0x000000080011fda0 (cpw.mods.securejarhandler)
5263:             1             16  cpw.mods.jarhandling.impl.Jar$$Lambda$143/0x000000080011ec00 (cpw.mods.securejarhandler)
5264:             1             16  cpw.mods.jarhandling.impl.Jar$$Lambda$144/0x0000000800120000 (cpw.mods.securejarhandler)
5265:             1             16  cpw.mods.jarhandling.impl.Jar$$Lambda$145/0x0000000800120240 (cpw.mods.securejarhandler)
5266:             1             16  cpw.mods.jarhandling.impl.Jar$$Lambda$146/0x0000000800120488 (cpw.mods.securejarhandler)
5267:             1             16  cpw.mods.jarhandling.impl.Jar$$Lambda$147/0x00000008001206d8 (cpw.mods.securejarhandler)
5268:             1             16  cpw.mods.jarhandling.impl.Jar$$Lambda$148/0x0000000800120928 (cpw.mods.securejarhandler)
5269:             1             16  cpw.mods.jarhandling.impl.Jar$$Lambda$149/0x0000000800120b78 (cpw.mods.securejarhandler)
5270:             1             16  cpw.mods.jarhandling.impl.Jar$$Lambda$150/0x0000000800120dc8 (cpw.mods.securejarhandler)
5271:             1             16  cpw.mods.jarhandling.impl.Jar$$Lambda$151/0x0000000800121008 (cpw.mods.securejarhandler)
5272:             1             16  cpw.mods.jarhandling.impl.Jar$$Lambda$152/0x0000000800121248 (cpw.mods.securejarhandler)
5273:             1             16  cpw.mods.jarhandling.impl.Jar$$Lambda$153/0x0000000800121498 (cpw.mods.securejarhandler)
5274:             1             16  cpw.mods.jarhandling.impl.Jar$$Lambda$156/0x0000000800121b48 (cpw.mods.securejarhandler)
5275:             1             16  cpw.mods.jarhandling.impl.Jar$$Lambda$161/0x0000000800126000 (cpw.mods.securejarhandler)
5276:             1             16  cpw.mods.jarhandling.impl.Jar$$Lambda$6036/0x0000000800639138 (cpw.mods.securejarhandler)
5277:             1             16  cpw.mods.jarhandling.impl.Jar$JarModuleDataProvider$$Lambda$212/0x00000008001c3898 (cpw.mods.securejarhandler)
5278:             1             16  cpw.mods.jarhandling.impl.Jar$JarModuleDataProvider$$Lambda$213/0x00000008001c3ad8 (cpw.mods.securejarhandler)
5279:             1             16  cpw.mods.jarhandling.impl.ManifestVerifier$$Lambda$363/0x00000008001cbab0 (cpw.mods.securejarhandler)
5280:             1             16  cpw.mods.jarhandling.impl.ModuleJarMetadata$ModFileVisitor$$Lambda$166/0x0000000800126b80 (cpw.mods.securejarhandler)
5281:             1             16  cpw.mods.jarhandling.impl.SecureJarVerifier$UnsafeAccessor (cpw.mods.securejarhandler)
5282:             1             16  cpw.mods.jarhandling.impl.SimpleJarMetadata$$Lambda$186/0x00000008001c57f0 (cpw.mods.securejarhandler)
5283:             1             16  cpw.mods.modlauncher.ArgumentHandler$$Lambda$944/0x0000000800507d20 (cpw.mods.modlauncher@10.0.9)
5284:             1             16  cpw.mods.modlauncher.BootstrapLaunchConsumer (cpw.mods.modlauncher@10.0.9)
5285:             1             16  cpw.mods.modlauncher.ClassTransformer$$Lambda$1347/0x000000080061b938 (cpw.mods.modlauncher@10.0.9)
5286:             1             16  cpw.mods.modlauncher.DefaultLaunchHandlerService (cpw.mods.modlauncher@10.0.9)
5287:             1             16  cpw.mods.modlauncher.LaunchPluginHandler (cpw.mods.modlauncher@10.0.9)
5288:             1             16  cpw.mods.modlauncher.LaunchPluginHandler$$Lambda$354/0x00000008002b3840 (cpw.mods.modlauncher@10.0.9)
5289:             1             16  cpw.mods.modlauncher.LaunchPluginHandler$$Lambda$355/0x00000008002b3c70 (cpw.mods.modlauncher@10.0.9)
5290:             1             16  cpw.mods.modlauncher.LaunchPluginHandler$$Lambda$364/0x00000008002b76a0 (cpw.mods.modlauncher@10.0.9)
5291:             1             16  cpw.mods.modlauncher.LaunchPluginHandler$$Lambda$370/0x00000008002b8478 (cpw.mods.modlauncher@10.0.9)
5292:             1             16  cpw.mods.modlauncher.LaunchPluginHandler$$Lambda$956/0x000000080050f5d0 (cpw.mods.modlauncher@10.0.9)
5293:             1             16  cpw.mods.modlauncher.LaunchServiceHandler (cpw.mods.modlauncher@10.0.9)
5294:             1             16  cpw.mods.modlauncher.LaunchServiceHandler$$Lambda$325/0x00000008002a2170 (cpw.mods.modlauncher@10.0.9)
5295:             1             16  cpw.mods.modlauncher.LaunchServiceHandler$$Lambda$329/0x00000008002a2e80 (cpw.mods.modlauncher@10.0.9)
5296:             1             16  cpw.mods.modlauncher.LaunchServiceHandler$$Lambda$330/0x00000008002a32d0 (cpw.mods.modlauncher@10.0.9)
5297:             1             16  cpw.mods.modlauncher.LaunchServiceHandler$$Lambda$507/0x000000080034eeb0 (cpw.mods.modlauncher@10.0.9)
5298:             1             16  cpw.mods.modlauncher.Launcher$$Lambda$318/0x00000008002a0810 (cpw.mods.modlauncher@10.0.9)
5299:             1             16  cpw.mods.modlauncher.Launcher$$Lambda$319/0x00000008002a0a30 (cpw.mods.modlauncher@10.0.9)
5300:             1             16  cpw.mods.modlauncher.Launcher$$Lambda$320/0x00000008002a0c50 (cpw.mods.modlauncher@10.0.9)
5301:             1             16  cpw.mods.modlauncher.Launcher$$Lambda$321/0x00000008002a0e70 (cpw.mods.modlauncher@10.0.9)
5302:             1             16  cpw.mods.modlauncher.Launcher$$Lambda$322/0x00000008002a1090 (cpw.mods.modlauncher@10.0.9)
5303:             1             16  cpw.mods.modlauncher.Launcher$$Lambda$323/0x00000008002a12b0 (cpw.mods.modlauncher@10.0.9)
5304:             1             16  cpw.mods.modlauncher.Launcher$$Lambda$341/0x00000008002af3c8 (cpw.mods.modlauncher@10.0.9)
5305:             1             16  cpw.mods.modlauncher.Launcher$$Lambda$342/0x00000008002af608 (cpw.mods.modlauncher@10.0.9)
5306:             1             16  cpw.mods.modlauncher.Launcher$$Lambda$343/0x00000008002af848 (cpw.mods.modlauncher@10.0.9)
5307:             1             16  cpw.mods.modlauncher.Launcher$$Lambda$344/0x00000008002afa88 (cpw.mods.modlauncher@10.0.9)
5308:             1             16  cpw.mods.modlauncher.Launcher$$Lambda$753/0x00000008003cf8f8 (cpw.mods.modlauncher@10.0.9)
5309:             1             16  cpw.mods.modlauncher.Launcher$$Lambda$754/0x00000008003cfb38 (cpw.mods.modlauncher@10.0.9)
5310:             1             16  cpw.mods.modlauncher.Launcher$$Lambda$872/0x000000080047dae0 (cpw.mods.modlauncher@10.0.9)
5311:             1             16  cpw.mods.modlauncher.Launcher$$Lambda$873/0x000000080047dd20 (cpw.mods.modlauncher@10.0.9)
5312:             1             16  cpw.mods.modlauncher.Launcher$$Lambda$874/0x000000080047e1f8 (cpw.mods.modlauncher@10.0.9)
5313:             1             16  cpw.mods.modlauncher.ModuleLayerHandler$$Lambda$326/0x00000008002a25a8 (cpw.mods.modlauncher@10.0.9)
5314:             1             16  cpw.mods.modlauncher.ModuleLayerHandler$$Lambda$420/0x00000008003172a0 (cpw.mods.modlauncher@10.0.9)
5315:             1             16  cpw.mods.modlauncher.ModuleLayerHandler$$Lambda$421/0x00000008003174e0 (cpw.mods.modlauncher@10.0.9)
5316:             1             16  cpw.mods.modlauncher.ModuleLayerHandler$$Lambda$422/0x0000000800317700 (cpw.mods.modlauncher@10.0.9)
5317:             1             16  cpw.mods.modlauncher.ModuleLayerHandler$$Lambda$424/0x0000000800317b88 (cpw.mods.modlauncher@10.0.9)
5318:             1             16  cpw.mods.modlauncher.ModuleLayerHandler$$Lambda$426/0x000000080031c248 (cpw.mods.modlauncher@10.0.9)
5319:             1             16  cpw.mods.modlauncher.ModuleLayerHandler$$Lambda$427/0x0000000800317dc8 (cpw.mods.modlauncher@10.0.9)
5320:             1             16  cpw.mods.modlauncher.ModuleLayerHandler$$Lambda$429/0x000000080031c6d0 (cpw.mods.modlauncher@10.0.9)
5321:             1             16  cpw.mods.modlauncher.ModuleLayerHandler$$Lambda$756/0x00000008003ce800 (cpw.mods.modlauncher@10.0.9)
5322:             1             16  cpw.mods.modlauncher.NameMappingServiceDecorator (cpw.mods.modlauncher@10.0.9)
5323:             1             16  cpw.mods.modlauncher.NameMappingServiceHandler$$Lambda$349/0x00000008002b2480 (cpw.mods.modlauncher@10.0.9)
5324:             1             16  cpw.mods.modlauncher.NameMappingServiceHandler$$Lambda$350/0x00000008002b28b0 (cpw.mods.modlauncher@10.0.9)
5325:             1             16  cpw.mods.modlauncher.NameMappingServiceHandler$$Lambda$351/0x00000008002b2d18 (cpw.mods.modlauncher@10.0.9)
5326:             1             16  cpw.mods.modlauncher.NameMappingServiceHandler$$Lambda$516/0x0000000800352c98 (cpw.mods.modlauncher@10.0.9)
5327:             1             16  cpw.mods.modlauncher.NameMappingServiceHandler$$Lambda$853/0x0000000800479528 (cpw.mods.modlauncher@10.0.9)
5328:             1             16  cpw.mods.modlauncher.TestingLaunchHandlerService (cpw.mods.modlauncher@10.0.9)
5329:             1             16  cpw.mods.modlauncher.TransformList$$Lambda$1345/0x000000080061b048 (cpw.mods.modlauncher@10.0.9)
5330:             1             16  cpw.mods.modlauncher.TransformList$$Lambda$931/0x0000000800502468 (cpw.mods.modlauncher@10.0.9)
5331:             1             16  cpw.mods.modlauncher.TransformTargetLabel$LabelType$$Lambda$345/0x00000008002b0ca8 (cpw.mods.modlauncher@10.0.9)
5332:             1             16  cpw.mods.modlauncher.TransformTargetLabel$LabelType$$Lambda$346/0x00000008002b0ee8 (cpw.mods.modlauncher@10.0.9)
5333:             1             16  cpw.mods.modlauncher.TransformTargetLabel$LabelType$$Lambda$347/0x00000008002b1128 (cpw.mods.modlauncher@10.0.9)
5334:             1             16  cpw.mods.modlauncher.TransformationServiceDecorator$$Lambda$880/0x000000080047ef48 (cpw.mods.modlauncher@10.0.9)
5335:             1             16  cpw.mods.modlauncher.TransformationServiceDecorator$$Lambda$924/0x0000000800501260 (cpw.mods.modlauncher@10.0.9)
5336:             1             16  cpw.mods.modlauncher.TransformationServiceDecorator$$Lambda$925/0x00000008005014a0 (cpw.mods.modlauncher@10.0.9)
5337:             1             16  cpw.mods.modlauncher.TransformationServiceDecorator$$Lambda$927/0x0000000800501938 (cpw.mods.modlauncher@10.0.9)
5338:             1             16  cpw.mods.modlauncher.TransformationServicesHandler$$Lambda$373/0x00000008002bfd38 (cpw.mods.modlauncher@10.0.9)
5339:             1             16  cpw.mods.modlauncher.TransformationServicesHandler$$Lambda$376/0x0000000800300b20 (cpw.mods.modlauncher@10.0.9)
5340:             1             16  cpw.mods.modlauncher.TransformationServicesHandler$$Lambda$413/0x00000008003169e0 (cpw.mods.modlauncher@10.0.9)
5341:             1             16  cpw.mods.modlauncher.TransformationServicesHandler$$Lambda$464/0x0000000800332e50 (cpw.mods.modlauncher@10.0.9)
5342:             1             16  cpw.mods.modlauncher.TransformationServicesHandler$$Lambda$465/0x0000000800333280 (cpw.mods.modlauncher@10.0.9)
5343:             1             16  cpw.mods.modlauncher.TransformationServicesHandler$$Lambda$466/0x0000000800333710 (cpw.mods.modlauncher@10.0.9)
5344:             1             16  cpw.mods.modlauncher.TransformationServicesHandler$$Lambda$468/0x0000000800336a50 (cpw.mods.modlauncher@10.0.9)
5345:             1             16  cpw.mods.modlauncher.TransformationServicesHandler$$Lambda$479/0x0000000800334a20 (cpw.mods.modlauncher@10.0.9)
5346:             1             16  cpw.mods.modlauncher.TransformationServicesHandler$$Lambda$482/0x0000000800338000 (cpw.mods.modlauncher@10.0.9)
5347:             1             16  cpw.mods.modlauncher.TransformationServicesHandler$$Lambda$491/0x0000000800339450 (cpw.mods.modlauncher@10.0.9)
5348:             1             16  cpw.mods.modlauncher.TransformationServicesHandler$$Lambda$514/0x0000000800352800 (cpw.mods.modlauncher@10.0.9)
5349:             1             16  cpw.mods.modlauncher.TransformationServicesHandler$$Lambda$518/0x0000000800353120 (cpw.mods.modlauncher@10.0.9)
5350:             1             16  cpw.mods.modlauncher.TransformationServicesHandler$$Lambda$758/0x00000008003cec88 (cpw.mods.modlauncher@10.0.9)
5351:             1             16  cpw.mods.modlauncher.TransformationServicesHandler$$Lambda$935/0x0000000800503a80 (cpw.mods.modlauncher@10.0.9)
5352:             1             16  cpw.mods.modlauncher.TransformationServicesHandler$$Lambda$936/0x0000000800503cc0 (cpw.mods.modlauncher@10.0.9)
5353:             1             16  cpw.mods.modlauncher.TransformerAuditTrail (cpw.mods.modlauncher@10.0.9)
5354:             1             16  cpw.mods.modlauncher.TransformerAuditTrail$$Lambda$1316/0x00000008005c5a68 (cpw.mods.modlauncher@10.0.9)
5355:             1             16  cpw.mods.modlauncher.TransformerAuditTrail$$Lambda$962/0x0000000800514cd8 (cpw.mods.modlauncher@10.0.9)
5356:             1             16  cpw.mods.modlauncher.api.TypesafeMap$KeyBuilder$$Lambda$339/0x00000008002aeb10 (cpw.mods.modlauncher@10.0.9)
5357:             1             16  cpw.mods.modlauncher.log.ExtraDataTextRenderer$$Lambda$1313/0x00000008005c4d60 (cpw.mods.modlauncher@10.0.9)
5358:             1             16  cpw.mods.modlauncher.log.ExtraDataTextRenderer$$Lambda$1314/0x00000008005c4fa0 (cpw.mods.modlauncher@10.0.9)
5359:             1             16  cpw.mods.modlauncher.log.MLClassLoaderContextSelector (cpw.mods.modlauncher@10.0.9)
5360:             1             16  cpw.mods.modlauncher.util.ServiceLoaderUtils$$Lambda$328/0x00000008002a2c30 (cpw.mods.modlauncher@10.0.9)
5361:             1             16  cpw.mods.modlauncher.util.ServiceLoaderUtils$$Lambda$365/0x00000008002b78e0 (cpw.mods.modlauncher@10.0.9)
5362:             1             16  cpw.mods.modlauncher.util.ServiceLoaderUtils$$Lambda$366/0x00000008002b7b20 (cpw.mods.modlauncher@10.0.9)
5363:             1             16  cpw.mods.modlauncher.util.ServiceLoaderUtils$$Lambda$367/0x00000008002b7d60 (cpw.mods.modlauncher@10.0.9)
5364:             1             16  cpw.mods.modlauncher.util.ServiceLoaderUtils$$Lambda$368/0x00000008002b8000 (cpw.mods.modlauncher@10.0.9)
5365:             1             16  cpw.mods.niofs.union.UnionFileSystem$$Lambda$110/0x0000000800115690 (cpw.mods.securejarhandler)
5366:             1             16  cpw.mods.niofs.union.UnionFileSystem$$Lambda$112/0x00000008001158e0 (cpw.mods.securejarhandler)
5367:             1             16  cpw.mods.niofs.union.UnionFileSystem$$Lambda$113/0x0000000800115b30 (cpw.mods.securejarhandler)
5368:             1             16  cpw.mods.niofs.union.UnionFileSystem$$Lambda$114/0x0000000800115d70 (cpw.mods.securejarhandler)
5369:             1             16  cpw.mods.niofs.union.UnionFileSystem$$Lambda$115/0x00000008001161c0 (cpw.mods.securejarhandler)
5370:             1             16  cpw.mods.niofs.union.UnionFileSystem$$Lambda$118/0x0000000800116a70 (cpw.mods.securejarhandler)
5371:             1             16  cpw.mods.niofs.union.UnionFileSystem$$Lambda$124/0x00000008001175e0 (cpw.mods.securejarhandler)
5372:             1             16  cpw.mods.niofs.union.UnionFileSystem$$Lambda$125/0x0000000800117820 (cpw.mods.securejarhandler)
5373:             1             16  cpw.mods.niofs.union.UnionFileSystem$$Lambda$126/0x0000000800117a60 (cpw.mods.securejarhandler)
5374:             1             16  cpw.mods.niofs.union.UnionFileSystem$$Lambda$158/0x0000000800122748 (cpw.mods.securejarhandler)
5375:             1             16  cpw.mods.niofs.union.UnionFileSystemProvider$$Lambda$104/0x00000008001146c8 (cpw.mods.securejarhandler)
5376:             1             16  cpw.mods.niofs.union.UnionFileSystemProvider$$Lambda$105/0x0000000800114908 (cpw.mods.securejarhandler)
5377:             1             16  cpw.mods.niofs.union.UnionFileSystemProvider$$Lambda$106/0x0000000800114b48 (cpw.mods.securejarhandler)
5378:             1             16  cpw.mods.niofs.union.UnionPath$$Lambda$108/0x0000000800115248 (cpw.mods.securejarhandler)
5379:             1             16  io.github.zekerzhayard.forgewrapper.installer.util.ModuleUtil$$Lambda$14/0x0000000800002e98
5380:             1             16  io.github.zekerzhayard.forgewrapper.installer.util.ModuleUtil$$Lambda$15/0x00000008000030d8
5381:             1             16  io.github.zekerzhayard.forgewrapper.installer.util.ModuleUtil$$Lambda$16/0x0000000800003328
5382:             1             16  io.github.zekerzhayard.forgewrapper.installer.util.ModuleUtil$$Lambda$28/0x0000000800003548
5383:             1             16  io.github.zekerzhayard.forgewrapper.installer.util.ModuleUtil$$Lambda$76/0x0000000800003798
5384:             1             16  io.netty.util.internal.CleanerJava9 (io.netty.common@4.1.82.Final)
5385:             1             16  io.netty.util.internal.PlatformDependent$1 (io.netty.common@4.1.82.Final)
5386:             1             16  io.netty.util.internal.PlatformDependent$2 (io.netty.common@4.1.82.Final)
5387:             1             16  it.unimi.dsi.fastutil.doubles.DoubleLists$EmptyList (it.unimi.dsi.fastutil@8.5.9)
5388:             1             16  it.unimi.dsi.fastutil.ints.Int2ObjectAVLTreeMap$1$$Lambda$2197/0x0000000800871d48 (it.unimi.dsi.fastutil@8.5.9)
5389:             1             16  it.unimi.dsi.fastutil.ints.Int2ObjectMaps$EmptyMap (it.unimi.dsi.fastutil@8.5.9)
5390:             1             16  it.unimi.dsi.fastutil.ints.Int2ObjectOpenHashMap$KeySet (it.unimi.dsi.fastutil@8.5.9)
5391:             1             16  it.unimi.dsi.fastutil.ints.Int2ObjectOpenHashMap$MapEntrySet (it.unimi.dsi.fastutil@8.5.9)
5392:             1             16  it.unimi.dsi.fastutil.ints.IntArrays$ArrayHashStrategy (it.unimi.dsi.fastutil@8.5.9)
5393:             1             16  it.unimi.dsi.fastutil.ints.IntComparators$NaturalImplicitComparator (it.unimi.dsi.fastutil@8.5.9)
5394:             1             16  it.unimi.dsi.fastutil.ints.IntComparators$OppositeImplicitComparator (it.unimi.dsi.fastutil@8.5.9)
5395:             1             16  it.unimi.dsi.fastutil.ints.IntIterators$EmptyIterator (it.unimi.dsi.fastutil@8.5.9)
5396:             1             16  it.unimi.dsi.fastutil.ints.IntSets$EmptySet (it.unimi.dsi.fastutil@8.5.9)
5397:             1             16  it.unimi.dsi.fastutil.ints.IntSets$UnmodifiableSet (it.unimi.dsi.fastutil@8.5.9)
5398:             1             16  it.unimi.dsi.fastutil.longs.Long2ObjectMaps$EmptyMap (it.unimi.dsi.fastutil@8.5.9)
5399:             1             16  it.unimi.dsi.fastutil.objects.Object2ObjectLinkedOpenHashMap$KeySet (it.unimi.dsi.fastutil@8.5.9)
5400:             1             16  it.unimi.dsi.fastutil.objects.Object2ObjectMaps$EmptyMap (it.unimi.dsi.fastutil@8.5.9)
5401:             1             16  it.unimi.dsi.fastutil.objects.ObjectArrayList$$Lambda$1320/0x00000008005d3428 (it.unimi.dsi.fastutil@8.5.9)
5402:             1             16  it.unimi.dsi.fastutil.objects.ObjectArrayList$$Lambda$1321/0x00000008005d3648 (it.unimi.dsi.fastutil@8.5.9)
5403:             1             16  it.unimi.dsi.fastutil.objects.ObjectArrayList$$Lambda$1322/0x00000008005d3878 (it.unimi.dsi.fastutil@8.5.9)
5404:             1             16  it.unimi.dsi.fastutil.objects.ObjectArrays$ArrayHashStrategy (it.unimi.dsi.fastutil@8.5.9)
5405:             1             16  it.unimi.dsi.fastutil.shorts.ShortArrays$ArrayHashStrategy (it.unimi.dsi.fastutil@8.5.9)
5406:             1             16  java.beans.Statement$1 (java.desktop@17.0.15)
5407:             1             16  java.io.DeleteOnExitHook$1 (java.base@17.0.15)
5408:             1             16  java.io.FileDescriptor$1 (java.base@17.0.15)
5409:             1             16  java.io.FilePermission$1 (java.base@17.0.15)
5410:             1             16  java.io.RandomAccessFile$2 (java.base@17.0.15)
5411:             1             16  java.lang.ApplicationShutdownHooks$1 (java.base@17.0.15)
5412:             1             16  java.lang.CharacterData00 (java.base@17.0.15)
5413:             1             16  java.lang.CharacterDataLatin1 (java.base@17.0.15)
5414:             1             16  java.lang.Class$$Lambda$311/0x00000008002c4fa0 (java.base@17.0.15)
5415:             1             16  java.lang.Module$$Lambda$9/0x00000008000a6688 (java.base@17.0.15)
5416:             1             16  java.lang.ModuleLayer$$Lambda$205/0x00000008001859b8 (java.base@17.0.15)
5417:             1             16  java.lang.ModuleLayer$$Lambda$31/0x00000008000b7a38 (java.base@17.0.15)
5418:             1             16  java.lang.ModuleLayer$Controller (java.base@17.0.15)
5419:             1             16  java.lang.ProcessBuilder$NullInputStream (java.base@17.0.15)
5420:             1             16  java.lang.ProcessBuilder$NullOutputStream (java.base@17.0.15)
5421:             1             16  java.lang.ProcessBuilder$Redirect$1 (java.base@17.0.15)
5422:             1             16  java.lang.ProcessBuilder$Redirect$2 (java.base@17.0.15)
5423:             1             16  java.lang.ProcessBuilder$Redirect$3 (java.base@17.0.15)
5424:             1             16  java.lang.ProcessEnvironment$StringKeySet (java.base@17.0.15)
5425:             1             16  java.lang.ProcessHandleImpl$$Lambda$281/0x0000000800251550 (java.base@17.0.15)
5426:             1             16  java.lang.Runtime (java.base@17.0.15)
5427:             1             16  java.lang.SecurityManager$$Lambda$1300/0x00000008002fd618 (java.base@17.0.15)
5428:             1             16  java.lang.SecurityManager$$Lambda$1302/0x00000008002fdab0 (java.base@17.0.15)
5429:             1             16  java.lang.SecurityManager$$Lambda$1303/0x00000008002fdcf0 (java.base@17.0.15)
5430:             1             16  java.lang.SecurityManager$$Lambda$1304/0x00000008002fdf30 (java.base@17.0.15)
5431:             1             16  java.lang.SecurityManager$$Lambda$1305/0x00000008002fe160 (java.base@17.0.15)
5432:             1             16  java.lang.SecurityManager$$Lambda$1306/0x00000008002fe3b0 (java.base@17.0.15)
5433:             1             16  java.lang.SecurityManager$$Lambda$1308/0x00000008002fe828 (java.base@17.0.15)
5434:             1             16  java.lang.SecurityManager$$Lambda$1309/0x00000008002fea78 (java.base@17.0.15)
5435:             1             16  java.lang.String$CaseInsensitiveComparator (java.base@17.0.15)
5436:             1             16  java.lang.System$2 (java.base@17.0.15)
5437:             1             16  java.lang.System$LoggerFinder$$Lambda$279/0x000000080024db98 (java.base@17.0.15)
5438:             1             16  java.lang.Terminator$1 (java.base@17.0.15)
5439:             1             16  java.lang.invoke.ClassSpecializer$1 (java.base@17.0.15)
5440:             1             16  java.lang.invoke.MemberName$Factory (java.base@17.0.15)
5441:             1             16  java.lang.invoke.MethodHandleImpl$1 (java.base@17.0.15)
5442:             1             16  java.lang.invoke.MethodHandleImpl$Makers$1 (java.base@17.0.15)
5443:             1             16  java.lang.invoke.MethodHandleImpl$Makers$2 (java.base@17.0.15)
5444:             1             16  java.lang.invoke.StringConcatFactory$1 (java.base@17.0.15)
5445:             1             16  java.lang.invoke.StringConcatFactory$2 (java.base@17.0.15)
5446:             1             16  java.lang.invoke.StringConcatFactory$3 (java.base@17.0.15)
5447:             1             16  java.lang.invoke.VarHandle$1 (java.base@17.0.15)
5448:             1             16  java.lang.invoke.VarHandleByteArrayAsInts$ArrayHandle$$Lambda$95/0x00000008001534e0 (java.base@17.0.15)
5449:             1             16  java.lang.invoke.VarHandleByteArrayAsLongs$ArrayHandle$$Lambda$96/0x0000000800154250 (java.base@17.0.15)
5450:             1             16  java.lang.management.DefaultPlatformMBeanProvider (java.management@17.0.15)
5451:             1             16  java.lang.management.DefaultPlatformMBeanProvider$5$$Lambda$304/0x000000080027a718 (java.management@17.0.15)
5452:             1             16  java.lang.management.ManagementFactory$$Lambda$252/0x0000000800193450 (java.management@17.0.15)
5453:             1             16  java.lang.management.ManagementFactory$$Lambda$293/0x000000080026ab80 (java.management@17.0.15)
5454:             1             16  java.lang.management.ManagementFactory$$Lambda$294/0x000000080026add0 (java.management@17.0.15)
5455:             1             16  java.lang.management.ManagementFactory$$Lambda$295/0x000000080026b010 (java.management@17.0.15)
5456:             1             16  java.lang.module.Configuration$$Lambda$189/0x0000000800184c98 (java.base@17.0.15)
5457:             1             16  java.lang.module.Configuration$$Lambda$58/0x00000008000e4fd0 (java.base@17.0.15)
5458:             1             16  java.lang.module.Configuration$$Lambda$59/0x00000008000e5210 (java.base@17.0.15)
5459:             1             16  java.lang.module.ModuleDescriptor$1 (java.base@17.0.15)
5460:             1             16  java.lang.module.ModuleDescriptor$Builder$$Lambda$171/0x0000000800183050 (java.base@17.0.15)
5461:             1             16  java.lang.module.ModuleDescriptor$Builder$$Lambda$53/0x00000008000e25e0 (java.base@17.0.15)
5462:             1             16  java.lang.module.ModuleDescriptor$Builder$$Lambda$8/0x00000008000a5d30 (java.base@17.0.15)
5463:             1             16  java.lang.module.Resolver$$Lambda$56/0x00000008000e48b0 (java.base@17.0.15)
5464:             1             16  java.lang.module.Resolver$$Lambda$57/0x00000008000e4af0 (java.base@17.0.15)
5465:             1             16  java.lang.module.Resolver$$Lambda$60/0x00000008000e5450 (java.base@17.0.15)
5466:             1             16  java.lang.module.Resolver$$Lambda$61/0x00000008000e5690 (java.base@17.0.15)
5467:             1             16  java.lang.module.Resolver$$Lambda$62/0x00000008000e58d0 (java.base@17.0.15)
5468:             1             16  java.lang.module.Resolver$$Lambda$63/0x00000008000e5b10 (java.base@17.0.15)
5469:             1             16  java.lang.module.Resolver$$Lambda$64/0x00000008000e5d30 (java.base@17.0.15)
5470:             1             16  java.lang.module.Resolver$$Lambda$69/0x00000008000e7138 (java.base@17.0.15)
5471:             1             16  java.lang.module.Resolver$$Lambda$73/0x00000008000e7a60 (java.base@17.0.15)
5472:             1             16  java.lang.module.Resolver$$Lambda$74/0x00000008000e7ca0 (java.base@17.0.15)
5473:             1             16  java.lang.ref.Cleaner (java.base@17.0.15)
5474:             1             16  java.lang.ref.Cleaner$1 (java.base@17.0.15)
5475:             1             16  java.lang.ref.Reference$1 (java.base@17.0.15)
5476:             1             16  java.lang.reflect.Proxy$$Lambda$6/0x00000008000a4028 (java.base@17.0.15)
5477:             1             16  java.lang.reflect.Proxy$ProxyBuilder$$Lambda$7/0x00000008000a4ea0 (java.base@17.0.15)
5478:             1             16  java.lang.reflect.ProxyGenerator$$Lambda$12/0x00000008000a76c0 (java.base@17.0.15)
5479:             1             16  java.lang.reflect.ProxyGenerator$$Lambda$13/0x00000008000a7900 (java.base@17.0.15)
5480:             1             16  java.lang.reflect.ReflectAccess (java.base@17.0.15)
5481:             1             16  java.net.InetAddress$1 (java.base@17.0.15)
5482:             1             16  java.net.InetAddress$PlatformNameService (java.base@17.0.15)
5483:             1             16  java.net.SocketImpl$$Lambda$4591/0x0000000800c49040 (java.base@17.0.15)
5484:             1             16  java.net.URI$1 (java.base@17.0.15)
5485:             1             16  java.net.URL$3 (java.base@17.0.15)
5486:             1             16  java.net.URL$DefaultFactory (java.base@17.0.15)
5487:             1             16  java.nio.Bits$1 (java.base@17.0.15)
5488:             1             16  java.nio.Buffer$1 (java.base@17.0.15)
5489:             1             16  java.nio.file.Files$$Lambda$128/0x0000000800170798 (java.base@17.0.15)
5490:             1             16  java.nio.file.Files$$Lambda$884/0x00000008002eaee0 (java.base@17.0.15)
5491:             1             16  java.nio.file.Files$AcceptAllFilter (java.base@17.0.15)
5492:             1             16  java.security.AllPermission (java.base@17.0.15)
5493:             1             16  java.security.ProtectionDomain$JavaSecurityAccessImpl (java.base@17.0.15)
5494:             1             16  java.security.Security$2 (java.base@17.0.15)
5495:             1             16  java.security.Signature$1 (java.base@17.0.15)
5496:             1             16  java.security.cert.CertPathHelperImpl (java.base@17.0.15)
5497:             1             16  java.security.spec.EncodedKeySpec$1 (java.base@17.0.15)
5498:             1             16  java.text.DecimalFormatSymbols$$Lambda$84/0x00000008000fbcd8 (java.base@17.0.15)
5499:             1             16  java.text.DontCareFieldPosition$1 (java.base@17.0.15)
5500:             1             16  java.text.MessageFormat$Field (java.base@17.0.15)
5501:             1             16  java.time.Clock$SystemClock (java.base@17.0.15)
5502:             1             16  java.time.ZonedDateTime$$Lambda$1207/0x00000008002f86c8 (java.base@17.0.15)
5503:             1             16  java.time.chrono.IsoChronology (java.base@17.0.15)
5504:             1             16  java.time.format.DateTimeFormatter$$Lambda$1029/0x00000008002f5750 (java.base@17.0.15)
5505:             1             16  java.time.format.DateTimeFormatter$$Lambda$1030/0x00000008002f5970 (java.base@17.0.15)
5506:             1             16  java.time.format.DateTimeFormatterBuilder$$Lambda$1028/0x00000008002efd70 (java.base@17.0.15)
5507:             1             16  java.time.format.DateTimeFormatterBuilder$InstantPrinterParser (java.base@17.0.15)
5508:             1             16  java.time.format.DateTimeTextProvider (java.base@17.0.15)
5509:             1             16  java.time.format.DateTimeTextProvider$1 (java.base@17.0.15)
5510:             1             16  java.time.temporal.TemporalQueries$1 (java.base@17.0.15)
5511:             1             16  java.time.temporal.TemporalQueries$2 (java.base@17.0.15)
5512:             1             16  java.time.temporal.TemporalQueries$3 (java.base@17.0.15)
5513:             1             16  java.time.temporal.TemporalQueries$4 (java.base@17.0.15)
5514:             1             16  java.time.temporal.TemporalQueries$5 (java.base@17.0.15)
5515:             1             16  java.time.temporal.TemporalQueries$6 (java.base@17.0.15)
5516:             1             16  java.time.temporal.TemporalQueries$7 (java.base@17.0.15)
5517:             1             16  java.util.AbstractMap$2 (java.base@17.0.15)
5518:             1             16  java.util.Collections$EmptyEnumeration (java.base@17.0.15)
5519:             1             16  java.util.Collections$EmptyIterator (java.base@17.0.15)
5520:             1             16  java.util.Collections$EmptyList (java.base@17.0.15)
5521:             1             16  java.util.Collections$EmptySet (java.base@17.0.15)
5522:             1             16  java.util.Collections$ReverseComparator (java.base@17.0.15)
5523:             1             16  java.util.Collections$ReverseComparator2 (java.base@17.0.15)
5524:             1             16  java.util.Collections$UnmodifiableMap$UnmodifiableEntrySet (java.base@17.0.15)
5525:             1             16  java.util.EnumMap$1 (java.base@17.0.15)
5526:             1             16  java.util.ImmutableCollections$Access$1 (java.base@17.0.15)
5527:             1             16  java.util.Locale$Builder (java.base@17.0.15)
5528:             1             16  java.util.Map$Entry$$Lambda$1270/0x00000008002fcd60 (java.base@17.0.15)
5529:             1             16  java.util.ResourceBundle$1 (java.base@17.0.15)
5530:             1             16  java.util.ResourceBundle$Control (java.base@17.0.15)
5531:             1             16  java.util.Spliterators$EmptySpliterator$OfDouble (java.base@17.0.15)
5532:             1             16  java.util.Spliterators$EmptySpliterator$OfInt (java.base@17.0.15)
5533:             1             16  java.util.Spliterators$EmptySpliterator$OfLong (java.base@17.0.15)
5534:             1             16  java.util.Spliterators$EmptySpliterator$OfRef (java.base@17.0.15)
5535:             1             16  java.util.concurrent.CompletableFuture$AltResult (java.base@17.0.15)
5536:             1             16  java.util.concurrent.ForkJoinPool$DefaultCommonPoolForkJoinWorkerThreadFactory (java.base@17.0.15)
5537:             1             16  java.util.concurrent.ForkJoinPool$DefaultForkJoinWorkerThreadFactory (java.base@17.0.15)
5538:             1             16  java.util.concurrent.ThreadPoolExecutor$AbortPolicy (java.base@17.0.15)
5539:             1             16  java.util.function.Function$$Lambda$116/0x00000008001641c8 (java.base@17.0.15)
5540:             1             16  java.util.function.Predicate$$Lambda$2178/0x00000008005e4028 (java.base@17.0.15)
5541:             1             16  java.util.function.UnaryOperator$$Lambda$4364/0x00000008005e9a88 (java.base@17.0.15)
5542:             1             16  java.util.jar.JavaUtilJarAccessImpl (java.base@17.0.15)
5543:             1             16  java.util.logging.ErrorManager (java.logging@17.0.15)
5544:             1             16  java.util.logging.Level$$Lambda$277/0x000000080024d398 (java.logging@17.0.15)
5545:             1             16  java.util.logging.Level$KnownLevel$$Lambda$274/0x000000080024a0b8 (java.logging@17.0.15)
5546:             1             16  java.util.logging.Level$KnownLevel$$Lambda$275/0x000000080024a2f8 (java.logging@17.0.15)
5547:             1             16  java.util.logging.Level$KnownLevel$$Lambda$278/0x000000080024d5d8 (java.logging@17.0.15)
5548:             1             16  java.util.logging.LogManager$LoggingProviderAccess (java.logging@17.0.15)
5549:             1             16  java.util.logging.LogManager$VisitedLoggers (java.logging@17.0.15)
5550:             1             16  java.util.logging.Logging (java.logging@17.0.15)
5551:             1             16  java.util.logging.SimpleFormatter$$Lambda$824/0x00000008002e2460 (java.logging@17.0.15)
5552:             1             16  java.util.regex.CharPredicates$$Lambda$169/0x000000080013cff0 (java.base@17.0.15)
5553:             1             16  java.util.regex.CharPredicates$$Lambda$38/0x00000008000bb8c8 (java.base@17.0.15)
5554:             1             16  java.util.regex.CharPredicates$$Lambda$441/0x00000008002cdf70 (java.base@17.0.15)
5555:             1             16  java.util.regex.CharPredicates$$Lambda$559/0x00000008002d7608 (java.base@17.0.15)
5556:             1             16  java.util.regex.Pattern$$Lambda$168/0x000000080013a2b8 (java.base@17.0.15)
5557:             1             16  java.util.regex.Pattern$$Lambda$448/0x00000008002ce8b8 (java.base@17.0.15)
5558:             1             16  java.util.regex.Pattern$$Lambda$5164/0x0000000800ce5c90 (java.base@17.0.15)
5559:             1             16  java.util.regex.Pattern$$Lambda$5165/0x0000000800ce6138 (java.base@17.0.15)
5560:             1             16  java.util.regex.Pattern$End (java.base@17.0.15)
5561:             1             16  java.util.regex.Pattern$LastNode (java.base@17.0.15)
5562:             1             16  java.util.regex.Pattern$LookBehindEndNode (java.base@17.0.15)
5563:             1             16  java.util.regex.Pattern$Node (java.base@17.0.15)
5564:             1             16  java.util.stream.Collectors$$Lambda$1/0x000000080000e980 (java.base@17.0.15)
5565:             1             16  java.util.stream.Collectors$$Lambda$1260/0x00000008002fa9c8 (java.base@17.0.15)
5566:             1             16  java.util.stream.Collectors$$Lambda$1261/0x00000008002fabf8 (java.base@17.0.15)
5567:             1             16  java.util.stream.Collectors$$Lambda$134/0x0000000800170bd0 (java.base@17.0.15)
5568:             1             16  java.util.stream.Collectors$$Lambda$135/0x0000000800170df0 (java.base@17.0.15)
5569:             1             16  java.util.stream.Collectors$$Lambda$136/0x0000000800171020 (java.base@17.0.15)
5570:             1             16  java.util.stream.Collectors$$Lambda$137/0x0000000800171268 (java.base@17.0.15)
5571:             1             16  java.util.stream.Collectors$$Lambda$138/0x00000008001714a8 (java.base@17.0.15)
5572:             1             16  java.util.stream.Collectors$$Lambda$184/0x00000008001843a8 (java.base@17.0.15)
5573:             1             16  java.util.stream.Collectors$$Lambda$2/0x0000000800080808 (java.base@17.0.15)
5574:             1             16  java.util.stream.Collectors$$Lambda$23/0x00000008000b2a80 (java.base@17.0.15)
5575:             1             16  java.util.stream.Collectors$$Lambda$24/0x00000008000b2ca0 (java.base@17.0.15)
5576:             1             16  java.util.stream.Collectors$$Lambda$25/0x00000008000b2ed0 (java.base@17.0.15)
5577:             1             16  java.util.stream.Collectors$$Lambda$3/0x0000000800080e38 (java.base@17.0.15)
5578:             1             16  java.util.stream.Collectors$$Lambda$313/0x00000008002c5408 (java.base@17.0.15)
5579:             1             16  java.util.stream.Collectors$$Lambda$314/0x00000008002c5638 (java.base@17.0.15)
5580:             1             16  java.util.stream.Collectors$$Lambda$315/0x00000008002c5880 (java.base@17.0.15)
5581:             1             16  java.util.stream.Collectors$$Lambda$358/0x00000008002c89f0 (java.base@17.0.15)
5582:             1             16  java.util.stream.Collectors$$Lambda$359/0x00000008002c8c10 (java.base@17.0.15)
5583:             1             16  java.util.stream.Collectors$$Lambda$360/0x00000008002c8e40 (java.base@17.0.15)
5584:             1             16  java.util.stream.Collectors$$Lambda$361/0x00000008002c9088 (java.base@17.0.15)
5585:             1             16  java.util.stream.Collectors$$Lambda$4/0x0000000800081080 (java.base@17.0.15)
5586:             1             16  java.util.stream.Collectors$$Lambda$414/0x00000008002ca420 (java.base@17.0.15)
5587:             1             16  java.util.stream.Collectors$$Lambda$415/0x00000008002ca640 (java.base@17.0.15)
5588:             1             16  java.util.stream.Collectors$$Lambda$416/0x00000008002ca870 (java.base@17.0.15)
5589:             1             16  java.util.stream.Collectors$$Lambda$417/0x00000008002caab8 (java.base@17.0.15)
5590:             1             16  java.util.stream.Collectors$$Lambda$5522/0x0000000800ce9360 (java.base@17.0.15)
5591:             1             16  java.util.stream.Collectors$$Lambda$92/0x0000000800140440 (java.base@17.0.15)
5592:             1             16  java.util.stream.Collectors$$Lambda$94/0x0000000800140898 (java.base@17.0.15)
5593:             1             16  java.util.stream.FindOps$FindSink$OfInt$$Lambda$85/0x00000008000fd280 (java.base@17.0.15)
5594:             1             16  java.util.stream.FindOps$FindSink$OfInt$$Lambda$86/0x00000008000fd4d0 (java.base@17.0.15)
5595:             1             16  java.util.stream.FindOps$FindSink$OfInt$$Lambda$87/0x00000008000fd6f0 (java.base@17.0.15)
5596:             1             16  java.util.stream.FindOps$FindSink$OfInt$$Lambda$88/0x00000008000fd940 (java.base@17.0.15)
5597:             1             16  java.util.stream.FindOps$FindSink$OfRef$$Lambda$32/0x00000008000b86c0 (java.base@17.0.15)
5598:             1             16  java.util.stream.FindOps$FindSink$OfRef$$Lambda$33/0x00000008000b8910 (java.base@17.0.15)
5599:             1             16  java.util.stream.FindOps$FindSink$OfRef$$Lambda$34/0x00000008000b8b30 (java.base@17.0.15)
5600:             1             16  java.util.stream.FindOps$FindSink$OfRef$$Lambda$35/0x00000008000b8d80 (java.base@17.0.15)
5601:             1             16  java.util.stream.IntPipeline$$Lambda$1856/0x00000008005e31a8 (java.base@17.0.15)
5602:             1             16  java.util.stream.IntPipeline$$Lambda$4985/0x0000000800ce4860 (java.base@17.0.15)
5603:             1             16  java.util.stream.IntPipeline$$Lambda$5686/0x0000000800cea3b8 (java.base@17.0.15)
5604:             1             16  java.util.stream.IntPipeline$$Lambda$5687/0x0000000800cea5d8 (java.base@17.0.15)
5605:             1             16  java.util.stream.IntPipeline$$Lambda$603/0x00000008002d9268 (java.base@17.0.15)
5606:             1             16  java.util.stream.Nodes$EmptyNode$OfDouble (java.base@17.0.15)
5607:             1             16  java.util.stream.Nodes$EmptyNode$OfInt (java.base@17.0.15)
5608:             1             16  java.util.stream.Nodes$EmptyNode$OfLong (java.base@17.0.15)
5609:             1             16  java.util.stream.Nodes$EmptyNode$OfRef (java.base@17.0.15)
5610:             1             16  java.util.stream.ReferencePipeline$$Lambda$111/0x0000000800163a20 (java.base@17.0.15)
5611:             1             16  java.util.zip.ZipFile$1 (java.base@17.0.15)
5612:             1             16  javax.crypto.CryptoAllPermissionCollection (java.base@17.0.15)
5613:             1             16  javax.crypto.JceSecurityManager (java.base@17.0.15)
5614:             1             16  javax.crypto.spec.SecretKeySpec$1 (java.base@17.0.15)
5615:             1             16  javax.management.JMX (java.management@17.0.15)
5616:             1             16  javax.management.MBeanServerBuilder (java.management@17.0.15)
5617:             1             16  javax.management.NotificationBroadcasterSupport$1 (java.management@17.0.15)
5618:             1             16  javax.net.ssl.HttpsURLConnection$DefaultHostnameVerifier (java.base@17.0.15)
5619:             1             16  jdk.dynalink.CallSiteDescriptor$$Lambda$905/0x00000008004e4ad8 (jdk.dynalink@17.0.15)
5620:             1             16  jdk.dynalink.CallSiteDescriptor$$Lambda$906/0x00000008004e4cf8 (jdk.dynalink@17.0.15)
5621:             1             16  jdk.dynalink.DynamicLinkerFactory$$Lambda$831/0x00000008003fbc18 (jdk.dynalink@17.0.15)
5622:             1             16  jdk.dynalink.beans.ApplicableOverloadedMethods$1 (jdk.dynalink@17.0.15)
5623:             1             16  jdk.dynalink.beans.ApplicableOverloadedMethods$2 (jdk.dynalink@17.0.15)
5624:             1             16  jdk.dynalink.beans.ApplicableOverloadedMethods$3 (jdk.dynalink@17.0.15)
5625:             1             16  jdk.dynalink.beans.BeansLinker (jdk.dynalink@17.0.15)
5626:             1             16  jdk.dynalink.beans.DynamicMethodLinker (jdk.dynalink@17.0.15)
5627:             1             16  jdk.dynalink.beans.MaximallySpecific$$Lambda$1352/0x0000000800646000 (jdk.dynalink@17.0.15)
5628:             1             16  jdk.dynalink.beans.StaticClassLinker (jdk.dynalink@17.0.15)
5629:             1             16  jdk.dynalink.internal.AccessControlContextFactory$$Lambda$829/0x00000008003fb7b8 (jdk.dynalink@17.0.15)
5630:             1             16  jdk.dynalink.internal.AccessControlContextFactory$$Lambda$830/0x00000008003fb9f8 (jdk.dynalink@17.0.15)
5631:             1             16  jdk.internal.icu.impl.Norm2AllModes$DecomposeNormalizer2 (java.base@17.0.15)
5632:             1             16  jdk.internal.icu.impl.Norm2AllModes$NoopNormalizer2 (java.base@17.0.15)
5633:             1             16  jdk.internal.icu.impl.NormalizerImpl$IsAcceptable (java.base@17.0.15)
5634:             1             16  jdk.internal.icu.impl.Trie2$1 (java.base@17.0.15)
5635:             1             16  jdk.internal.icu.text.NormalizerBase$ModeImpl (java.base@17.0.15)
5636:             1             16  jdk.internal.icu.text.NormalizerBase$NFCMode (java.base@17.0.15)
5637:             1             16  jdk.internal.icu.text.NormalizerBase$NFDMode (java.base@17.0.15)
5638:             1             16  jdk.internal.icu.text.NormalizerBase$NFKCMode (java.base@17.0.15)
5639:             1             16  jdk.internal.icu.text.NormalizerBase$NFKDMode (java.base@17.0.15)
5640:             1             16  jdk.internal.icu.text.NormalizerBase$NONEMode (java.base@17.0.15)
5641:             1             16  jdk.internal.icu.text.StringPrep$StringPrepTrieImpl (java.base@17.0.15)
5642:             1             16  jdk.internal.icu.util.CodePointTrie$Data16 (java.base@17.0.15)
5643:             1             16  jdk.internal.jimage.ImageBufferCache$1 (java.base@17.0.15)
5644:             1             16  jdk.internal.jimage.ImageBufferCache$2 (java.base@17.0.15)
5645:             1             16  jdk.internal.jimage.ImageReaderFactory$1 (java.base@17.0.15)
5646:             1             16  jdk.internal.jimage.ImageStringsReader (java.base@17.0.15)
5647:             1             16  jdk.internal.jimage.decompressor.Decompressor (java.base@17.0.15)
5648:             1             16  jdk.internal.jimage.decompressor.StringSharingDecompressorFactory (java.base@17.0.15)
5649:             1             16  jdk.internal.jimage.decompressor.ZipDecompressor (java.base@17.0.15)
5650:             1             16  jdk.internal.jimage.decompressor.ZipDecompressorFactory (java.base@17.0.15)
5651:             1             16  jdk.internal.jrtfs.JrtFileSystemProvider (java.base@17.0.15)
5652:             1             16  jdk.internal.logger.LazyLoggers$1 (java.base@17.0.15)
5653:             1             16  jdk.internal.logger.LazyLoggers$JdkLazyLogger (java.base@17.0.15)
5654:             1             16  jdk.internal.logger.LazyLoggers$LazyLoggerFactories (java.base@17.0.15)
5655:             1             16  jdk.internal.math.FloatingDecimal$1 (java.base@17.0.15)
5656:             1             16  jdk.internal.math.FormattedFloatingDecimal$1 (java.base@17.0.15)
5657:             1             16  jdk.internal.misc.ScopedMemoryAccess (java.base@17.0.15)
5658:             1             16  jdk.internal.misc.TerminatingThreadLocal$1 (java.base@17.0.15)
5659:             1             16  jdk.internal.misc.ThreadTracker (java.base@17.0.15)
5660:             1             16  jdk.internal.misc.Unsafe (java.base@17.0.15)
5661:             1             16  jdk.internal.module.ArchivedBootLayer (java.base@17.0.15)
5662:             1             16  jdk.internal.module.ModuleLoaderMap$Mapper (java.base@17.0.15)
5663:             1             16  jdk.internal.module.ModulePatcher (java.base@17.0.15)
5664:             1             16  jdk.internal.module.ModulePath$$Lambda$19/0x00000008000b1c70 (java.base@17.0.15)
5665:             1             16  jdk.internal.module.ModulePath$$Lambda$20/0x00000008000b1ec0 (java.base@17.0.15)
5666:             1             16  jdk.internal.module.ModulePath$$Lambda$22/0x00000008000b2348 (java.base@17.0.15)
5667:             1             16  jdk.internal.module.ModulePath$$Lambda$42/0x00000008000bf698 (java.base@17.0.15)
5668:             1             16  jdk.internal.module.ModulePath$$Lambda$43/0x00000008000bf8e8 (java.base@17.0.15)
5669:             1             16  jdk.internal.module.ModulePath$$Lambda$44/0x00000008000bfb28 (java.base@17.0.15)
5670:             1             16  jdk.internal.module.ModulePath$$Lambda$45/0x00000008000bfd78 (java.base@17.0.15)
5671:             1             16  jdk.internal.module.ModulePath$$Lambda$50/0x00000008000e1308 (java.base@17.0.15)
5672:             1             16  jdk.internal.module.ModulePath$$Lambda$52/0x00000008000e2168 (java.base@17.0.15)
5673:             1             16  jdk.internal.perf.Perf (java.base@17.0.15)
5674:             1             16  jdk.internal.platform.CgroupMetrics (java.base@17.0.15)
5675:             1             16  jdk.internal.platform.CgroupSubsystemFactory$$Lambda$302/0x0000000800277e08 (java.base@17.0.15)
5676:             1             16  jdk.internal.platform.cgroupv2.CgroupV2Subsystem (java.base@17.0.15)
5677:             1             16  jdk.internal.platform.cgroupv2.CgroupV2SubsystemController (java.base@17.0.15)
5678:             1             16  jdk.internal.reflect.GeneratedConstructorAccessor1
5679:             1             16  jdk.internal.reflect.GeneratedConstructorAccessor10
5680:             1             16  jdk.internal.reflect.GeneratedConstructorAccessor11
5681:             1             16  jdk.internal.reflect.GeneratedConstructorAccessor12
5682:             1             16  jdk.internal.reflect.GeneratedConstructorAccessor13
5683:             1             16  jdk.internal.reflect.GeneratedConstructorAccessor14 (java.base@17.0.15)
5684:             1             16  jdk.internal.reflect.GeneratedConstructorAccessor15 (java.base@17.0.15)
5685:             1             16  jdk.internal.reflect.GeneratedConstructorAccessor16 (java.base@17.0.15)
5686:             1             16  jdk.internal.reflect.GeneratedConstructorAccessor17 (java.base@17.0.15)
5687:             1             16  jdk.internal.reflect.GeneratedConstructorAccessor18 (java.base@17.0.15)
5688:             1             16  jdk.internal.reflect.GeneratedConstructorAccessor19
5689:             1             16  jdk.internal.reflect.GeneratedConstructorAccessor2
5690:             1             16  jdk.internal.reflect.GeneratedConstructorAccessor20
5691:             1             16  jdk.internal.reflect.GeneratedConstructorAccessor21
5692:             1             16  jdk.internal.reflect.GeneratedConstructorAccessor22
5693:             1             16  jdk.internal.reflect.GeneratedConstructorAccessor23
5694:             1             16  jdk.internal.reflect.GeneratedConstructorAccessor24 (java.base@17.0.15)
5695:             1             16  jdk.internal.reflect.GeneratedConstructorAccessor25 (java.base@17.0.15)
5696:             1             16  jdk.internal.reflect.GeneratedConstructorAccessor26 (java.base@17.0.15)
5697:             1             16  jdk.internal.reflect.GeneratedConstructorAccessor27 (java.base@17.0.15)
5698:             1             16  jdk.internal.reflect.GeneratedConstructorAccessor28 (java.base@17.0.15)
5699:             1             16  jdk.internal.reflect.GeneratedConstructorAccessor29 (java.base@17.0.15)
5700:             1             16  jdk.internal.reflect.GeneratedConstructorAccessor3
5701:             1             16  jdk.internal.reflect.GeneratedConstructorAccessor30
5702:             1             16  jdk.internal.reflect.GeneratedConstructorAccessor31
5703:             1             16  jdk.internal.reflect.GeneratedConstructorAccessor32 (java.base@17.0.15)
5704:             1             16  jdk.internal.reflect.GeneratedConstructorAccessor33 (java.base@17.0.15)
5705:             1             16  jdk.internal.reflect.GeneratedConstructorAccessor34
5706:             1             16  jdk.internal.reflect.GeneratedConstructorAccessor4 (java.base@17.0.15)
5707:             1             16  jdk.internal.reflect.GeneratedConstructorAccessor5
5708:             1             16  jdk.internal.reflect.GeneratedConstructorAccessor6
5709:             1             16  jdk.internal.reflect.GeneratedConstructorAccessor7
5710:             1             16  jdk.internal.reflect.GeneratedConstructorAccessor8
5711:             1             16  jdk.internal.reflect.GeneratedConstructorAccessor9 (java.base@17.0.15)
5712:             1             16  jdk.internal.reflect.GeneratedMethodAccessor1 (java.base@17.0.15)
5713:             1             16  jdk.internal.reflect.ReflectionFactory (java.base@17.0.15)
5714:             1             16  jdk.jfr.internal.dcmd.DCmdCheck$$Lambda$308/0x00000008002c0440 (jdk.jfr@17.0.15)
5715:             1             16  jdk.jfr.internal.dcmd.DCmdDump$$Lambda$307/0x00000008002c0220 (jdk.jfr@17.0.15)
5716:             1             16  jdk.jfr.internal.dcmd.DCmdStart$$Lambda$306/0x00000008002c0000 (jdk.jfr@17.0.15)
5717:             1             16  jdk.jfr.internal.dcmd.DCmdStop$$Lambda$305/0x000000080027fd18 (jdk.jfr@17.0.15)
5718:             1             16  jdk.management.jfr.SettingDescriptorInfo$1 (jdk.management.jfr@17.0.15)
5719:             1             16  jdk.net.LinuxSocketOptions (jdk.net@17.0.15)
5720:             1             16  jdk.nio.zipfs.ZipFileSystem$$Lambda$107/0x0000000800119610 (jdk.zipfs@17.0.15)
5721:             1             16  jdk.nio.zipfs.ZipFileSystemProvider (jdk.zipfs@17.0.15)
5722:             1             16  jdk.proxy2.$Proxy17 (jdk.proxy2)
5723:             1             16  jdk.proxy2.$Proxy24 (jdk.proxy2)
5724:             1             16  jdk.proxy2.$Proxy25 (jdk.proxy2)
5725:             1             16  jdk.proxy2.$Proxy28 (jdk.proxy2)
5726:             1             16  jdk.proxy2.$Proxy5 (jdk.proxy2)
5727:             1             16  jdk.proxy3.$Proxy20 (jdk.proxy3)
5728:             1             16  jdk.xml.internal.SecuritySupport$$Lambda$269/0x000000080019f8d8 (java.xml@17.0.15)
5729:             1             16  joptsimple.OptionParserState$2 (jopt.simple@5.0.4)
5730:             1             16  net.fabricmc.loader.impl.FMLModMetadata$$Lambda$950/0x0000000800510e98 (net.fabricmc.loader@2.6.0+0.15.0+1.20.1-full)
5731:             1             16  net.fabricmc.loader.impl.FMLModMetadata$$Lambda$951/0x0000000800511518 (net.fabricmc.loader@2.6.0+0.15.0+1.20.1-full)
5732:             1             16  net.fabricmc.loader.impl.FMLModMetadata$$Lambda$954/0x0000000800512270 (net.fabricmc.loader@2.6.0+0.15.0+1.20.1-full)
5733:             1             16  net.fabricmc.loader.impl.ModContainerImpl$$Lambda$953/0x0000000800512030 (net.fabricmc.loader@2.6.0+0.15.0+1.20.1-full)
5734:             1             16  net.fabricmc.loader.impl.bootstrap.FabricLoaderBootstrap (net.fabricmc.loader@2.6.0+0.15.0+1.20.1-full)
5735:             1             16  net.fabricmc.loader.impl.bootstrap.FabricLoaderHackyInjector (net.fabricmc.loader@2.6.0+0.15.0+1.20.1-full)
5736:             1             16  net.minecraft.ChatFormatting$$Lambda$1166/0x0000000800589dd8 (minecraft@1.20.1)
5737:             1             16  net.minecraft.ChatFormatting$$Lambda$1170/0x0000000800588400 (minecraft@1.20.1)
5738:             1             16  net.minecraft.ChatFormatting$$Lambda$1171/0x0000000800590000 (minecraft@1.20.1)
5739:             1             16  net.minecraft.SystemReport$$Lambda$1246/0x00000008005a6d40 (minecraft@1.20.1)
5740:             1             16  net.minecraft.SystemReport$$Lambda$1247/0x00000008005a6f60 (minecraft@1.20.1)
5741:             1             16  net.minecraft.SystemReport$$Lambda$1298/0x00000008005c24a8 (minecraft@1.20.1)
5742:             1             16  net.minecraft.Util$$Lambda$1238/0x000000080059e5b8 (minecraft@1.20.1)
5743:             1             16  net.minecraft.Util$$Lambda$1239/0x000000080059e7e0 (minecraft@1.20.1)
5744:             1             16  net.minecraft.Util$$Lambda$1240/0x000000080059ea00 (minecraft@1.20.1)
5745:             1             16  net.minecraft.Util$$Lambda$1241/0x000000080059f020 (minecraft@1.20.1)
5746:             1             16  net.minecraft.Util$$Lambda$1242/0x000000080059f280 (minecraft@1.20.1)
5747:             1             16  net.minecraft.Util$$Lambda$1243/0x000000080059f4d0 (minecraft@1.20.1)
5748:             1             16  net.minecraft.Util$$Lambda$1244/0x000000080059f6f0 (minecraft@1.20.1)
5749:             1             16  net.minecraft.Util$$Lambda$1299/0x00000008005c26c8 (minecraft@1.20.1)
5750:             1             16  net.minecraft.Util$$Lambda$1451/0x0000000800679348 (minecraft@1.20.1)
5751:             1             16  net.minecraft.Util$$Lambda$1452/0x0000000800679588 (minecraft@1.20.1)
5752:             1             16  net.minecraft.Util$$Lambda$5166/0x0000000800da28c0 (minecraft@1.20.1)
5753:             1             16  net.minecraft.Util$$Lambda$5292/0x0000000800dcad18 (minecraft@1.20.1)
5754:             1             16  net.minecraft.Util$$Lambda$5433/0x0000000800deb790 (minecraft@1.20.1)
5755:             1             16  net.minecraft.Util$1 (minecraft@1.20.1)
5756:             1             16  net.minecraft.Util$3 (minecraft@1.20.1)
5757:             1             16  net.minecraft.Util$4 (minecraft@1.20.1)
5758:             1             16  net.minecraft.client.AttackIndicatorStatus$$Lambda$4446/0x0000000800bfbc18 (minecraft@1.20.1)
5759:             1             16  net.minecraft.client.GraphicsStatus$$Lambda$4398/0x0000000800bf57e8 (minecraft@1.20.1)
5760:             1             16  net.minecraft.client.KeyMapping$$Lambda$4479/0x0000000800c05b60 (minecraft@1.20.1)
5761:             1             16  net.minecraft.client.KeyboardHandler$$Lambda$5110/0x0000000800d88ec0 (minecraft@1.20.1)
5762:             1             16  net.minecraft.client.KeyboardHandler$$Lambda$5111/0x0000000800d89150 (minecraft@1.20.1)
5763:             1             16  net.minecraft.client.Minecraft$$Lambda$4354/0x0000000800bdb188 (minecraft@1.20.1)
5764:             1             16  net.minecraft.client.Minecraft$$Lambda$4355/0x0000000800bde238 (minecraft@1.20.1)
5765:             1             16  net.minecraft.client.Minecraft$$Lambda$4372/0x0000000800be36e8 (minecraft@1.20.1)
5766:             1             16  net.minecraft.client.Minecraft$$Lambda$4573/0x0000000800c25120 (minecraft@1.20.1)
5767:             1             16  net.minecraft.client.Minecraft$$Lambda$4979/0x0000000800d347b8 (minecraft@1.20.1)
5768:             1             16  net.minecraft.client.Minecraft$$Lambda$4980/0x0000000800d349e0 (minecraft@1.20.1)
5769:             1             16  net.minecraft.client.Minecraft$$Lambda$4981/0x0000000800d34ee8 (minecraft@1.20.1)
5770:             1             16  net.minecraft.client.Minecraft$$Lambda$5285/0x0000000800dcf2b8 (minecraft@1.20.1)
5771:             1             16  net.minecraft.client.MouseHandler$$Lambda$5106/0x0000000800d88480 (minecraft@1.20.1)
5772:             1             16  net.minecraft.client.MouseHandler$$Lambda$5107/0x0000000800d88710 (minecraft@1.20.1)
5773:             1             16  net.minecraft.client.MouseHandler$$Lambda$5108/0x0000000800d889a0 (minecraft@1.20.1)
5774:             1             16  net.minecraft.client.MouseHandler$$Lambda$5109/0x0000000800d88c30 (minecraft@1.20.1)
5775:             1             16  net.minecraft.client.NarratorStatus$$Lambda$4524/0x0000000800c175c0 (minecraft@1.20.1)
5776:             1             16  net.minecraft.client.OptionInstance$$Lambda$4375/0x0000000800bef068 (minecraft@1.20.1)
5777:             1             16  net.minecraft.client.OptionInstance$$Lambda$4377/0x0000000800bef8e8 (minecraft@1.20.1)
5778:             1             16  net.minecraft.client.OptionInstance$$Lambda$4379/0x0000000800befd60 (minecraft@1.20.1)
5779:             1             16  net.minecraft.client.OptionInstance$$Lambda$4392/0x0000000800bf3d78 (minecraft@1.20.1)
5780:             1             16  net.minecraft.client.OptionInstance$$Lambda$4463/0x0000000800c02480 (minecraft@1.20.1)
5781:             1             16  net.minecraft.client.OptionInstance$ClampingLazyMaxIntRange$$Lambda$4518/0x0000000800c15fc0 (minecraft@1.20.1)
5782:             1             16  net.minecraft.client.OptionInstance$UnitDouble$$Lambda$4382/0x0000000800bf1e50 (minecraft@1.20.1)
5783:             1             16  net.minecraft.client.OptionInstance$UnitDouble$$Lambda$4383/0x0000000800bf2090 (minecraft@1.20.1)
5784:             1             16  net.minecraft.client.OptionInstance$UnitDouble$$Lambda$4550/0x0000000800c1c228 (minecraft@1.20.1)
5785:             1             16  net.minecraft.client.OptionInstance$UnitDouble$$Lambda$4551/0x0000000800c1c468 (minecraft@1.20.1)
5786:             1             16  net.minecraft.client.OptionInstance$UnitDouble$1$$Lambda$4504/0x0000000800c14000 (minecraft@1.20.1)
5787:             1             16  net.minecraft.client.OptionInstance$UnitDouble$1$$Lambda$4505/0x0000000800c14248 (minecraft@1.20.1)
5788:             1             16  net.minecraft.client.Options$$Lambda$4380/0x0000000800bf0000 (minecraft@1.20.1)
5789:             1             16  net.minecraft.client.Options$$Lambda$4381/0x0000000800bf1c20 (minecraft@1.20.1)
5790:             1             16  net.minecraft.client.Options$$Lambda$4384/0x0000000800bf22d0 (minecraft@1.20.1)
5791:             1             16  net.minecraft.client.Options$$Lambda$4385/0x0000000800bf29e0 (minecraft@1.20.1)
5792:             1             16  net.minecraft.client.Options$$Lambda$4386/0x0000000800bf2c00 (minecraft@1.20.1)
5793:             1             16  net.minecraft.client.Options$$Lambda$4387/0x0000000800bf30b8 (minecraft@1.20.1)
5794:             1             16  net.minecraft.client.Options$$Lambda$4388/0x0000000800bf32e8 (minecraft@1.20.1)
5795:             1             16  net.minecraft.client.Options$$Lambda$4389/0x0000000800bf3508 (minecraft@1.20.1)
5796:             1             16  net.minecraft.client.Options$$Lambda$4390/0x0000000800bf3728 (minecraft@1.20.1)
5797:             1             16  net.minecraft.client.Options$$Lambda$4391/0x0000000800bf3948 (minecraft@1.20.1)
5798:             1             16  net.minecraft.client.Options$$Lambda$4393/0x0000000800bf4608 (minecraft@1.20.1)
5799:             1             16  net.minecraft.client.Options$$Lambda$4394/0x0000000800bf4848 (minecraft@1.20.1)
5800:             1             16  net.minecraft.client.Options$$Lambda$4395/0x0000000800bf4a88 (minecraft@1.20.1)
5801:             1             16  net.minecraft.client.Options$$Lambda$4396/0x0000000800bf4f38 (minecraft@1.20.1)
5802:             1             16  net.minecraft.client.Options$$Lambda$4397/0x0000000800bf5158 (minecraft@1.20.1)
5803:             1             16  net.minecraft.client.Options$$Lambda$4400/0x0000000800bf5c30 (minecraft@1.20.1)
5804:             1             16  net.minecraft.client.Options$$Lambda$4401/0x0000000800bf5e80 (minecraft@1.20.1)
5805:             1             16  net.minecraft.client.Options$$Lambda$4402/0x0000000800bf62a0 (minecraft@1.20.1)
5806:             1             16  net.minecraft.client.Options$$Lambda$4403/0x0000000800bf64c0 (minecraft@1.20.1)
5807:             1             16  net.minecraft.client.Options$$Lambda$4404/0x0000000800bf6700 (minecraft@1.20.1)
5808:             1             16  net.minecraft.client.Options$$Lambda$4405/0x0000000800bf6940 (minecraft@1.20.1)
5809:             1             16  net.minecraft.client.Options$$Lambda$4406/0x0000000800bf6b70 (minecraft@1.20.1)
5810:             1             16  net.minecraft.client.Options$$Lambda$4407/0x0000000800bf7020 (minecraft@1.20.1)
5811:             1             16  net.minecraft.client.Options$$Lambda$4409/0x0000000800bf7658 (minecraft@1.20.1)
5812:             1             16  net.minecraft.client.Options$$Lambda$4410/0x0000000800bf7898 (minecraft@1.20.1)
5813:             1             16  net.minecraft.client.Options$$Lambda$4411/0x0000000800bf7ad8 (minecraft@1.20.1)
5814:             1             16  net.minecraft.client.Options$$Lambda$4413/0x0000000800bfc418 (minecraft@1.20.1)
5815:             1             16  net.minecraft.client.Options$$Lambda$4414/0x0000000800bfc658 (minecraft@1.20.1)
5816:             1             16  net.minecraft.client.Options$$Lambda$4415/0x0000000800bfc898 (minecraft@1.20.1)
5817:             1             16  net.minecraft.client.Options$$Lambda$4416/0x0000000800bfcac8 (minecraft@1.20.1)
5818:             1             16  net.minecraft.client.Options$$Lambda$4417/0x0000000800bfcce8 (minecraft@1.20.1)
5819:             1             16  net.minecraft.client.Options$$Lambda$4418/0x0000000800bfcf18 (minecraft@1.20.1)
5820:             1             16  net.minecraft.client.Options$$Lambda$4419/0x0000000800bfd138 (minecraft@1.20.1)
5821:             1             16  net.minecraft.client.Options$$Lambda$4420/0x0000000800bfd368 (minecraft@1.20.1)
5822:             1             16  net.minecraft.client.Options$$Lambda$4421/0x0000000800bfd588 (minecraft@1.20.1)
5823:             1             16  net.minecraft.client.Options$$Lambda$4422/0x0000000800bfd7b8 (minecraft@1.20.1)
5824:             1             16  net.minecraft.client.Options$$Lambda$4423/0x0000000800bfd9d8 (minecraft@1.20.1)
5825:             1             16  net.minecraft.client.Options$$Lambda$4424/0x0000000800bfdc08 (minecraft@1.20.1)
5826:             1             16  net.minecraft.client.Options$$Lambda$4425/0x0000000800bfe700 (minecraft@1.20.1)
5827:             1             16  net.minecraft.client.Options$$Lambda$4426/0x0000000800bfe940 (minecraft@1.20.1)
5828:             1             16  net.minecraft.client.Options$$Lambda$4427/0x0000000800bfeb80 (minecraft@1.20.1)
5829:             1             16  net.minecraft.client.Options$$Lambda$4428/0x0000000800bfedb8 (minecraft@1.20.1)
5830:             1             16  net.minecraft.client.Options$$Lambda$4429/0x0000000800bfefd8 (minecraft@1.20.1)
5831:             1             16  net.minecraft.client.Options$$Lambda$4430/0x0000000800bff208 (minecraft@1.20.1)
5832:             1             16  net.minecraft.client.Options$$Lambda$4431/0x0000000800bff428 (minecraft@1.20.1)
5833:             1             16  net.minecraft.client.Options$$Lambda$4432/0x0000000800bff658 (minecraft@1.20.1)
5834:             1             16  net.minecraft.client.Options$$Lambda$4433/0x0000000800bffb18 (minecraft@1.20.1)
5835:             1             16  net.minecraft.client.Options$$Lambda$4434/0x0000000800bffd48 (minecraft@1.20.1)
5836:             1             16  net.minecraft.client.Options$$Lambda$4435/0x0000000800bfa000 (minecraft@1.20.1)
5837:             1             16  net.minecraft.client.Options$$Lambda$4436/0x0000000800bfa230 (minecraft@1.20.1)
5838:             1             16  net.minecraft.client.Options$$Lambda$4437/0x0000000800bfa450 (minecraft@1.20.1)
5839:             1             16  net.minecraft.client.Options$$Lambda$4438/0x0000000800bfa670 (minecraft@1.20.1)
5840:             1             16  net.minecraft.client.Options$$Lambda$4439/0x0000000800bfa890 (minecraft@1.20.1)
5841:             1             16  net.minecraft.client.Options$$Lambda$4440/0x0000000800bfaac0 (minecraft@1.20.1)
5842:             1             16  net.minecraft.client.Options$$Lambda$4441/0x0000000800bface0 (minecraft@1.20.1)
5843:             1             16  net.minecraft.client.Options$$Lambda$4442/0x0000000800bfaf00 (minecraft@1.20.1)
5844:             1             16  net.minecraft.client.Options$$Lambda$4443/0x0000000800bfb120 (minecraft@1.20.1)
5845:             1             16  net.minecraft.client.Options$$Lambda$4444/0x0000000800bfb350 (minecraft@1.20.1)
5846:             1             16  net.minecraft.client.Options$$Lambda$4445/0x0000000800bfb570 (minecraft@1.20.1)
5847:             1             16  net.minecraft.client.Options$$Lambda$4447/0x0000000800bf9000 (minecraft@1.20.1)
5848:             1             16  net.minecraft.client.Options$$Lambda$4448/0x0000000800bf9240 (minecraft@1.20.1)
5849:             1             16  net.minecraft.client.Options$$Lambda$4449/0x0000000800bf9480 (minecraft@1.20.1)
5850:             1             16  net.minecraft.client.Options$$Lambda$4456/0x0000000800c01570 (minecraft@1.20.1)
5851:             1             16  net.minecraft.client.Options$$Lambda$4457/0x0000000800c01790 (minecraft@1.20.1)
5852:             1             16  net.minecraft.client.Options$$Lambda$4458/0x0000000800c019c0 (minecraft@1.20.1)
5853:             1             16  net.minecraft.client.Options$$Lambda$4459/0x0000000800c01be0 (minecraft@1.20.1)
5854:             1             16  net.minecraft.client.Options$$Lambda$4460/0x0000000800c01e00 (minecraft@1.20.1)
5855:             1             16  net.minecraft.client.Options$$Lambda$4461/0x0000000800c02020 (minecraft@1.20.1)
5856:             1             16  net.minecraft.client.Options$$Lambda$4462/0x0000000800c02250 (minecraft@1.20.1)
5857:             1             16  net.minecraft.client.Options$$Lambda$4464/0x0000000800c026b0 (minecraft@1.20.1)
5858:             1             16  net.minecraft.client.Options$$Lambda$4465/0x0000000800c028e0 (minecraft@1.20.1)
5859:             1             16  net.minecraft.client.Options$$Lambda$4466/0x0000000800c02b10 (minecraft@1.20.1)
5860:             1             16  net.minecraft.client.Options$$Lambda$4468/0x0000000800c03178 (minecraft@1.20.1)
5861:             1             16  net.minecraft.client.Options$$Lambda$4470/0x0000000800c035d0 (minecraft@1.20.1)
5862:             1             16  net.minecraft.client.Options$$Lambda$4471/0x0000000800c037f0 (minecraft@1.20.1)
5863:             1             16  net.minecraft.client.Options$$Lambda$4472/0x0000000800c03a20 (minecraft@1.20.1)
5864:             1             16  net.minecraft.client.Options$$Lambda$4473/0x0000000800c03c40 (minecraft@1.20.1)
5865:             1             16  net.minecraft.client.Options$$Lambda$4474/0x0000000800c03e70 (minecraft@1.20.1)
5866:             1             16  net.minecraft.client.Options$$Lambda$4475/0x0000000800c040a8 (minecraft@1.20.1)
5867:             1             16  net.minecraft.client.Options$$Lambda$4476/0x0000000800c042c8 (minecraft@1.20.1)
5868:             1             16  net.minecraft.client.Options$$Lambda$4477/0x0000000800c044f8 (minecraft@1.20.1)
5869:             1             16  net.minecraft.client.Options$$Lambda$4478/0x0000000800c04718 (minecraft@1.20.1)
5870:             1             16  net.minecraft.client.Options$$Lambda$4486/0x0000000800c0e240 (minecraft@1.20.1)
5871:             1             16  net.minecraft.client.Options$$Lambda$4487/0x0000000800c0e468 (minecraft@1.20.1)
5872:             1             16  net.minecraft.client.Options$$Lambda$4488/0x0000000800c0eec0 (minecraft@1.20.1)
5873:             1             16  net.minecraft.client.Options$$Lambda$4489/0x0000000800c0f0e0 (minecraft@1.20.1)
5874:             1             16  net.minecraft.client.Options$$Lambda$4490/0x0000000800c0f320 (minecraft@1.20.1)
5875:             1             16  net.minecraft.client.Options$$Lambda$4491/0x0000000800c0f560 (minecraft@1.20.1)
5876:             1             16  net.minecraft.client.Options$$Lambda$4492/0x0000000800c0f790 (minecraft@1.20.1)
5877:             1             16  net.minecraft.client.Options$$Lambda$4493/0x0000000800c0f9b0 (minecraft@1.20.1)
5878:             1             16  net.minecraft.client.Options$$Lambda$4494/0x0000000800c0fbe0 (minecraft@1.20.1)
5879:             1             16  net.minecraft.client.Options$$Lambda$4495/0x0000000800c0d000 (minecraft@1.20.1)
5880:             1             16  net.minecraft.client.Options$$Lambda$4496/0x0000000800c0d230 (minecraft@1.20.1)
5881:             1             16  net.minecraft.client.Options$$Lambda$4497/0x0000000800c0d450 (minecraft@1.20.1)
5882:             1             16  net.minecraft.client.Options$$Lambda$4498/0x0000000800c0d670 (minecraft@1.20.1)
5883:             1             16  net.minecraft.client.Options$$Lambda$4499/0x0000000800c0db28 (minecraft@1.20.1)
5884:             1             16  net.minecraft.client.Options$$Lambda$4500/0x0000000800c0dd58 (minecraft@1.20.1)
5885:             1             16  net.minecraft.client.Options$$Lambda$4501/0x0000000800c0c800 (minecraft@1.20.1)
5886:             1             16  net.minecraft.client.Options$$Lambda$4502/0x0000000800c0ca20 (minecraft@1.20.1)
5887:             1             16  net.minecraft.client.Options$$Lambda$4503/0x0000000800c0cc40 (minecraft@1.20.1)
5888:             1             16  net.minecraft.client.Options$$Lambda$4506/0x0000000800c14490 (minecraft@1.20.1)
5889:             1             16  net.minecraft.client.Options$$Lambda$4507/0x0000000800c146b0 (minecraft@1.20.1)
5890:             1             16  net.minecraft.client.Options$$Lambda$4508/0x0000000800c148e0 (minecraft@1.20.1)
5891:             1             16  net.minecraft.client.Options$$Lambda$4509/0x0000000800c14b00 (minecraft@1.20.1)
5892:             1             16  net.minecraft.client.Options$$Lambda$4510/0x0000000800c14d30 (minecraft@1.20.1)
5893:             1             16  net.minecraft.client.Options$$Lambda$4511/0x0000000800c14f50 (minecraft@1.20.1)
5894:             1             16  net.minecraft.client.Options$$Lambda$4512/0x0000000800c15180 (minecraft@1.20.1)
5895:             1             16  net.minecraft.client.Options$$Lambda$4513/0x0000000800c153a0 (minecraft@1.20.1)
5896:             1             16  net.minecraft.client.Options$$Lambda$4514/0x0000000800c155d0 (minecraft@1.20.1)
5897:             1             16  net.minecraft.client.Options$$Lambda$4516/0x0000000800c15b70 (minecraft@1.20.1)
5898:             1             16  net.minecraft.client.Options$$Lambda$4517/0x0000000800c15d90 (minecraft@1.20.1)
5899:             1             16  net.minecraft.client.Options$$Lambda$4520/0x0000000800c168a0 (minecraft@1.20.1)
5900:             1             16  net.minecraft.client.Options$$Lambda$4521/0x0000000800c16ae0 (minecraft@1.20.1)
5901:             1             16  net.minecraft.client.Options$$Lambda$4522/0x0000000800c16d20 (minecraft@1.20.1)
5902:             1             16  net.minecraft.client.Options$$Lambda$4523/0x0000000800c171a0 (minecraft@1.20.1)
5903:             1             16  net.minecraft.client.Options$$Lambda$4525/0x0000000800c177e0 (minecraft@1.20.1)
5904:             1             16  net.minecraft.client.Options$$Lambda$4526/0x0000000800c17a20 (minecraft@1.20.1)
5905:             1             16  net.minecraft.client.Options$$Lambda$4527/0x0000000800c17c60 (minecraft@1.20.1)
5906:             1             16  net.minecraft.client.Options$$Lambda$4528/0x0000000800c12000 (minecraft@1.20.1)
5907:             1             16  net.minecraft.client.Options$$Lambda$4529/0x0000000800c124a0 (minecraft@1.20.1)
5908:             1             16  net.minecraft.client.Options$$Lambda$4530/0x0000000800c126c0 (minecraft@1.20.1)
5909:             1             16  net.minecraft.client.Options$$Lambda$4531/0x0000000800c12900 (minecraft@1.20.1)
5910:             1             16  net.minecraft.client.Options$$Lambda$4532/0x0000000800c12b30 (minecraft@1.20.1)
5911:             1             16  net.minecraft.client.Options$$Lambda$4533/0x0000000800c12d50 (minecraft@1.20.1)
5912:             1             16  net.minecraft.client.Options$$Lambda$4534/0x0000000800c12f80 (minecraft@1.20.1)
5913:             1             16  net.minecraft.client.Options$$Lambda$4535/0x0000000800c131a0 (minecraft@1.20.1)
5914:             1             16  net.minecraft.client.Options$$Lambda$4558/0x0000000800c1cb38 (minecraft@1.20.1)
5915:             1             16  net.minecraft.client.Options$$Lambda$4559/0x0000000800c1cd78 (minecraft@1.20.1)
5916:             1             16  net.minecraft.client.Options$$Lambda$4560/0x0000000800c1cfb8 (minecraft@1.20.1)
5917:             1             16  net.minecraft.client.Options$$Lambda$4562/0x0000000800c1d440 (minecraft@1.20.1)
5918:             1             16  net.minecraft.client.Options$$Lambda$4564/0x0000000800c1d8c8 (minecraft@1.20.1)
5919:             1             16  net.minecraft.client.Options$$Lambda$4565/0x0000000800c1db08 (minecraft@1.20.1)
5920:             1             16  net.minecraft.client.ParticleStatus$$Lambda$4519/0x0000000800c16680 (minecraft@1.20.1)
5921:             1             16  net.minecraft.client.PeriodicNotificationManager$$Lambda$4348/0x0000000800bda1e0 (minecraft@1.20.1)
5922:             1             16  net.minecraft.client.PeriodicNotificationManager$$Lambda$4349/0x0000000800bda638 (minecraft@1.20.1)
5923:             1             16  net.minecraft.client.PeriodicNotificationManager$$Lambda$4350/0x0000000800bda878 (minecraft@1.20.1)
5924:             1             16  net.minecraft.client.PeriodicNotificationManager$$Lambda$4351/0x0000000800bdaab8 (minecraft@1.20.1)
5925:             1             16  net.minecraft.client.PeriodicNotificationManager$$Lambda$4352/0x0000000800bdacf8 (minecraft@1.20.1)
5926:             1             16  net.minecraft.client.PeriodicNotificationManager$$Lambda$4353/0x0000000800bdaf38 (minecraft@1.20.1)
5927:             1             16  net.minecraft.client.PeriodicNotificationManager$$Lambda$6005/0x0000000800e9cd78 (minecraft@1.20.1)
5928:             1             16  net.minecraft.client.PeriodicNotificationManager$$Lambda$6006/0x0000000800e9cfb8 (minecraft@1.20.1)
5929:             1             16  net.minecraft.client.PrioritizeChunkUpdates$$Lambda$4408/0x0000000800bf7438 (minecraft@1.20.1)
5930:             1             16  net.minecraft.client.ResourceLoadStateTracker$$Lambda$5183/0x0000000800db5d70 (minecraft@1.20.1)
5931:             1             16  net.minecraft.client.StringSplitter$FlatComponents$$Lambda$6058/0x0000000800ea9118 (minecraft@1.20.1)
5932:             1             16  net.minecraft.client.User$Type$$Lambda$1245/0x00000008005a6460 (minecraft@1.20.1)
5933:             1             16  net.minecraft.client.color.block.BlockColors$$Lambda$4929/0x0000000800d19af8 (minecraft@1.20.1)
5934:             1             16  net.minecraft.client.color.block.BlockColors$$Lambda$4930/0x0000000800d19d18 (minecraft@1.20.1)
5935:             1             16  net.minecraft.client.color.block.BlockColors$$Lambda$4931/0x0000000800d19f38 (minecraft@1.20.1)
5936:             1             16  net.minecraft.client.color.block.BlockColors$$Lambda$4932/0x0000000800d1a158 (minecraft@1.20.1)
5937:             1             16  net.minecraft.client.color.block.BlockColors$$Lambda$4933/0x0000000800d1a378 (minecraft@1.20.1)
5938:             1             16  net.minecraft.client.color.block.BlockColors$$Lambda$4934/0x0000000800d1a598 (minecraft@1.20.1)
5939:             1             16  net.minecraft.client.color.block.BlockColors$$Lambda$4935/0x0000000800d1a7b8 (minecraft@1.20.1)
5940:             1             16  net.minecraft.client.color.block.BlockColors$$Lambda$4936/0x0000000800d1a9d8 (minecraft@1.20.1)
5941:             1             16  net.minecraft.client.color.block.BlockColors$$Lambda$4937/0x0000000800d1abf8 (minecraft@1.20.1)
5942:             1             16  net.minecraft.client.color.block.BlockColors$$Lambda$4938/0x0000000800d1ae18 (minecraft@1.20.1)
5943:             1             16  net.minecraft.client.color.block.BlockColors$$Lambda$4939/0x0000000800d1b038 (minecraft@1.20.1)
5944:             1             16  net.minecraft.client.color.block.BlockColors$$Lambda$4940/0x0000000800d1b258 (minecraft@1.20.1)
5945:             1             16  net.minecraft.client.color.item.ItemColors (minecraft@1.20.1)
5946:             1             16  net.minecraft.client.color.item.ItemColors$$Lambda$4954/0x0000000800d2bf18 (minecraft@1.20.1)
5947:             1             16  net.minecraft.client.color.item.ItemColors$$Lambda$4955/0x0000000800d2c138 (minecraft@1.20.1)
5948:             1             16  net.minecraft.client.color.item.ItemColors$$Lambda$4956/0x0000000800d2c358 (minecraft@1.20.1)
5949:             1             16  net.minecraft.client.color.item.ItemColors$$Lambda$4957/0x0000000800d2c578 (minecraft@1.20.1)
5950:             1             16  net.minecraft.client.color.item.ItemColors$$Lambda$4959/0x0000000800d2c9c0 (minecraft@1.20.1)
5951:             1             16  net.minecraft.client.color.item.ItemColors$$Lambda$4960/0x0000000800d2cbe8 (minecraft@1.20.1)
5952:             1             16  net.minecraft.client.color.item.ItemColors$$Lambda$4961/0x0000000800d2ce08 (minecraft@1.20.1)
5953:             1             16  net.minecraft.client.color.item.ItemColors$$Lambda$4962/0x0000000800d2d028 (minecraft@1.20.1)
5954:             1             16  net.minecraft.client.gui.GuiGraphics$$Lambda$6085/0x0000000800eb0c60 (minecraft@1.20.1)
5955:             1             16  net.minecraft.client.gui.components.Button$$Lambda$6050/0x0000000800ea5c40 (minecraft@1.20.1)
5956:             1             16  net.minecraft.client.gui.components.Button$Builder$$Lambda$6051/0x0000000800ea60b0 (minecraft@1.20.1)
5957:             1             16  net.minecraft.client.gui.components.DebugScreenOverlay$$Lambda$5099/0x0000000800d833c0 (minecraft@1.20.1)
5958:             1             16  net.minecraft.client.gui.components.PlayerTabOverlay$$Lambda$5102/0x0000000800d812b0 (minecraft@1.20.1)
5959:             1             16  net.minecraft.client.gui.components.PlayerTabOverlay$$Lambda$5103/0x0000000800d814d0 (minecraft@1.20.1)
5960:             1             16  net.minecraft.client.gui.components.PlayerTabOverlay$$Lambda$5104/0x0000000800d81710 (minecraft@1.20.1)
5961:             1             16  net.minecraft.client.gui.components.PlayerTabOverlay$$Lambda$5105/0x0000000800d81950 (minecraft@1.20.1)
5962:             1             16  net.minecraft.client.gui.font.AllMissingGlyphProvider (minecraft@1.20.1)
5963:             1             16  net.minecraft.client.gui.font.FontManager$$Lambda$4721/0x0000000800cab150 (minecraft@1.20.1)
5964:             1             16  net.minecraft.client.gui.font.FontManager$$Lambda$4926/0x0000000800d184d8 (minecraft@1.20.1)
5965:             1             16  net.minecraft.client.gui.font.FontManager$$Lambda$4928/0x0000000800d18fe0 (minecraft@1.20.1)
5966:             1             16  net.minecraft.client.gui.font.FontManager$$Lambda$5389/0x0000000800dd7d48 (minecraft@1.20.1)
5967:             1             16  net.minecraft.client.gui.font.FontManager$$Lambda$5436/0x0000000800df0000 (minecraft@1.20.1)
5968:             1             16  net.minecraft.client.gui.font.FontManager$$Lambda$5438/0x0000000800df0470 (minecraft@1.20.1)
5969:             1             16  net.minecraft.client.gui.font.FontManager$$Lambda$5628/0x0000000800e19000 (minecraft@1.20.1)
5970:             1             16  net.minecraft.client.gui.font.FontManager$$Lambda$5644/0x0000000800e21278 (minecraft@1.20.1)
5971:             1             16  net.minecraft.client.gui.font.FontManager$$Lambda$5715/0x0000000800e3a970 (minecraft@1.20.1)
5972:             1             16  net.minecraft.client.gui.font.FontManager$$Lambda$5716/0x0000000800e3aba0 (minecraft@1.20.1)
5973:             1             16  net.minecraft.client.gui.font.FontManager$BuilderResult$$Lambda$5623/0x0000000800e1b428 (minecraft@1.20.1)
5974:             1             16  net.minecraft.client.gui.font.FontManager$BuilderResult$$Lambda$5625/0x0000000800e1b8b0 (minecraft@1.20.1)
5975:             1             16  net.minecraft.client.gui.font.FontManager$FontDefinitionFile$$Lambda$5257/0x0000000800dc5b40 (minecraft@1.20.1)
5976:             1             16  net.minecraft.client.gui.font.FontManager$FontDefinitionFile$$Lambda$5322/0x0000000800dd4f78 (minecraft@1.20.1)
5977:             1             16  net.minecraft.client.gui.font.FontManager$FontDefinitionFile$$Lambda$5323/0x0000000800dd51b8 (minecraft@1.20.1)
5978:             1             16  net.minecraft.client.gui.font.FontManager$UnresolvedBuilderBundle$$Lambda$5439/0x0000000800df0690 (minecraft@1.20.1)
5979:             1             16  net.minecraft.client.gui.font.FontSet$$Lambda$4717/0x0000000800caa0d8 (minecraft@1.20.1)
5980:             1             16  net.minecraft.client.gui.font.FontSet$$Lambda$4718/0x0000000800caa4f0 (minecraft@1.20.1)
5981:             1             16  net.minecraft.client.gui.font.FontSet$$Lambda$4719/0x0000000800caab18 (minecraft@1.20.1)
5982:             1             16  net.minecraft.client.gui.font.FontSet$$Lambda$4720/0x0000000800caaf30 (minecraft@1.20.1)
5983:             1             16  net.minecraft.client.gui.font.FontSet$$Lambda$5718/0x0000000800e3b008 (minecraft@1.20.1)
5984:             1             16  net.minecraft.client.gui.font.glyphs.SpecialGlyphs$$Lambda$4722/0x0000000800caba70 (minecraft@1.20.1)
5985:             1             16  net.minecraft.client.gui.font.glyphs.SpecialGlyphs$$Lambda$4723/0x0000000800cabe90 (minecraft@1.20.1)
5986:             1             16  net.minecraft.client.gui.font.glyphs.SpecialGlyphs$$Lambda$4724/0x0000000800cac0b0 (minecraft@1.20.1)
5987:             1             16  net.minecraft.client.gui.font.glyphs.SpecialGlyphs$$Lambda$4725/0x0000000800cac2d0 (minecraft@1.20.1)
5988:             1             16  net.minecraft.client.gui.font.providers.BitmapProvider$Definition$$Lambda$5267/0x0000000800dc75f0 (minecraft@1.20.1)
5989:             1             16  net.minecraft.client.gui.font.providers.BitmapProvider$Definition$$Lambda$5268/0x0000000800dc7a50 (minecraft@1.20.1)
5990:             1             16  net.minecraft.client.gui.font.providers.BitmapProvider$Definition$$Lambda$5269/0x0000000800dc7c90 (minecraft@1.20.1)
5991:             1             16  net.minecraft.client.gui.font.providers.BitmapProvider$Definition$$Lambda$5270/0x0000000800dcc220 (minecraft@1.20.1)
5992:             1             16  net.minecraft.client.gui.font.providers.BitmapProvider$Definition$$Lambda$5271/0x0000000800dcc460 (minecraft@1.20.1)
5993:             1             16  net.minecraft.client.gui.font.providers.BitmapProvider$Definition$$Lambda$5272/0x0000000800dcc6a0 (minecraft@1.20.1)
5994:             1             16  net.minecraft.client.gui.font.providers.BitmapProvider$Definition$$Lambda$5273/0x0000000800dcc8e0 (minecraft@1.20.1)
5995:             1             16  net.minecraft.client.gui.font.providers.BitmapProvider$Definition$$Lambda$5275/0x0000000800dccb20 (minecraft@1.20.1)
5996:             1             16  net.minecraft.client.gui.font.providers.BitmapProvider$Definition$$Lambda$5276/0x0000000800dccfb0 (minecraft@1.20.1)
5997:             1             16  net.minecraft.client.gui.font.providers.BitmapProvider$Definition$$Lambda$5277/0x0000000800dcd200 (minecraft@1.20.1)
5998:             1             16  net.minecraft.client.gui.font.providers.BitmapProvider$Definition$$Lambda$5425/0x0000000800de9150 (minecraft@1.20.1)
5999:             1             16  net.minecraft.client.gui.font.providers.BitmapProvider$Definition$$Lambda$5426/0x0000000800de9760 (minecraft@1.20.1)
6000:             1             16  net.minecraft.client.gui.font.providers.GlyphProviderDefinition$$Lambda$5318/0x0000000800dd4af8 (minecraft@1.20.1)
6001:             1             16  net.minecraft.client.gui.font.providers.GlyphProviderDefinition$$Lambda$5320/0x0000000800dd4d38 (minecraft@1.20.1)
6002:             1             16  net.minecraft.client.gui.font.providers.GlyphProviderType$$Lambda$5317/0x0000000800dd48d8 (minecraft@1.20.1)
6003:             1             16  net.minecraft.client.gui.font.providers.ProviderReferenceDefinition$$Lambda$5313/0x0000000800dd4020 (minecraft@1.20.1)
6004:             1             16  net.minecraft.client.gui.font.providers.ProviderReferenceDefinition$$Lambda$5314/0x0000000800dd4260 (minecraft@1.20.1)
6005:             1             16  net.minecraft.client.gui.font.providers.ProviderReferenceDefinition$$Lambda$5315/0x0000000800dd44a0 (minecraft@1.20.1)
6006:             1             16  net.minecraft.client.gui.font.providers.TrueTypeGlyphProviderDefinition$$Lambda$5279/0x0000000800dcdcb8 (minecraft@1.20.1)
6007:             1             16  net.minecraft.client.gui.font.providers.TrueTypeGlyphProviderDefinition$$Lambda$5280/0x0000000800dcdef8 (minecraft@1.20.1)
6008:             1             16  net.minecraft.client.gui.font.providers.TrueTypeGlyphProviderDefinition$$Lambda$5281/0x0000000800dce138 (minecraft@1.20.1)
6009:             1             16  net.minecraft.client.gui.font.providers.TrueTypeGlyphProviderDefinition$$Lambda$5282/0x0000000800dce5c0 (minecraft@1.20.1)
6010:             1             16  net.minecraft.client.gui.font.providers.TrueTypeGlyphProviderDefinition$$Lambda$5283/0x0000000800dcea48 (minecraft@1.20.1)
6011:             1             16  net.minecraft.client.gui.font.providers.TrueTypeGlyphProviderDefinition$$Lambda$5284/0x0000000800dcec88 (minecraft@1.20.1)
6012:             1             16  net.minecraft.client.gui.font.providers.TrueTypeGlyphProviderDefinition$$Lambda$5288/0x0000000800dca000 (minecraft@1.20.1)
6013:             1             16  net.minecraft.client.gui.font.providers.TrueTypeGlyphProviderDefinition$$Lambda$5289/0x0000000800dca240 (minecraft@1.20.1)
6014:             1             16  net.minecraft.client.gui.font.providers.TrueTypeGlyphProviderDefinition$$Lambda$5290/0x0000000800dca688 (minecraft@1.20.1)
6015:             1             16  net.minecraft.client.gui.font.providers.TrueTypeGlyphProviderDefinition$Shift$$Lambda$5286/0x0000000800dcf700 (minecraft@1.20.1)
6016:             1             16  net.minecraft.client.gui.font.providers.TrueTypeGlyphProviderDefinition$Shift$$Lambda$5287/0x0000000800dcfb48 (minecraft@1.20.1)
6017:             1             16  net.minecraft.client.gui.font.providers.UnihexProvider (minecraft@1.20.1)
6018:             1             16  net.minecraft.client.gui.font.providers.UnihexProvider$Definition$$Lambda$5299/0x0000000800dd1650 (minecraft@1.20.1)
6019:             1             16  net.minecraft.client.gui.font.providers.UnihexProvider$Definition$$Lambda$5300/0x0000000800dd1890 (minecraft@1.20.1)
6020:             1             16  net.minecraft.client.gui.font.providers.UnihexProvider$Definition$$Lambda$5311/0x0000000800dd3760 (minecraft@1.20.1)
6021:             1             16  net.minecraft.client.gui.font.providers.UnihexProvider$Definition$$Lambda$5312/0x0000000800dd3bc0 (minecraft@1.20.1)
6022:             1             16  net.minecraft.client.gui.font.providers.UnihexProvider$Definition$$Lambda$5421/0x0000000800de5ab0 (minecraft@1.20.1)
6023:             1             16  net.minecraft.client.gui.font.providers.UnihexProvider$Definition$$Lambda$5422/0x0000000800de8000 (minecraft@1.20.1)
6024:             1             16  net.minecraft.client.gui.font.providers.UnihexProvider$Definition$$Lambda$5605/0x0000000800e1e1a8 (minecraft@1.20.1)
6025:             1             16  net.minecraft.client.gui.font.providers.UnihexProvider$Definition$$Lambda$5606/0x0000000800e1e5c0 (minecraft@1.20.1)
6026:             1             16  net.minecraft.client.gui.font.providers.UnihexProvider$Dimensions$$Lambda$5304/0x0000000800dd27b0 (minecraft@1.20.1)
6027:             1             16  net.minecraft.client.gui.font.providers.UnihexProvider$Dimensions$$Lambda$5305/0x0000000800dd29f0 (minecraft@1.20.1)
6028:             1             16  net.minecraft.client.gui.font.providers.UnihexProvider$Dimensions$$Lambda$5306/0x0000000800dd2c30 (minecraft@1.20.1)
6029:             1             16  net.minecraft.client.gui.font.providers.UnihexProvider$Dimensions$$Lambda$5307/0x0000000800dd2e70 (minecraft@1.20.1)
6030:             1             16  net.minecraft.client.gui.font.providers.UnihexProvider$OverrideRange$$Lambda$5301/0x0000000800dd1ee8 (minecraft@1.20.1)
6031:             1             16  net.minecraft.client.gui.font.providers.UnihexProvider$OverrideRange$$Lambda$5302/0x0000000800dd2128 (minecraft@1.20.1)
6032:             1             16  net.minecraft.client.gui.font.providers.UnihexProvider$OverrideRange$$Lambda$5303/0x0000000800dd2368 (minecraft@1.20.1)
6033:             1             16  net.minecraft.client.gui.font.providers.UnihexProvider$OverrideRange$$Lambda$5308/0x0000000800dd30a0 (minecraft@1.20.1)
6034:             1             16  net.minecraft.client.gui.font.providers.UnihexProvider$OverrideRange$$Lambda$5309/0x0000000800dd32e0 (minecraft@1.20.1)
6035:             1             16  net.minecraft.client.gui.font.providers.UnihexProvider$OverrideRange$$Lambda$5310/0x0000000800dd3520 (minecraft@1.20.1)
6036:             1             16  net.minecraft.client.gui.narration.NarrationThunk$$Lambda$6074/0x0000000800eb31a0 (minecraft@1.20.1)
6037:             1             16  net.minecraft.client.gui.narration.NarrationThunk$$Lambda$6075/0x0000000800eb33d0 (minecraft@1.20.1)
6038:             1             16  net.minecraft.client.gui.narration.ScreenNarrationCollector$$Lambda$6044/0x0000000800ea45f0 (minecraft@1.20.1)
6039:             1             16  net.minecraft.client.gui.narration.ScreenNarrationCollector$$Lambda$6045/0x0000000800ea4830 (minecraft@1.20.1)
6040:             1             16  net.minecraft.client.gui.narration.ScreenNarrationCollector$Output$$Lambda$6076/0x0000000800eb3818 (minecraft@1.20.1)
6041:             1             16  net.minecraft.client.gui.screens.LoadingOverlay$$Lambda$5181/0x0000000800db4c00 (minecraft@1.20.1)
6042:             1             16  net.minecraft.client.gui.screens.Screen$$Lambda$6046/0x0000000800ea4a70 (minecraft@1.20.1)
6043:             1             16  net.minecraft.client.gui.screens.Screen$$Lambda$6077/0x0000000800eb3a58 (minecraft@1.20.1)
6044:             1             16  net.minecraft.client.gui.screens.Screen$$Lambda$6078/0x0000000800eb3ca8 (minecraft@1.20.1)
6045:             1             16  net.minecraft.client.gui.screens.worldselection.PresetEditor$$Lambda$5154/0x0000000800d99ac0 (minecraft@1.20.1)
6046:             1             16  net.minecraft.client.gui.screens.worldselection.PresetEditor$$Lambda$5155/0x0000000800d99ce0 (minecraft@1.20.1)
6047:             1             16  net.minecraft.client.main.Main$$Lambda$1318/0x00000008005c3ad8 (minecraft@1.20.1)
6048:             1             16  net.minecraft.client.model.AgeableHierarchicalModel$$Lambda$5899/0x0000000800e89878 (minecraft@1.20.1)
6049:             1             16  net.minecraft.client.model.AgeableListModel$$Lambda$5895/0x0000000800e88d28 (minecraft@1.20.1)
6050:             1             16  net.minecraft.client.model.AllayModel$$Lambda$5936/0x0000000800e90ab8 (minecraft@1.20.1)
6051:             1             16  net.minecraft.client.model.BookModel$$Lambda$5754/0x0000000800e5ab30 (minecraft@1.20.1)
6052:             1             16  net.minecraft.client.model.EntityModel$$Lambda$5893/0x0000000800e888a8 (minecraft@1.20.1)
6053:             1             16  net.minecraft.client.model.HierarchicalModel$$Lambda$5894/0x0000000800e88ae8 (minecraft@1.20.1)
6054:             1             16  net.minecraft.client.model.HumanoidModel$$Lambda$5898/0x0000000800e893c8 (minecraft@1.20.1)
6055:             1             16  net.minecraft.client.model.ListModel$$Lambda$5929/0x0000000800e8dce8 (minecraft@1.20.1)
6056:             1             16  net.minecraft.client.model.PlayerModel$$Lambda$5913/0x0000000800e8bc80 (minecraft@1.20.1)
6057:             1             16  net.minecraft.client.model.PlayerModel$$Lambda$5915/0x0000000800e8e240 (minecraft@1.20.1)
6058:             1             16  net.minecraft.client.model.ShieldModel$$Lambda$5764/0x0000000800e5cc00 (minecraft@1.20.1)
6059:             1             16  net.minecraft.client.model.ShulkerModel$$Lambda$5763/0x0000000800e5c9c0 (minecraft@1.20.1)
6060:             1             16  net.minecraft.client.model.SkullModelBase$$Lambda$5756/0x0000000800e5b9f0 (minecraft@1.20.1)
6061:             1             16  net.minecraft.client.model.TridentModel$$Lambda$5765/0x0000000800e5ce40 (minecraft@1.20.1)
6062:             1             16  net.minecraft.client.model.VexModel$$Lambda$5919/0x0000000800e8ef68 (minecraft@1.20.1)
6063:             1             16  net.minecraft.client.model.WardenModel$$Lambda$5900/0x0000000800e89ab8 (minecraft@1.20.1)
6064:             1             16  net.minecraft.client.model.geom.EntityModelSet (minecraft@1.20.1)
6065:             1             16  net.minecraft.client.model.geom.ModelPart$$Lambda$5914/0x0000000800e8e000 (minecraft@1.20.1)
6066:             1             16  net.minecraft.client.model.geom.builders.PartDefinition$$Lambda$5749/0x0000000800e593c8 (minecraft@1.20.1)
6067:             1             16  net.minecraft.client.model.geom.builders.PartDefinition$$Lambda$5751/0x0000000800e59a58 (minecraft@1.20.1)
6068:             1             16  net.minecraft.client.model.geom.builders.PartDefinition$$Lambda$5752/0x0000000800e59ca0 (minecraft@1.20.1)
6069:             1             16  net.minecraft.client.multiplayer.AccountProfileKeyPairManager$$Lambda$5179/0x0000000800da9ae0 (minecraft@1.20.1)
6070:             1             16  net.minecraft.client.multiplayer.ProfileKeyPairManager$1 (minecraft@1.20.1)
6071:             1             16  net.minecraft.client.particle.AshParticle$Provider (minecraft@1.20.1)
6072:             1             16  net.minecraft.client.particle.AttackSweepParticle$Provider (minecraft@1.20.1)
6073:             1             16  net.minecraft.client.particle.BlockMarker$Provider (minecraft@1.20.1)
6074:             1             16  net.minecraft.client.particle.BreakingItemParticle$Provider (minecraft@1.20.1)
6075:             1             16  net.minecraft.client.particle.BreakingItemParticle$SlimeProvider (minecraft@1.20.1)
6076:             1             16  net.minecraft.client.particle.BreakingItemParticle$SnowballProvider (minecraft@1.20.1)
6077:             1             16  net.minecraft.client.particle.BubbleColumnUpParticle$Provider (minecraft@1.20.1)
6078:             1             16  net.minecraft.client.particle.BubbleParticle$Provider (minecraft@1.20.1)
6079:             1             16  net.minecraft.client.particle.BubblePopParticle$Provider (minecraft@1.20.1)
6080:             1             16  net.minecraft.client.particle.CampfireSmokeParticle$CosyProvider (minecraft@1.20.1)
6081:             1             16  net.minecraft.client.particle.CampfireSmokeParticle$SignalProvider (minecraft@1.20.1)
6082:             1             16  net.minecraft.client.particle.CritParticle$DamageIndicatorProvider (minecraft@1.20.1)
6083:             1             16  net.minecraft.client.particle.CritParticle$MagicProvider (minecraft@1.20.1)
6084:             1             16  net.minecraft.client.particle.CritParticle$Provider (minecraft@1.20.1)
6085:             1             16  net.minecraft.client.particle.DragonBreathParticle$Provider (minecraft@1.20.1)
6086:             1             16  net.minecraft.client.particle.DustColorTransitionParticle$Provider (minecraft@1.20.1)
6087:             1             16  net.minecraft.client.particle.DustParticle$Provider (minecraft@1.20.1)
6088:             1             16  net.minecraft.client.particle.EnchantmentTableParticle$NautilusProvider (minecraft@1.20.1)
6089:             1             16  net.minecraft.client.particle.EnchantmentTableParticle$Provider (minecraft@1.20.1)
6090:             1             16  net.minecraft.client.particle.EndRodParticle$Provider (minecraft@1.20.1)
6091:             1             16  net.minecraft.client.particle.ExplodeParticle$Provider (minecraft@1.20.1)
6092:             1             16  net.minecraft.client.particle.FallingDustParticle$Provider (minecraft@1.20.1)
6093:             1             16  net.minecraft.client.particle.FireworkParticles$FlashProvider (minecraft@1.20.1)
6094:             1             16  net.minecraft.client.particle.FireworkParticles$SparkProvider (minecraft@1.20.1)
6095:             1             16  net.minecraft.client.particle.FlameParticle$SmallFlameProvider (minecraft@1.20.1)
6096:             1             16  net.minecraft.client.particle.GlowParticle$GlowSquidProvider (minecraft@1.20.1)
6097:             1             16  net.minecraft.client.particle.HeartParticle$AngryVillagerProvider (minecraft@1.20.1)
6098:             1             16  net.minecraft.client.particle.HeartParticle$Provider (minecraft@1.20.1)
6099:             1             16  net.minecraft.client.particle.HugeExplosionParticle$Provider (minecraft@1.20.1)
6100:             1             16  net.minecraft.client.particle.HugeExplosionSeedParticle$Provider (minecraft@1.20.1)
6101:             1             16  net.minecraft.client.particle.LargeSmokeParticle$Provider (minecraft@1.20.1)
6102:             1             16  net.minecraft.client.particle.LavaParticle$Provider (minecraft@1.20.1)
6103:             1             16  net.minecraft.client.particle.MobAppearanceParticle$Provider (minecraft@1.20.1)
6104:             1             16  net.minecraft.client.particle.NoteParticle$Provider (minecraft@1.20.1)
6105:             1             16  net.minecraft.client.particle.ParticleDescription$$Lambda$5541/0x0000000800e08d08 (minecraft@1.20.1)
6106:             1             16  net.minecraft.client.particle.ParticleDescription$$Lambda$5542/0x0000000800e08f48 (minecraft@1.20.1)
6107:             1             16  net.minecraft.client.particle.ParticleEngine$$Lambda$5008/0x0000000800d5e378 (minecraft@1.20.1)
6108:             1             16  net.minecraft.client.particle.ParticleEngine$$Lambda$5009/0x0000000800d5ed20 (minecraft@1.20.1)
6109:             1             16  net.minecraft.client.particle.ParticleEngine$$Lambda$5010/0x0000000800d5fbe8 (minecraft@1.20.1)
6110:             1             16  net.minecraft.client.particle.ParticleEngine$$Lambda$5011/0x0000000800d60540 (minecraft@1.20.1)
6111:             1             16  net.minecraft.client.particle.ParticleEngine$$Lambda$5012/0x0000000800d60ca0 (minecraft@1.20.1)
6112:             1             16  net.minecraft.client.particle.ParticleEngine$$Lambda$5013/0x0000000800d61400 (minecraft@1.20.1)
6113:             1             16  net.minecraft.client.particle.ParticleEngine$$Lambda$5014/0x0000000800d61858 (minecraft@1.20.1)
6114:             1             16  net.minecraft.client.particle.ParticleEngine$$Lambda$5015/0x0000000800d61fb8 (minecraft@1.20.1)
6115:             1             16  net.minecraft.client.particle.ParticleEngine$$Lambda$5016/0x0000000800d62718 (minecraft@1.20.1)
6116:             1             16  net.minecraft.client.particle.ParticleEngine$$Lambda$5017/0x0000000800d62e78 (minecraft@1.20.1)
6117:             1             16  net.minecraft.client.particle.ParticleEngine$$Lambda$5018/0x0000000800d635d8 (minecraft@1.20.1)
6118:             1             16  net.minecraft.client.particle.ParticleEngine$$Lambda$5019/0x0000000800d63a30 (minecraft@1.20.1)
6119:             1             16  net.minecraft.client.particle.ParticleEngine$$Lambda$5020/0x0000000800d64190 (minecraft@1.20.1)
6120:             1             16  net.minecraft.client.particle.ParticleEngine$$Lambda$5021/0x0000000800d645e8 (minecraft@1.20.1)
6121:             1             16  net.minecraft.client.particle.ParticleEngine$$Lambda$5022/0x0000000800d66308 (minecraft@1.20.1)
6122:             1             16  net.minecraft.client.particle.ParticleEngine$$Lambda$5025/0x0000000800d66978 (minecraft@1.20.1)
6123:             1             16  net.minecraft.client.particle.ParticleEngine$$Lambda$5026/0x0000000800d66b98 (minecraft@1.20.1)
6124:             1             16  net.minecraft.client.particle.ParticleEngine$$Lambda$5027/0x0000000800d66db8 (minecraft@1.20.1)
6125:             1             16  net.minecraft.client.particle.ParticleEngine$$Lambda$5028/0x0000000800d66fd8 (minecraft@1.20.1)
6126:             1             16  net.minecraft.client.particle.ParticleEngine$$Lambda$5029/0x0000000800d67a50 (minecraft@1.20.1)
6127:             1             16  net.minecraft.client.particle.ParticleEngine$$Lambda$5030/0x0000000800d6c310 (minecraft@1.20.1)
6128:             1             16  net.minecraft.client.particle.ParticleEngine$$Lambda$5031/0x0000000800d6c768 (minecraft@1.20.1)
6129:             1             16  net.minecraft.client.particle.ParticleEngine$$Lambda$5032/0x0000000800d6d0b0 (minecraft@1.20.1)
6130:             1             16  net.minecraft.client.particle.ParticleEngine$$Lambda$5033/0x0000000800d6d810 (minecraft@1.20.1)
6131:             1             16  net.minecraft.client.particle.ParticleEngine$$Lambda$5034/0x0000000800d6e2a8 (minecraft@1.20.1)
6132:             1             16  net.minecraft.client.particle.ParticleEngine$$Lambda$5035/0x0000000800d6e700 (minecraft@1.20.1)
6133:             1             16  net.minecraft.client.particle.ParticleEngine$$Lambda$5036/0x0000000800d6f610 (minecraft@1.20.1)
6134:             1             16  net.minecraft.client.particle.ParticleEngine$$Lambda$5037/0x0000000800d6fd70 (minecraft@1.20.1)
6135:             1             16  net.minecraft.client.particle.ParticleEngine$$Lambda$5038/0x0000000800d6a548 (minecraft@1.20.1)
6136:             1             16  net.minecraft.client.particle.ParticleEngine$$Lambda$5039/0x0000000800d6acd8 (minecraft@1.20.1)
6137:             1             16  net.minecraft.client.particle.ParticleEngine$$Lambda$5040/0x0000000800d6b438 (minecraft@1.20.1)
6138:             1             16  net.minecraft.client.particle.ParticleEngine$$Lambda$5041/0x0000000800d69000 (minecraft@1.20.1)
6139:             1             16  net.minecraft.client.particle.ParticleEngine$$Lambda$5042/0x0000000800d69760 (minecraft@1.20.1)
6140:             1             16  net.minecraft.client.particle.ParticleEngine$$Lambda$5043/0x0000000800d68c00 (minecraft@1.20.1)
6141:             1             16  net.minecraft.client.particle.ParticleEngine$$Lambda$5044/0x0000000800d70530 (minecraft@1.20.1)
6142:             1             16  net.minecraft.client.particle.ParticleEngine$$Lambda$5045/0x0000000800d70988 (minecraft@1.20.1)
6143:             1             16  net.minecraft.client.particle.ParticleEngine$$Lambda$5046/0x0000000800d70ba8 (minecraft@1.20.1)
6144:             1             16  net.minecraft.client.particle.ParticleEngine$$Lambda$5047/0x0000000800d71308 (minecraft@1.20.1)
6145:             1             16  net.minecraft.client.particle.ParticleEngine$$Lambda$5048/0x0000000800d71760 (minecraft@1.20.1)
6146:             1             16  net.minecraft.client.particle.ParticleEngine$$Lambda$5049/0x0000000800d71bb8 (minecraft@1.20.1)
6147:             1             16  net.minecraft.client.particle.ParticleEngine$$Lambda$5050/0x0000000800d72010 (minecraft@1.20.1)
6148:             1             16  net.minecraft.client.particle.ParticleEngine$$Lambda$5051/0x0000000800d73718 (minecraft@1.20.1)
6149:             1             16  net.minecraft.client.particle.ParticleEngine$$Lambda$5052/0x0000000800d73e78 (minecraft@1.20.1)
6150:             1             16  net.minecraft.client.particle.ParticleEngine$$Lambda$5053/0x0000000800d742d0 (minecraft@1.20.1)
6151:             1             16  net.minecraft.client.particle.ParticleEngine$$Lambda$5054/0x0000000800d74728 (minecraft@1.20.1)
6152:             1             16  net.minecraft.client.particle.ParticleEngine$$Lambda$5055/0x0000000800d74e88 (minecraft@1.20.1)
6153:             1             16  net.minecraft.client.particle.ParticleEngine$$Lambda$5056/0x0000000800d755e8 (minecraft@1.20.1)
6154:             1             16  net.minecraft.client.particle.ParticleEngine$$Lambda$5057/0x0000000800d75d48 (minecraft@1.20.1)
6155:             1             16  net.minecraft.client.particle.ParticleEngine$$Lambda$5058/0x0000000800d764a8 (minecraft@1.20.1)
6156:             1             16  net.minecraft.client.particle.ParticleEngine$$Lambda$5059/0x0000000800d76900 (minecraft@1.20.1)
6157:             1             16  net.minecraft.client.particle.ParticleEngine$$Lambda$5060/0x0000000800d76d58 (minecraft@1.20.1)
6158:             1             16  net.minecraft.client.particle.ParticleEngine$$Lambda$5061/0x0000000800d774b8 (minecraft@1.20.1)
6159:             1             16  net.minecraft.client.particle.ParticleEngine$$Lambda$5062/0x0000000800d77c18 (minecraft@1.20.1)
6160:             1             16  net.minecraft.client.particle.ParticleEngine$$Lambda$5063/0x0000000800d78540 (minecraft@1.20.1)
6161:             1             16  net.minecraft.client.particle.ParticleEngine$$Lambda$5064/0x0000000800d78cb8 (minecraft@1.20.1)
6162:             1             16  net.minecraft.client.particle.ParticleEngine$$Lambda$5065/0x0000000800d79430 (minecraft@1.20.1)
6163:             1             16  net.minecraft.client.particle.ParticleEngine$$Lambda$5066/0x0000000800d79b90 (minecraft@1.20.1)
6164:             1             16  net.minecraft.client.particle.ParticleEngine$$Lambda$5067/0x0000000800d7a2f0 (minecraft@1.20.1)
6165:             1             16  net.minecraft.client.particle.ParticleEngine$$Lambda$5068/0x0000000800d7a748 (minecraft@1.20.1)
6166:             1             16  net.minecraft.client.particle.ParticleEngine$$Lambda$5069/0x0000000800d7a968 (minecraft@1.20.1)
6167:             1             16  net.minecraft.client.particle.ParticleEngine$$Lambda$5070/0x0000000800d7ab88 (minecraft@1.20.1)
6168:             1             16  net.minecraft.client.particle.ParticleEngine$$Lambda$5071/0x0000000800d7ada8 (minecraft@1.20.1)
6169:             1             16  net.minecraft.client.particle.ParticleEngine$$Lambda$5072/0x0000000800d7afc8 (minecraft@1.20.1)
6170:             1             16  net.minecraft.client.particle.ParticleEngine$$Lambda$5073/0x0000000800d7b1e8 (minecraft@1.20.1)
6171:             1             16  net.minecraft.client.particle.ParticleEngine$$Lambda$5074/0x0000000800d7b948 (minecraft@1.20.1)
6172:             1             16  net.minecraft.client.particle.ParticleEngine$$Lambda$5075/0x0000000800d7c0a8 (minecraft@1.20.1)
6173:             1             16  net.minecraft.client.particle.ParticleEngine$$Lambda$5076/0x0000000800d7c500 (minecraft@1.20.1)
6174:             1             16  net.minecraft.client.particle.ParticleEngine$$Lambda$5077/0x0000000800d7c958 (minecraft@1.20.1)
6175:             1             16  net.minecraft.client.particle.ParticleEngine$$Lambda$5078/0x0000000800d7cb78 (minecraft@1.20.1)
6176:             1             16  net.minecraft.client.particle.ParticleEngine$$Lambda$5079/0x0000000800d7cd98 (minecraft@1.20.1)
6177:             1             16  net.minecraft.client.particle.ParticleEngine$$Lambda$5080/0x0000000800d7cfb8 (minecraft@1.20.1)
6178:             1             16  net.minecraft.client.particle.ParticleEngine$$Lambda$5081/0x0000000800d7d718 (minecraft@1.20.1)
6179:             1             16  net.minecraft.client.particle.ParticleEngine$$Lambda$5082/0x0000000800d7de78 (minecraft@1.20.1)
6180:             1             16  net.minecraft.client.particle.ParticleEngine$$Lambda$5083/0x0000000800d7e2d0 (minecraft@1.20.1)
6181:             1             16  net.minecraft.client.particle.ParticleEngine$$Lambda$5084/0x0000000800d7e4f0 (minecraft@1.20.1)
6182:             1             16  net.minecraft.client.particle.ParticleEngine$$Lambda$5085/0x0000000800d7e710 (minecraft@1.20.1)
6183:             1             16  net.minecraft.client.particle.ParticleEngine$$Lambda$5086/0x0000000800d7e930 (minecraft@1.20.1)
6184:             1             16  net.minecraft.client.particle.ParticleEngine$$Lambda$5087/0x0000000800d7eb50 (minecraft@1.20.1)
6185:             1             16  net.minecraft.client.particle.ParticleEngine$$Lambda$5088/0x0000000800d7ed78 (minecraft@1.20.1)
6186:             1             16  net.minecraft.client.particle.ParticleEngine$$Lambda$5089/0x0000000800d7ef98 (minecraft@1.20.1)
6187:             1             16  net.minecraft.client.particle.ParticleEngine$$Lambda$5090/0x0000000800d7f700 (minecraft@1.20.1)
6188:             1             16  net.minecraft.client.particle.ParticleEngine$$Lambda$5091/0x0000000800d7fb58 (minecraft@1.20.1)
6189:             1             16  net.minecraft.client.particle.ParticleEngine$$Lambda$5092/0x0000000800d84308 (minecraft@1.20.1)
6190:             1             16  net.minecraft.client.particle.ParticleEngine$$Lambda$5093/0x0000000800d84760 (minecraft@1.20.1)
6191:             1             16  net.minecraft.client.particle.ParticleEngine$$Lambda$5094/0x0000000800d84bb8 (minecraft@1.20.1)
6192:             1             16  net.minecraft.client.particle.ParticleEngine$$Lambda$5095/0x0000000800d85010 (minecraft@1.20.1)
6193:             1             16  net.minecraft.client.particle.ParticleEngine$$Lambda$5096/0x0000000800d85468 (minecraft@1.20.1)
6194:             1             16  net.minecraft.client.particle.ParticleEngine$$Lambda$5097/0x0000000800d85bc8 (minecraft@1.20.1)
6195:             1             16  net.minecraft.client.particle.ParticleEngine$$Lambda$5098/0x0000000800d86020 (minecraft@1.20.1)
6196:             1             16  net.minecraft.client.particle.ParticleEngine$$Lambda$5249/0x0000000800dc4740 (minecraft@1.20.1)
6197:             1             16  net.minecraft.client.particle.ParticleRenderType$1 (minecraft@1.20.1)
6198:             1             16  net.minecraft.client.particle.ParticleRenderType$2 (minecraft@1.20.1)
6199:             1             16  net.minecraft.client.particle.ParticleRenderType$3 (minecraft@1.20.1)
6200:             1             16  net.minecraft.client.particle.ParticleRenderType$4 (minecraft@1.20.1)
6201:             1             16  net.minecraft.client.particle.ParticleRenderType$5 (minecraft@1.20.1)
6202:             1             16  net.minecraft.client.particle.ParticleRenderType$6 (minecraft@1.20.1)
6203:             1             16  net.minecraft.client.particle.PlayerCloudParticle$Provider (minecraft@1.20.1)
6204:             1             16  net.minecraft.client.particle.PlayerCloudParticle$SneezeProvider (minecraft@1.20.1)
6205:             1             16  net.minecraft.client.particle.PortalParticle$Provider (minecraft@1.20.1)
6206:             1             16  net.minecraft.client.particle.ReversePortalParticle$ReversePortalProvider (minecraft@1.20.1)
6207:             1             16  net.minecraft.client.particle.SculkChargeParticle$Provider (minecraft@1.20.1)
6208:             1             16  net.minecraft.client.particle.SculkChargePopParticle$Provider (minecraft@1.20.1)
6209:             1             16  net.minecraft.client.particle.ShriekParticle$Provider (minecraft@1.20.1)
6210:             1             16  net.minecraft.client.particle.SmokeParticle$Provider (minecraft@1.20.1)
6211:             1             16  net.minecraft.client.particle.SnowflakeParticle$Provider (minecraft@1.20.1)
6212:             1             16  net.minecraft.client.particle.SonicBoomParticle$Provider (minecraft@1.20.1)
6213:             1             16  net.minecraft.client.particle.SoulParticle$EmissiveProvider (minecraft@1.20.1)
6214:             1             16  net.minecraft.client.particle.SoulParticle$Provider (minecraft@1.20.1)
6215:             1             16  net.minecraft.client.particle.SpellParticle$AmbientMobProvider (minecraft@1.20.1)
6216:             1             16  net.minecraft.client.particle.SpellParticle$InstantProvider (minecraft@1.20.1)
6217:             1             16  net.minecraft.client.particle.SpellParticle$MobProvider (minecraft@1.20.1)
6218:             1             16  net.minecraft.client.particle.SpellParticle$Provider (minecraft@1.20.1)
6219:             1             16  net.minecraft.client.particle.SpellParticle$WitchProvider (minecraft@1.20.1)
6220:             1             16  net.minecraft.client.particle.SpitParticle$Provider (minecraft@1.20.1)
6221:             1             16  net.minecraft.client.particle.SplashParticle$Provider (minecraft@1.20.1)
6222:             1             16  net.minecraft.client.particle.SquidInkParticle$GlowInkProvider (minecraft@1.20.1)
6223:             1             16  net.minecraft.client.particle.SquidInkParticle$Provider (minecraft@1.20.1)
6224:             1             16  net.minecraft.client.particle.SuspendedParticle$CrimsonSporeProvider (minecraft@1.20.1)
6225:             1             16  net.minecraft.client.particle.SuspendedParticle$SporeBlossomAirProvider (minecraft@1.20.1)
6226:             1             16  net.minecraft.client.particle.SuspendedParticle$UnderwaterProvider (minecraft@1.20.1)
6227:             1             16  net.minecraft.client.particle.SuspendedParticle$WarpedSporeProvider (minecraft@1.20.1)
6228:             1             16  net.minecraft.client.particle.SuspendedTownParticle$ComposterFillProvider (minecraft@1.20.1)
6229:             1             16  net.minecraft.client.particle.SuspendedTownParticle$DolphinSpeedProvider (minecraft@1.20.1)
6230:             1             16  net.minecraft.client.particle.SuspendedTownParticle$EggCrackProvider (minecraft@1.20.1)
6231:             1             16  net.minecraft.client.particle.SuspendedTownParticle$HappyVillagerProvider (minecraft@1.20.1)
6232:             1             16  net.minecraft.client.particle.SuspendedTownParticle$Provider (minecraft@1.20.1)
6233:             1             16  net.minecraft.client.particle.TerrainParticle$Provider (minecraft@1.20.1)
6234:             1             16  net.minecraft.client.particle.TotemParticle$Provider (minecraft@1.20.1)
6235:             1             16  net.minecraft.client.particle.VibrationSignalParticle$Provider (minecraft@1.20.1)
6236:             1             16  net.minecraft.client.particle.WakeParticle$Provider (minecraft@1.20.1)
6237:             1             16  net.minecraft.client.particle.WaterCurrentDownParticle$Provider (minecraft@1.20.1)
6238:             1             16  net.minecraft.client.particle.WaterDropParticle$Provider (minecraft@1.20.1)
6239:             1             16  net.minecraft.client.particle.WhiteAshParticle$Provider (minecraft@1.20.1)
6240:             1             16  net.minecraft.client.renderer.BlockEntityWithoutLevelRenderer$$Lambda$4982/0x0000000800d35380 (minecraft@1.20.1)
6241:             1             16  net.minecraft.client.renderer.BlockEntityWithoutLevelRenderer$$Lambda$4983/0x0000000800d355a0 (minecraft@1.20.1)
6242:             1             16  net.minecraft.client.renderer.BlockEntityWithoutLevelRenderer$$Lambda$4984/0x0000000800d37760 (minecraft@1.20.1)
6243:             1             16  net.minecraft.client.renderer.ChunkBufferBuilderPack (minecraft@1.20.1)
6244:             1             16  net.minecraft.client.renderer.ChunkBufferBuilderPack$$Lambda$4989/0x0000000800d4a250 (minecraft@1.20.1)
6245:             1             16  net.minecraft.client.renderer.ChunkBufferBuilderPack$$Lambda$4990/0x0000000800d4a490 (minecraft@1.20.1)
6246:             1             16  net.minecraft.client.renderer.CubeMap (minecraft@1.20.1)
6247:             1             16  net.minecraft.client.renderer.DimensionSpecialEffects$$Lambda$5152/0x0000000800d9f218 (minecraft@1.20.1)
6248:             1             16  net.minecraft.client.renderer.FaceInfo$$Lambda$5660/0x0000000800e26d50 (minecraft@1.20.1)
6249:             1             16  net.minecraft.client.renderer.FogRenderer$BlindnessFogFunction (minecraft@1.20.1)
6250:             1             16  net.minecraft.client.renderer.FogRenderer$DarknessFogFunction (minecraft@1.20.1)
6251:             1             16  net.minecraft.client.renderer.GameRenderer$$Lambda$5941/0x0000000800e93168 (minecraft@1.20.1)
6252:             1             16  net.minecraft.client.renderer.GameRenderer$$Lambda$5942/0x0000000800e93398 (minecraft@1.20.1)
6253:             1             16  net.minecraft.client.renderer.GameRenderer$$Lambda$5943/0x0000000800e935c8 (minecraft@1.20.1)
6254:             1             16  net.minecraft.client.renderer.GameRenderer$$Lambda$5944/0x0000000800e937f8 (minecraft@1.20.1)
6255:             1             16  net.minecraft.client.renderer.GameRenderer$$Lambda$5945/0x0000000800e93a28 (minecraft@1.20.1)
6256:             1             16  net.minecraft.client.renderer.GameRenderer$$Lambda$5946/0x0000000800e93c58 (minecraft@1.20.1)
6257:             1             16  net.minecraft.client.renderer.GameRenderer$$Lambda$5947/0x0000000800e93e88 (minecraft@1.20.1)
6258:             1             16  net.minecraft.client.renderer.GameRenderer$$Lambda$5948/0x0000000800e940b8 (minecraft@1.20.1)
6259:             1             16  net.minecraft.client.renderer.GameRenderer$$Lambda$5949/0x0000000800e942e8 (minecraft@1.20.1)
6260:             1             16  net.minecraft.client.renderer.GameRenderer$$Lambda$5950/0x0000000800e94518 (minecraft@1.20.1)
6261:             1             16  net.minecraft.client.renderer.GameRenderer$$Lambda$5951/0x0000000800e94748 (minecraft@1.20.1)
6262:             1             16  net.minecraft.client.renderer.GameRenderer$$Lambda$5952/0x0000000800e94978 (minecraft@1.20.1)
6263:             1             16  net.minecraft.client.renderer.GameRenderer$$Lambda$5953/0x0000000800e94ba8 (minecraft@1.20.1)
6264:             1             16  net.minecraft.client.renderer.GameRenderer$$Lambda$5954/0x0000000800e94dd8 (minecraft@1.20.1)
6265:             1             16  net.minecraft.client.renderer.GameRenderer$$Lambda$5955/0x0000000800e95008 (minecraft@1.20.1)
6266:             1             16  net.minecraft.client.renderer.GameRenderer$$Lambda$5956/0x0000000800e95238 (minecraft@1.20.1)
6267:             1             16  net.minecraft.client.renderer.GameRenderer$$Lambda$5957/0x0000000800e95468 (minecraft@1.20.1)
6268:             1             16  net.minecraft.client.renderer.GameRenderer$$Lambda$5958/0x0000000800e95698 (minecraft@1.20.1)
6269:             1             16  net.minecraft.client.renderer.GameRenderer$$Lambda$5959/0x0000000800e958c8 (minecraft@1.20.1)
6270:             1             16  net.minecraft.client.renderer.GameRenderer$$Lambda$5960/0x0000000800e95af8 (minecraft@1.20.1)
6271:             1             16  net.minecraft.client.renderer.GameRenderer$$Lambda$5961/0x0000000800e95d28 (minecraft@1.20.1)
6272:             1             16  net.minecraft.client.renderer.GameRenderer$$Lambda$5962/0x0000000800e95f58 (minecraft@1.20.1)
6273:             1             16  net.minecraft.client.renderer.GameRenderer$$Lambda$5963/0x0000000800e96188 (minecraft@1.20.1)
6274:             1             16  net.minecraft.client.renderer.GameRenderer$$Lambda$5964/0x0000000800e963b8 (minecraft@1.20.1)
6275:             1             16  net.minecraft.client.renderer.GameRenderer$$Lambda$5965/0x0000000800e965e8 (minecraft@1.20.1)
6276:             1             16  net.minecraft.client.renderer.GameRenderer$$Lambda$5966/0x0000000800e96818 (minecraft@1.20.1)
6277:             1             16  net.minecraft.client.renderer.GameRenderer$$Lambda$5967/0x0000000800e96a48 (minecraft@1.20.1)
6278:             1             16  net.minecraft.client.renderer.GameRenderer$$Lambda$5968/0x0000000800e96c78 (minecraft@1.20.1)
6279:             1             16  net.minecraft.client.renderer.GameRenderer$$Lambda$5969/0x0000000800e96ea8 (minecraft@1.20.1)
6280:             1             16  net.minecraft.client.renderer.GameRenderer$$Lambda$5970/0x0000000800e970d8 (minecraft@1.20.1)
6281:             1             16  net.minecraft.client.renderer.GameRenderer$$Lambda$5971/0x0000000800e97308 (minecraft@1.20.1)
6282:             1             16  net.minecraft.client.renderer.GameRenderer$$Lambda$5972/0x0000000800e97538 (minecraft@1.20.1)
6283:             1             16  net.minecraft.client.renderer.GameRenderer$$Lambda$5973/0x0000000800e97768 (minecraft@1.20.1)
6284:             1             16  net.minecraft.client.renderer.GameRenderer$$Lambda$5974/0x0000000800e97998 (minecraft@1.20.1)
6285:             1             16  net.minecraft.client.renderer.GameRenderer$$Lambda$5975/0x0000000800e97bc8 (minecraft@1.20.1)
6286:             1             16  net.minecraft.client.renderer.GameRenderer$$Lambda$5976/0x0000000800e98000 (minecraft@1.20.1)
6287:             1             16  net.minecraft.client.renderer.GameRenderer$$Lambda$5977/0x0000000800e98230 (minecraft@1.20.1)
6288:             1             16  net.minecraft.client.renderer.GameRenderer$$Lambda$5978/0x0000000800e98460 (minecraft@1.20.1)
6289:             1             16  net.minecraft.client.renderer.GameRenderer$$Lambda$5979/0x0000000800e98690 (minecraft@1.20.1)
6290:             1             16  net.minecraft.client.renderer.GameRenderer$$Lambda$5980/0x0000000800e988c0 (minecraft@1.20.1)
6291:             1             16  net.minecraft.client.renderer.GameRenderer$$Lambda$5981/0x0000000800e98af0 (minecraft@1.20.1)
6292:             1             16  net.minecraft.client.renderer.GameRenderer$$Lambda$5982/0x0000000800e98d20 (minecraft@1.20.1)
6293:             1             16  net.minecraft.client.renderer.GameRenderer$$Lambda$5983/0x0000000800e98f50 (minecraft@1.20.1)
6294:             1             16  net.minecraft.client.renderer.GameRenderer$$Lambda$5984/0x0000000800e99180 (minecraft@1.20.1)
6295:             1             16  net.minecraft.client.renderer.GameRenderer$$Lambda$5985/0x0000000800e993b0 (minecraft@1.20.1)
6296:             1             16  net.minecraft.client.renderer.GameRenderer$$Lambda$5986/0x0000000800e995e0 (minecraft@1.20.1)
6297:             1             16  net.minecraft.client.renderer.GameRenderer$$Lambda$5987/0x0000000800e99810 (minecraft@1.20.1)
6298:             1             16  net.minecraft.client.renderer.GameRenderer$$Lambda$5988/0x0000000800e99a40 (minecraft@1.20.1)
6299:             1             16  net.minecraft.client.renderer.GameRenderer$$Lambda$5989/0x0000000800e99c70 (minecraft@1.20.1)
6300:             1             16  net.minecraft.client.renderer.GameRenderer$$Lambda$5990/0x0000000800e99ea0 (minecraft@1.20.1)
6301:             1             16  net.minecraft.client.renderer.GameRenderer$$Lambda$5991/0x0000000800e9a0d0 (minecraft@1.20.1)
6302:             1             16  net.minecraft.client.renderer.GameRenderer$$Lambda$5992/0x0000000800e9a300 (minecraft@1.20.1)
6303:             1             16  net.minecraft.client.renderer.GameRenderer$$Lambda$5993/0x0000000800e9a530 (minecraft@1.20.1)
6304:             1             16  net.minecraft.client.renderer.GameRenderer$$Lambda$5994/0x0000000800e9a760 (minecraft@1.20.1)
6305:             1             16  net.minecraft.client.renderer.GameRenderer$$Lambda$5995/0x0000000800e9a990 (minecraft@1.20.1)
6306:             1             16  net.minecraft.client.renderer.GameRenderer$$Lambda$5996/0x0000000800e9abc0 (minecraft@1.20.1)
6307:             1             16  net.minecraft.client.renderer.GameRenderer$$Lambda$5997/0x0000000800e9adf0 (minecraft@1.20.1)
6308:             1             16  net.minecraft.client.renderer.GameRenderer$$Lambda$5998/0x0000000800e9b020 (minecraft@1.20.1)
6309:             1             16  net.minecraft.client.renderer.GameRenderer$$Lambda$5999/0x0000000800e9b250 (minecraft@1.20.1)
6310:             1             16  net.minecraft.client.renderer.GameRenderer$$Lambda$6000/0x0000000800e9b480 (minecraft@1.20.1)
6311:             1             16  net.minecraft.client.renderer.GameRenderer$$Lambda$6001/0x0000000800e9b6b0 (minecraft@1.20.1)
6312:             1             16  net.minecraft.client.renderer.GameRenderer$1 (minecraft@1.20.1)
6313:             1             16  net.minecraft.client.renderer.GameRenderer$1$$Lambda$5536/0x0000000800e05cf0 (minecraft@1.20.1)
6314:             1             16  net.minecraft.client.renderer.LevelRenderer$$Lambda$5003/0x0000000800d59da0 (minecraft@1.20.1)
6315:             1             16  net.minecraft.client.renderer.LevelRenderer$$Lambda$5005/0x0000000800d5b388 (minecraft@1.20.1)
6316:             1             16  net.minecraft.client.renderer.RenderStateShard$$Lambda$4727/0x0000000800cae5e8 (minecraft@1.20.1)
6317:             1             16  net.minecraft.client.renderer.RenderStateShard$$Lambda$4728/0x0000000800cae808 (minecraft@1.20.1)
6318:             1             16  net.minecraft.client.renderer.RenderStateShard$$Lambda$4729/0x0000000800caea28 (minecraft@1.20.1)
6319:             1             16  net.minecraft.client.renderer.RenderStateShard$$Lambda$4730/0x0000000800caec48 (minecraft@1.20.1)
6320:             1             16  net.minecraft.client.renderer.RenderStateShard$$Lambda$4731/0x0000000800caee68 (minecraft@1.20.1)
6321:             1             16  net.minecraft.client.renderer.RenderStateShard$$Lambda$4732/0x0000000800caf088 (minecraft@1.20.1)
6322:             1             16  net.minecraft.client.renderer.RenderStateShard$$Lambda$4733/0x0000000800caf2a8 (minecraft@1.20.1)
6323:             1             16  net.minecraft.client.renderer.RenderStateShard$$Lambda$4734/0x0000000800caf4c8 (minecraft@1.20.1)
6324:             1             16  net.minecraft.client.renderer.RenderStateShard$$Lambda$4735/0x0000000800caf6e8 (minecraft@1.20.1)
6325:             1             16  net.minecraft.client.renderer.RenderStateShard$$Lambda$4736/0x0000000800caf908 (minecraft@1.20.1)
6326:             1             16  net.minecraft.client.renderer.RenderStateShard$$Lambda$4737/0x0000000800cafb28 (minecraft@1.20.1)
6327:             1             16  net.minecraft.client.renderer.RenderStateShard$$Lambda$4738/0x0000000800cafd48 (minecraft@1.20.1)
6328:             1             16  net.minecraft.client.renderer.RenderStateShard$$Lambda$4741/0x0000000800cb52c0 (minecraft@1.20.1)
6329:             1             16  net.minecraft.client.renderer.RenderStateShard$$Lambda$4744/0x0000000800cb5928 (minecraft@1.20.1)
6330:             1             16  net.minecraft.client.renderer.RenderStateShard$$Lambda$4745/0x0000000800cb5b48 (minecraft@1.20.1)
6331:             1             16  net.minecraft.client.renderer.RenderStateShard$$Lambda$4746/0x0000000800cb5d68 (minecraft@1.20.1)
6332:             1             16  net.minecraft.client.renderer.RenderStateShard$$Lambda$4747/0x0000000800cb5f88 (minecraft@1.20.1)
6333:             1             16  net.minecraft.client.renderer.RenderStateShard$$Lambda$4748/0x0000000800cb61a8 (minecraft@1.20.1)
6334:             1             16  net.minecraft.client.renderer.RenderStateShard$$Lambda$4749/0x0000000800cb63c8 (minecraft@1.20.1)
6335:             1             16  net.minecraft.client.renderer.RenderStateShard$$Lambda$4750/0x0000000800cb65e8 (minecraft@1.20.1)
6336:             1             16  net.minecraft.client.renderer.RenderStateShard$$Lambda$4751/0x0000000800cb6808 (minecraft@1.20.1)
6337:             1             16  net.minecraft.client.renderer.RenderStateShard$$Lambda$4752/0x0000000800cb6a28 (minecraft@1.20.1)
6338:             1             16  net.minecraft.client.renderer.RenderStateShard$$Lambda$4753/0x0000000800cb6c48 (minecraft@1.20.1)
6339:             1             16  net.minecraft.client.renderer.RenderStateShard$$Lambda$4754/0x0000000800cb6e68 (minecraft@1.20.1)
6340:             1             16  net.minecraft.client.renderer.RenderStateShard$$Lambda$4755/0x0000000800cb7088 (minecraft@1.20.1)
6341:             1             16  net.minecraft.client.renderer.RenderStateShard$$Lambda$4756/0x0000000800cb72a8 (minecraft@1.20.1)
6342:             1             16  net.minecraft.client.renderer.RenderStateShard$$Lambda$4757/0x0000000800cb74c8 (minecraft@1.20.1)
6343:             1             16  net.minecraft.client.renderer.RenderStateShard$$Lambda$4758/0x0000000800cb76e8 (minecraft@1.20.1)
6344:             1             16  net.minecraft.client.renderer.RenderStateShard$$Lambda$4759/0x0000000800cb7908 (minecraft@1.20.1)
6345:             1             16  net.minecraft.client.renderer.RenderStateShard$$Lambda$4760/0x0000000800cb7b28 (minecraft@1.20.1)
6346:             1             16  net.minecraft.client.renderer.RenderStateShard$$Lambda$4761/0x0000000800cb7d48 (minecraft@1.20.1)
6347:             1             16  net.minecraft.client.renderer.RenderStateShard$$Lambda$4763/0x0000000800cb2000 (minecraft@1.20.1)
6348:             1             16  net.minecraft.client.renderer.RenderStateShard$$Lambda$4764/0x0000000800cb2220 (minecraft@1.20.1)
6349:             1             16  net.minecraft.client.renderer.RenderStateShard$$Lambda$4765/0x0000000800cb2440 (minecraft@1.20.1)
6350:             1             16  net.minecraft.client.renderer.RenderStateShard$$Lambda$4766/0x0000000800cb2660 (minecraft@1.20.1)
6351:             1             16  net.minecraft.client.renderer.RenderStateShard$$Lambda$4767/0x0000000800cb2880 (minecraft@1.20.1)
6352:             1             16  net.minecraft.client.renderer.RenderStateShard$$Lambda$4768/0x0000000800cb2aa0 (minecraft@1.20.1)
6353:             1             16  net.minecraft.client.renderer.RenderStateShard$$Lambda$4769/0x0000000800cb2cc0 (minecraft@1.20.1)
6354:             1             16  net.minecraft.client.renderer.RenderStateShard$$Lambda$4770/0x0000000800cb2ee0 (minecraft@1.20.1)
6355:             1             16  net.minecraft.client.renderer.RenderStateShard$$Lambda$4771/0x0000000800cb3100 (minecraft@1.20.1)
6356:             1             16  net.minecraft.client.renderer.RenderStateShard$$Lambda$4772/0x0000000800cb3320 (minecraft@1.20.1)
6357:             1             16  net.minecraft.client.renderer.RenderStateShard$$Lambda$4773/0x0000000800cb3540 (minecraft@1.20.1)
6358:             1             16  net.minecraft.client.renderer.RenderStateShard$$Lambda$4774/0x0000000800cb3760 (minecraft@1.20.1)
6359:             1             16  net.minecraft.client.renderer.RenderStateShard$$Lambda$4775/0x0000000800cb3980 (minecraft@1.20.1)
6360:             1             16  net.minecraft.client.renderer.RenderStateShard$$Lambda$4776/0x0000000800cb3ba0 (minecraft@1.20.1)
6361:             1             16  net.minecraft.client.renderer.RenderStateShard$$Lambda$4777/0x0000000800cb3dc0 (minecraft@1.20.1)
6362:             1             16  net.minecraft.client.renderer.RenderStateShard$$Lambda$4778/0x0000000800cb1000 (minecraft@1.20.1)
6363:             1             16  net.minecraft.client.renderer.RenderStateShard$$Lambda$4779/0x0000000800cb1220 (minecraft@1.20.1)
6364:             1             16  net.minecraft.client.renderer.RenderStateShard$$Lambda$4780/0x0000000800cb1440 (minecraft@1.20.1)
6365:             1             16  net.minecraft.client.renderer.RenderStateShard$$Lambda$4781/0x0000000800cb1660 (minecraft@1.20.1)
6366:             1             16  net.minecraft.client.renderer.RenderStateShard$$Lambda$4782/0x0000000800cb1880 (minecraft@1.20.1)
6367:             1             16  net.minecraft.client.renderer.RenderStateShard$$Lambda$4783/0x0000000800cb1aa0 (minecraft@1.20.1)
6368:             1             16  net.minecraft.client.renderer.RenderStateShard$$Lambda$4784/0x0000000800cb1cc0 (minecraft@1.20.1)
6369:             1             16  net.minecraft.client.renderer.RenderStateShard$$Lambda$4785/0x0000000800cb0800 (minecraft@1.20.1)
6370:             1             16  net.minecraft.client.renderer.RenderStateShard$$Lambda$4786/0x0000000800cb0a20 (minecraft@1.20.1)
6371:             1             16  net.minecraft.client.renderer.RenderStateShard$$Lambda$4787/0x0000000800cb0c40 (minecraft@1.20.1)
6372:             1             16  net.minecraft.client.renderer.RenderStateShard$$Lambda$4788/0x0000000800cb0400 (minecraft@1.20.1)
6373:             1             16  net.minecraft.client.renderer.RenderStateShard$$Lambda$4789/0x0000000800cb8000 (minecraft@1.20.1)
6374:             1             16  net.minecraft.client.renderer.RenderStateShard$$Lambda$4790/0x0000000800cb8220 (minecraft@1.20.1)
6375:             1             16  net.minecraft.client.renderer.RenderStateShard$$Lambda$4791/0x0000000800cb8440 (minecraft@1.20.1)
6376:             1             16  net.minecraft.client.renderer.RenderStateShard$$Lambda$4792/0x0000000800cb8660 (minecraft@1.20.1)
6377:             1             16  net.minecraft.client.renderer.RenderStateShard$$Lambda$4793/0x0000000800cb8880 (minecraft@1.20.1)
6378:             1             16  net.minecraft.client.renderer.RenderStateShard$$Lambda$4794/0x0000000800cb8aa0 (minecraft@1.20.1)
6379:             1             16  net.minecraft.client.renderer.RenderStateShard$$Lambda$4795/0x0000000800cb8cc0 (minecraft@1.20.1)
6380:             1             16  net.minecraft.client.renderer.RenderStateShard$$Lambda$4796/0x0000000800cb8ee0 (minecraft@1.20.1)
6381:             1             16  net.minecraft.client.renderer.RenderStateShard$$Lambda$4797/0x0000000800cb9100 (minecraft@1.20.1)
6382:             1             16  net.minecraft.client.renderer.RenderStateShard$$Lambda$4798/0x0000000800cb9320 (minecraft@1.20.1)
6383:             1             16  net.minecraft.client.renderer.RenderStateShard$$Lambda$4803/0x0000000800cbac30 (minecraft@1.20.1)
6384:             1             16  net.minecraft.client.renderer.RenderStateShard$$Lambda$4804/0x0000000800cbae50 (minecraft@1.20.1)
6385:             1             16  net.minecraft.client.renderer.RenderStateShard$$Lambda$4805/0x0000000800cbb070 (minecraft@1.20.1)
6386:             1             16  net.minecraft.client.renderer.RenderStateShard$$Lambda$4806/0x0000000800cbb290 (minecraft@1.20.1)
6387:             1             16  net.minecraft.client.renderer.RenderStateShard$$Lambda$4807/0x0000000800cbb4b0 (minecraft@1.20.1)
6388:             1             16  net.minecraft.client.renderer.RenderStateShard$$Lambda$4808/0x0000000800cbb6d0 (minecraft@1.20.1)
6389:             1             16  net.minecraft.client.renderer.RenderStateShard$$Lambda$4819/0x0000000800cbfdc0 (minecraft@1.20.1)
6390:             1             16  net.minecraft.client.renderer.RenderStateShard$$Lambda$4820/0x0000000800cbd000 (minecraft@1.20.1)
6391:             1             16  net.minecraft.client.renderer.RenderStateShard$$Lambda$4821/0x0000000800cbd220 (minecraft@1.20.1)
6392:             1             16  net.minecraft.client.renderer.RenderStateShard$$Lambda$4822/0x0000000800cbd440 (minecraft@1.20.1)
6393:             1             16  net.minecraft.client.renderer.RenderStateShard$$Lambda$4823/0x0000000800cbd660 (minecraft@1.20.1)
6394:             1             16  net.minecraft.client.renderer.RenderStateShard$$Lambda$4824/0x0000000800cbd880 (minecraft@1.20.1)
6395:             1             16  net.minecraft.client.renderer.RenderStateShard$$Lambda$4825/0x0000000800cbdcc0 (minecraft@1.20.1)
6396:             1             16  net.minecraft.client.renderer.RenderStateShard$$Lambda$4826/0x0000000800cbc800 (minecraft@1.20.1)
6397:             1             16  net.minecraft.client.renderer.RenderStateShard$$Lambda$4827/0x0000000800cbca20 (minecraft@1.20.1)
6398:             1             16  net.minecraft.client.renderer.RenderStateShard$$Lambda$4828/0x0000000800cbcc40 (minecraft@1.20.1)
6399:             1             16  net.minecraft.client.renderer.RenderStateShard$$Lambda$4829/0x0000000800d00000 (minecraft@1.20.1)
6400:             1             16  net.minecraft.client.renderer.RenderStateShard$$Lambda$4830/0x0000000800d00220 (minecraft@1.20.1)
6401:             1             16  net.minecraft.client.renderer.RenderStateShard$$Lambda$4831/0x0000000800d00440 (minecraft@1.20.1)
6402:             1             16  net.minecraft.client.renderer.RenderStateShard$$Lambda$4832/0x0000000800d00660 (minecraft@1.20.1)
6403:             1             16  net.minecraft.client.renderer.RenderStateShard$$Lambda$4833/0x0000000800d00880 (minecraft@1.20.1)
6404:             1             16  net.minecraft.client.renderer.RenderStateShard$$Lambda$4834/0x0000000800d00aa0 (minecraft@1.20.1)
6405:             1             16  net.minecraft.client.renderer.RenderStateShard$$Lambda$4835/0x0000000800d00cc0 (minecraft@1.20.1)
6406:             1             16  net.minecraft.client.renderer.RenderStateShard$$Lambda$4836/0x0000000800d00ee0 (minecraft@1.20.1)
6407:             1             16  net.minecraft.client.renderer.RenderStateShard$$Lambda$4837/0x0000000800d01100 (minecraft@1.20.1)
6408:             1             16  net.minecraft.client.renderer.RenderStateShard$$Lambda$4838/0x0000000800d01320 (minecraft@1.20.1)
6409:             1             16  net.minecraft.client.renderer.RenderStateShard$$Lambda$4841/0x0000000800d01dd0 (minecraft@1.20.1)
6410:             1             16  net.minecraft.client.renderer.RenderStateShard$$Lambda$4842/0x0000000800d01ff0 (minecraft@1.20.1)
6411:             1             16  net.minecraft.client.renderer.RenderStateShard$$Lambda$4843/0x0000000800d02210 (minecraft@1.20.1)
6412:             1             16  net.minecraft.client.renderer.RenderStateShard$$Lambda$4844/0x0000000800d02430 (minecraft@1.20.1)
6413:             1             16  net.minecraft.client.renderer.RenderStateShard$EmptyTextureStateShard$$Lambda$4801/0x0000000800cba7f0 (minecraft@1.20.1)
6414:             1             16  net.minecraft.client.renderer.RenderStateShard$EmptyTextureStateShard$$Lambda$4802/0x0000000800cbaa10 (minecraft@1.20.1)
6415:             1             16  net.minecraft.client.renderer.RenderStateShard$MultiTextureStateShard$$Lambda$4886/0x0000000800d0ce68 (minecraft@1.20.1)
6416:             1             16  net.minecraft.client.renderer.RenderStateShard$MultiTextureStateShard$$Lambda$4887/0x0000000800d0d088 (minecraft@1.20.1)
6417:             1             16  net.minecraft.client.renderer.RenderStateShard$ShaderStateShard$$Lambda$4739/0x0000000800cb4220 (minecraft@1.20.1)
6418:             1             16  net.minecraft.client.renderer.RenderStateShard$ShaderStateShard$$Lambda$4740/0x0000000800cb4440 (minecraft@1.20.1)
6419:             1             16  net.minecraft.client.renderer.RenderStateShard$ShaderStateShard$$Lambda$4743/0x0000000800cb5708 (minecraft@1.20.1)
6420:             1             16  net.minecraft.client.renderer.RenderStateShard$TextureStateShard$$Lambda$4800/0x0000000800cba5d0 (minecraft@1.20.1)
6421:             1             16  net.minecraft.client.renderer.RenderType$$Lambda$4862/0x0000000800d08248 (minecraft@1.20.1)
6422:             1             16  net.minecraft.client.renderer.RenderType$$Lambda$4863/0x0000000800d086d8 (minecraft@1.20.1)
6423:             1             16  net.minecraft.client.renderer.RenderType$$Lambda$4864/0x0000000800d08918 (minecraft@1.20.1)
6424:             1             16  net.minecraft.client.renderer.RenderType$$Lambda$4865/0x0000000800d08b58 (minecraft@1.20.1)
6425:             1             16  net.minecraft.client.renderer.RenderType$$Lambda$4866/0x0000000800d08d88 (minecraft@1.20.1)
6426:             1             16  net.minecraft.client.renderer.RenderType$$Lambda$4867/0x0000000800d08fb8 (minecraft@1.20.1)
6427:             1             16  net.minecraft.client.renderer.RenderType$$Lambda$4868/0x0000000800d091f8 (minecraft@1.20.1)
6428:             1             16  net.minecraft.client.renderer.RenderType$$Lambda$4869/0x0000000800d09438 (minecraft@1.20.1)
6429:             1             16  net.minecraft.client.renderer.RenderType$$Lambda$4870/0x0000000800d09668 (minecraft@1.20.1)
6430:             1             16  net.minecraft.client.renderer.RenderType$$Lambda$4871/0x0000000800d09898 (minecraft@1.20.1)
6431:             1             16  net.minecraft.client.renderer.RenderType$$Lambda$4872/0x0000000800d09ad8 (minecraft@1.20.1)
6432:             1             16  net.minecraft.client.renderer.RenderType$$Lambda$4873/0x0000000800d09d08 (minecraft@1.20.1)
6433:             1             16  net.minecraft.client.renderer.RenderType$$Lambda$4874/0x0000000800d09f48 (minecraft@1.20.1)
6434:             1             16  net.minecraft.client.renderer.RenderType$$Lambda$4875/0x0000000800d0a188 (minecraft@1.20.1)
6435:             1             16  net.minecraft.client.renderer.RenderType$$Lambda$4876/0x0000000800d0a3c8 (minecraft@1.20.1)
6436:             1             16  net.minecraft.client.renderer.RenderType$$Lambda$4877/0x0000000800d0a608 (minecraft@1.20.1)
6437:             1             16  net.minecraft.client.renderer.RenderType$$Lambda$4878/0x0000000800d0b5f8 (minecraft@1.20.1)
6438:             1             16  net.minecraft.client.renderer.RenderType$$Lambda$4879/0x0000000800d0b838 (minecraft@1.20.1)
6439:             1             16  net.minecraft.client.renderer.RenderType$$Lambda$4880/0x0000000800d0ba78 (minecraft@1.20.1)
6440:             1             16  net.minecraft.client.renderer.RenderType$$Lambda$4881/0x0000000800d0bcb8 (minecraft@1.20.1)
6441:             1             16  net.minecraft.client.renderer.RenderType$$Lambda$4882/0x0000000800d0bef8 (minecraft@1.20.1)
6442:             1             16  net.minecraft.client.renderer.RenderType$$Lambda$4883/0x0000000800d0c138 (minecraft@1.20.1)
6443:             1             16  net.minecraft.client.renderer.RenderType$$Lambda$4884/0x0000000800d0c378 (minecraft@1.20.1)
6444:             1             16  net.minecraft.client.renderer.RenderType$$Lambda$4888/0x0000000800d0d2c8 (minecraft@1.20.1)
6445:             1             16  net.minecraft.client.renderer.RenderType$CompositeRenderType$$Lambda$4857/0x0000000800d053f0 (minecraft@1.20.1)
6446:             1             16  net.minecraft.client.renderer.RenderType$CompositeRenderType$$Lambda$6090/0x0000000800eb9bb0 (minecraft@1.20.1)
6447:             1             16  net.minecraft.client.renderer.RenderType$CompositeRenderType$$Lambda$6091/0x0000000800eb9de0 (minecraft@1.20.1)
6448:             1             16  net.minecraft.client.renderer.Sheets$$Lambda$4965/0x0000000800d2dda8 (minecraft@1.20.1)
6449:             1             16  net.minecraft.client.renderer.Sheets$$Lambda$4966/0x0000000800d2dfe8 (minecraft@1.20.1)
6450:             1             16  net.minecraft.client.renderer.Sheets$$Lambda$4967/0x0000000800d2e228 (minecraft@1.20.1)
6451:             1             16  net.minecraft.client.renderer.Sheets$$Lambda$4968/0x0000000800d2e468 (minecraft@1.20.1)
6452:             1             16  net.minecraft.client.renderer.Sheets$$Lambda$4969/0x0000000800d2e6a8 (minecraft@1.20.1)
6453:             1             16  net.minecraft.client.renderer.Sheets$$Lambda$4970/0x0000000800d2e8e8 (minecraft@1.20.1)
6454:             1             16  net.minecraft.client.renderer.Sheets$$Lambda$4971/0x0000000800d2eb28 (minecraft@1.20.1)
6455:             1             16  net.minecraft.client.renderer.Sheets$$Lambda$4972/0x0000000800d2ed48 (minecraft@1.20.1)
6456:             1             16  net.minecraft.client.renderer.Sheets$$Lambda$4973/0x0000000800d2f180 (minecraft@1.20.1)
6457:             1             16  net.minecraft.client.renderer.VirtualScreen$$Lambda$4571/0x0000000800c24860 (minecraft@1.20.1)
6458:             1             16  net.minecraft.client.renderer.block.ModelBlockRenderer$$Lambda$5000/0x0000000800d536e0 (minecraft@1.20.1)
6459:             1             16  net.minecraft.client.renderer.block.model.BlockModel$Deserializer (minecraft@1.20.1)
6460:             1             16  net.minecraft.client.renderer.block.model.BlockModelDefinition$Deserializer (minecraft@1.20.1)
6461:             1             16  net.minecraft.client.renderer.block.model.ItemOverride$Deserializer$$Lambda$5547/0x0000000800e09c78 (minecraft@1.20.1)
6462:             1             16  net.minecraft.client.renderer.block.model.ItemOverrides$$Lambda$5680/0x0000000800e34780 (minecraft@1.20.1)
6463:             1             16  net.minecraft.client.renderer.block.model.ItemOverrides$$Lambda$5681/0x0000000800e349c0 (minecraft@1.20.1)
6464:             1             16  net.minecraft.client.renderer.block.model.ItemOverrides$$Lambda$5682/0x0000000800e34c00 (minecraft@1.20.1)
6465:             1             16  net.minecraft.client.renderer.block.model.ItemOverrides$$Lambda$5684/0x0000000800e35468 (minecraft@1.20.1)
6466:             1             16  net.minecraft.client.renderer.block.model.MultiVariant$$Lambda$5589/0x0000000800e16ea0 (minecraft@1.20.1)
6467:             1             16  net.minecraft.client.renderer.block.model.MultiVariant$$Lambda$5648/0x0000000800e21d70 (minecraft@1.20.1)
6468:             1             16  net.minecraft.client.renderer.block.model.MultiVariant$Deserializer (minecraft@1.20.1)
6469:             1             16  net.minecraft.client.renderer.block.model.Variant$Deserializer (minecraft@1.20.1)
6470:             1             16  net.minecraft.client.renderer.block.model.multipart.Condition$$Lambda$5637/0x0000000800e20228 (minecraft@1.20.1)
6471:             1             16  net.minecraft.client.renderer.block.model.multipart.Condition$$Lambda$5638/0x0000000800e20448 (minecraft@1.20.1)
6472:             1             16  net.minecraft.client.renderer.block.model.multipart.Condition$$Lambda$5639/0x0000000800e20668 (minecraft@1.20.1)
6473:             1             16  net.minecraft.client.renderer.block.model.multipart.MultiPart$$Lambda$5598/0x0000000800e1cd38 (minecraft@1.20.1)
6474:             1             16  net.minecraft.client.renderer.block.model.multipart.MultiPart$Deserializer (minecraft@1.20.1)
6475:             1             16  net.minecraft.client.renderer.block.model.multipart.Selector$Deserializer (minecraft@1.20.1)
6476:             1             16  net.minecraft.client.renderer.block.model.multipart.Selector$Deserializer$$Lambda$5595/0x0000000800e1c468 (minecraft@1.20.1)
6477:             1             16  net.minecraft.client.renderer.block.model.multipart.Selector$Deserializer$$Lambda$5608/0x0000000800e1ec08 (minecraft@1.20.1)
6478:             1             16  net.minecraft.client.renderer.block.model.multipart.Selector$Deserializer$$Lambda$5609/0x0000000800e1ee48 (minecraft@1.20.1)
6479:             1             16  net.minecraft.client.renderer.blockentity.BeaconRenderer (minecraft@1.20.1)
6480:             1             16  net.minecraft.client.renderer.blockentity.BellRenderer (minecraft@1.20.1)
6481:             1             16  net.minecraft.client.renderer.blockentity.BlockEntityRenderers$$Lambda$5726/0x0000000800e544a0 (minecraft@1.20.1)
6482:             1             16  net.minecraft.client.renderer.blockentity.BlockEntityRenderers$$Lambda$5727/0x0000000800e546c0 (minecraft@1.20.1)
6483:             1             16  net.minecraft.client.renderer.blockentity.BlockEntityRenderers$$Lambda$5728/0x0000000800e54b48 (minecraft@1.20.1)
6484:             1             16  net.minecraft.client.renderer.blockentity.BlockEntityRenderers$$Lambda$5729/0x0000000800e54fd0 (minecraft@1.20.1)
6485:             1             16  net.minecraft.client.renderer.blockentity.BlockEntityRenderers$$Lambda$5730/0x0000000800e551f0 (minecraft@1.20.1)
6486:             1             16  net.minecraft.client.renderer.blockentity.BlockEntityRenderers$$Lambda$5731/0x0000000800e55410 (minecraft@1.20.1)
6487:             1             16  net.minecraft.client.renderer.blockentity.BlockEntityRenderers$$Lambda$5732/0x0000000800e55630 (minecraft@1.20.1)
6488:             1             16  net.minecraft.client.renderer.blockentity.BlockEntityRenderers$$Lambda$5733/0x0000000800e55ab8 (minecraft@1.20.1)
6489:             1             16  net.minecraft.client.renderer.blockentity.BlockEntityRenderers$$Lambda$5734/0x0000000800e55f40 (minecraft@1.20.1)
6490:             1             16  net.minecraft.client.renderer.blockentity.BlockEntityRenderers$$Lambda$5735/0x0000000800e56160 (minecraft@1.20.1)
6491:             1             16  net.minecraft.client.renderer.blockentity.BlockEntityRenderers$$Lambda$5736/0x0000000800e56600 (minecraft@1.20.1)
6492:             1             16  net.minecraft.client.renderer.blockentity.BlockEntityRenderers$$Lambda$5737/0x0000000800e56a90 (minecraft@1.20.1)
6493:             1             16  net.minecraft.client.renderer.blockentity.BlockEntityRenderers$$Lambda$5738/0x0000000800e57180 (minecraft@1.20.1)
6494:             1             16  net.minecraft.client.renderer.blockentity.BlockEntityRenderers$$Lambda$5739/0x0000000800e573a0 (minecraft@1.20.1)
6495:             1             16  net.minecraft.client.renderer.blockentity.BlockEntityRenderers$$Lambda$5740/0x0000000800e57828 (minecraft@1.20.1)
6496:             1             16  net.minecraft.client.renderer.blockentity.BlockEntityRenderers$$Lambda$5741/0x0000000800e57cb0 (minecraft@1.20.1)
6497:             1             16  net.minecraft.client.renderer.blockentity.BlockEntityRenderers$$Lambda$5742/0x0000000800e58000 (minecraft@1.20.1)
6498:             1             16  net.minecraft.client.renderer.blockentity.BlockEntityRenderers$$Lambda$5743/0x0000000800e58220 (minecraft@1.20.1)
6499:             1             16  net.minecraft.client.renderer.blockentity.BlockEntityRenderers$$Lambda$5744/0x0000000800e58440 (minecraft@1.20.1)
6500:             1             16  net.minecraft.client.renderer.blockentity.BlockEntityRenderers$$Lambda$5745/0x0000000800e588c8 (minecraft@1.20.1)
6501:             1             16  net.minecraft.client.renderer.blockentity.BlockEntityRenderers$$Lambda$5746/0x0000000800e58d50 (minecraft@1.20.1)
6502:             1             16  net.minecraft.client.renderer.blockentity.BlockEntityRenderers$$Lambda$5747/0x0000000800e58f70 (minecraft@1.20.1)
6503:             1             16  net.minecraft.client.renderer.blockentity.BrushableBlockRenderer (minecraft@1.20.1)
6504:             1             16  net.minecraft.client.renderer.blockentity.CampfireRenderer (minecraft@1.20.1)
6505:             1             16  net.minecraft.client.renderer.blockentity.EnchantTableRenderer (minecraft@1.20.1)
6506:             1             16  net.minecraft.client.renderer.blockentity.HangingSignRenderer$$Lambda$5760/0x0000000800e5c2f8 (minecraft@1.20.1)
6507:             1             16  net.minecraft.client.renderer.blockentity.HangingSignRenderer$HangingSignModel$$Lambda$5762/0x0000000800e5c780 (minecraft@1.20.1)
6508:             1             16  net.minecraft.client.renderer.blockentity.LecternRenderer (minecraft@1.20.1)
6509:             1             16  net.minecraft.client.renderer.blockentity.PistonHeadRenderer (minecraft@1.20.1)
6510:             1             16  net.minecraft.client.renderer.blockentity.ShulkerBoxRenderer (minecraft@1.20.1)
6511:             1             16  net.minecraft.client.renderer.blockentity.SignRenderer$$Lambda$5757/0x0000000800e5bc30 (minecraft@1.20.1)
6512:             1             16  net.minecraft.client.renderer.blockentity.SignRenderer$SignModel$$Lambda$5759/0x0000000800e5c0b8 (minecraft@1.20.1)
6513:             1             16  net.minecraft.client.renderer.blockentity.SkullBlockRenderer (minecraft@1.20.1)
6514:             1             16  net.minecraft.client.renderer.blockentity.SkullBlockRenderer$$Lambda$5755/0x0000000800e5ad70 (minecraft@1.20.1)
6515:             1             16  net.minecraft.client.renderer.blockentity.SpawnerRenderer (minecraft@1.20.1)
6516:             1             16  net.minecraft.client.renderer.blockentity.StructureBlockRenderer (minecraft@1.20.1)
6517:             1             16  net.minecraft.client.renderer.blockentity.TheEndGatewayRenderer (minecraft@1.20.1)
6518:             1             16  net.minecraft.client.renderer.blockentity.TheEndPortalRenderer (minecraft@1.20.1)
6519:             1             16  net.minecraft.client.renderer.debug.ChunkBorderRenderer (minecraft@1.20.1)
6520:             1             16  net.minecraft.client.renderer.debug.GameTestDebugRenderer (minecraft@1.20.1)
6521:             1             16  net.minecraft.client.renderer.debug.HeightMapRenderer (minecraft@1.20.1)
6522:             1             16  net.minecraft.client.renderer.debug.LightDebugRenderer (minecraft@1.20.1)
6523:             1             16  net.minecraft.client.renderer.debug.SolidFaceRenderer (minecraft@1.20.1)
6524:             1             16  net.minecraft.client.renderer.debug.VillageSectionsDebugRenderer (minecraft@1.20.1)
6525:             1             16  net.minecraft.client.renderer.debug.WaterDebugRenderer (minecraft@1.20.1)
6526:             1             16  net.minecraft.client.renderer.entity.AxolotlRenderer$$Lambda$5923/0x0000000800e8fa10 (minecraft@1.20.1)
6527:             1             16  net.minecraft.client.renderer.entity.BoatRenderer$$Lambda$5927/0x0000000800e8d860 (minecraft@1.20.1)
6528:             1             16  net.minecraft.client.renderer.entity.EntityRenderers$$Lambda$5767/0x0000000800e60a80 (minecraft@1.20.1)
6529:             1             16  net.minecraft.client.renderer.entity.EntityRenderers$$Lambda$5768/0x0000000800e60ca0 (minecraft@1.20.1)
6530:             1             16  net.minecraft.client.renderer.entity.EntityRenderers$$Lambda$5769/0x0000000800e61ba8 (minecraft@1.20.1)
6531:             1             16  net.minecraft.client.renderer.entity.EntityRenderers$$Lambda$5770/0x0000000800e62020 (minecraft@1.20.1)
6532:             1             16  net.minecraft.client.renderer.entity.EntityRenderers$$Lambda$5771/0x0000000800e62bf8 (minecraft@1.20.1)
6533:             1             16  net.minecraft.client.renderer.entity.EntityRenderers$$Lambda$5772/0x0000000800e632f0 (minecraft@1.20.1)
6534:             1             16  net.minecraft.client.renderer.entity.EntityRenderers$$Lambda$5773/0x0000000800e63808 (minecraft@1.20.1)
6535:             1             16  net.minecraft.client.renderer.entity.EntityRenderers$$Lambda$5774/0x0000000800e63d30 (minecraft@1.20.1)
6536:             1             16  net.minecraft.client.renderer.entity.EntityRenderers$$Lambda$5775/0x0000000800e64248 (minecraft@1.20.1)
6537:             1             16  net.minecraft.client.renderer.entity.EntityRenderers$$Lambda$5776/0x0000000800e64768 (minecraft@1.20.1)
6538:             1             16  net.minecraft.client.renderer.entity.EntityRenderers$$Lambda$5777/0x0000000800e64e88 (minecraft@1.20.1)
6539:             1             16  net.minecraft.client.renderer.entity.EntityRenderers$$Lambda$5778/0x0000000800e650a8 (minecraft@1.20.1)
6540:             1             16  net.minecraft.client.renderer.entity.EntityRenderers$$Lambda$5779/0x0000000800e65a58 (minecraft@1.20.1)
6541:             1             16  net.minecraft.client.renderer.entity.EntityRenderers$$Lambda$5780/0x0000000800e65c78 (minecraft@1.20.1)
6542:             1             16  net.minecraft.client.renderer.entity.EntityRenderers$$Lambda$5781/0x0000000800e66908 (minecraft@1.20.1)
6543:             1             16  net.minecraft.client.renderer.entity.EntityRenderers$$Lambda$5782/0x0000000800e66b28 (minecraft@1.20.1)
6544:             1             16  net.minecraft.client.renderer.entity.EntityRenderers$$Lambda$5783/0x0000000800e66d48 (minecraft@1.20.1)
6545:             1             16  net.minecraft.client.renderer.entity.EntityRenderers$$Lambda$5784/0x0000000800e67268 (minecraft@1.20.1)
6546:             1             16  net.minecraft.client.renderer.entity.EntityRenderers$$Lambda$5785/0x0000000800e67788 (minecraft@1.20.1)
6547:             1             16  net.minecraft.client.renderer.entity.EntityRenderers$$Lambda$5786/0x0000000800e679a8 (minecraft@1.20.1)
6548:             1             16  net.minecraft.client.renderer.entity.EntityRenderers$$Lambda$5787/0x0000000800e68000 (minecraft@1.20.1)
6549:             1             16  net.minecraft.client.renderer.entity.EntityRenderers$$Lambda$5788/0x0000000800e689a8 (minecraft@1.20.1)
6550:             1             16  net.minecraft.client.renderer.entity.EntityRenderers$$Lambda$5789/0x0000000800e690f0 (minecraft@1.20.1)
6551:             1             16  net.minecraft.client.renderer.entity.EntityRenderers$$Lambda$5790/0x0000000800e69310 (minecraft@1.20.1)
6552:             1             16  net.minecraft.client.renderer.entity.EntityRenderers$$Lambda$5791/0x0000000800e697a0 (minecraft@1.20.1)
6553:             1             16  net.minecraft.client.renderer.entity.EntityRenderers$$Lambda$5792/0x0000000800e6a1f8 (minecraft@1.20.1)
6554:             1             16  net.minecraft.client.renderer.entity.EntityRenderers$$Lambda$5793/0x0000000800e6a418 (minecraft@1.20.1)
6555:             1             16  net.minecraft.client.renderer.entity.EntityRenderers$$Lambda$5794/0x0000000800e6ac50 (minecraft@1.20.1)
6556:             1             16  net.minecraft.client.renderer.entity.EntityRenderers$$Lambda$5795/0x0000000800e6b5d8 (minecraft@1.20.1)
6557:             1             16  net.minecraft.client.renderer.entity.EntityRenderers$$Lambda$5796/0x0000000800e6baf8 (minecraft@1.20.1)
6558:             1             16  net.minecraft.client.renderer.entity.EntityRenderers$$Lambda$5797/0x0000000800e6bd18 (minecraft@1.20.1)
6559:             1             16  net.minecraft.client.renderer.entity.EntityRenderers$$Lambda$5798/0x0000000800e6bf38 (minecraft@1.20.1)
6560:             1             16  net.minecraft.client.renderer.entity.EntityRenderers$$Lambda$5799/0x0000000800e6c158 (minecraft@1.20.1)
6561:             1             16  net.minecraft.client.renderer.entity.EntityRenderers$$Lambda$5800/0x0000000800e6cbb0 (minecraft@1.20.1)
6562:             1             16  net.minecraft.client.renderer.entity.EntityRenderers$$Lambda$5801/0x0000000800e6d038 (minecraft@1.20.1)
6563:             1             16  net.minecraft.client.renderer.entity.EntityRenderers$$Lambda$5802/0x0000000800e6d258 (minecraft@1.20.1)
6564:             1             16  net.minecraft.client.renderer.entity.EntityRenderers$$Lambda$5803/0x0000000800e6d6e8 (minecraft@1.20.1)
6565:             1             16  net.minecraft.client.renderer.entity.EntityRenderers$$Lambda$5804/0x0000000800e6d908 (minecraft@1.20.1)
6566:             1             16  net.minecraft.client.renderer.entity.EntityRenderers$$Lambda$5805/0x0000000800e6dd90 (minecraft@1.20.1)
6567:             1             16  net.minecraft.client.renderer.entity.EntityRenderers$$Lambda$5806/0x0000000800e6dfb0 (minecraft@1.20.1)
6568:             1             16  net.minecraft.client.renderer.entity.EntityRenderers$$Lambda$5807/0x0000000800e6e438 (minecraft@1.20.1)
6569:             1             16  net.minecraft.client.renderer.entity.EntityRenderers$$Lambda$5808/0x0000000800e6e8c0 (minecraft@1.20.1)
6570:             1             16  net.minecraft.client.renderer.entity.EntityRenderers$$Lambda$5809/0x0000000800e6f010 (minecraft@1.20.1)
6571:             1             16  net.minecraft.client.renderer.entity.EntityRenderers$$Lambda$5810/0x0000000800e6f528 (minecraft@1.20.1)
6572:             1             16  net.minecraft.client.renderer.entity.EntityRenderers$$Lambda$5811/0x0000000800e6f748 (minecraft@1.20.1)
6573:             1             16  net.minecraft.client.renderer.entity.EntityRenderers$$Lambda$5812/0x0000000800e6fc68 (minecraft@1.20.1)
6574:             1             16  net.minecraft.client.renderer.entity.EntityRenderers$$Lambda$5813/0x0000000800e70000 (minecraft@1.20.1)
6575:             1             16  net.minecraft.client.renderer.entity.EntityRenderers$$Lambda$5814/0x0000000800e70738 (minecraft@1.20.1)
6576:             1             16  net.minecraft.client.renderer.entity.EntityRenderers$$Lambda$5815/0x0000000800e70958 (minecraft@1.20.1)
6577:             1             16  net.minecraft.client.renderer.entity.EntityRenderers$$Lambda$5816/0x0000000800e70e70 (minecraft@1.20.1)
6578:             1             16  net.minecraft.client.renderer.entity.EntityRenderers$$Lambda$5817/0x0000000800e71090 (minecraft@1.20.1)
6579:             1             16  net.minecraft.client.renderer.entity.EntityRenderers$$Lambda$5818/0x0000000800e715b0 (minecraft@1.20.1)
6580:             1             16  net.minecraft.client.renderer.entity.EntityRenderers$$Lambda$5819/0x0000000800e717d0 (minecraft@1.20.1)
6581:             1             16  net.minecraft.client.renderer.entity.EntityRenderers$$Lambda$5820/0x0000000800e723b0 (minecraft@1.20.1)
6582:             1             16  net.minecraft.client.renderer.entity.EntityRenderers$$Lambda$5821/0x0000000800e72bd8 (minecraft@1.20.1)
6583:             1             16  net.minecraft.client.renderer.entity.EntityRenderers$$Lambda$5822/0x0000000800e73348 (minecraft@1.20.1)
6584:             1             16  net.minecraft.client.renderer.entity.EntityRenderers$$Lambda$5823/0x0000000800e73568 (minecraft@1.20.1)
6585:             1             16  net.minecraft.client.renderer.entity.EntityRenderers$$Lambda$5824/0x0000000800e73ee8 (minecraft@1.20.1)
6586:             1             16  net.minecraft.client.renderer.entity.EntityRenderers$$Lambda$5825/0x0000000800e74388 (minecraft@1.20.1)
6587:             1             16  net.minecraft.client.renderer.entity.EntityRenderers$$Lambda$5826/0x0000000800e74830 (minecraft@1.20.1)
6588:             1             16  net.minecraft.client.renderer.entity.EntityRenderers$$Lambda$5827/0x0000000800e74a50 (minecraft@1.20.1)
6589:             1             16  net.minecraft.client.renderer.entity.EntityRenderers$$Lambda$5828/0x0000000800e74ed8 (minecraft@1.20.1)
6590:             1             16  net.minecraft.client.renderer.entity.EntityRenderers$$Lambda$5829/0x0000000800e75360 (minecraft@1.20.1)
6591:             1             16  net.minecraft.client.renderer.entity.EntityRenderers$$Lambda$5830/0x0000000800e75580 (minecraft@1.20.1)
6592:             1             16  net.minecraft.client.renderer.entity.EntityRenderers$$Lambda$5831/0x0000000800e75a08 (minecraft@1.20.1)
6593:             1             16  net.minecraft.client.renderer.entity.EntityRenderers$$Lambda$5832/0x0000000800e75f38 (minecraft@1.20.1)
6594:             1             16  net.minecraft.client.renderer.entity.EntityRenderers$$Lambda$5833/0x0000000800e76158 (minecraft@1.20.1)
6595:             1             16  net.minecraft.client.renderer.entity.EntityRenderers$$Lambda$5834/0x0000000800e76378 (minecraft@1.20.1)
6596:             1             16  net.minecraft.client.renderer.entity.EntityRenderers$$Lambda$5835/0x0000000800e76ac0 (minecraft@1.20.1)
6597:             1             16  net.minecraft.client.renderer.entity.EntityRenderers$$Lambda$5836/0x0000000800e76ce0 (minecraft@1.20.1)
6598:             1             16  net.minecraft.client.renderer.entity.EntityRenderers$$Lambda$5837/0x0000000800e771f8 (minecraft@1.20.1)
6599:             1             16  net.minecraft.client.renderer.entity.EntityRenderers$$Lambda$5838/0x0000000800e77680 (minecraft@1.20.1)
6600:             1             16  net.minecraft.client.renderer.entity.EntityRenderers$$Lambda$5839/0x0000000800e78230 (minecraft@1.20.1)
6601:             1             16  net.minecraft.client.renderer.entity.EntityRenderers$$Lambda$5840/0x0000000800e78750 (minecraft@1.20.1)
6602:             1             16  net.minecraft.client.renderer.entity.EntityRenderers$$Lambda$5841/0x0000000800e78ea8 (minecraft@1.20.1)
6603:             1             16  net.minecraft.client.renderer.entity.EntityRenderers$$Lambda$5842/0x0000000800e795e8 (minecraft@1.20.1)
6604:             1             16  net.minecraft.client.renderer.entity.EntityRenderers$$Lambda$5843/0x0000000800e79808 (minecraft@1.20.1)
6605:             1             16  net.minecraft.client.renderer.entity.EntityRenderers$$Lambda$5844/0x0000000800e79a28 (minecraft@1.20.1)
6606:             1             16  net.minecraft.client.renderer.entity.EntityRenderers$$Lambda$5845/0x0000000800e79f48 (minecraft@1.20.1)
6607:             1             16  net.minecraft.client.renderer.entity.EntityRenderers$$Lambda$5846/0x0000000800e7a468 (minecraft@1.20.1)
6608:             1             16  net.minecraft.client.renderer.entity.EntityRenderers$$Lambda$5847/0x0000000800e7a688 (minecraft@1.20.1)
6609:             1             16  net.minecraft.client.renderer.entity.EntityRenderers$$Lambda$5848/0x0000000800e7abb8 (minecraft@1.20.1)
6610:             1             16  net.minecraft.client.renderer.entity.EntityRenderers$$Lambda$5849/0x0000000800e7b0d0 (minecraft@1.20.1)
6611:             1             16  net.minecraft.client.renderer.entity.EntityRenderers$$Lambda$5850/0x0000000800e7b5e8 (minecraft@1.20.1)
6612:             1             16  net.minecraft.client.renderer.entity.EntityRenderers$$Lambda$5851/0x0000000800e7bb08 (minecraft@1.20.1)
6613:             1             16  net.minecraft.client.renderer.entity.EntityRenderers$$Lambda$5852/0x0000000800e7c250 (minecraft@1.20.1)
6614:             1             16  net.minecraft.client.renderer.entity.EntityRenderers$$Lambda$5853/0x0000000800e7c9b0 (minecraft@1.20.1)
6615:             1             16  net.minecraft.client.renderer.entity.EntityRenderers$$Lambda$5854/0x0000000800e7ce40 (minecraft@1.20.1)
6616:             1             16  net.minecraft.client.renderer.entity.EntityRenderers$$Lambda$5855/0x0000000800e7d360 (minecraft@1.20.1)
6617:             1             16  net.minecraft.client.renderer.entity.EntityRenderers$$Lambda$5856/0x0000000800e7d880 (minecraft@1.20.1)
6618:             1             16  net.minecraft.client.renderer.entity.EntityRenderers$$Lambda$5857/0x0000000800e7daa0 (minecraft@1.20.1)
6619:             1             16  net.minecraft.client.renderer.entity.EntityRenderers$$Lambda$5858/0x0000000800e7e1f8 (minecraft@1.20.1)
6620:             1             16  net.minecraft.client.renderer.entity.EntityRenderers$$Lambda$5859/0x0000000800e7e418 (minecraft@1.20.1)
6621:             1             16  net.minecraft.client.renderer.entity.EntityRenderers$$Lambda$5860/0x0000000800e7e930 (minecraft@1.20.1)
6622:             1             16  net.minecraft.client.renderer.entity.EntityRenderers$$Lambda$5861/0x0000000800e7eb50 (minecraft@1.20.1)
6623:             1             16  net.minecraft.client.renderer.entity.EntityRenderers$$Lambda$5862/0x0000000800e7f298 (minecraft@1.20.1)
6624:             1             16  net.minecraft.client.renderer.entity.EntityRenderers$$Lambda$5863/0x0000000800e7f4b8 (minecraft@1.20.1)
6625:             1             16  net.minecraft.client.renderer.entity.EntityRenderers$$Lambda$5864/0x0000000800e7f948 (minecraft@1.20.1)
6626:             1             16  net.minecraft.client.renderer.entity.EntityRenderers$$Lambda$5865/0x0000000800e7fb68 (minecraft@1.20.1)
6627:             1             16  net.minecraft.client.renderer.entity.EntityRenderers$$Lambda$5866/0x0000000800e7fd88 (minecraft@1.20.1)
6628:             1             16  net.minecraft.client.renderer.entity.EntityRenderers$$Lambda$5867/0x0000000800e80530 (minecraft@1.20.1)
6629:             1             16  net.minecraft.client.renderer.entity.EntityRenderers$$Lambda$5868/0x0000000800e80a58 (minecraft@1.20.1)
6630:             1             16  net.minecraft.client.renderer.entity.EntityRenderers$$Lambda$5869/0x0000000800e80f70 (minecraft@1.20.1)
6631:             1             16  net.minecraft.client.renderer.entity.EntityRenderers$$Lambda$5870/0x0000000800e81418 (minecraft@1.20.1)
6632:             1             16  net.minecraft.client.renderer.entity.EntityRenderers$$Lambda$5871/0x0000000800e818a0 (minecraft@1.20.1)
6633:             1             16  net.minecraft.client.renderer.entity.EntityRenderers$$Lambda$5872/0x0000000800e81d38 (minecraft@1.20.1)
6634:             1             16  net.minecraft.client.renderer.entity.EntityRenderers$$Lambda$5873/0x0000000800e81f58 (minecraft@1.20.1)
6635:             1             16  net.minecraft.client.renderer.entity.EntityRenderers$$Lambda$5874/0x0000000800e823e0 (minecraft@1.20.1)
6636:             1             16  net.minecraft.client.renderer.entity.EntityRenderers$$Lambda$5875/0x0000000800e82b38 (minecraft@1.20.1)
6637:             1             16  net.minecraft.client.renderer.entity.EntityRenderers$$Lambda$5876/0x0000000800e83058 (minecraft@1.20.1)
6638:             1             16  net.minecraft.client.renderer.entity.EntityRenderers$$Lambda$5877/0x0000000800e83578 (minecraft@1.20.1)
6639:             1             16  net.minecraft.client.renderer.entity.EntityRenderers$$Lambda$5878/0x0000000800e83f00 (minecraft@1.20.1)
6640:             1             16  net.minecraft.client.renderer.entity.EntityRenderers$$Lambda$5879/0x0000000800e84660 (minecraft@1.20.1)
6641:             1             16  net.minecraft.client.renderer.entity.EntityRenderers$$Lambda$5880/0x0000000800e84da8 (minecraft@1.20.1)
6642:             1             16  net.minecraft.client.renderer.entity.EntityRenderers$$Lambda$5881/0x0000000800e852c8 (minecraft@1.20.1)
6643:             1             16  net.minecraft.client.renderer.entity.EntityRenderers$$Lambda$5882/0x0000000800e85a20 (minecraft@1.20.1)
6644:             1             16  net.minecraft.client.renderer.entity.EntityRenderers$$Lambda$5883/0x0000000800e86188 (minecraft@1.20.1)
6645:             1             16  net.minecraft.client.renderer.entity.EntityRenderers$$Lambda$5884/0x0000000800e866b0 (minecraft@1.20.1)
6646:             1             16  net.minecraft.client.renderer.entity.EntityRenderers$$Lambda$5885/0x0000000800e868d0 (minecraft@1.20.1)
6647:             1             16  net.minecraft.client.renderer.entity.EntityRenderers$$Lambda$5886/0x0000000800e87028 (minecraft@1.20.1)
6648:             1             16  net.minecraft.client.renderer.entity.EntityRenderers$$Lambda$5887/0x0000000800e87540 (minecraft@1.20.1)
6649:             1             16  net.minecraft.client.renderer.entity.EntityRenderers$$Lambda$5888/0x0000000800e87760 (minecraft@1.20.1)
6650:             1             16  net.minecraft.client.renderer.entity.EntityRenderers$$Lambda$5889/0x0000000800e87980 (minecraft@1.20.1)
6651:             1             16  net.minecraft.client.renderer.entity.EntityRenderers$$Lambda$5890/0x0000000800e88000 (minecraft@1.20.1)
6652:             1             16  net.minecraft.client.renderer.entity.EntityRenderers$$Lambda$5891/0x0000000800e88220 (minecraft@1.20.1)
6653:             1             16  net.minecraft.client.renderer.entity.HorseRenderer$$Lambda$5932/0x0000000800e8c400 (minecraft@1.20.1)
6654:             1             16  net.minecraft.client.renderer.entity.MushroomCowRenderer$$Lambda$5938/0x0000000800e90f20 (minecraft@1.20.1)
6655:             1             16  net.minecraft.client.renderer.entity.PandaRenderer$$Lambda$5922/0x0000000800e8f7e0 (minecraft@1.20.1)
6656:             1             16  net.minecraft.client.renderer.entity.ShulkerRenderer$$Lambda$5896/0x0000000800e88f68 (minecraft@1.20.1)
6657:             1             16  net.minecraft.client.renderer.entity.ShulkerRenderer$$Lambda$5897/0x0000000800e891a8 (minecraft@1.20.1)
6658:             1             16  net.minecraft.client.renderer.entity.WardenRenderer$$Lambda$5901/0x0000000800e89ef8 (minecraft@1.20.1)
6659:             1             16  net.minecraft.client.renderer.entity.WardenRenderer$$Lambda$5902/0x0000000800e8a318 (minecraft@1.20.1)
6660:             1             16  net.minecraft.client.renderer.entity.WardenRenderer$$Lambda$5903/0x0000000800e8a538 (minecraft@1.20.1)
6661:             1             16  net.minecraft.client.renderer.entity.WardenRenderer$$Lambda$5904/0x0000000800e8a758 (minecraft@1.20.1)
6662:             1             16  net.minecraft.client.renderer.entity.WardenRenderer$$Lambda$5905/0x0000000800e8a978 (minecraft@1.20.1)
6663:             1             16  net.minecraft.client.renderer.entity.WardenRenderer$$Lambda$5906/0x0000000800e8ab98 (minecraft@1.20.1)
6664:             1             16  net.minecraft.client.renderer.entity.WardenRenderer$$Lambda$5907/0x0000000800e8adb8 (minecraft@1.20.1)
6665:             1             16  net.minecraft.client.renderer.entity.WardenRenderer$$Lambda$5908/0x0000000800e8afd8 (minecraft@1.20.1)
6666:             1             16  net.minecraft.client.renderer.entity.WardenRenderer$$Lambda$5909/0x0000000800e8b1f8 (minecraft@1.20.1)
6667:             1             16  net.minecraft.client.renderer.entity.WardenRenderer$$Lambda$5910/0x0000000800e8b418 (minecraft@1.20.1)
6668:             1             16  net.minecraft.client.renderer.entity.layers.EnderEyesLayer (minecraft@1.20.1)
6669:             1             16  net.minecraft.client.renderer.entity.layers.HorseMarkingLayer (minecraft@1.20.1)
6670:             1             16  net.minecraft.client.renderer.entity.layers.HorseMarkingLayer$$Lambda$5934/0x0000000800e90660 (minecraft@1.20.1)
6671:             1             16  net.minecraft.client.renderer.entity.layers.IronGolemCrackinessLayer (minecraft@1.20.1)
6672:             1             16  net.minecraft.client.renderer.entity.layers.PhantomEyesLayer (minecraft@1.20.1)
6673:             1             16  net.minecraft.client.renderer.entity.layers.ShulkerHeadLayer (minecraft@1.20.1)
6674:             1             16  net.minecraft.client.renderer.entity.layers.VillagerProfessionLayer$$Lambda$5918/0x0000000800e8eaf0 (minecraft@1.20.1)
6675:             1             16  net.minecraft.client.renderer.entity.layers.WolfCollarLayer (minecraft@1.20.1)
6676:             1             16  net.minecraft.client.renderer.texture.MipmapGenerator$$Lambda$5516/0x0000000800e02da0 (minecraft@1.20.1)
6677:             1             16  net.minecraft.client.renderer.texture.OverlayTexture (minecraft@1.20.1)
6678:             1             16  net.minecraft.client.renderer.texture.PreloadedTexture$$Lambda$5202/0x0000000800dbbc08 (minecraft@1.20.1)
6679:             1             16  net.minecraft.client.renderer.texture.SpriteContents$AnimatedTexture$$Lambda$5685/0x0000000800e35688 (minecraft@1.20.1)
6680:             1             16  net.minecraft.client.renderer.texture.SpriteLoader$$Lambda$5497/0x0000000800dfa668 (minecraft@1.20.1)
6681:             1             16  net.minecraft.client.renderer.texture.SpriteLoader$$Lambda$5505/0x0000000800e00690 (minecraft@1.20.1)
6682:             1             16  net.minecraft.client.renderer.texture.Stitcher$$Lambda$5506/0x0000000800e00d28 (minecraft@1.20.1)
6683:             1             16  net.minecraft.client.renderer.texture.Stitcher$$Lambda$5507/0x0000000800e00f68 (minecraft@1.20.1)
6684:             1             16  net.minecraft.client.renderer.texture.Stitcher$$Lambda$5510/0x0000000800e01850 (minecraft@1.20.1)
6685:             1             16  net.minecraft.client.renderer.texture.TextureAtlas$$Lambda$5720/0x0000000800e3bb18 (minecraft@1.20.1)
6686:             1             16  net.minecraft.client.renderer.texture.TextureAtlas$$Lambda$5721/0x0000000800e3bd48 (minecraft@1.20.1)
6687:             1             16  net.minecraft.client.renderer.texture.TextureManager$$Lambda$5205/0x0000000800dbc298 (minecraft@1.20.1)
6688:             1             16  net.minecraft.client.renderer.texture.TextureManager$$Lambda$5208/0x0000000800dbcb38 (minecraft@1.20.1)
6689:             1             16  net.minecraft.client.renderer.texture.atlas.SpriteResourceLoader$$Lambda$5495/0x0000000800dfa200 (minecraft@1.20.1)
6690:             1             16  net.minecraft.client.renderer.texture.atlas.SpriteSources$$Lambda$5463/0x0000000800df6d78 (minecraft@1.20.1)
6691:             1             16  net.minecraft.client.renderer.texture.atlas.SpriteSources$$Lambda$5464/0x0000000800df6fb8 (minecraft@1.20.1)
6692:             1             16  net.minecraft.client.renderer.texture.atlas.SpriteSources$$Lambda$5465/0x0000000800df71f8 (minecraft@1.20.1)
6693:             1             16  net.minecraft.client.renderer.texture.atlas.SpriteSources$$Lambda$5466/0x0000000800df7438 (minecraft@1.20.1)
6694:             1             16  net.minecraft.client.renderer.texture.atlas.sources.DirectoryLister$$Lambda$5432/0x0000000800deb550 (minecraft@1.20.1)
6695:             1             16  net.minecraft.client.renderer.texture.atlas.sources.DirectoryLister$$Lambda$5434/0x0000000800deb9d0 (minecraft@1.20.1)
6696:             1             16  net.minecraft.client.renderer.texture.atlas.sources.DirectoryLister$$Lambda$5435/0x0000000800debc10 (minecraft@1.20.1)
6697:             1             16  net.minecraft.client.renderer.texture.atlas.sources.DirectoryLister$$Lambda$5437/0x0000000800df0240 (minecraft@1.20.1)
6698:             1             16  net.minecraft.client.renderer.texture.atlas.sources.PalettedPermutations$$Lambda$5458/0x0000000800df6238 (minecraft@1.20.1)
6699:             1             16  net.minecraft.client.renderer.texture.atlas.sources.PalettedPermutations$$Lambda$5459/0x0000000800df6478 (minecraft@1.20.1)
6700:             1             16  net.minecraft.client.renderer.texture.atlas.sources.PalettedPermutations$$Lambda$5460/0x0000000800df66b8 (minecraft@1.20.1)
6701:             1             16  net.minecraft.client.renderer.texture.atlas.sources.PalettedPermutations$$Lambda$5461/0x0000000800df68f8 (minecraft@1.20.1)
6702:             1             16  net.minecraft.client.renderer.texture.atlas.sources.PalettedPermutations$$Lambda$5462/0x0000000800df6b38 (minecraft@1.20.1)
6703:             1             16  net.minecraft.client.renderer.texture.atlas.sources.SingleFile$$Lambda$5428/0x0000000800dea608 (minecraft@1.20.1)
6704:             1             16  net.minecraft.client.renderer.texture.atlas.sources.SingleFile$$Lambda$5429/0x0000000800dea848 (minecraft@1.20.1)
6705:             1             16  net.minecraft.client.renderer.texture.atlas.sources.SingleFile$$Lambda$5430/0x0000000800deaa88 (minecraft@1.20.1)
6706:             1             16  net.minecraft.client.renderer.texture.atlas.sources.SingleFile$$Lambda$5431/0x0000000800deacc8 (minecraft@1.20.1)
6707:             1             16  net.minecraft.client.renderer.texture.atlas.sources.SourceFilter$$Lambda$5441/0x0000000800df0d58 (minecraft@1.20.1)
6708:             1             16  net.minecraft.client.renderer.texture.atlas.sources.SourceFilter$$Lambda$5442/0x0000000800df0f98 (minecraft@1.20.1)
6709:             1             16  net.minecraft.client.renderer.texture.atlas.sources.SourceFilter$$Lambda$5443/0x0000000800df11d8 (minecraft@1.20.1)
6710:             1             16  net.minecraft.client.renderer.texture.atlas.sources.Unstitcher$$Lambda$5444/0x0000000800df1860 (minecraft@1.20.1)
6711:             1             16  net.minecraft.client.renderer.texture.atlas.sources.Unstitcher$$Lambda$5445/0x0000000800df1aa0 (minecraft@1.20.1)
6712:             1             16  net.minecraft.client.renderer.texture.atlas.sources.Unstitcher$$Lambda$5453/0x0000000800df3120 (minecraft@1.20.1)
6713:             1             16  net.minecraft.client.renderer.texture.atlas.sources.Unstitcher$$Lambda$5454/0x0000000800df3360 (minecraft@1.20.1)
6714:             1             16  net.minecraft.client.renderer.texture.atlas.sources.Unstitcher$$Lambda$5455/0x0000000800df35a0 (minecraft@1.20.1)
6715:             1             16  net.minecraft.client.renderer.texture.atlas.sources.Unstitcher$$Lambda$5456/0x0000000800df37e0 (minecraft@1.20.1)
6716:             1             16  net.minecraft.client.renderer.texture.atlas.sources.Unstitcher$Region$$Lambda$5446/0x0000000800df2140 (minecraft@1.20.1)
6717:             1             16  net.minecraft.client.renderer.texture.atlas.sources.Unstitcher$Region$$Lambda$5447/0x0000000800df2380 (minecraft@1.20.1)
6718:             1             16  net.minecraft.client.renderer.texture.atlas.sources.Unstitcher$Region$$Lambda$5448/0x0000000800df25c0 (minecraft@1.20.1)
6719:             1             16  net.minecraft.client.renderer.texture.atlas.sources.Unstitcher$Region$$Lambda$5449/0x0000000800df2800 (minecraft@1.20.1)
6720:             1             16  net.minecraft.client.renderer.texture.atlas.sources.Unstitcher$Region$$Lambda$5450/0x0000000800df2a40 (minecraft@1.20.1)
6721:             1             16  net.minecraft.client.renderer.texture.atlas.sources.Unstitcher$Region$$Lambda$5451/0x0000000800df2c80 (minecraft@1.20.1)
6722:             1             16  net.minecraft.client.renderer.texture.atlas.sources.Unstitcher$Region$$Lambda$5452/0x0000000800df2ec0 (minecraft@1.20.1)
6723:             1             16  net.minecraft.client.resources.ClientPackSource$$Lambda$4684/0x0000000800c8ef98 (minecraft@1.20.1)
6724:             1             16  net.minecraft.client.resources.FoliageColorReloadListener (minecraft@1.20.1)
6725:             1             16  net.minecraft.client.resources.GrassColorReloadListener (minecraft@1.20.1)
6726:             1             16  net.minecraft.client.resources.SplashManager$$Lambda$5240/0x0000000800dc2ea8 (minecraft@1.20.1)
6727:             1             16  net.minecraft.client.resources.SplashManager$$Lambda$5244/0x0000000800dc3c00 (minecraft@1.20.1)
6728:             1             16  net.minecraft.client.resources.TextureAtlasHolder$$Lambda$5252/0x0000000800dc4e00 (minecraft@1.20.1)
6729:             1             16  net.minecraft.client.resources.language.FormattedBidiReorder$$Lambda$6062/0x0000000800eaa4d8 (minecraft@1.20.1)
6730:             1             16  net.minecraft.client.resources.language.FormattedBidiReorder$$Lambda$6063/0x0000000800eaaa00 (minecraft@1.20.1)
6731:             1             16  net.minecraft.client.resources.language.LanguageInfo$$Lambda$4708/0x0000000800ca0ff0 (minecraft@1.20.1)
6732:             1             16  net.minecraft.client.resources.language.LanguageInfo$$Lambda$4709/0x0000000800ca1230 (minecraft@1.20.1)
6733:             1             16  net.minecraft.client.resources.language.LanguageInfo$$Lambda$4710/0x0000000800ca1470 (minecraft@1.20.1)
6734:             1             16  net.minecraft.client.resources.language.LanguageInfo$$Lambda$4711/0x0000000800ca16b0 (minecraft@1.20.1)
6735:             1             16  net.minecraft.client.resources.language.LanguageInfo$$Lambda$4712/0x0000000800ca18f0 (minecraft@1.20.1)
6736:             1             16  net.minecraft.client.resources.metadata.animation.AnimationMetadataSectionSerializer (minecraft@1.20.1)
6737:             1             16  net.minecraft.client.resources.metadata.language.LanguageMetadataSection$$Lambda$5696/0x0000000800e36c68 (minecraft@1.20.1)
6738:             1             16  net.minecraft.client.resources.metadata.language.LanguageMetadataSection$$Lambda$5697/0x0000000800e36ea8 (minecraft@1.20.1)
6739:             1             16  net.minecraft.client.resources.metadata.texture.TextureMetadataSectionSerializer (minecraft@1.20.1)
6740:             1             16  net.minecraft.client.resources.model.AtlasSet (minecraft@1.20.1)
6741:             1             16  net.minecraft.client.resources.model.AtlasSet$$Lambda$4977/0x0000000800d2f818 (minecraft@1.20.1)
6742:             1             16  net.minecraft.client.resources.model.AtlasSet$$Lambda$5233/0x0000000800dc1438 (minecraft@1.20.1)
6743:             1             16  net.minecraft.client.resources.model.BlockModelRotation$$Lambda$5582/0x0000000800e15ef8 (minecraft@1.20.1)
6744:             1             16  net.minecraft.client.resources.model.BlockModelRotation$$Lambda$5583/0x0000000800e16138 (minecraft@1.20.1)
6745:             1             16  net.minecraft.client.resources.model.Material$$Lambda$4963/0x0000000800d2d928 (minecraft@1.20.1)
6746:             1             16  net.minecraft.client.resources.model.Material$$Lambda$4964/0x0000000800d2db68 (minecraft@1.20.1)
6747:             1             16  net.minecraft.client.resources.model.ModelBakery$$Lambda$4992/0x0000000800d4b1a0 (minecraft@1.20.1)
6748:             1             16  net.minecraft.client.resources.model.ModelBakery$$Lambda$4993/0x0000000800d4b3c0 (minecraft@1.20.1)
6749:             1             16  net.minecraft.client.resources.model.ModelBakery$$Lambda$4994/0x0000000800d4b600 (minecraft@1.20.1)
6750:             1             16  net.minecraft.client.resources.model.ModelBakery$$Lambda$4995/0x0000000800d4fcb0 (minecraft@1.20.1)
6751:             1             16  net.minecraft.client.resources.model.ModelBakery$$Lambda$4996/0x0000000800d50000 (minecraft@1.20.1)
6752:             1             16  net.minecraft.client.resources.model.ModelBakery$$Lambda$4997/0x0000000800d50230 (minecraft@1.20.1)
6753:             1             16  net.minecraft.client.resources.model.ModelBakery$$Lambda$4998/0x0000000800d50470 (minecraft@1.20.1)
6754:             1             16  net.minecraft.client.resources.model.ModelBakery$$Lambda$5556/0x0000000800e0cb60 (minecraft@1.20.1)
6755:             1             16  net.minecraft.client.resources.model.ModelBakery$$Lambda$5591/0x0000000800e17328 (minecraft@1.20.1)
6756:             1             16  net.minecraft.client.resources.model.ModelBakery$ModelGroupKey$$Lambda$5600/0x0000000800e1d1d0 (minecraft@1.20.1)
6757:             1             16  net.minecraft.client.resources.model.ModelManager$$Lambda$5239/0x0000000800dc2c88 (minecraft@1.20.1)
6758:             1             16  net.minecraft.client.resources.model.ModelManager$$Lambda$5242/0x0000000800dc3768 (minecraft@1.20.1)
6759:             1             16  net.minecraft.client.resources.model.ModelManager$$Lambda$5504/0x0000000800dfbbd0 (minecraft@1.20.1)
6760:             1             16  net.minecraft.client.resources.model.ModelManager$$Lambda$5518/0x0000000800e03638 (minecraft@1.20.1)
6761:             1             16  net.minecraft.client.resources.model.ModelManager$$Lambda$5519/0x0000000800e03878 (minecraft@1.20.1)
6762:             1             16  net.minecraft.client.resources.model.ModelManager$$Lambda$5520/0x0000000800e03ac8 (minecraft@1.20.1)
6763:             1             16  net.minecraft.client.resources.model.ModelManager$$Lambda$5521/0x0000000800e03d08 (minecraft@1.20.1)
6764:             1             16  net.minecraft.client.resources.model.ModelManager$$Lambda$5553/0x0000000800e0a9f8 (minecraft@1.20.1)
6765:             1             16  net.minecraft.client.resources.model.ModelManager$$Lambda$5554/0x0000000800e0ac48 (minecraft@1.20.1)
6766:             1             16  net.minecraft.client.resources.model.ModelManager$$Lambda$5555/0x0000000800e0ae88 (minecraft@1.20.1)
6767:             1             16  net.minecraft.client.resources.model.ModelManager$$Lambda$5651/0x0000000800e22620 (minecraft@1.20.1)
6768:             1             16  net.minecraft.client.resources.model.ModelManager$$Lambda$5652/0x0000000800e22860 (minecraft@1.20.1)
6769:             1             16  net.minecraft.client.resources.model.ModelManager$$Lambda$5688/0x0000000800e358a8 (minecraft@1.20.1)
6770:             1             16  net.minecraft.client.resources.model.ModelManager$$Lambda$5690/0x0000000800e35d10 (minecraft@1.20.1)
6771:             1             16  net.minecraft.client.resources.model.ModelManager$$Lambda$5691/0x0000000800e35f50 (minecraft@1.20.1)
6772:             1             16  net.minecraft.client.resources.model.ModelManager$$Lambda$5719/0x0000000800e3b8e8 (minecraft@1.20.1)
6773:             1             16  net.minecraft.client.resources.sounds.SoundEventRegistrationSerializer (minecraft@1.20.1)
6774:             1             16  net.minecraft.client.searchtree.SearchRegistry (minecraft@1.20.1)
6775:             1             16  net.minecraft.client.sounds.SoundBufferLibrary$$Lambda$5713/0x0000000800e3a528 (minecraft@1.20.1)
6776:             1             16  net.minecraft.client.sounds.SoundEngine$$Lambda$5294/0x0000000800dcb368 (minecraft@1.20.1)
6777:             1             16  net.minecraft.client.sounds.SoundEngineExecutor$$Lambda$4715/0x0000000800ca77e8 (minecraft@1.20.1)
6778:             1             16  net.minecraft.client.sounds.SoundEngineExecutor$$Lambda$4716/0x0000000800ca7a10 (minecraft@1.20.1)
6779:             1             16  net.minecraft.client.telemetry.ClientTelemetryManager$$Lambda$5168/0x0000000800da3168 (minecraft@1.20.1)
6780:             1             16  net.minecraft.client.telemetry.TelemetryEventSender$$Lambda$6009/0x0000000800e9d8a8 (minecraft@1.20.1)
6781:             1             16  net.minecraft.client.telemetry.TelemetryEventType$$Lambda$6010/0x0000000800e9dad8 (minecraft@1.20.1)
6782:             1             16  net.minecraft.client.telemetry.TelemetryEventType$$Lambda$6011/0x0000000800e9dd18 (minecraft@1.20.1)
6783:             1             16  net.minecraft.client.telemetry.TelemetryEventType$$Lambda$6013/0x0000000800e9ebc0 (minecraft@1.20.1)
6784:             1             16  net.minecraft.client.telemetry.TelemetryProperty$$Lambda$1033/0x0000000800551308 (minecraft@1.20.1)
6785:             1             16  net.minecraft.client.telemetry.TelemetryProperty$$Lambda$1042/0x0000000800552930 (minecraft@1.20.1)
6786:             1             16  net.minecraft.client.telemetry.TelemetryProperty$$Lambda$1043/0x0000000800552b50 (minecraft@1.20.1)
6787:             1             16  net.minecraft.client.telemetry.TelemetryProperty$$Lambda$1125/0x000000080057ada0 (minecraft@1.20.1)
6788:             1             16  net.minecraft.client.telemetry.TelemetryProperty$$Lambda$1126/0x000000080057afc0 (minecraft@1.20.1)
6789:             1             16  net.minecraft.client.telemetry.TelemetryProperty$$Lambda$1128/0x000000080057b860 (minecraft@1.20.1)
6790:             1             16  net.minecraft.client.telemetry.TelemetryProperty$$Lambda$1129/0x000000080057ba80 (minecraft@1.20.1)
6791:             1             16  net.minecraft.client.telemetry.TelemetryProperty$$Lambda$1130/0x000000080057bca0 (minecraft@1.20.1)
6792:             1             16  net.minecraft.client.telemetry.TelemetryProperty$$Lambda$1131/0x0000000800584000 (minecraft@1.20.1)
6793:             1             16  net.minecraft.client.telemetry.TelemetryProperty$$Lambda$1134/0x00000008005848a8 (minecraft@1.20.1)
6794:             1             16  net.minecraft.client.telemetry.TelemetryProperty$$Lambda$1135/0x0000000800584ac8 (minecraft@1.20.1)
6795:             1             16  net.minecraft.client.telemetry.TelemetryProperty$GameMode$$Lambda$1127/0x000000080057b640 (minecraft@1.20.1)
6796:             1             16  net.minecraft.client.telemetry.TelemetryProperty$ServerType$$Lambda$1044/0x00000008005535c0 (minecraft@1.20.1)
6797:             1             16  net.minecraft.client.telemetry.TelemetryPropertyMap (minecraft@1.20.1)
6798:             1             16  net.minecraft.client.telemetry.events.GameLoadTimesEvent$Measurement$$Lambda$1132/0x0000000800584428 (minecraft@1.20.1)
6799:             1             16  net.minecraft.client.telemetry.events.GameLoadTimesEvent$Measurement$$Lambda$1133/0x0000000800584668 (minecraft@1.20.1)
6800:             1             16  net.minecraft.client.tutorial.TutorialSteps$$Lambda$4450/0x0000000800bf8a88 (minecraft@1.20.1)
6801:             1             16  net.minecraft.client.tutorial.TutorialSteps$$Lambda$4451/0x0000000800bf8400 (minecraft@1.20.1)
6802:             1             16  net.minecraft.client.tutorial.TutorialSteps$$Lambda$4452/0x0000000800c002a0 (minecraft@1.20.1)
6803:             1             16  net.minecraft.client.tutorial.TutorialSteps$$Lambda$4453/0x0000000800c00780 (minecraft@1.20.1)
6804:             1             16  net.minecraft.client.tutorial.TutorialSteps$$Lambda$4454/0x0000000800c00c60 (minecraft@1.20.1)
6805:             1             16  net.minecraft.client.tutorial.TutorialSteps$$Lambda$4455/0x0000000800c01138 (minecraft@1.20.1)
6806:             1             16  net.minecraft.commands.BrigadierExceptions (minecraft@1.20.1)
6807:             1             16  net.minecraft.commands.BrigadierExceptions$$Lambda$1154/0x0000000800585500 (minecraft@1.20.1)
6808:             1             16  net.minecraft.commands.BrigadierExceptions$$Lambda$1155/0x0000000800585720 (minecraft@1.20.1)
6809:             1             16  net.minecraft.commands.BrigadierExceptions$$Lambda$1156/0x0000000800585940 (minecraft@1.20.1)
6810:             1             16  net.minecraft.commands.BrigadierExceptions$$Lambda$1157/0x0000000800585b60 (minecraft@1.20.1)
6811:             1             16  net.minecraft.commands.BrigadierExceptions$$Lambda$1158/0x0000000800585d80 (minecraft@1.20.1)
6812:             1             16  net.minecraft.commands.BrigadierExceptions$$Lambda$1159/0x0000000800585fa0 (minecraft@1.20.1)
6813:             1             16  net.minecraft.commands.BrigadierExceptions$$Lambda$1160/0x00000008005861c0 (minecraft@1.20.1)
6814:             1             16  net.minecraft.commands.BrigadierExceptions$$Lambda$1161/0x00000008005863e0 (minecraft@1.20.1)
6815:             1             16  net.minecraft.commands.BrigadierExceptions$$Lambda$1162/0x0000000800586600 (minecraft@1.20.1)
6816:             1             16  net.minecraft.commands.BrigadierExceptions$$Lambda$1199/0x0000000800592d38 (minecraft@1.20.1)
6817:             1             16  net.minecraft.commands.BrigadierExceptions$$Lambda$1200/0x0000000800592f78 (minecraft@1.20.1)
6818:             1             16  net.minecraft.commands.BrigadierExceptions$$Lambda$1201/0x00000008005931b8 (minecraft@1.20.1)
6819:             1             16  net.minecraft.commands.BrigadierExceptions$$Lambda$1202/0x00000008005933f8 (minecraft@1.20.1)
6820:             1             16  net.minecraft.commands.BrigadierExceptions$$Lambda$1203/0x0000000800593638 (minecraft@1.20.1)
6821:             1             16  net.minecraft.commands.BrigadierExceptions$$Lambda$1204/0x0000000800593878 (minecraft@1.20.1)
6822:             1             16  net.minecraft.commands.BrigadierExceptions$$Lambda$1205/0x0000000800593ab8 (minecraft@1.20.1)
6823:             1             16  net.minecraft.commands.BrigadierExceptions$$Lambda$1206/0x0000000800593cf8 (minecraft@1.20.1)
6824:             1             16  net.minecraft.commands.CommandSource$1 (minecraft@1.20.1)
6825:             1             16  net.minecraft.commands.arguments.EntityArgument$Info (minecraft@1.20.1)
6826:             1             16  net.minecraft.commands.arguments.ResourceArgument$Info (minecraft@1.20.1)
6827:             1             16  net.minecraft.commands.arguments.ResourceKeyArgument$Info (minecraft@1.20.1)
6828:             1             16  net.minecraft.commands.arguments.ResourceOrTagArgument$Info (minecraft@1.20.1)
6829:             1             16  net.minecraft.commands.arguments.ResourceOrTagKeyArgument$Info (minecraft@1.20.1)
6830:             1             16  net.minecraft.commands.arguments.ScoreHolderArgument$Info (minecraft@1.20.1)
6831:             1             16  net.minecraft.commands.arguments.TimeArgument$Info (minecraft@1.20.1)
6832:             1             16  net.minecraft.commands.arguments.selector.options.EntitySelectorOptions$$Lambda$2615/0x00000008009e39d8 (minecraft@1.20.1)
6833:             1             16  net.minecraft.commands.arguments.selector.options.EntitySelectorOptions$$Lambda$2616/0x00000008009e3c18 (minecraft@1.20.1)
6834:             1             16  net.minecraft.commands.arguments.selector.options.EntitySelectorOptions$$Lambda$2617/0x00000008009e6000 (minecraft@1.20.1)
6835:             1             16  net.minecraft.commands.arguments.selector.options.EntitySelectorOptions$$Lambda$2618/0x00000008009e6240 (minecraft@1.20.1)
6836:             1             16  net.minecraft.commands.arguments.selector.options.EntitySelectorOptions$$Lambda$2619/0x00000008009e6480 (minecraft@1.20.1)
6837:             1             16  net.minecraft.commands.arguments.selector.options.EntitySelectorOptions$$Lambda$2620/0x00000008009e6cc0 (minecraft@1.20.1)
6838:             1             16  net.minecraft.commands.arguments.selector.options.EntitySelectorOptions$$Lambda$2621/0x00000008009e6ee0 (minecraft@1.20.1)
6839:             1             16  net.minecraft.commands.arguments.selector.options.EntitySelectorOptions$$Lambda$2622/0x00000008009e7340 (minecraft@1.20.1)
6840:             1             16  net.minecraft.commands.arguments.selector.options.EntitySelectorOptions$$Lambda$2623/0x00000008009e7560 (minecraft@1.20.1)
6841:             1             16  net.minecraft.commands.arguments.selector.options.EntitySelectorOptions$$Lambda$2624/0x00000008009e77b0 (minecraft@1.20.1)
6842:             1             16  net.minecraft.commands.arguments.selector.options.EntitySelectorOptions$$Lambda$2625/0x00000008009e79d0 (minecraft@1.20.1)
6843:             1             16  net.minecraft.commands.arguments.selector.options.EntitySelectorOptions$$Lambda$2626/0x00000008009e7c20 (minecraft@1.20.1)
6844:             1             16  net.minecraft.commands.arguments.selector.options.EntitySelectorOptions$$Lambda$2627/0x00000008009e5000 (minecraft@1.20.1)
6845:             1             16  net.minecraft.commands.arguments.selector.options.EntitySelectorOptions$$Lambda$2628/0x00000008009e5250 (minecraft@1.20.1)
6846:             1             16  net.minecraft.commands.arguments.selector.options.EntitySelectorOptions$$Lambda$2629/0x00000008009e5470 (minecraft@1.20.1)
6847:             1             16  net.minecraft.commands.arguments.selector.options.EntitySelectorOptions$$Lambda$2630/0x00000008009e56c0 (minecraft@1.20.1)
6848:             1             16  net.minecraft.commands.arguments.selector.options.EntitySelectorOptions$$Lambda$2631/0x00000008009e58e0 (minecraft@1.20.1)
6849:             1             16  net.minecraft.commands.arguments.selector.options.EntitySelectorOptions$$Lambda$2632/0x00000008009e5b30 (minecraft@1.20.1)
6850:             1             16  net.minecraft.commands.arguments.selector.options.EntitySelectorOptions$$Lambda$2633/0x00000008009e5d50 (minecraft@1.20.1)
6851:             1             16  net.minecraft.commands.arguments.selector.options.EntitySelectorOptions$$Lambda$2634/0x00000008009e4800 (minecraft@1.20.1)
6852:             1             16  net.minecraft.commands.arguments.selector.options.EntitySelectorOptions$$Lambda$2635/0x00000008009e4a20 (minecraft@1.20.1)
6853:             1             16  net.minecraft.commands.arguments.selector.options.EntitySelectorOptions$$Lambda$2636/0x00000008009e4c70 (minecraft@1.20.1)
6854:             1             16  net.minecraft.commands.arguments.selector.options.EntitySelectorOptions$$Lambda$2637/0x00000008009e4400 (minecraft@1.20.1)
6855:             1             16  net.minecraft.commands.arguments.selector.options.EntitySelectorOptions$$Lambda$2638/0x00000008009e8000 (minecraft@1.20.1)
6856:             1             16  net.minecraft.commands.arguments.selector.options.EntitySelectorOptions$$Lambda$2639/0x00000008009e8220 (minecraft@1.20.1)
6857:             1             16  net.minecraft.commands.arguments.selector.options.EntitySelectorOptions$$Lambda$2640/0x00000008009e8470 (minecraft@1.20.1)
6858:             1             16  net.minecraft.commands.arguments.selector.options.EntitySelectorOptions$$Lambda$2641/0x00000008009e8690 (minecraft@1.20.1)
6859:             1             16  net.minecraft.commands.arguments.selector.options.EntitySelectorOptions$$Lambda$2642/0x00000008009e88e0 (minecraft@1.20.1)
6860:             1             16  net.minecraft.commands.arguments.selector.options.EntitySelectorOptions$$Lambda$2643/0x00000008009e8b00 (minecraft@1.20.1)
6861:             1             16  net.minecraft.commands.arguments.selector.options.EntitySelectorOptions$$Lambda$2644/0x00000008009e8d50 (minecraft@1.20.1)
6862:             1             16  net.minecraft.commands.arguments.selector.options.EntitySelectorOptions$$Lambda$2645/0x00000008009e8f70 (minecraft@1.20.1)
6863:             1             16  net.minecraft.commands.arguments.selector.options.EntitySelectorOptions$$Lambda$2646/0x00000008009e91c0 (minecraft@1.20.1)
6864:             1             16  net.minecraft.commands.arguments.selector.options.EntitySelectorOptions$$Lambda$2647/0x00000008009e93e0 (minecraft@1.20.1)
6865:             1             16  net.minecraft.commands.arguments.selector.options.EntitySelectorOptions$$Lambda$2648/0x00000008009e9630 (minecraft@1.20.1)
6866:             1             16  net.minecraft.commands.arguments.selector.options.EntitySelectorOptions$$Lambda$2649/0x00000008009e9850 (minecraft@1.20.1)
6867:             1             16  net.minecraft.commands.arguments.selector.options.EntitySelectorOptions$$Lambda$2650/0x00000008009e9aa0 (minecraft@1.20.1)
6868:             1             16  net.minecraft.commands.arguments.selector.options.EntitySelectorOptions$$Lambda$2651/0x00000008009e9cc0 (minecraft@1.20.1)
6869:             1             16  net.minecraft.commands.arguments.selector.options.EntitySelectorOptions$$Lambda$2652/0x00000008009e9f10 (minecraft@1.20.1)
6870:             1             16  net.minecraft.commands.arguments.selector.options.EntitySelectorOptions$$Lambda$2653/0x00000008009ea130 (minecraft@1.20.1)
6871:             1             16  net.minecraft.commands.arguments.selector.options.EntitySelectorOptions$$Lambda$2654/0x00000008009ea380 (minecraft@1.20.1)
6872:             1             16  net.minecraft.commands.arguments.selector.options.EntitySelectorOptions$$Lambda$2655/0x00000008009ea5a0 (minecraft@1.20.1)
6873:             1             16  net.minecraft.commands.arguments.selector.options.EntitySelectorOptions$$Lambda$2656/0x00000008009ea7f0 (minecraft@1.20.1)
6874:             1             16  net.minecraft.commands.arguments.selector.options.EntitySelectorOptions$$Lambda$2657/0x00000008009eaa10 (minecraft@1.20.1)
6875:             1             16  net.minecraft.commands.arguments.selector.options.EntitySelectorOptions$$Lambda$2658/0x00000008009eac60 (minecraft@1.20.1)
6876:             1             16  net.minecraft.commands.arguments.selector.options.EntitySelectorOptions$$Lambda$2659/0x00000008009eae80 (minecraft@1.20.1)
6877:             1             16  net.minecraft.commands.arguments.selector.options.EntitySelectorOptions$$Lambda$2660/0x00000008009eb0d0 (minecraft@1.20.1)
6878:             1             16  net.minecraft.commands.arguments.selector.options.EntitySelectorOptions$$Lambda$2661/0x00000008009eb2f0 (minecraft@1.20.1)
6879:             1             16  net.minecraft.commands.synchronization.ArgumentTypeInfos$$Lambda$2829/0x0000000800a2dbe0 (minecraft@1.20.1)
6880:             1             16  net.minecraft.commands.synchronization.ArgumentTypeInfos$$Lambda$2831/0x0000000800a29000 (minecraft@1.20.1)
6881:             1             16  net.minecraft.commands.synchronization.ArgumentTypeInfos$$Lambda$2832/0x0000000800a29670 (minecraft@1.20.1)
6882:             1             16  net.minecraft.commands.synchronization.ArgumentTypeInfos$$Lambda$2833/0x0000000800a29ae0 (minecraft@1.20.1)
6883:             1             16  net.minecraft.commands.synchronization.ArgumentTypeInfos$$Lambda$2834/0x0000000800a28800 (minecraft@1.20.1)
6884:             1             16  net.minecraft.commands.synchronization.ArgumentTypeInfos$$Lambda$2835/0x0000000800a28c70 (minecraft@1.20.1)
6885:             1             16  net.minecraft.commands.synchronization.ArgumentTypeInfos$$Lambda$2836/0x0000000800a30000 (minecraft@1.20.1)
6886:             1             16  net.minecraft.commands.synchronization.ArgumentTypeInfos$$Lambda$2837/0x0000000800a30698 (minecraft@1.20.1)
6887:             1             16  net.minecraft.commands.synchronization.ArgumentTypeInfos$$Lambda$2838/0x0000000800a30b30 (minecraft@1.20.1)
6888:             1             16  net.minecraft.commands.synchronization.ArgumentTypeInfos$$Lambda$2839/0x0000000800a30fc8 (minecraft@1.20.1)
6889:             1             16  net.minecraft.commands.synchronization.ArgumentTypeInfos$$Lambda$2840/0x0000000800a31458 (minecraft@1.20.1)
6890:             1             16  net.minecraft.commands.synchronization.ArgumentTypeInfos$$Lambda$2841/0x0000000800a318c8 (minecraft@1.20.1)
6891:             1             16  net.minecraft.commands.synchronization.ArgumentTypeInfos$$Lambda$2842/0x0000000800a31f50 (minecraft@1.20.1)
6892:             1             16  net.minecraft.commands.synchronization.ArgumentTypeInfos$$Lambda$2843/0x0000000800a323c0 (minecraft@1.20.1)
6893:             1             16  net.minecraft.commands.synchronization.ArgumentTypeInfos$$Lambda$2844/0x0000000800a32830 (minecraft@1.20.1)
6894:             1             16  net.minecraft.commands.synchronization.ArgumentTypeInfos$$Lambda$2845/0x0000000800a32ea0 (minecraft@1.20.1)
6895:             1             16  net.minecraft.commands.synchronization.ArgumentTypeInfos$$Lambda$2846/0x0000000800a33310 (minecraft@1.20.1)
6896:             1             16  net.minecraft.commands.synchronization.ArgumentTypeInfos$$Lambda$2847/0x0000000800a33788 (minecraft@1.20.1)
6897:             1             16  net.minecraft.commands.synchronization.ArgumentTypeInfos$$Lambda$2848/0x0000000800a33df8 (minecraft@1.20.1)
6898:             1             16  net.minecraft.commands.synchronization.ArgumentTypeInfos$$Lambda$2849/0x0000000800a34270 (minecraft@1.20.1)
6899:             1             16  net.minecraft.commands.synchronization.ArgumentTypeInfos$$Lambda$2850/0x0000000800a34700 (minecraft@1.20.1)
6900:             1             16  net.minecraft.commands.synchronization.ArgumentTypeInfos$$Lambda$2851/0x0000000800a34b70 (minecraft@1.20.1)
6901:             1             16  net.minecraft.commands.synchronization.ArgumentTypeInfos$$Lambda$2852/0x0000000800a34fe0 (minecraft@1.20.1)
6902:             1             16  net.minecraft.commands.synchronization.ArgumentTypeInfos$$Lambda$2853/0x0000000800a35918 (minecraft@1.20.1)
6903:             1             16  net.minecraft.commands.synchronization.ArgumentTypeInfos$$Lambda$2854/0x0000000800a35d88 (minecraft@1.20.1)
6904:             1             16  net.minecraft.commands.synchronization.ArgumentTypeInfos$$Lambda$2855/0x0000000800a361f8 (minecraft@1.20.1)
6905:             1             16  net.minecraft.commands.synchronization.ArgumentTypeInfos$$Lambda$2856/0x0000000800a36668 (minecraft@1.20.1)
6906:             1             16  net.minecraft.commands.synchronization.ArgumentTypeInfos$$Lambda$2857/0x0000000800a36cd8 (minecraft@1.20.1)
6907:             1             16  net.minecraft.commands.synchronization.ArgumentTypeInfos$$Lambda$2858/0x0000000800a37148 (minecraft@1.20.1)
6908:             1             16  net.minecraft.commands.synchronization.ArgumentTypeInfos$$Lambda$2859/0x0000000800a377d0 (minecraft@1.20.1)
6909:             1             16  net.minecraft.commands.synchronization.ArgumentTypeInfos$$Lambda$2860/0x0000000800a37c58 (minecraft@1.20.1)
6910:             1             16  net.minecraft.commands.synchronization.ArgumentTypeInfos$$Lambda$2861/0x0000000800a38250 (minecraft@1.20.1)
6911:             1             16  net.minecraft.commands.synchronization.ArgumentTypeInfos$$Lambda$2862/0x0000000800a386c0 (minecraft@1.20.1)
6912:             1             16  net.minecraft.commands.synchronization.ArgumentTypeInfos$$Lambda$2863/0x0000000800a3a5a8 (minecraft@1.20.1)
6913:             1             16  net.minecraft.commands.synchronization.ArgumentTypeInfos$$Lambda$2864/0x0000000800a3aa28 (minecraft@1.20.1)
6914:             1             16  net.minecraft.commands.synchronization.ArgumentTypeInfos$$Lambda$2865/0x0000000800a3aea8 (minecraft@1.20.1)
6915:             1             16  net.minecraft.commands.synchronization.ArgumentTypeInfos$$Lambda$2866/0x0000000800a3b318 (minecraft@1.20.1)
6916:             1             16  net.minecraft.commands.synchronization.ArgumentTypeInfos$$Lambda$2867/0x0000000800a3b788 (minecraft@1.20.1)
6917:             1             16  net.minecraft.commands.synchronization.ArgumentTypeInfos$$Lambda$2868/0x0000000800a3bbf8 (minecraft@1.20.1)
6918:             1             16  net.minecraft.commands.synchronization.brigadier.DoubleArgumentInfo (minecraft@1.20.1)
6919:             1             16  net.minecraft.commands.synchronization.brigadier.FloatArgumentInfo (minecraft@1.20.1)
6920:             1             16  net.minecraft.commands.synchronization.brigadier.IntegerArgumentInfo (minecraft@1.20.1)
6921:             1             16  net.minecraft.commands.synchronization.brigadier.LongArgumentInfo (minecraft@1.20.1)
6922:             1             16  net.minecraft.commands.synchronization.brigadier.StringArgumentSerializer (minecraft@1.20.1)
6923:             1             16  net.minecraft.core.BlockMath$$Lambda$5677/0x0000000800e2a8c8 (minecraft@1.20.1)
6924:             1             16  net.minecraft.core.BlockMath$$Lambda$5678/0x0000000800e2aaf8 (minecraft@1.20.1)
6925:             1             16  net.minecraft.core.BlockPos$$Lambda$1688/0x0000000800786e30 (minecraft@1.20.1)
6926:             1             16  net.minecraft.core.BlockPos$$Lambda$1689/0x0000000800787070 (minecraft@1.20.1)
6927:             1             16  net.minecraft.core.Direction$$Lambda$1422/0x0000000800660480 (minecraft@1.20.1)
6928:             1             16  net.minecraft.core.Direction$$Lambda$1423/0x00000008006606a0 (minecraft@1.20.1)
6929:             1             16  net.minecraft.core.Direction$$Lambda$1424/0x00000008006608e0 (minecraft@1.20.1)
6930:             1             16  net.minecraft.core.Direction$$Lambda$1425/0x0000000800660b00 (minecraft@1.20.1)
6931:             1             16  net.minecraft.core.Direction$$Lambda$1426/0x0000000800660d20 (minecraft@1.20.1)
6932:             1             16  net.minecraft.core.Direction$$Lambda$1427/0x0000000800660f70 (minecraft@1.20.1)
6933:             1             16  net.minecraft.core.Direction$$Lambda$1428/0x0000000800661190 (minecraft@1.20.1)
6934:             1             16  net.minecraft.core.Direction$Axis$$Lambda$1419/0x000000080065fd78 (minecraft@1.20.1)
6935:             1             16  net.minecraft.core.FrontAndTop$$Lambda$1437/0x00000008006708b0 (minecraft@1.20.1)
6936:             1             16  net.minecraft.core.GlobalPos$$Lambda$2517/0x00000008009aac40 (minecraft@1.20.1)
6937:             1             16  net.minecraft.core.GlobalPos$$Lambda$2520/0x00000008009acf90 (minecraft@1.20.1)
6938:             1             16  net.minecraft.core.GlobalPos$$Lambda$2521/0x00000008009ad1d0 (minecraft@1.20.1)
6939:             1             16  net.minecraft.core.GlobalPos$$Lambda$2522/0x00000008009ad410 (minecraft@1.20.1)
6940:             1             16  net.minecraft.core.Holder$Direct (minecraft@1.20.1)
6941:             1             16  net.minecraft.core.MappedRegistry$$Lambda$1323/0x00000008005ce3b8 (minecraft@1.20.1)
6942:             1             16  net.minecraft.core.MappedRegistry$$Lambda$4226/0x0000000800b84440 (minecraft@1.20.1)
6943:             1             16  net.minecraft.core.MappedRegistry$$Lambda$4227/0x0000000800b84690 (minecraft@1.20.1)
6944:             1             16  net.minecraft.core.MappedRegistry$$Lambda$4228/0x0000000800b848d0 (minecraft@1.20.1)
6945:             1             16  net.minecraft.core.MappedRegistry$$Lambda$4229/0x0000000800b84b20 (minecraft@1.20.1)
6946:             1             16  net.minecraft.core.Registry$1 (minecraft@1.20.1)
6947:             1             16  net.minecraft.core.UUIDUtil$$Lambda$1034/0x0000000800551730 (minecraft@1.20.1)
6948:             1             16  net.minecraft.core.UUIDUtil$$Lambda$1035/0x0000000800551970 (minecraft@1.20.1)
6949:             1             16  net.minecraft.core.UUIDUtil$$Lambda$1036/0x0000000800551bb0 (minecraft@1.20.1)
6950:             1             16  net.minecraft.core.UUIDUtil$$Lambda$1037/0x0000000800551df0 (minecraft@1.20.1)
6951:             1             16  net.minecraft.core.UUIDUtil$$Lambda$1038/0x0000000800552030 (minecraft@1.20.1)
6952:             1             16  net.minecraft.core.UUIDUtil$$Lambda$1039/0x0000000800552270 (minecraft@1.20.1)
6953:             1             16  net.minecraft.core.UUIDUtil$$Lambda$1040/0x00000008005524b0 (minecraft@1.20.1)
6954:             1             16  net.minecraft.core.UUIDUtil$$Lambda$1041/0x00000008005526f0 (minecraft@1.20.1)
6955:             1             16  net.minecraft.core.Vec3i$$Lambda$1420/0x0000000800660000 (minecraft@1.20.1)
6956:             1             16  net.minecraft.core.Vec3i$$Lambda$1421/0x0000000800660240 (minecraft@1.20.1)
6957:             1             16  net.minecraft.core.cauldron.CauldronInteraction$$Lambda$1695/0x000000080078cce0 (minecraft@1.20.1)
6958:             1             16  net.minecraft.core.cauldron.CauldronInteraction$$Lambda$1696/0x000000080078db58 (minecraft@1.20.1)
6959:             1             16  net.minecraft.core.cauldron.CauldronInteraction$$Lambda$1697/0x000000080078dd78 (minecraft@1.20.1)
6960:             1             16  net.minecraft.core.cauldron.CauldronInteraction$$Lambda$1698/0x000000080078df98 (minecraft@1.20.1)
6961:             1             16  net.minecraft.core.cauldron.CauldronInteraction$$Lambda$1699/0x000000080078e1b8 (minecraft@1.20.1)
6962:             1             16  net.minecraft.core.cauldron.CauldronInteraction$$Lambda$1700/0x000000080078e3d8 (minecraft@1.20.1)
6963:             1             16  net.minecraft.core.cauldron.CauldronInteraction$$Lambda$1701/0x000000080078e5f8 (minecraft@1.20.1)
6964:             1             16  net.minecraft.core.cauldron.CauldronInteraction$$Lambda$1702/0x000000080078e818 (minecraft@1.20.1)
6965:             1             16  net.minecraft.core.cauldron.CauldronInteraction$$Lambda$2663/0x00000008009efb30 (minecraft@1.20.1)
6966:             1             16  net.minecraft.core.cauldron.CauldronInteraction$$Lambda$2664/0x00000008009efd50 (minecraft@1.20.1)
6967:             1             16  net.minecraft.core.cauldron.CauldronInteraction$$Lambda$2665/0x00000008009f0000 (minecraft@1.20.1)
6968:             1             16  net.minecraft.core.cauldron.CauldronInteraction$$Lambda$2666/0x00000008009f0220 (minecraft@1.20.1)
6969:             1             16  net.minecraft.core.cauldron.CauldronInteraction$$Lambda$2667/0x00000008009f0440 (minecraft@1.20.1)
6970:             1             16  net.minecraft.core.cauldron.CauldronInteraction$$Lambda$2668/0x00000008009f0660 (minecraft@1.20.1)
6971:             1             16  net.minecraft.core.dispenser.DispenseItemBehavior$$Lambda$2662/0x00000008009eb540 (minecraft@1.20.1)
6972:             1             16  net.minecraft.core.dispenser.DispenseItemBehavior$1 (minecraft@1.20.1)
6973:             1             16  net.minecraft.core.dispenser.DispenseItemBehavior$10 (minecraft@1.20.1)
6974:             1             16  net.minecraft.core.dispenser.DispenseItemBehavior$11 (minecraft@1.20.1)
6975:             1             16  net.minecraft.core.dispenser.DispenseItemBehavior$12 (minecraft@1.20.1)
6976:             1             16  net.minecraft.core.dispenser.DispenseItemBehavior$13 (minecraft@1.20.1)
6977:             1             16  net.minecraft.core.dispenser.DispenseItemBehavior$14 (minecraft@1.20.1)
6978:             1             16  net.minecraft.core.dispenser.DispenseItemBehavior$15 (minecraft@1.20.1)
6979:             1             16  net.minecraft.core.dispenser.DispenseItemBehavior$16 (minecraft@1.20.1)
6980:             1             16  net.minecraft.core.dispenser.DispenseItemBehavior$17 (minecraft@1.20.1)
6981:             1             16  net.minecraft.core.dispenser.DispenseItemBehavior$18 (minecraft@1.20.1)
6982:             1             16  net.minecraft.core.dispenser.DispenseItemBehavior$19 (minecraft@1.20.1)
6983:             1             16  net.minecraft.core.dispenser.DispenseItemBehavior$2 (minecraft@1.20.1)
6984:             1             16  net.minecraft.core.dispenser.DispenseItemBehavior$20 (minecraft@1.20.1)
6985:             1             16  net.minecraft.core.dispenser.DispenseItemBehavior$21 (minecraft@1.20.1)
6986:             1             16  net.minecraft.core.dispenser.DispenseItemBehavior$22 (minecraft@1.20.1)
6987:             1             16  net.minecraft.core.dispenser.DispenseItemBehavior$23 (minecraft@1.20.1)
6988:             1             16  net.minecraft.core.dispenser.DispenseItemBehavior$25 (minecraft@1.20.1)
6989:             1             16  net.minecraft.core.dispenser.DispenseItemBehavior$26 (minecraft@1.20.1)
6990:             1             16  net.minecraft.core.dispenser.DispenseItemBehavior$27 (minecraft@1.20.1)
6991:             1             16  net.minecraft.core.dispenser.DispenseItemBehavior$3 (minecraft@1.20.1)
6992:             1             16  net.minecraft.core.dispenser.DispenseItemBehavior$4 (minecraft@1.20.1)
6993:             1             16  net.minecraft.core.dispenser.DispenseItemBehavior$5 (minecraft@1.20.1)
6994:             1             16  net.minecraft.core.dispenser.DispenseItemBehavior$6 (minecraft@1.20.1)
6995:             1             16  net.minecraft.core.dispenser.DispenseItemBehavior$7 (minecraft@1.20.1)
6996:             1             16  net.minecraft.core.dispenser.DispenseItemBehavior$8 (minecraft@1.20.1)
6997:             1             16  net.minecraft.core.dispenser.DispenseItemBehavior$9 (minecraft@1.20.1)
6998:             1             16  net.minecraft.core.dispenser.ShearsDispenseItemBehavior (minecraft@1.20.1)
6999:             1             16  net.minecraft.core.particles.BlockParticleOption$1 (minecraft@1.20.1)
7000:             1             16  net.minecraft.core.particles.DustColorTransitionOptions$$Lambda$1603/0x000000080075bd88 (minecraft@1.20.1)
7001:             1             16  net.minecraft.core.particles.DustColorTransitionOptions$$Lambda$1604/0x000000080075e000 (minecraft@1.20.1)
7002:             1             16  net.minecraft.core.particles.DustColorTransitionOptions$$Lambda$1605/0x000000080075e240 (minecraft@1.20.1)
7003:             1             16  net.minecraft.core.particles.DustColorTransitionOptions$$Lambda$1606/0x000000080075e480 (minecraft@1.20.1)
7004:             1             16  net.minecraft.core.particles.DustColorTransitionOptions$$Lambda$1607/0x000000080075e6c0 (minecraft@1.20.1)
7005:             1             16  net.minecraft.core.particles.DustColorTransitionOptions$1 (minecraft@1.20.1)
7006:             1             16  net.minecraft.core.particles.DustParticleOptions$$Lambda$1598/0x000000080075ada0 (minecraft@1.20.1)
7007:             1             16  net.minecraft.core.particles.DustParticleOptions$$Lambda$1599/0x000000080075afe0 (minecraft@1.20.1)
7008:             1             16  net.minecraft.core.particles.DustParticleOptions$$Lambda$1600/0x000000080075b220 (minecraft@1.20.1)
7009:             1             16  net.minecraft.core.particles.DustParticleOptions$$Lambda$1601/0x000000080075b460 (minecraft@1.20.1)
7010:             1             16  net.minecraft.core.particles.DustParticleOptions$1 (minecraft@1.20.1)
7011:             1             16  net.minecraft.core.particles.ItemParticleOption$1 (minecraft@1.20.1)
7012:             1             16  net.minecraft.core.particles.ParticleTypes$$Lambda$1594/0x0000000800759db8 (minecraft@1.20.1)
7013:             1             16  net.minecraft.core.particles.ParticleTypes$$Lambda$1595/0x000000080075a220 (minecraft@1.20.1)
7014:             1             16  net.minecraft.core.particles.ParticleTypes$$Lambda$1602/0x000000080075b8d8 (minecraft@1.20.1)
7015:             1             16  net.minecraft.core.particles.ParticleTypes$$Lambda$1608/0x000000080075eb48 (minecraft@1.20.1)
7016:             1             16  net.minecraft.core.particles.ParticleTypes$$Lambda$1609/0x000000080075ed88 (minecraft@1.20.1)
7017:             1             16  net.minecraft.core.particles.ParticleTypes$$Lambda$1613/0x000000080075fb00 (minecraft@1.20.1)
7018:             1             16  net.minecraft.core.particles.ParticleTypes$$Lambda$1614/0x000000080075d248 (minecraft@1.20.1)
7019:             1             16  net.minecraft.core.particles.ParticleTypes$$Lambda$1621/0x00000008007606b8 (minecraft@1.20.1)
7020:             1             16  net.minecraft.core.particles.ParticleTypes$$Lambda$1625/0x0000000800761450 (minecraft@1.20.1)
7021:             1             16  net.minecraft.core.particles.ParticleTypes$$Lambda$1626/0x0000000800761690 (minecraft@1.20.1)
7022:             1             16  net.minecraft.core.particles.ParticleTypes$$Lambda$1627/0x00000008007618d0 (minecraft@1.20.1)
7023:             1             16  net.minecraft.core.particles.SculkChargeParticleOptions$$Lambda$1610/0x000000080075f1f8 (minecraft@1.20.1)
7024:             1             16  net.minecraft.core.particles.SculkChargeParticleOptions$$Lambda$1611/0x000000080075f438 (minecraft@1.20.1)
7025:             1             16  net.minecraft.core.particles.SculkChargeParticleOptions$$Lambda$1612/0x000000080075f678 (minecraft@1.20.1)
7026:             1             16  net.minecraft.core.particles.SculkChargeParticleOptions$1 (minecraft@1.20.1)
7027:             1             16  net.minecraft.core.particles.ShriekParticleOption$$Lambda$1622/0x0000000800760b48 (minecraft@1.20.1)
7028:             1             16  net.minecraft.core.particles.ShriekParticleOption$$Lambda$1623/0x0000000800760d88 (minecraft@1.20.1)
7029:             1             16  net.minecraft.core.particles.ShriekParticleOption$$Lambda$1624/0x0000000800760fc8 (minecraft@1.20.1)
7030:             1             16  net.minecraft.core.particles.ShriekParticleOption$1 (minecraft@1.20.1)
7031:             1             16  net.minecraft.core.particles.SimpleParticleType$1 (minecraft@1.20.1)
7032:             1             16  net.minecraft.core.particles.VibrationParticleOption$$Lambda$1615/0x000000080075d6e8 (minecraft@1.20.1)
7033:             1             16  net.minecraft.core.particles.VibrationParticleOption$$Lambda$1618/0x000000080075cc00 (minecraft@1.20.1)
7034:             1             16  net.minecraft.core.particles.VibrationParticleOption$$Lambda$1619/0x0000000800760000 (minecraft@1.20.1)
7035:             1             16  net.minecraft.core.particles.VibrationParticleOption$$Lambda$1620/0x0000000800760240 (minecraft@1.20.1)
7036:             1             16  net.minecraft.core.particles.VibrationParticleOption$1 (minecraft@1.20.1)
7037:             1             16  net.minecraft.core.registries.BuiltInRegistries$$Lambda$1325/0x00000008005cf198 (minecraft@1.20.1)
7038:             1             16  net.minecraft.core.registries.BuiltInRegistries$$Lambda$1331/0x00000008005dcc20 (minecraft@1.20.1)
7039:             1             16  net.minecraft.core.registries.BuiltInRegistries$$Lambda$1355/0x000000080061f3d0 (minecraft@1.20.1)
7040:             1             16  net.minecraft.core.registries.BuiltInRegistries$$Lambda$1356/0x000000080061fac8 (minecraft@1.20.1)
7041:             1             16  net.minecraft.core.registries.BuiltInRegistries$$Lambda$1357/0x000000080061fce8 (minecraft@1.20.1)
7042:             1             16  net.minecraft.core.registries.BuiltInRegistries$$Lambda$1358/0x000000080064c4e8 (minecraft@1.20.1)
7043:             1             16  net.minecraft.core.registries.BuiltInRegistries$$Lambda$1359/0x000000080064c708 (minecraft@1.20.1)
7044:             1             16  net.minecraft.core.registries.BuiltInRegistries$$Lambda$1360/0x000000080064c928 (minecraft@1.20.1)
7045:             1             16  net.minecraft.core.registries.BuiltInRegistries$$Lambda$1361/0x000000080064cf90 (minecraft@1.20.1)
7046:             1             16  net.minecraft.core.registries.BuiltInRegistries$$Lambda$1362/0x000000080064d3d8 (minecraft@1.20.1)
7047:             1             16  net.minecraft.core.registries.BuiltInRegistries$$Lambda$1363/0x000000080064d820 (minecraft@1.20.1)
7048:             1             16  net.minecraft.core.registries.BuiltInRegistries$$Lambda$1364/0x000000080064de60 (minecraft@1.20.1)
7049:             1             16  net.minecraft.core.registries.BuiltInRegistries$$Lambda$1365/0x000000080064e080 (minecraft@1.20.1)
7050:             1             16  net.minecraft.core.registries.BuiltInRegistries$$Lambda$1366/0x000000080064e4f8 (minecraft@1.20.1)
7051:             1             16  net.minecraft.core.registries.BuiltInRegistries$$Lambda$1367/0x000000080064e918 (minecraft@1.20.1)
7052:             1             16  net.minecraft.core.registries.BuiltInRegistries$$Lambda$1368/0x000000080064ed38 (minecraft@1.20.1)
7053:             1             16  net.minecraft.core.registries.BuiltInRegistries$$Lambda$1369/0x000000080064f158 (minecraft@1.20.1)
7054:             1             16  net.minecraft.core.registries.BuiltInRegistries$$Lambda$1370/0x000000080064f7e8 (minecraft@1.20.1)
7055:             1             16  net.minecraft.core.registries.BuiltInRegistries$$Lambda$1371/0x000000080064fc08 (minecraft@1.20.1)
7056:             1             16  net.minecraft.core.registries.BuiltInRegistries$$Lambda$1372/0x0000000800650000 (minecraft@1.20.1)
7057:             1             16  net.minecraft.core.registries.BuiltInRegistries$$Lambda$1373/0x0000000800650458 (minecraft@1.20.1)
7058:             1             16  net.minecraft.core.registries.BuiltInRegistries$$Lambda$1374/0x0000000800650878 (minecraft@1.20.1)
7059:             1             16  net.minecraft.core.registries.BuiltInRegistries$$Lambda$1375/0x0000000800650ea0 (minecraft@1.20.1)
7060:             1             16  net.minecraft.core.registries.BuiltInRegistries$$Lambda$1376/0x0000000800651340 (minecraft@1.20.1)
7061:             1             16  net.minecraft.core.registries.BuiltInRegistries$$Lambda$1377/0x0000000800651770 (minecraft@1.20.1)
7062:             1             16  net.minecraft.core.registries.BuiltInRegistries$$Lambda$1378/0x0000000800651ba0 (minecraft@1.20.1)
7063:             1             16  net.minecraft.core.registries.BuiltInRegistries$$Lambda$1379/0x00000008006521d8 (minecraft@1.20.1)
7064:             1             16  net.minecraft.core.registries.BuiltInRegistries$$Lambda$1380/0x0000000800652610 (minecraft@1.20.1)
7065:             1             16  net.minecraft.core.registries.BuiltInRegistries$$Lambda$1381/0x0000000800652a48 (minecraft@1.20.1)
7066:             1             16  net.minecraft.core.registries.BuiltInRegistries$$Lambda$1382/0x0000000800652e98 (minecraft@1.20.1)
7067:             1             16  net.minecraft.core.registries.BuiltInRegistries$$Lambda$1383/0x00000008006532d0 (minecraft@1.20.1)
7068:             1             16  net.minecraft.core.registries.BuiltInRegistries$$Lambda$1384/0x0000000800653920 (minecraft@1.20.1)
7069:             1             16  net.minecraft.core.registries.BuiltInRegistries$$Lambda$1385/0x0000000800653d58 (minecraft@1.20.1)
7070:             1             16  net.minecraft.core.registries.BuiltInRegistries$$Lambda$1386/0x0000000800654190 (minecraft@1.20.1)
7071:             1             16  net.minecraft.core.registries.BuiltInRegistries$$Lambda$1387/0x00000008006545c8 (minecraft@1.20.1)
7072:             1             16  net.minecraft.core.registries.BuiltInRegistries$$Lambda$1388/0x0000000800654a00 (minecraft@1.20.1)
7073:             1             16  net.minecraft.core.registries.BuiltInRegistries$$Lambda$1389/0x0000000800654e38 (minecraft@1.20.1)
7074:             1             16  net.minecraft.core.registries.BuiltInRegistries$$Lambda$1390/0x0000000800655258 (minecraft@1.20.1)
7075:             1             16  net.minecraft.core.registries.BuiltInRegistries$$Lambda$1391/0x0000000800655678 (minecraft@1.20.1)
7076:             1             16  net.minecraft.core.registries.BuiltInRegistries$$Lambda$1392/0x0000000800655a98 (minecraft@1.20.1)
7077:             1             16  net.minecraft.core.registries.BuiltInRegistries$$Lambda$1393/0x0000000800655eb8 (minecraft@1.20.1)
7078:             1             16  net.minecraft.core.registries.BuiltInRegistries$$Lambda$1394/0x0000000800656328 (minecraft@1.20.1)
7079:             1             16  net.minecraft.core.registries.BuiltInRegistries$$Lambda$1395/0x0000000800656788 (minecraft@1.20.1)
7080:             1             16  net.minecraft.core.registries.BuiltInRegistries$$Lambda$1396/0x0000000800656ba8 (minecraft@1.20.1)
7081:             1             16  net.minecraft.core.registries.BuiltInRegistries$$Lambda$1397/0x0000000800656fc8 (minecraft@1.20.1)
7082:             1             16  net.minecraft.core.registries.BuiltInRegistries$$Lambda$1398/0x00000008006573e8 (minecraft@1.20.1)
7083:             1             16  net.minecraft.core.registries.BuiltInRegistries$$Lambda$1399/0x0000000800657808 (minecraft@1.20.1)
7084:             1             16  net.minecraft.core.registries.BuiltInRegistries$$Lambda$1400/0x0000000800657c40 (minecraft@1.20.1)
7085:             1             16  net.minecraft.core.registries.BuiltInRegistries$$Lambda$1401/0x0000000800658218 (minecraft@1.20.1)
7086:             1             16  net.minecraft.core.registries.BuiltInRegistries$$Lambda$1402/0x0000000800658650 (minecraft@1.20.1)
7087:             1             16  net.minecraft.core.registries.BuiltInRegistries$$Lambda$1403/0x0000000800658a88 (minecraft@1.20.1)
7088:             1             16  net.minecraft.core.registries.BuiltInRegistries$$Lambda$1404/0x0000000800658ec0 (minecraft@1.20.1)
7089:             1             16  net.minecraft.core.registries.BuiltInRegistries$$Lambda$1405/0x00000008006592f8 (minecraft@1.20.1)
7090:             1             16  net.minecraft.core.registries.BuiltInRegistries$$Lambda$1406/0x0000000800659720 (minecraft@1.20.1)
7091:             1             16  net.minecraft.core.registries.BuiltInRegistries$$Lambda$1407/0x0000000800659b48 (minecraft@1.20.1)
7092:             1             16  net.minecraft.core.registries.BuiltInRegistries$$Lambda$1408/0x0000000800659f68 (minecraft@1.20.1)
7093:             1             16  net.minecraft.core.registries.BuiltInRegistries$$Lambda$1409/0x000000080065a388 (minecraft@1.20.1)
7094:             1             16  net.minecraft.core.registries.BuiltInRegistries$$Lambda$1410/0x000000080065a9b0 (minecraft@1.20.1)
7095:             1             16  net.minecraft.core.registries.BuiltInRegistries$$Lambda$1411/0x000000080065add0 (minecraft@1.20.1)
7096:             1             16  net.minecraft.core.registries.BuiltInRegistries$$Lambda$1412/0x000000080065b1f0 (minecraft@1.20.1)
7097:             1             16  net.minecraft.core.registries.BuiltInRegistries$$Lambda$1413/0x000000080065b620 (minecraft@1.20.1)
7098:             1             16  net.minecraft.core.registries.BuiltInRegistries$$Lambda$1414/0x000000080065ba50 (minecraft@1.20.1)
7099:             1             16  net.minecraft.core.registries.BuiltInRegistries$$Lambda$1415/0x000000080065c090 (minecraft@1.20.1)
7100:             1             16  net.minecraft.core.registries.BuiltInRegistries$$Lambda$1416/0x000000080065c6c0 (minecraft@1.20.1)
7101:             1             16  net.minecraft.core.registries.BuiltInRegistries$$Lambda$1417/0x000000080065cae8 (minecraft@1.20.1)
7102:             1             16  net.minecraft.core.registries.BuiltInRegistries$$Lambda$1418/0x000000080065d1d8 (minecraft@1.20.1)
7103:             1             16  net.minecraft.core.registries.BuiltInRegistries$$Lambda$2669/0x00000008009f0880 (minecraft@1.20.1)
7104:             1             16  net.minecraft.locale.Language$1 (minecraft@1.20.1)
7105:             1             16  net.minecraft.nbt.CompoundTag$$Lambda$1956/0x0000000800848868 (minecraft@1.20.1)
7106:             1             16  net.minecraft.nbt.CompoundTag$$Lambda$1957/0x0000000800848aa8 (minecraft@1.20.1)
7107:             1             16  net.minecraft.nbt.CompoundTag$1 (minecraft@1.20.1)
7108:             1             16  net.minecraft.nbt.IntTag$1 (minecraft@1.20.1)
7109:             1             16  net.minecraft.nbt.NbtOps (minecraft@1.20.1)
7110:             1             16  net.minecraft.nbt.StringTag$1 (minecraft@1.20.1)
7111:             1             16  net.minecraft.nbt.TagParser$$Lambda$1953/0x0000000800847bd8 (minecraft@1.20.1)
7112:             1             16  net.minecraft.nbt.TagParser$$Lambda$1954/0x0000000800848000 (minecraft@1.20.1)
7113:             1             16  net.minecraft.nbt.TagParser$$Lambda$1955/0x0000000800848220 (minecraft@1.20.1)
7114:             1             16  net.minecraft.network.chat.ChatType$$Lambda$4950/0x0000000800d2b208 (minecraft@1.20.1)
7115:             1             16  net.minecraft.network.chat.ChatType$$Lambda$4951/0x0000000800d2b448 (minecraft@1.20.1)
7116:             1             16  net.minecraft.network.chat.ChatType$$Lambda$4952/0x0000000800d2b688 (minecraft@1.20.1)
7117:             1             16  net.minecraft.network.chat.ChatType$$Lambda$4953/0x0000000800d2b8c8 (minecraft@1.20.1)
7118:             1             16  net.minecraft.network.chat.ChatTypeDecoration$$Lambda$4941/0x0000000800d293d0 (minecraft@1.20.1)
7119:             1             16  net.minecraft.network.chat.ChatTypeDecoration$$Lambda$4942/0x0000000800d29610 (minecraft@1.20.1)
7120:             1             16  net.minecraft.network.chat.ChatTypeDecoration$$Lambda$4947/0x0000000800d2a938 (minecraft@1.20.1)
7121:             1             16  net.minecraft.network.chat.ChatTypeDecoration$$Lambda$4948/0x0000000800d2ab78 (minecraft@1.20.1)
7122:             1             16  net.minecraft.network.chat.ChatTypeDecoration$$Lambda$4949/0x0000000800d2adb8 (minecraft@1.20.1)
7123:             1             16  net.minecraft.network.chat.ChatTypeDecoration$Parameter$$Lambda$4943/0x0000000800d29ec0 (minecraft@1.20.1)
7124:             1             16  net.minecraft.network.chat.ChatTypeDecoration$Parameter$$Lambda$4944/0x0000000800d2a0e0 (minecraft@1.20.1)
7125:             1             16  net.minecraft.network.chat.ChatTypeDecoration$Parameter$$Lambda$4945/0x0000000800d2a300 (minecraft@1.20.1)
7126:             1             16  net.minecraft.network.chat.ChatTypeDecoration$Parameter$$Lambda$4946/0x0000000800d2a718 (minecraft@1.20.1)
7127:             1             16  net.minecraft.network.chat.Component$Serializer$$Lambda$4699/0x0000000800c918c0 (minecraft@1.20.1)
7128:             1             16  net.minecraft.network.chat.Component$Serializer$$Lambda$4700/0x0000000800c92188 (minecraft@1.20.1)
7129:             1             16  net.minecraft.network.chat.Component$Serializer$$Lambda$4701/0x0000000800c923a8 (minecraft@1.20.1)
7130:             1             16  net.minecraft.network.chat.ComponentContents$1 (minecraft@1.20.1)
7131:             1             16  net.minecraft.network.chat.FormattedText$1 (minecraft@1.20.1)
7132:             1             16  net.minecraft.network.chat.Style$$Lambda$1163/0x0000000800587d90 (minecraft@1.20.1)
7133:             1             16  net.minecraft.network.chat.Style$$Lambda$1182/0x0000000800590910 (minecraft@1.20.1)
7134:             1             16  net.minecraft.network.chat.Style$$Lambda$1183/0x0000000800590b50 (minecraft@1.20.1)
7135:             1             16  net.minecraft.network.chat.Style$$Lambda$1184/0x0000000800590d90 (minecraft@1.20.1)
7136:             1             16  net.minecraft.network.chat.Style$$Lambda$1185/0x0000000800590fd0 (minecraft@1.20.1)
7137:             1             16  net.minecraft.network.chat.Style$$Lambda$1186/0x0000000800591210 (minecraft@1.20.1)
7138:             1             16  net.minecraft.network.chat.Style$$Lambda$1187/0x0000000800591450 (minecraft@1.20.1)
7139:             1             16  net.minecraft.network.chat.Style$$Lambda$1188/0x0000000800591690 (minecraft@1.20.1)
7140:             1             16  net.minecraft.network.chat.Style$$Lambda$1192/0x0000000800592868 (minecraft@1.20.1)
7141:             1             16  net.minecraft.network.chat.Style$$Lambda$1193/0x0000000800592aa8 (minecraft@1.20.1)
7142:             1             16  net.minecraft.network.chat.Style$Serializer (minecraft@1.20.1)
7143:             1             16  net.minecraft.network.chat.TextColor$$Lambda$1164/0x00000008005894f8 (minecraft@1.20.1)
7144:             1             16  net.minecraft.network.chat.TextColor$$Lambda$1165/0x0000000800589738 (minecraft@1.20.1)
7145:             1             16  net.minecraft.network.chat.TextColor$$Lambda$1173/0x0000000800590240 (minecraft@1.20.1)
7146:             1             16  net.minecraft.network.chat.TextColor$$Lambda$1174/0x0000000800590490 (minecraft@1.20.1)
7147:             1             16  net.minecraft.network.chat.TextColor$$Lambda$1180/0x00000008005906d0 (minecraft@1.20.1)
7148:             1             16  net.minecraft.network.chat.contents.KeybindResolver$$Lambda$4373/0x0000000800be3b30 (minecraft@1.20.1)
7149:             1             16  net.minecraft.network.syncher.EntityDataSerializer$$Lambda$2482/0x000000080099ec48 (minecraft@1.20.1)
7150:             1             16  net.minecraft.network.syncher.EntityDataSerializers$$Lambda$2458/0x0000000800998000 (minecraft@1.20.1)
7151:             1             16  net.minecraft.network.syncher.EntityDataSerializers$$Lambda$2459/0x00000008009986b8 (minecraft@1.20.1)
7152:             1             16  net.minecraft.network.syncher.EntityDataSerializers$$Lambda$2460/0x0000000800998da8 (minecraft@1.20.1)
7153:             1             16  net.minecraft.network.syncher.EntityDataSerializers$$Lambda$2461/0x0000000800999000 (minecraft@1.20.1)
7154:             1             16  net.minecraft.network.syncher.EntityDataSerializers$$Lambda$2462/0x0000000800999268 (minecraft@1.20.1)
7155:             1             16  net.minecraft.network.syncher.EntityDataSerializers$$Lambda$2463/0x00000008009994c0 (minecraft@1.20.1)
7156:             1             16  net.minecraft.network.syncher.EntityDataSerializers$$Lambda$2464/0x0000000800999728 (minecraft@1.20.1)
7157:             1             16  net.minecraft.network.syncher.EntityDataSerializers$$Lambda$2465/0x0000000800999980 (minecraft@1.20.1)
7158:             1             16  net.minecraft.network.syncher.EntityDataSerializers$$Lambda$2466/0x0000000800999be8 (minecraft@1.20.1)
7159:             1             16  net.minecraft.network.syncher.EntityDataSerializers$$Lambda$2467/0x0000000800999e40 (minecraft@1.20.1)
7160:             1             16  net.minecraft.network.syncher.EntityDataSerializers$$Lambda$2468/0x000000080099a0a8 (minecraft@1.20.1)
7161:             1             16  net.minecraft.network.syncher.EntityDataSerializers$$Lambda$2469/0x000000080099a300 (minecraft@1.20.1)
7162:             1             16  net.minecraft.network.syncher.EntityDataSerializers$$Lambda$2470/0x000000080099a568 (minecraft@1.20.1)
7163:             1             16  net.minecraft.network.syncher.EntityDataSerializers$$Lambda$2471/0x000000080099a7c0 (minecraft@1.20.1)
7164:             1             16  net.minecraft.network.syncher.EntityDataSerializers$$Lambda$2476/0x000000080099b8c8 (minecraft@1.20.1)
7165:             1             16  net.minecraft.network.syncher.EntityDataSerializers$$Lambda$2477/0x000000080099bb20 (minecraft@1.20.1)
7166:             1             16  net.minecraft.network.syncher.EntityDataSerializers$$Lambda$2478/0x000000080099bd88 (minecraft@1.20.1)
7167:             1             16  net.minecraft.network.syncher.EntityDataSerializers$$Lambda$2479/0x000000080099e520 (minecraft@1.20.1)
7168:             1             16  net.minecraft.network.syncher.EntityDataSerializers$$Lambda$2480/0x000000080099e788 (minecraft@1.20.1)
7169:             1             16  net.minecraft.network.syncher.EntityDataSerializers$$Lambda$2481/0x000000080099e9e0 (minecraft@1.20.1)
7170:             1             16  net.minecraft.network.syncher.EntityDataSerializers$$Lambda$2484/0x000000080099f110 (minecraft@1.20.1)
7171:             1             16  net.minecraft.network.syncher.EntityDataSerializers$$Lambda$2485/0x000000080099f368 (minecraft@1.20.1)
7172:             1             16  net.minecraft.network.syncher.EntityDataSerializers$$Lambda$2486/0x000000080099f7e0 (minecraft@1.20.1)
7173:             1             16  net.minecraft.network.syncher.EntityDataSerializers$$Lambda$2487/0x000000080099fa38 (minecraft@1.20.1)
7174:             1             16  net.minecraft.network.syncher.EntityDataSerializers$$Lambda$2488/0x000000080099dc68 (minecraft@1.20.1)
7175:             1             16  net.minecraft.network.syncher.EntityDataSerializers$$Lambda$2489/0x00000008009a0000 (minecraft@1.20.1)
7176:             1             16  net.minecraft.network.syncher.EntityDataSerializers$$Lambda$2490/0x00000008009a0268 (minecraft@1.20.1)
7177:             1             16  net.minecraft.network.syncher.EntityDataSerializers$$Lambda$2491/0x00000008009a04c0 (minecraft@1.20.1)
7178:             1             16  net.minecraft.network.syncher.EntityDataSerializers$1 (minecraft@1.20.1)
7179:             1             16  net.minecraft.network.syncher.EntityDataSerializers$2 (minecraft@1.20.1)
7180:             1             16  net.minecraft.network.syncher.EntityDataSerializers$3 (minecraft@1.20.1)
7181:             1             16  net.minecraft.network.syncher.EntityDataSerializers$4 (minecraft@1.20.1)
7182:             1             16  net.minecraft.network.syncher.EntityDataSerializers$5 (minecraft@1.20.1)
7183:             1             16  net.minecraft.network.syncher.EntityDataSerializers$6 (minecraft@1.20.1)
7184:             1             16  net.minecraft.network.syncher.EntityDataSerializers$7 (minecraft@1.20.1)
7185:             1             16  net.minecraft.resources.HolderSetCodec$$Lambda$3024/0x0000000800a6eab0 (minecraft@1.20.1)
7186:             1             16  net.minecraft.resources.HolderSetCodec$$Lambda$3026/0x0000000800a6ef38 (minecraft@1.20.1)
7187:             1             16  net.minecraft.resources.HolderSetCodec$$Lambda$3027/0x0000000800a6f178 (minecraft@1.20.1)
7188:             1             16  net.minecraft.resources.HolderSetCodec$$Lambda$3028/0x0000000800a6f3b8 (minecraft@1.20.1)
7189:             1             16  net.minecraft.resources.HolderSetCodec$$Lambda$3030/0x0000000800a70200 (minecraft@1.20.1)
7190:             1             16  net.minecraft.resources.RegistryOps$$Lambda$3964/0x0000000800b47130 (minecraft@1.20.1)
7191:             1             16  net.minecraft.resources.RegistryOps$$Lambda$3965/0x0000000800b47378 (minecraft@1.20.1)
7192:             1             16  net.minecraft.resources.RegistryOps$$Lambda$3975/0x0000000800b486f8 (minecraft@1.20.1)
7193:             1             16  net.minecraft.resources.ResourceKey$$Lambda$1319/0x00000008005cdd18 (minecraft@1.20.1)
7194:             1             16  net.minecraft.resources.ResourceKey$$Lambda$2519/0x00000008009acd50 (minecraft@1.20.1)
7195:             1             16  net.minecraft.resources.ResourceLocation$$Lambda$1189/0x0000000800591dc8 (minecraft@1.20.1)
7196:             1             16  net.minecraft.resources.ResourceLocation$$Lambda$1190/0x0000000800592008 (minecraft@1.20.1)
7197:             1             16  net.minecraft.server.Bootstrap$$Lambda$4340/0x0000000800bb0400 (minecraft@1.20.1)
7198:             1             16  net.minecraft.server.packs.FeatureFlagsMetadataSection$$Lambda$4685/0x0000000800c8f810 (minecraft@1.20.1)
7199:             1             16  net.minecraft.server.packs.FeatureFlagsMetadataSection$$Lambda$4686/0x0000000800c8fa50 (minecraft@1.20.1)
7200:             1             16  net.minecraft.server.packs.FeatureFlagsMetadataSection$$Lambda$4687/0x0000000800c8fc90 (minecraft@1.20.1)
7201:             1             16  net.minecraft.server.packs.PathPackResources$$Lambda$5217/0x0000000800dbe388 (minecraft@1.20.1)
7202:             1             16  net.minecraft.server.packs.VanillaPackResourcesBuilder$$Lambda$4360/0x0000000800be1030 (minecraft@1.20.1)
7203:             1             16  net.minecraft.server.packs.VanillaPackResourcesBuilder$$Lambda$4361/0x0000000800be1260 (minecraft@1.20.1)
7204:             1             16  net.minecraft.server.packs.VanillaPackResourcesBuilder$$Lambda$4363/0x0000000800be19b0 (minecraft@1.20.1)
7205:             1             16  net.minecraft.server.packs.linkfs.LinkFSFileStore (minecraft@1.20.1)
7206:             1             16  net.minecraft.server.packs.linkfs.LinkFSPath$$Lambda$4357/0x0000000800bdddc0 (minecraft@1.20.1)
7207:             1             16  net.minecraft.server.packs.linkfs.LinkFSPath$1 (minecraft@1.20.1)
7208:             1             16  net.minecraft.server.packs.linkfs.LinkFSPath$2 (minecraft@1.20.1)
7209:             1             16  net.minecraft.server.packs.linkfs.LinkFSProvider (minecraft@1.20.1)
7210:             1             16  net.minecraft.server.packs.linkfs.LinkFSProvider$1$$Lambda$4693/0x0000000800c8c400 (minecraft@1.20.1)
7211:             1             16  net.minecraft.server.packs.linkfs.LinkFileSystem$Builder$$Lambda$4356/0x0000000800bddb80 (minecraft@1.20.1)
7212:             1             16  net.minecraft.server.packs.linkfs.PathContents$1 (minecraft@1.20.1)
7213:             1             16  net.minecraft.server.packs.linkfs.PathContents$2 (minecraft@1.20.1)
7214:             1             16  net.minecraft.server.packs.metadata.MetadataSectionType$1$$Lambda$5698/0x0000000800e370e8 (minecraft@1.20.1)
7215:             1             16  net.minecraft.server.packs.metadata.pack.PackMetadataSectionSerializer (minecraft@1.20.1)
7216:             1             16  net.minecraft.server.packs.repository.PackRepository$$Lambda$4682/0x0000000800c8e920 (minecraft@1.20.1)
7217:             1             16  net.minecraft.server.packs.repository.PackRepository$$Lambda$4706/0x0000000800ca06b8 (minecraft@1.20.1)
7218:             1             16  net.minecraft.server.packs.repository.PackRepository$$Lambda$5182/0x0000000800db54d8 (minecraft@1.20.1)
7219:             1             16  net.minecraft.server.packs.resources.FallbackResourceManager$$Lambda$5220/0x0000000800dbec70 (minecraft@1.20.1)
7220:             1             16  net.minecraft.server.packs.resources.MultiPackResourceManager$$Lambda$5186/0x0000000800db6418 (minecraft@1.20.1)
7221:             1             16  net.minecraft.server.packs.resources.ReloadableResourceManager$$Lambda$5185/0x0000000800db61d8 (minecraft@1.20.1)
7222:             1             16  net.minecraft.server.packs.resources.ResourceFilterSection$$Lambda$5187/0x0000000800db6868 (minecraft@1.20.1)
7223:             1             16  net.minecraft.server.packs.resources.ResourceFilterSection$$Lambda$5192/0x0000000800db75c0 (minecraft@1.20.1)
7224:             1             16  net.minecraft.server.packs.resources.ResourceFilterSection$$Lambda$5193/0x0000000800db7800 (minecraft@1.20.1)
7225:             1             16  net.minecraft.server.packs.resources.ResourceMetadata$$Lambda$5162/0x0000000800da19e0 (minecraft@1.20.1)
7226:             1             16  net.minecraft.server.packs.resources.ResourceMetadata$1 (minecraft@1.20.1)
7227:             1             16  net.minecraft.server.packs.resources.ResourceProvider$$Lambda$4713/0x0000000800ca6920 (minecraft@1.20.1)
7228:             1             16  net.minecraft.sounds.Music$$Lambda$3894/0x0000000800b36470 (minecraft@1.20.1)
7229:             1             16  net.minecraft.sounds.Music$$Lambda$3895/0x0000000800b366b0 (minecraft@1.20.1)
7230:             1             16  net.minecraft.sounds.Music$$Lambda$3896/0x0000000800b368f0 (minecraft@1.20.1)
7231:             1             16  net.minecraft.sounds.Music$$Lambda$3897/0x0000000800b36b30 (minecraft@1.20.1)
7232:             1             16  net.minecraft.sounds.Music$$Lambda$3898/0x0000000800b36d70 (minecraft@1.20.1)
7233:             1             16  net.minecraft.sounds.Music$$Lambda$3899/0x0000000800b36fb0 (minecraft@1.20.1)
7234:             1             16  net.minecraft.sounds.SoundEvent$$Lambda$1441/0x00000008006747a8 (minecraft@1.20.1)
7235:             1             16  net.minecraft.sounds.SoundEvent$$Lambda$1442/0x00000008006749e8 (minecraft@1.20.1)
7236:             1             16  net.minecraft.sounds.SoundEvent$$Lambda$1443/0x0000000800674c28 (minecraft@1.20.1)
7237:             1             16  net.minecraft.sounds.SoundEvent$$Lambda$1444/0x0000000800674e68 (minecraft@1.20.1)
7238:             1             16  net.minecraft.sounds.SoundEvents$$Lambda$1448/0x0000000800675c70 (minecraft@1.20.1)
7239:             1             16  net.minecraft.stats.StatFormatter$$Lambda$2711/0x0000000800a02eb8 (minecraft@1.20.1)
7240:             1             16  net.minecraft.stats.StatFormatter$$Lambda$2712/0x0000000800a030e8 (minecraft@1.20.1)
7241:             1             16  net.minecraft.stats.StatFormatter$$Lambda$2713/0x0000000800a03310 (minecraft@1.20.1)
7242:             1             16  net.minecraft.stats.StatFormatter$$Lambda$2714/0x0000000800a03530 (minecraft@1.20.1)
7243:             1             16  net.minecraft.stats.StatFormatter$$Lambda$2715/0x0000000800a03750 (minecraft@1.20.1)
7244:             1             16  net.minecraft.tags.TagKey$$Lambda$2750/0x0000000800a09248 (minecraft@1.20.1)
7245:             1             16  net.minecraft.tags.TagKey$$Lambda$2967/0x0000000800a630c8 (minecraft@1.20.1)
7246:             1             16  net.minecraft.util.CubicSpline$$Lambda$4149/0x0000000800b754e8 (minecraft@1.20.1)
7247:             1             16  net.minecraft.util.CubicSpline$$Lambda$4150/0x0000000800b75728 (minecraft@1.20.1)
7248:             1             16  net.minecraft.util.CubicSpline$$Lambda$4151/0x0000000800b75950 (minecraft@1.20.1)
7249:             1             16  net.minecraft.util.CubicSpline$$Lambda$4152/0x0000000800b75b90 (minecraft@1.20.1)
7250:             1             16  net.minecraft.util.CubicSpline$$Lambda$4153/0x0000000800b75dd0 (minecraft@1.20.1)
7251:             1             16  net.minecraft.util.CubicSpline$$Lambda$4155/0x0000000800b76258 (minecraft@1.20.1)
7252:             1             16  net.minecraft.util.CubicSpline$$Lambda$4156/0x0000000800b76498 (minecraft@1.20.1)
7253:             1             16  net.minecraft.util.CubicSpline$$Lambda$4157/0x0000000800b766d8 (minecraft@1.20.1)
7254:             1             16  net.minecraft.util.CubicSpline$$Lambda$4158/0x0000000800b76908 (minecraft@1.20.1)
7255:             1             16  net.minecraft.util.CubicSpline$$Lambda$4159/0x0000000800b76b48 (minecraft@1.20.1)
7256:             1             16  net.minecraft.util.ExtraCodecs$$Lambda$1051/0x0000000800566a70 (minecraft@1.20.1)
7257:             1             16  net.minecraft.util.ExtraCodecs$$Lambda$1052/0x0000000800566cb0 (minecraft@1.20.1)
7258:             1             16  net.minecraft.util.ExtraCodecs$$Lambda$1053/0x0000000800566ef0 (minecraft@1.20.1)
7259:             1             16  net.minecraft.util.ExtraCodecs$$Lambda$1054/0x0000000800567530 (minecraft@1.20.1)
7260:             1             16  net.minecraft.util.ExtraCodecs$$Lambda$1055/0x0000000800567770 (minecraft@1.20.1)
7261:             1             16  net.minecraft.util.ExtraCodecs$$Lambda$1056/0x00000008005679b0 (minecraft@1.20.1)
7262:             1             16  net.minecraft.util.ExtraCodecs$$Lambda$1057/0x0000000800567bf0 (minecraft@1.20.1)
7263:             1             16  net.minecraft.util.ExtraCodecs$$Lambda$1058/0x0000000800564800 (minecraft@1.20.1)
7264:             1             16  net.minecraft.util.ExtraCodecs$$Lambda$1059/0x0000000800564a40 (minecraft@1.20.1)
7265:             1             16  net.minecraft.util.ExtraCodecs$$Lambda$1060/0x0000000800564c80 (minecraft@1.20.1)
7266:             1             16  net.minecraft.util.ExtraCodecs$$Lambda$1061/0x000000080056c000 (minecraft@1.20.1)
7267:             1             16  net.minecraft.util.ExtraCodecs$$Lambda$1063/0x000000080056c240 (minecraft@1.20.1)
7268:             1             16  net.minecraft.util.ExtraCodecs$$Lambda$1065/0x000000080056c480 (minecraft@1.20.1)
7269:             1             16  net.minecraft.util.ExtraCodecs$$Lambda$1066/0x000000080056c6c0 (minecraft@1.20.1)
7270:             1             16  net.minecraft.util.ExtraCodecs$$Lambda$1071/0x000000080056c8f0 (minecraft@1.20.1)
7271:             1             16  net.minecraft.util.ExtraCodecs$$Lambda$1072/0x000000080056cb30 (minecraft@1.20.1)
7272:             1             16  net.minecraft.util.ExtraCodecs$$Lambda$1073/0x000000080056cd70 (minecraft@1.20.1)
7273:             1             16  net.minecraft.util.ExtraCodecs$$Lambda$1074/0x000000080056cfb0 (minecraft@1.20.1)
7274:             1             16  net.minecraft.util.ExtraCodecs$$Lambda$1075/0x000000080056d1f0 (minecraft@1.20.1)
7275:             1             16  net.minecraft.util.ExtraCodecs$$Lambda$1076/0x000000080056d430 (minecraft@1.20.1)
7276:             1             16  net.minecraft.util.ExtraCodecs$$Lambda$1077/0x000000080056d670 (minecraft@1.20.1)
7277:             1             16  net.minecraft.util.ExtraCodecs$$Lambda$1079/0x000000080056daf8 (minecraft@1.20.1)
7278:             1             16  net.minecraft.util.ExtraCodecs$$Lambda$1080/0x000000080056dd38 (minecraft@1.20.1)
7279:             1             16  net.minecraft.util.ExtraCodecs$$Lambda$1082/0x000000080056e1c0 (minecraft@1.20.1)
7280:             1             16  net.minecraft.util.ExtraCodecs$$Lambda$1083/0x000000080056e400 (minecraft@1.20.1)
7281:             1             16  net.minecraft.util.ExtraCodecs$$Lambda$1084/0x000000080056e640 (minecraft@1.20.1)
7282:             1             16  net.minecraft.util.ExtraCodecs$$Lambda$1085/0x000000080056e888 (minecraft@1.20.1)
7283:             1             16  net.minecraft.util.ExtraCodecs$$Lambda$1086/0x000000080056ead0 (minecraft@1.20.1)
7284:             1             16  net.minecraft.util.ExtraCodecs$$Lambda$1087/0x000000080056ed10 (minecraft@1.20.1)
7285:             1             16  net.minecraft.util.ExtraCodecs$$Lambda$1088/0x000000080056ef50 (minecraft@1.20.1)
7286:             1             16  net.minecraft.util.ExtraCodecs$$Lambda$1089/0x000000080056f3a0 (minecraft@1.20.1)
7287:             1             16  net.minecraft.util.ExtraCodecs$$Lambda$1090/0x000000080056f5e0 (minecraft@1.20.1)
7288:             1             16  net.minecraft.util.ExtraCodecs$$Lambda$1091/0x000000080056f820 (minecraft@1.20.1)
7289:             1             16  net.minecraft.util.ExtraCodecs$$Lambda$1092/0x000000080056fa60 (minecraft@1.20.1)
7290:             1             16  net.minecraft.util.ExtraCodecs$$Lambda$1093/0x000000080056fca0 (minecraft@1.20.1)
7291:             1             16  net.minecraft.util.ExtraCodecs$$Lambda$1094/0x0000000800573000 (minecraft@1.20.1)
7292:             1             16  net.minecraft.util.ExtraCodecs$$Lambda$1095/0x0000000800573240 (minecraft@1.20.1)
7293:             1             16  net.minecraft.util.ExtraCodecs$$Lambda$1096/0x0000000800573480 (minecraft@1.20.1)
7294:             1             16  net.minecraft.util.ExtraCodecs$$Lambda$1097/0x00000008005736c0 (minecraft@1.20.1)
7295:             1             16  net.minecraft.util.ExtraCodecs$$Lambda$1098/0x0000000800573900 (minecraft@1.20.1)
7296:             1             16  net.minecraft.util.ExtraCodecs$$Lambda$1101/0x0000000800573b40 (minecraft@1.20.1)
7297:             1             16  net.minecraft.util.ExtraCodecs$$Lambda$1102/0x0000000800573d80 (minecraft@1.20.1)
7298:             1             16  net.minecraft.util.ExtraCodecs$$Lambda$1103/0x0000000800578000 (minecraft@1.20.1)
7299:             1             16  net.minecraft.util.ExtraCodecs$$Lambda$1104/0x0000000800578240 (minecraft@1.20.1)
7300:             1             16  net.minecraft.util.ExtraCodecs$$Lambda$1105/0x0000000800578480 (minecraft@1.20.1)
7301:             1             16  net.minecraft.util.ExtraCodecs$$Lambda$1109/0x00000008005786c0 (minecraft@1.20.1)
7302:             1             16  net.minecraft.util.ExtraCodecs$$Lambda$1110/0x0000000800578900 (minecraft@1.20.1)
7303:             1             16  net.minecraft.util.ExtraCodecs$$Lambda$1111/0x0000000800578b40 (minecraft@1.20.1)
7304:             1             16  net.minecraft.util.ExtraCodecs$$Lambda$1112/0x0000000800578d80 (minecraft@1.20.1)
7305:             1             16  net.minecraft.util.ExtraCodecs$$Lambda$1114/0x0000000800578fc0 (minecraft@1.20.1)
7306:             1             16  net.minecraft.util.ExtraCodecs$$Lambda$1115/0x0000000800579200 (minecraft@1.20.1)
7307:             1             16  net.minecraft.util.ExtraCodecs$$Lambda$1116/0x0000000800579430 (minecraft@1.20.1)
7308:             1             16  net.minecraft.util.ExtraCodecs$$Lambda$1117/0x0000000800579670 (minecraft@1.20.1)
7309:             1             16  net.minecraft.util.ExtraCodecs$$Lambda$1118/0x00000008005798b0 (minecraft@1.20.1)
7310:             1             16  net.minecraft.util.ExtraCodecs$$Lambda$2941/0x0000000800a5ea08 (minecraft@1.20.1)
7311:             1             16  net.minecraft.util.ExtraCodecs$$Lambda$3368/0x0000000800ac0470 (minecraft@1.20.1)
7312:             1             16  net.minecraft.util.ExtraCodecs$$Lambda$3709/0x0000000800b10b58 (minecraft@1.20.1)
7313:             1             16  net.minecraft.util.ExtraCodecs$$Lambda$3710/0x0000000800b10d98 (minecraft@1.20.1)
7314:             1             16  net.minecraft.util.ExtraCodecs$$Lambda$3711/0x0000000800b10fd8 (minecraft@1.20.1)
7315:             1             16  net.minecraft.util.ExtraCodecs$$Lambda$3714/0x0000000800b11698 (minecraft@1.20.1)
7316:             1             16  net.minecraft.util.ExtraCodecs$$Lambda$3715/0x0000000800b118d8 (minecraft@1.20.1)
7317:             1             16  net.minecraft.util.ExtraCodecs$$Lambda$5345/0x0000000800dd5838 (minecraft@1.20.1)
7318:             1             16  net.minecraft.util.ExtraCodecs$4 (minecraft@1.20.1)
7319:             1             16  net.minecraft.util.FormattedCharSequence$$Lambda$1191/0x0000000800592648 (minecraft@1.20.1)
7320:             1             16  net.minecraft.util.InclusiveRange$$Lambda$3703/0x0000000800b09d68 (minecraft@1.20.1)
7321:             1             16  net.minecraft.util.InclusiveRange$$Lambda$3704/0x0000000800b10000 (minecraft@1.20.1)
7322:             1             16  net.minecraft.util.InclusiveRange$$Lambda$3705/0x0000000800b10240 (minecraft@1.20.1)
7323:             1             16  net.minecraft.util.LowerCaseEnumTypeAdapterFactory (minecraft@1.20.1)
7324:             1             16  net.minecraft.util.Mth$$Lambda$1236/0x000000080059d3b0 (minecraft@1.20.1)
7325:             1             16  net.minecraft.util.ResourceLocationPattern$$Lambda$5188/0x0000000800db6cd0 (minecraft@1.20.1)
7326:             1             16  net.minecraft.util.ResourceLocationPattern$$Lambda$5189/0x0000000800db6f10 (minecraft@1.20.1)
7327:             1             16  net.minecraft.util.ResourceLocationPattern$$Lambda$5190/0x0000000800db7150 (minecraft@1.20.1)
7328:             1             16  net.minecraft.util.ResourceLocationPattern$$Lambda$5191/0x0000000800db7390 (minecraft@1.20.1)
7329:             1             16  net.minecraft.util.StringRepresentable$$Lambda$1045/0x00000008005537e0 (minecraft@1.20.1)
7330:             1             16  net.minecraft.util.StringRepresentable$$Lambda$1168/0x0000000800588a48 (minecraft@1.20.1)
7331:             1             16  net.minecraft.util.StringRepresentable$$Lambda$1169/0x0000000800588c88 (minecraft@1.20.1)
7332:             1             16  net.minecraft.util.StringRepresentable$EnumCodec$$Lambda$1047/0x0000000800566248 (minecraft@1.20.1)
7333:             1             16  net.minecraft.util.StringRepresentable$EnumCodec$$Lambda$1121/0x0000000800579f80 (minecraft@1.20.1)
7334:             1             16  net.minecraft.util.ToFloatFunction$$Lambda$4145/0x0000000800b74000 (minecraft@1.20.1)
7335:             1             16  net.minecraft.util.ToFloatFunction$1 (minecraft@1.20.1)
7336:             1             16  net.minecraft.util.datafix.DataFixers$$Lambda$1803/0x0000000800815a10 (minecraft@1.20.1)
7337:             1             16  net.minecraft.util.datafix.DataFixers$$Lambda$1804/0x0000000800815ee0 (minecraft@1.20.1)
7338:             1             16  net.minecraft.util.datafix.DataFixers$$Lambda$1805/0x00000008008163b0 (minecraft@1.20.1)
7339:             1             16  net.minecraft.util.datafix.DataFixers$$Lambda$1862/0x0000000800822ea0 (minecraft@1.20.1)
7340:             1             16  net.minecraft.util.datafix.DataFixers$$Lambda$1871/0x00000008008384d0 (minecraft@1.20.1)
7341:             1             16  net.minecraft.util.datafix.DataFixers$$Lambda$1876/0x0000000800839258 (minecraft@1.20.1)
7342:             1             16  net.minecraft.util.datafix.DataFixers$$Lambda$1878/0x0000000800839950 (minecraft@1.20.1)
7343:             1             16  net.minecraft.util.datafix.DataFixers$$Lambda$1879/0x0000000800839e20 (minecraft@1.20.1)
7344:             1             16  net.minecraft.util.datafix.DataFixers$$Lambda$1882/0x000000080083a740 (minecraft@1.20.1)
7345:             1             16  net.minecraft.util.datafix.DataFixers$$Lambda$1883/0x000000080083ac10 (minecraft@1.20.1)
7346:             1             16  net.minecraft.util.datafix.DataFixers$$Lambda$1885/0x000000080083b068 (minecraft@1.20.1)
7347:             1             16  net.minecraft.util.datafix.DataFixers$$Lambda$1886/0x000000080083bde8 (minecraft@1.20.1)
7348:             1             16  net.minecraft.util.datafix.DataFixers$$Lambda$1888/0x000000080083c4e0 (minecraft@1.20.1)
7349:             1             16  net.minecraft.util.datafix.DataFixers$$Lambda$1890/0x000000080083cbd8 (minecraft@1.20.1)
7350:             1             16  net.minecraft.util.datafix.DataFixers$$Lambda$1892/0x000000080083d2d0 (minecraft@1.20.1)
7351:             1             16  net.minecraft.util.datafix.DataFixers$$Lambda$1898/0x000000080083e268 (minecraft@1.20.1)
7352:             1             16  net.minecraft.util.datafix.DataFixers$$Lambda$1907/0x000000080083fb00 (minecraft@1.20.1)
7353:             1             16  net.minecraft.util.datafix.DataFixers$$Lambda$1935/0x0000000800843fa0 (minecraft@1.20.1)
7354:             1             16  net.minecraft.util.datafix.DataFixers$$Lambda$1938/0x00000008008448f8 (minecraft@1.20.1)
7355:             1             16  net.minecraft.util.datafix.DataFixers$$Lambda$1942/0x0000000800845438 (minecraft@1.20.1)
7356:             1             16  net.minecraft.util.datafix.DataFixers$$Lambda$1947/0x00000008008461a0 (minecraft@1.20.1)
7357:             1             16  net.minecraft.util.datafix.DataFixers$$Lambda$1949/0x0000000800846898 (minecraft@1.20.1)
7358:             1             16  net.minecraft.util.datafix.DataFixers$$Lambda$1969/0x000000080084abb8 (minecraft@1.20.1)
7359:             1             16  net.minecraft.util.datafix.DataFixers$$Lambda$1971/0x000000080084b2d0 (minecraft@1.20.1)
7360:             1             16  net.minecraft.util.datafix.DataFixers$$Lambda$1985/0x000000080084f3e8 (minecraft@1.20.1)
7361:             1             16  net.minecraft.util.datafix.DataFixers$$Lambda$1989/0x000000080084d000 (minecraft@1.20.1)
7362:             1             16  net.minecraft.util.datafix.DataFixers$$Lambda$1991/0x000000080084d700 (minecraft@1.20.1)
7363:             1             16  net.minecraft.util.datafix.DataFixers$$Lambda$2004/0x00000008008591a8 (minecraft@1.20.1)
7364:             1             16  net.minecraft.util.datafix.DataFixers$$Lambda$2060/0x00000008008611a0 (minecraft@1.20.1)
7365:             1             16  net.minecraft.util.datafix.DataFixers$$Lambda$2063/0x0000000800861ab8 (minecraft@1.20.1)
7366:             1             16  net.minecraft.util.datafix.DataFixers$$Lambda$2066/0x0000000800862158 (minecraft@1.20.1)
7367:             1             16  net.minecraft.util.datafix.DataFixers$$Lambda$2067/0x00000008008628c8 (minecraft@1.20.1)
7368:             1             16  net.minecraft.util.datafix.DataFixers$$Lambda$2069/0x0000000800863210 (minecraft@1.20.1)
7369:             1             16  net.minecraft.util.datafix.DataFixers$$Lambda$2070/0x00000008008636e0 (minecraft@1.20.1)
7370:             1             16  net.minecraft.util.datafix.DataFixers$$Lambda$2071/0x0000000800863bb0 (minecraft@1.20.1)
7371:             1             16  net.minecraft.util.datafix.DataFixers$$Lambda$2076/0x0000000800864b58 (minecraft@1.20.1)
7372:             1             16  net.minecraft.util.datafix.DataFixers$$Lambda$2077/0x0000000800865438 (minecraft@1.20.1)
7373:             1             16  net.minecraft.util.datafix.DataFixers$$Lambda$2080/0x0000000800865f80 (minecraft@1.20.1)
7374:             1             16  net.minecraft.util.datafix.DataFixers$$Lambda$2082/0x0000000800866678 (minecraft@1.20.1)
7375:             1             16  net.minecraft.util.datafix.DataFixers$$Lambda$2084/0x0000000800866d70 (minecraft@1.20.1)
7376:             1             16  net.minecraft.util.datafix.DataFixers$$Lambda$2087/0x00000008008676b0 (minecraft@1.20.1)
7377:             1             16  net.minecraft.util.datafix.DataFixers$$Lambda$2088/0x0000000800867b80 (minecraft@1.20.1)
7378:             1             16  net.minecraft.util.datafix.DataFixers$$Lambda$2090/0x00000008008682a0 (minecraft@1.20.1)
7379:             1             16  net.minecraft.util.datafix.DataFixers$$Lambda$2092/0x0000000800868998 (minecraft@1.20.1)
7380:             1             16  net.minecraft.util.datafix.DataFixers$$Lambda$2095/0x00000008008692f8 (minecraft@1.20.1)
7381:             1             16  net.minecraft.util.datafix.DataFixers$$Lambda$2098/0x0000000800869c40 (minecraft@1.20.1)
7382:             1             16  net.minecraft.util.datafix.DataFixers$$Lambda$2101/0x000000080086a560 (minecraft@1.20.1)
7383:             1             16  net.minecraft.util.datafix.DataFixers$$Lambda$2103/0x000000080086ac58 (minecraft@1.20.1)
7384:             1             16  net.minecraft.util.datafix.DataFixers$$Lambda$2105/0x000000080086b350 (minecraft@1.20.1)
7385:             1             16  net.minecraft.util.datafix.DataFixers$$Lambda$2107/0x000000080086ba48 (minecraft@1.20.1)
7386:             1             16  net.minecraft.util.datafix.DataFixers$$Lambda$2109/0x000000080086c140 (minecraft@1.20.1)
7387:             1             16  net.minecraft.util.datafix.DataFixers$$Lambda$2111/0x000000080086c838 (minecraft@1.20.1)
7388:             1             16  net.minecraft.util.datafix.DataFixers$$Lambda$2118/0x000000080086dc78 (minecraft@1.20.1)
7389:             1             16  net.minecraft.util.datafix.DataFixers$$Lambda$2128/0x000000080086f6a0 (minecraft@1.20.1)
7390:             1             16  net.minecraft.util.datafix.DataFixers$$Lambda$2130/0x000000080086fd98 (minecraft@1.20.1)
7391:             1             16  net.minecraft.util.datafix.DataFixers$$Lambda$2132/0x00000008008749f8 (minecraft@1.20.1)
7392:             1             16  net.minecraft.util.datafix.DataFixers$$Lambda$2135/0x0000000800875310 (minecraft@1.20.1)
7393:             1             16  net.minecraft.util.datafix.DataFixers$$Lambda$2137/0x0000000800875a08 (minecraft@1.20.1)
7394:             1             16  net.minecraft.util.datafix.DataFixers$$Lambda$2140/0x0000000800876348 (minecraft@1.20.1)
7395:             1             16  net.minecraft.util.datafix.DataFixers$$Lambda$2142/0x0000000800876a40 (minecraft@1.20.1)
7396:             1             16  net.minecraft.util.datafix.DataFixers$$Lambda$2143/0x0000000800876f10 (minecraft@1.20.1)
7397:             1             16  net.minecraft.util.datafix.DataFixers$$Lambda$2145/0x0000000800877608 (minecraft@1.20.1)
7398:             1             16  net.minecraft.util.datafix.DataFixers$$Lambda$2156/0x00000008008733b0 (minecraft@1.20.1)
7399:             1             16  net.minecraft.util.datafix.DataFixers$$Lambda$2159/0x0000000800870800 (minecraft@1.20.1)
7400:             1             16  net.minecraft.util.datafix.DataFixers$$Lambda$2160/0x0000000800870cd0 (minecraft@1.20.1)
7401:             1             16  net.minecraft.util.datafix.DataFixers$$Lambda$2163/0x00000008008784c8 (minecraft@1.20.1)
7402:             1             16  net.minecraft.util.datafix.DataFixers$$Lambda$2165/0x0000000800878bc0 (minecraft@1.20.1)
7403:             1             16  net.minecraft.util.datafix.DataFixers$$Lambda$2167/0x00000008008792d8 (minecraft@1.20.1)
7404:             1             16  net.minecraft.util.datafix.DataFixers$$Lambda$2169/0x0000000800879730 (minecraft@1.20.1)
7405:             1             16  net.minecraft.util.datafix.DataFixers$$Lambda$2170/0x0000000800879960 (minecraft@1.20.1)
7406:             1             16  net.minecraft.util.datafix.DataFixers$$Lambda$2171/0x0000000800879b88 (minecraft@1.20.1)
7407:             1             16  net.minecraft.util.datafix.DataFixers$$Lambda$2172/0x0000000800879de8 (minecraft@1.20.1)
7408:             1             16  net.minecraft.util.datafix.DataFixers$$Lambda$2173/0x000000080087a018 (minecraft@1.20.1)
7409:             1             16  net.minecraft.util.datafix.DataFixers$$Lambda$2176/0x000000080087a6e0 (minecraft@1.20.1)
7410:             1             16  net.minecraft.util.datafix.DataFixers$$Lambda$2177/0x000000080087a940 (minecraft@1.20.1)
7411:             1             16  net.minecraft.util.datafix.DataFixers$$Lambda$2179/0x000000080087ae38 (minecraft@1.20.1)
7412:             1             16  net.minecraft.util.datafix.DataFixers$$Lambda$2180/0x000000080087b308 (minecraft@1.20.1)
7413:             1             16  net.minecraft.util.datafix.DataFixers$$Lambda$2182/0x000000080087ba00 (minecraft@1.20.1)
7414:             1             16  net.minecraft.util.datafix.DataFixers$$Lambda$2184/0x000000080087c0f8 (minecraft@1.20.1)
7415:             1             16  net.minecraft.util.datafix.DataFixers$$Lambda$2187/0x000000080087ca58 (minecraft@1.20.1)
7416:             1             16  net.minecraft.util.datafix.DataFixers$$Lambda$2189/0x000000080087d150 (minecraft@1.20.1)
7417:             1             16  net.minecraft.util.datafix.DataFixers$$Lambda$2192/0x000000080087da70 (minecraft@1.20.1)
7418:             1             16  net.minecraft.util.datafix.DataFixers$$Lambda$2193/0x000000080087df40 (minecraft@1.20.1)
7419:             1             16  net.minecraft.util.datafix.DataFixers$$Lambda$2194/0x000000080087e400 (minecraft@1.20.1)
7420:             1             16  net.minecraft.util.datafix.DataFixers$$Lambda$2195/0x000000080087e8e0 (minecraft@1.20.1)
7421:             1             16  net.minecraft.util.datafix.fixes.AbstractArrowPickupFix$$Lambda$2335/0x00000008008b9e28 (minecraft@1.20.1)
7422:             1             16  net.minecraft.util.datafix.fixes.AdvancementsFix$$Lambda$2074/0x0000000800864240 (minecraft@1.20.1)
7423:             1             16  net.minecraft.util.datafix.fixes.AttributesRename$$Lambda$2323/0x00000008008b5d98 (minecraft@1.20.1)
7424:             1             16  net.minecraft.util.datafix.fixes.AttributesRename$$Lambda$2324/0x00000008008b4800 (minecraft@1.20.1)
7425:             1             16  net.minecraft.util.datafix.fixes.AttributesRename$$Lambda$2325/0x00000008008b4a40 (minecraft@1.20.1)
7426:             1             16  net.minecraft.util.datafix.fixes.BedItemColorFix$$Lambda$2255/0x000000080089cc30 (minecraft@1.20.1)
7427:             1             16  net.minecraft.util.datafix.fixes.BlendingDataFix$$Lambda$2357/0x00000008008c0a48 (minecraft@1.20.1)
7428:             1             16  net.minecraft.util.datafix.fixes.BlendingDataRemoveFromNetherEndFix$$Lambda$2348/0x00000008008c4d38 (minecraft@1.20.1)
7429:             1             16  net.minecraft.util.datafix.fixes.BlockEntityCustomNameToComponentFix$$Lambda$2275/0x00000008008a3d30 (minecraft@1.20.1)
7430:             1             16  net.minecraft.util.datafix.fixes.BlockEntityIdFix$$Lambda$1906/0x000000080083f630 (minecraft@1.20.1)
7431:             1             16  net.minecraft.util.datafix.fixes.BlockEntityIdFix$$Lambda$2247/0x000000080089a258 (minecraft@1.20.1)
7432:             1             16  net.minecraft.util.datafix.fixes.BlockEntityRenameFix$$Lambda$2355/0x00000008008c1a20 (minecraft@1.20.1)
7433:             1             16  net.minecraft.util.datafix.fixes.BlockEntitySignTextStrictJsonFix$1 (minecraft@1.20.1)
7434:             1             16  net.minecraft.util.datafix.fixes.BlockEntityUUIDFix$$Lambda$2317/0x00000008008b5000 (minecraft@1.20.1)
7435:             1             16  net.minecraft.util.datafix.fixes.BlockNameFlatteningFix$$Lambda$2265/0x000000080089ef40 (minecraft@1.20.1)
7436:             1             16  net.minecraft.util.datafix.fixes.BlockStateData$$Lambda$1951/0x0000000800846ef8 (minecraft@1.20.1)
7437:             1             16  net.minecraft.util.datafix.fixes.BlockStateData$$Lambda$1952/0x0000000800847128 (minecraft@1.20.1)
7438:             1             16  net.minecraft.util.datafix.fixes.BlockStateStructureTemplateFix$$Lambda$2258/0x000000080089d2f8 (minecraft@1.20.1)
7439:             1             16  net.minecraft.util.datafix.fixes.CauldronRenameFix$$Lambda$2331/0x00000008008b8f18 (minecraft@1.20.1)
7440:             1             16  net.minecraft.util.datafix.fixes.ChunkBedBlockEntityInjecterFix$$Lambda$2253/0x000000080089c470 (minecraft@1.20.1)
7441:             1             16  net.minecraft.util.datafix.fixes.ChunkBiomeFix$$Lambda$2308/0x00000008008b33a8 (minecraft@1.20.1)
7442:             1             16  net.minecraft.util.datafix.fixes.ChunkDeleteIgnoredLightDataFix$$Lambda$2345/0x00000008008c4430 (minecraft@1.20.1)
7443:             1             16  net.minecraft.util.datafix.fixes.ChunkDeleteLightFix$$Lambda$2359/0x00000008008c8750 (minecraft@1.20.1)
7444:             1             16  net.minecraft.util.datafix.fixes.ChunkLightRemoveFix$$Lambda$2306/0x00000008008b2f40 (minecraft@1.20.1)
7445:             1             16  net.minecraft.util.datafix.fixes.ChunkPalettedStorageFix$$Lambda$1962/0x00000008008499c8 (minecraft@1.20.1)
7446:             1             16  net.minecraft.util.datafix.fixes.ChunkPalettedStorageFix$$Lambda$1963/0x0000000800849bf8 (minecraft@1.20.1)
7447:             1             16  net.minecraft.util.datafix.fixes.ChunkPalettedStorageFix$$Lambda$1964/0x0000000800849e28 (minecraft@1.20.1)
7448:             1             16  net.minecraft.util.datafix.fixes.ChunkPalettedStorageFix$$Lambda$1965/0x000000080084a058 (minecraft@1.20.1)
7449:             1             16  net.minecraft.util.datafix.fixes.ChunkPalettedStorageFix$$Lambda$1966/0x000000080084a288 (minecraft@1.20.1)
7450:             1             16  net.minecraft.util.datafix.fixes.ChunkPalettedStorageFix$$Lambda$1967/0x000000080084a4b8 (minecraft@1.20.1)
7451:             1             16  net.minecraft.util.datafix.fixes.ChunkPalettedStorageFix$$Lambda$1968/0x000000080084a6e8 (minecraft@1.20.1)
7452:             1             16  net.minecraft.util.datafix.fixes.ChunkPalettedStorageFix$$Lambda$2259/0x000000080089d9f0 (minecraft@1.20.1)
7453:             1             16  net.minecraft.util.datafix.fixes.ChunkStatusFix$$Lambda$2296/0x00000008008aedf8 (minecraft@1.20.1)
7454:             1             16  net.minecraft.util.datafix.fixes.ChunkStatusFix2$$Lambda$2298/0x00000008008af4c8 (minecraft@1.20.1)
7455:             1             16  net.minecraft.util.datafix.fixes.ChunkStructuresTemplateRenameFix$$Lambda$2281/0x00000008008a6e10 (minecraft@1.20.1)
7456:             1             16  net.minecraft.util.datafix.fixes.ChunkToProtochunkFix$$Lambda$2276/0x00000008008a4198 (minecraft@1.20.1)
7457:             1             16  net.minecraft.util.datafix.fixes.EffectDurationFix$$Lambda$2352/0x00000008008c73f8 (minecraft@1.20.1)
7458:             1             16  net.minecraft.util.datafix.fixes.EffectDurationFix$$Lambda$2353/0x00000008008c78b8 (minecraft@1.20.1)
7459:             1             16  net.minecraft.util.datafix.fixes.EntityBlockStateFix$$Lambda$1984/0x000000080084ef18 (minecraft@1.20.1)
7460:             1             16  net.minecraft.util.datafix.fixes.EntityBlockStateFix$$Lambda$2260/0x000000080089dc38 (minecraft@1.20.1)
7461:             1             16  net.minecraft.util.datafix.fixes.EntityBlockStateFix$$Lambda$2261/0x000000080089e108 (minecraft@1.20.1)
7462:             1             16  net.minecraft.util.datafix.fixes.EntityBlockStateFix$$Lambda$2262/0x000000080089e350 (minecraft@1.20.1)
7463:             1             16  net.minecraft.util.datafix.fixes.EntityCustomNameToComponentFix$$Lambda$2272/0x00000008008a38a0 (minecraft@1.20.1)
7464:             1             16  net.minecraft.util.datafix.fixes.EntityHealthFix$$Lambda$2232/0x000000080087f858 (minecraft@1.20.1)
7465:             1             16  net.minecraft.util.datafix.fixes.EntityIdFix$$Lambda$1934/0x0000000800843ad0 (minecraft@1.20.1)
7466:             1             16  net.minecraft.util.datafix.fixes.EntityIdFix$$Lambda$2248/0x000000080089a718 (minecraft@1.20.1)
7467:             1             16  net.minecraft.util.datafix.fixes.EntityPaintingMotiveFix$$Lambda$2059/0x0000000800860cd0 (minecraft@1.20.1)
7468:             1             16  net.minecraft.util.datafix.fixes.EntityProjectileOwnerFix$$Lambda$2314/0x00000008008b7720 (minecraft@1.20.1)
7469:             1             16  net.minecraft.util.datafix.fixes.EntityRedundantChanceTagsFix$$Lambda$2236/0x0000000800892f38 (minecraft@1.20.1)
7470:             1             16  net.minecraft.util.datafix.fixes.EntityStringUuidFix$$Lambda$2231/0x000000080087f3e8 (minecraft@1.20.1)
7471:             1             16  net.minecraft.util.datafix.fixes.EntityUUIDFix$$Lambda$2315/0x00000008008b7968 (minecraft@1.20.1)
7472:             1             16  net.minecraft.util.datafix.fixes.FeatureFlagRemoveFix$$Lambda$2356/0x00000008008c0800 (minecraft@1.20.1)
7473:             1             16  net.minecraft.util.datafix.fixes.FilteredBooksFix$$Lambda$2175/0x000000080087a490 (minecraft@1.20.1)
7474:             1             16  net.minecraft.util.datafix.fixes.ForcePoiRebuild$$Lambda$2311/0x00000008008b3a78 (minecraft@1.20.1)
7475:             1             16  net.minecraft.util.datafix.fixes.GoatHornIdFix$$Lambda$2174/0x000000080087a240 (minecraft@1.20.1)
7476:             1             16  net.minecraft.util.datafix.fixes.IglooMetadataRemovalFix$$Lambda$2280/0x00000008008a6bd0 (minecraft@1.20.1)
7477:             1             16  net.minecraft.util.datafix.fixes.ItemIdFix$$Lambda$1873/0x0000000800838928 (minecraft@1.20.1)
7478:             1             16  net.minecraft.util.datafix.fixes.ItemLoreFix$$Lambda$2295/0x00000008008ae948 (minecraft@1.20.1)
7479:             1             16  net.minecraft.util.datafix.fixes.ItemPotionFix$$Lambda$1874/0x0000000800838b58 (minecraft@1.20.1)
7480:             1             16  net.minecraft.util.datafix.fixes.ItemSpawnEggFix$$Lambda$1875/0x0000000800838d88 (minecraft@1.20.1)
7481:             1             16  net.minecraft.util.datafix.fixes.ItemStackEnchantmentNamesFix$$Lambda$2072/0x0000000800863de0 (minecraft@1.20.1)
7482:             1             16  net.minecraft.util.datafix.fixes.ItemStackSpawnEggFix$$Lambda$1990/0x000000080084d230 (minecraft@1.20.1)
7483:             1             16  net.minecraft.util.datafix.fixes.ItemStackTheFlatteningFix$$Lambda$1987/0x000000080084f838 (minecraft@1.20.1)
7484:             1             16  net.minecraft.util.datafix.fixes.ItemStackTheFlatteningFix$$Lambda$1988/0x000000080084fa68 (minecraft@1.20.1)
7485:             1             16  net.minecraft.util.datafix.fixes.JigsawRotationFix$$Lambda$2322/0x00000008008b5b58 (minecraft@1.20.1)
7486:             1             16  net.minecraft.util.datafix.fixes.LeavesFix$$Lambda$2073/0x0000000800864010 (minecraft@1.20.1)
7487:             1             16  net.minecraft.util.datafix.fixes.LegacyDragonFightFix$$Lambda$2360/0x00000008008c8998 (minecraft@1.20.1)
7488:             1             16  net.minecraft.util.datafix.fixes.LevelDataGeneratorOptionsFix$$Lambda$2075/0x0000000800864688 (minecraft@1.20.1)
7489:             1             16  net.minecraft.util.datafix.fixes.LevelDataGeneratorOptionsFix$$Lambda$2287/0x00000008008ab0e8 (minecraft@1.20.1)
7490:             1             16  net.minecraft.util.datafix.fixes.LevelFlatGeneratorInfoFix$$Lambda$2270/0x000000080089fa78 (minecraft@1.20.1)
7491:             1             16  net.minecraft.util.datafix.fixes.LevelUUIDFix$$Lambda$2319/0x00000008008b5488 (minecraft@1.20.1)
7492:             1             16  net.minecraft.util.datafix.fixes.MapIdFix$$Lambda$2301/0x00000008008afb98 (minecraft@1.20.1)
7493:             1             16  net.minecraft.util.datafix.fixes.NewVillageFix$$Lambda$2300/0x00000008008af958 (minecraft@1.20.1)
7494:             1             16  net.minecraft.util.datafix.fixes.ObjectiveDisplayNameFix$$Lambda$2291/0x00000008008ad670 (minecraft@1.20.1)
7495:             1             16  net.minecraft.util.datafix.fixes.ObjectiveRenderTypeFix$$Lambda$2293/0x00000008008adaf0 (minecraft@1.20.1)
7496:             1             16  net.minecraft.util.datafix.fixes.OminousBannerRenameFix$$Lambda$2097/0x0000000800869750 (minecraft@1.20.1)
7497:             1             16  net.minecraft.util.datafix.fixes.OptionsAccessibilityOnboardFix$$Lambda$2351/0x00000008008c71b8 (minecraft@1.20.1)
7498:             1             16  net.minecraft.util.datafix.fixes.OptionsAddTextBackgroundFix$$Lambda$2302/0x00000008008b0000 (minecraft@1.20.1)
7499:             1             16  net.minecraft.util.datafix.fixes.OptionsAmbientOcclusionFix$$Lambda$2350/0x00000008008c6f78 (minecraft@1.20.1)
7500:             1             16  net.minecraft.util.datafix.fixes.OptionsForceVBOFix$$Lambda$2244/0x0000000800889c48 (minecraft@1.20.1)
7501:             1             16  net.minecraft.util.datafix.fixes.OptionsKeyLwjgl3Fix$$Lambda$1946/0x0000000800845cd0 (minecraft@1.20.1)
7502:             1             16  net.minecraft.util.datafix.fixes.OptionsKeyLwjgl3Fix$$Lambda$2256/0x000000080089ce78 (minecraft@1.20.1)
7503:             1             16  net.minecraft.util.datafix.fixes.OptionsKeyTranslationFix$$Lambda$2257/0x000000080089d0b8 (minecraft@1.20.1)
7504:             1             16  net.minecraft.util.datafix.fixes.OptionsLowerCaseLanguageFix$$Lambda$2252/0x000000080089c230 (minecraft@1.20.1)
7505:             1             16  net.minecraft.util.datafix.fixes.OptionsProgrammerArtFix$$Lambda$2349/0x00000008008c4f78 (minecraft@1.20.1)
7506:             1             16  net.minecraft.util.datafix.fixes.OptionsRenameFieldFix$$Lambda$2330/0x00000008008b8cd0 (minecraft@1.20.1)
7507:             1             16  net.minecraft.util.datafix.fixes.OverreachingTickFix$$Lambda$2342/0x00000008008bf7d8 (minecraft@1.20.1)
7508:             1             16  net.minecraft.util.datafix.fixes.PlayerUUIDFix$$Lambda$2318/0x00000008008b5248 (minecraft@1.20.1)
7509:             1             16  net.minecraft.util.datafix.fixes.RedstoneWireConnectionsFix$$Lambda$2327/0x00000008008b8000 (minecraft@1.20.1)
7510:             1             16  net.minecraft.util.datafix.fixes.References$$Lambda$1208/0x0000000800598b18 (minecraft@1.20.1)
7511:             1             16  net.minecraft.util.datafix.fixes.References$$Lambda$1209/0x0000000800598d48 (minecraft@1.20.1)
7512:             1             16  net.minecraft.util.datafix.fixes.References$$Lambda$1210/0x0000000800598f78 (minecraft@1.20.1)
7513:             1             16  net.minecraft.util.datafix.fixes.References$$Lambda$1211/0x00000008005991a8 (minecraft@1.20.1)
7514:             1             16  net.minecraft.util.datafix.fixes.References$$Lambda$1212/0x00000008005993d8 (minecraft@1.20.1)
7515:             1             16  net.minecraft.util.datafix.fixes.References$$Lambda$1213/0x0000000800599608 (minecraft@1.20.1)
7516:             1             16  net.minecraft.util.datafix.fixes.References$$Lambda$1214/0x0000000800599838 (minecraft@1.20.1)
7517:             1             16  net.minecraft.util.datafix.fixes.References$$Lambda$1215/0x0000000800599a68 (minecraft@1.20.1)
7518:             1             16  net.minecraft.util.datafix.fixes.References$$Lambda$1216/0x0000000800599c98 (minecraft@1.20.1)
7519:             1             16  net.minecraft.util.datafix.fixes.References$$Lambda$1217/0x0000000800599ec8 (minecraft@1.20.1)
7520:             1             16  net.minecraft.util.datafix.fixes.References$$Lambda$1218/0x000000080059a0f8 (minecraft@1.20.1)
7521:             1             16  net.minecraft.util.datafix.fixes.References$$Lambda$1219/0x000000080059a328 (minecraft@1.20.1)
7522:             1             16  net.minecraft.util.datafix.fixes.References$$Lambda$1220/0x000000080059a558 (minecraft@1.20.1)
7523:             1             16  net.minecraft.util.datafix.fixes.References$$Lambda$1221/0x000000080059a788 (minecraft@1.20.1)
7524:             1             16  net.minecraft.util.datafix.fixes.References$$Lambda$1222/0x000000080059a9b8 (minecraft@1.20.1)
7525:             1             16  net.minecraft.util.datafix.fixes.References$$Lambda$1223/0x000000080059abe8 (minecraft@1.20.1)
7526:             1             16  net.minecraft.util.datafix.fixes.References$$Lambda$1224/0x000000080059ae18 (minecraft@1.20.1)
7527:             1             16  net.minecraft.util.datafix.fixes.References$$Lambda$1225/0x000000080059b048 (minecraft@1.20.1)
7528:             1             16  net.minecraft.util.datafix.fixes.References$$Lambda$1226/0x000000080059b278 (minecraft@1.20.1)
7529:             1             16  net.minecraft.util.datafix.fixes.References$$Lambda$1227/0x000000080059b4a8 (minecraft@1.20.1)
7530:             1             16  net.minecraft.util.datafix.fixes.References$$Lambda$1228/0x000000080059b6d8 (minecraft@1.20.1)
7531:             1             16  net.minecraft.util.datafix.fixes.References$$Lambda$1229/0x000000080059b908 (minecraft@1.20.1)
7532:             1             16  net.minecraft.util.datafix.fixes.References$$Lambda$1230/0x000000080059bb38 (minecraft@1.20.1)
7533:             1             16  net.minecraft.util.datafix.fixes.References$$Lambda$1231/0x000000080059bd68 (minecraft@1.20.1)
7534:             1             16  net.minecraft.util.datafix.fixes.References$$Lambda$1232/0x000000080059bf98 (minecraft@1.20.1)
7535:             1             16  net.minecraft.util.datafix.fixes.References$$Lambda$1233/0x000000080059c1c8 (minecraft@1.20.1)
7536:             1             16  net.minecraft.util.datafix.fixes.References$$Lambda$1234/0x000000080059c3f8 (minecraft@1.20.1)
7537:             1             16  net.minecraft.util.datafix.fixes.References$$Lambda$1235/0x000000080059c628 (minecraft@1.20.1)
7538:             1             16  net.minecraft.util.datafix.fixes.RemapChunkStatusFix$$Lambda$2358/0x00000008008c8508 (minecraft@1.20.1)
7539:             1             16  net.minecraft.util.datafix.fixes.ReorganizePoi$$Lambda$2303/0x00000008008b1458 (minecraft@1.20.1)
7540:             1             16  net.minecraft.util.datafix.fixes.SavedDataFeaturePoolElementFix$$Lambda$2334/0x00000008008b9be8 (minecraft@1.20.1)
7541:             1             16  net.minecraft.util.datafix.fixes.SavedDataUUIDFix$$Lambda$2320/0x00000008008b56d0 (minecraft@1.20.1)
7542:             1             16  net.minecraft.util.datafix.fixes.StatsRenameFix$$Lambda$2289/0x00000008008ad208 (minecraft@1.20.1)
7543:             1             16  net.minecraft.util.datafix.fixes.StructureReferenceCountFix$$Lambda$2310/0x00000008008b3838 (minecraft@1.20.1)
7544:             1             16  net.minecraft.util.datafix.fixes.StructureSettingsFlattenFix$$Lambda$2343/0x00000008008bfa20 (minecraft@1.20.1)
7545:             1             16  net.minecraft.util.datafix.fixes.StructuresBecomeConfiguredFix$$Lambda$2344/0x00000008008bfc68 (minecraft@1.20.1)
7546:             1             16  net.minecraft.util.datafix.fixes.TeamDisplayNameFix$$Lambda$2292/0x00000008008ad8b0 (minecraft@1.20.1)
7547:             1             16  net.minecraft.util.datafix.fixes.WallPropertyFix$$Lambda$2313/0x00000008008b6200 (minecraft@1.20.1)
7548:             1             16  net.minecraft.util.datafix.fixes.WorldGenSettingsFix$$Lambda$2328/0x00000008008b8648 (minecraft@1.20.1)
7549:             1             16  net.minecraft.util.datafix.fixes.WorldGenSettingsFix$StructureFeatureConfiguration$$Lambda$2113/0x000000080086ce98 (minecraft@1.20.1)
7550:             1             16  net.minecraft.util.datafix.fixes.WorldGenSettingsFix$StructureFeatureConfiguration$$Lambda$2114/0x000000080086d0d8 (minecraft@1.20.1)
7551:             1             16  net.minecraft.util.datafix.fixes.WorldGenSettingsFix$StructureFeatureConfiguration$$Lambda$2115/0x000000080086d318 (minecraft@1.20.1)
7552:             1             16  net.minecraft.util.datafix.fixes.WorldGenSettingsFix$StructureFeatureConfiguration$$Lambda$2116/0x000000080086d558 (minecraft@1.20.1)
7553:             1             16  net.minecraft.util.datafix.fixes.WorldGenSettingsFix$StructureFeatureConfiguration$$Lambda$2117/0x000000080086d798 (minecraft@1.20.1)
7554:             1             16  net.minecraft.util.datafix.schemas.NamespacedSchema$1 (minecraft@1.20.1)
7555:             1             16  net.minecraft.util.datafix.schemas.V100$$Lambda$1870/0x0000000800823bf8 (minecraft@1.20.1)
7556:             1             16  net.minecraft.util.datafix.schemas.V1022$$Lambda$1939/0x0000000800844b28 (minecraft@1.20.1)
7557:             1             16  net.minecraft.util.datafix.schemas.V1125$$Lambda$1944/0x0000000800845890 (minecraft@1.20.1)
7558:             1             16  net.minecraft.util.datafix.schemas.V1125$$Lambda$1945/0x0000000800845ab0 (minecraft@1.20.1)
7559:             1             16  net.minecraft.util.datafix.schemas.V1451_4$$Lambda$1986/0x000000080084f618 (minecraft@1.20.1)
7560:             1             16  net.minecraft.util.datafix.schemas.V1451_6$$Lambda$1997/0x00000008008588a0 (minecraft@1.20.1)
7561:             1             16  net.minecraft.util.datafix.schemas.V1451_6$$Lambda$1998/0x0000000800858ac0 (minecraft@1.20.1)
7562:             1             16  net.minecraft.util.datafix.schemas.V1451_6$1 (minecraft@1.20.1)
7563:             1             16  net.minecraft.util.datafix.schemas.V1451_6$2 (minecraft@1.20.1)
7564:             1             16  net.minecraft.util.datafix.schemas.V1460$$Lambda$2032/0x000000080085d130 (minecraft@1.20.1)
7565:             1             16  net.minecraft.util.datafix.schemas.V1460$$Lambda$2033/0x000000080085d350 (minecraft@1.20.1)
7566:             1             16  net.minecraft.util.datafix.schemas.V1460$$Lambda$2035/0x000000080085d798 (minecraft@1.20.1)
7567:             1             16  net.minecraft.util.datafix.schemas.V1460$$Lambda$2041/0x000000080085e488 (minecraft@1.20.1)
7568:             1             16  net.minecraft.util.datafix.schemas.V1460$$Lambda$2043/0x000000080085e8d0 (minecraft@1.20.1)
7569:             1             16  net.minecraft.util.datafix.schemas.V1460$$Lambda$2044/0x000000080085eaf0 (minecraft@1.20.1)
7570:             1             16  net.minecraft.util.datafix.schemas.V1460$$Lambda$2045/0x000000080085ed10 (minecraft@1.20.1)
7571:             1             16  net.minecraft.util.datafix.schemas.V1460$$Lambda$2049/0x000000080085f5a8 (minecraft@1.20.1)
7572:             1             16  net.minecraft.util.datafix.schemas.V1460$$Lambda$2051/0x000000080085f9f0 (minecraft@1.20.1)
7573:             1             16  net.minecraft.util.datafix.schemas.V1460$$Lambda$2054/0x0000000800860228 (minecraft@1.20.1)
7574:             1             16  net.minecraft.util.datafix.schemas.V1460$$Lambda$2055/0x0000000800860448 (minecraft@1.20.1)
7575:             1             16  net.minecraft.util.datafix.schemas.V1460$$Lambda$2056/0x0000000800860668 (minecraft@1.20.1)
7576:             1             16  net.minecraft.util.datafix.schemas.V1460$$Lambda$2057/0x0000000800860888 (minecraft@1.20.1)
7577:             1             16  net.minecraft.util.datafix.schemas.V1466$$Lambda$2061/0x00000008008613d0 (minecraft@1.20.1)
7578:             1             16  net.minecraft.util.datafix.schemas.V2551$$Lambda$2120/0x000000080086e0d0 (minecraft@1.20.1)
7579:             1             16  net.minecraft.util.datafix.schemas.V2551$$Lambda$2126/0x000000080086edb8 (minecraft@1.20.1)
7580:             1             16  net.minecraft.util.datafix.schemas.V2551$$Lambda$2127/0x000000080086efd8 (minecraft@1.20.1)
7581:             1             16  net.minecraft.util.datafix.schemas.V2684$$Lambda$2134/0x0000000800874e50 (minecraft@1.20.1)
7582:             1             16  net.minecraft.util.datafix.schemas.V2832$$Lambda$2147/0x0000000800877a60 (minecraft@1.20.1)
7583:             1             16  net.minecraft.util.datafix.schemas.V2832$$Lambda$2149/0x0000000800872000 (minecraft@1.20.1)
7584:             1             16  net.minecraft.util.datafix.schemas.V2832$$Lambda$2155/0x0000000800872ce8 (minecraft@1.20.1)
7585:             1             16  net.minecraft.util.datafix.schemas.V704$$Lambda$1899/0x000000080083e498 (minecraft@1.20.1)
7586:             1             16  net.minecraft.util.datafix.schemas.V704$$Lambda$1905/0x000000080083f408 (minecraft@1.20.1)
7587:             1             16  net.minecraft.util.datafix.schemas.V704$1 (minecraft@1.20.1)
7588:             1             16  net.minecraft.util.datafix.schemas.V705$1 (minecraft@1.20.1)
7589:             1             16  net.minecraft.util.datafix.schemas.V99$$Lambda$1806/0x00000008008165e0 (minecraft@1.20.1)
7590:             1             16  net.minecraft.util.datafix.schemas.V99$$Lambda$1824/0x000000080081ed30 (minecraft@1.20.1)
7591:             1             16  net.minecraft.util.datafix.schemas.V99$$Lambda$1825/0x000000080081ef78 (minecraft@1.20.1)
7592:             1             16  net.minecraft.util.datafix.schemas.V99$$Lambda$1826/0x000000080081f1c0 (minecraft@1.20.1)
7593:             1             16  net.minecraft.util.datafix.schemas.V99$$Lambda$1831/0x000000080081fd08 (minecraft@1.20.1)
7594:             1             16  net.minecraft.util.datafix.schemas.V99$$Lambda$1836/0x0000000800820678 (minecraft@1.20.1)
7595:             1             16  net.minecraft.util.datafix.schemas.V99$$Lambda$1839/0x0000000800820ce8 (minecraft@1.20.1)
7596:             1             16  net.minecraft.util.datafix.schemas.V99$$Lambda$1840/0x0000000800820f08 (minecraft@1.20.1)
7597:             1             16  net.minecraft.util.datafix.schemas.V99$$Lambda$1841/0x0000000800821128 (minecraft@1.20.1)
7598:             1             16  net.minecraft.util.datafix.schemas.V99$$Lambda$1842/0x0000000800821348 (minecraft@1.20.1)
7599:             1             16  net.minecraft.util.datafix.schemas.V99$$Lambda$1844/0x0000000800821790 (minecraft@1.20.1)
7600:             1             16  net.minecraft.util.datafix.schemas.V99$$Lambda$1845/0x00000008008219b0 (minecraft@1.20.1)
7601:             1             16  net.minecraft.util.datafix.schemas.V99$$Lambda$1846/0x0000000800821bd0 (minecraft@1.20.1)
7602:             1             16  net.minecraft.util.datafix.schemas.V99$$Lambda$1847/0x0000000800821df0 (minecraft@1.20.1)
7603:             1             16  net.minecraft.util.datafix.schemas.V99$$Lambda$1848/0x0000000800822010 (minecraft@1.20.1)
7604:             1             16  net.minecraft.util.datafix.schemas.V99$$Lambda$1849/0x0000000800822230 (minecraft@1.20.1)
7605:             1             16  net.minecraft.util.datafix.schemas.V99$1 (minecraft@1.20.1)
7606:             1             16  net.minecraft.util.eventlog.EventLogDirectory$$Lambda$5174/0x0000000800da8b30 (minecraft@1.20.1)
7607:             1             16  net.minecraft.util.eventlog.EventLogDirectory$$Lambda$5177/0x0000000800da9210 (minecraft@1.20.1)
7608:             1             16  net.minecraft.util.profiling.InactiveProfiler (minecraft@1.20.1)
7609:             1             16  net.minecraft.util.profiling.metrics.MetricsRegistry (minecraft@1.20.1)
7610:             1             16  net.minecraft.util.profiling.metrics.profiling.InactiveMetricsRecorder (minecraft@1.20.1)
7611:             1             16  net.minecraft.util.random.SimpleWeightedRandomList$$Lambda$2942/0x0000000800a5ec48 (minecraft@1.20.1)
7612:             1             16  net.minecraft.util.random.SimpleWeightedRandomList$$Lambda$2943/0x0000000800a5ee88 (minecraft@1.20.1)
7613:             1             16  net.minecraft.util.random.Weight$$Lambda$2937/0x0000000800a5e118 (minecraft@1.20.1)
7614:             1             16  net.minecraft.util.random.Weight$$Lambda$2938/0x0000000800a5e358 (minecraft@1.20.1)
7615:             1             16  net.minecraft.util.random.WeightedEntry$Wrapper$$Lambda$2936/0x0000000800a5dcc8 (minecraft@1.20.1)
7616:             1             16  net.minecraft.util.random.WeightedEntry$Wrapper$$Lambda$2939/0x0000000800a5e598 (minecraft@1.20.1)
7617:             1             16  net.minecraft.util.random.WeightedEntry$Wrapper$$Lambda$2940/0x0000000800a5e7d8 (minecraft@1.20.1)
7618:             1             16  net.minecraft.util.random.WeightedRandomList$$Lambda$3562/0x0000000800af06d0 (minecraft@1.20.1)
7619:             1             16  net.minecraft.util.random.WeightedRandomList$$Lambda$3563/0x0000000800af0910 (minecraft@1.20.1)
7620:             1             16  net.minecraft.util.valueproviders.BiasedToBottomInt$$Lambda$2923/0x0000000800a573f8 (minecraft@1.20.1)
7621:             1             16  net.minecraft.util.valueproviders.BiasedToBottomInt$$Lambda$2924/0x0000000800a57638 (minecraft@1.20.1)
7622:             1             16  net.minecraft.util.valueproviders.BiasedToBottomInt$$Lambda$2925/0x0000000800a57878 (minecraft@1.20.1)
7623:             1             16  net.minecraft.util.valueproviders.BiasedToBottomInt$$Lambda$2926/0x0000000800a57ab8 (minecraft@1.20.1)
7624:             1             16  net.minecraft.util.valueproviders.BiasedToBottomInt$$Lambda$2927/0x0000000800a57ce8 (minecraft@1.20.1)
7625:             1             16  net.minecraft.util.valueproviders.ClampedInt$$Lambda$2928/0x0000000800a5c230 (minecraft@1.20.1)
7626:             1             16  net.minecraft.util.valueproviders.ClampedInt$$Lambda$2929/0x0000000800a5c470 (minecraft@1.20.1)
7627:             1             16  net.minecraft.util.valueproviders.ClampedInt$$Lambda$2930/0x0000000800a5c6b0 (minecraft@1.20.1)
7628:             1             16  net.minecraft.util.valueproviders.ClampedInt$$Lambda$2931/0x0000000800a5c8f0 (minecraft@1.20.1)
7629:             1             16  net.minecraft.util.valueproviders.ClampedInt$$Lambda$2932/0x0000000800a5cb30 (minecraft@1.20.1)
7630:             1             16  net.minecraft.util.valueproviders.ClampedInt$$Lambda$2933/0x0000000800a5cd70 (minecraft@1.20.1)
7631:             1             16  net.minecraft.util.valueproviders.ClampedNormalFloat$$Lambda$2909/0x0000000800a55018 (minecraft@1.20.1)
7632:             1             16  net.minecraft.util.valueproviders.ClampedNormalFloat$$Lambda$2910/0x0000000800a55258 (minecraft@1.20.1)
7633:             1             16  net.minecraft.util.valueproviders.ClampedNormalFloat$$Lambda$2911/0x0000000800a55498 (minecraft@1.20.1)
7634:             1             16  net.minecraft.util.valueproviders.ClampedNormalFloat$$Lambda$2912/0x0000000800a556d8 (minecraft@1.20.1)
7635:             1             16  net.minecraft.util.valueproviders.ClampedNormalFloat$$Lambda$2913/0x0000000800a55918 (minecraft@1.20.1)
7636:             1             16  net.minecraft.util.valueproviders.ClampedNormalFloat$$Lambda$2914/0x0000000800a55b58 (minecraft@1.20.1)
7637:             1             16  net.minecraft.util.valueproviders.ClampedNormalFloat$$Lambda$2915/0x0000000800a55da8 (minecraft@1.20.1)
7638:             1             16  net.minecraft.util.valueproviders.ClampedNormalInt$$Lambda$2946/0x0000000800a5f770 (minecraft@1.20.1)
7639:             1             16  net.minecraft.util.valueproviders.ClampedNormalInt$$Lambda$2947/0x0000000800a5f9b0 (minecraft@1.20.1)
7640:             1             16  net.minecraft.util.valueproviders.ClampedNormalInt$$Lambda$2948/0x0000000800a5fbf0 (minecraft@1.20.1)
7641:             1             16  net.minecraft.util.valueproviders.ClampedNormalInt$$Lambda$2949/0x0000000800a60000 (minecraft@1.20.1)
7642:             1             16  net.minecraft.util.valueproviders.ClampedNormalInt$$Lambda$2950/0x0000000800a60240 (minecraft@1.20.1)
7643:             1             16  net.minecraft.util.valueproviders.ClampedNormalInt$$Lambda$2951/0x0000000800a60480 (minecraft@1.20.1)
7644:             1             16  net.minecraft.util.valueproviders.ClampedNormalInt$$Lambda$2952/0x0000000800a606d0 (minecraft@1.20.1)
7645:             1             16  net.minecraft.util.valueproviders.ConstantFloat$$Lambda$2898/0x0000000800a53300 (minecraft@1.20.1)
7646:             1             16  net.minecraft.util.valueproviders.ConstantFloat$$Lambda$2899/0x0000000800a53540 (minecraft@1.20.1)
7647:             1             16  net.minecraft.util.valueproviders.ConstantFloat$$Lambda$2900/0x0000000800a53780 (minecraft@1.20.1)
7648:             1             16  net.minecraft.util.valueproviders.ConstantFloat$$Lambda$2901/0x0000000800a539c0 (minecraft@1.20.1)
7649:             1             16  net.minecraft.util.valueproviders.ConstantFloat$$Lambda$2902/0x0000000800a53c00 (minecraft@1.20.1)
7650:             1             16  net.minecraft.util.valueproviders.ConstantInt$$Lambda$1518/0x0000000800732480 (minecraft@1.20.1)
7651:             1             16  net.minecraft.util.valueproviders.ConstantInt$$Lambda$1519/0x00000008007326c0 (minecraft@1.20.1)
7652:             1             16  net.minecraft.util.valueproviders.ConstantInt$$Lambda$1520/0x0000000800732900 (minecraft@1.20.1)
7653:             1             16  net.minecraft.util.valueproviders.ConstantInt$$Lambda$1524/0x0000000800732b40 (minecraft@1.20.1)
7654:             1             16  net.minecraft.util.valueproviders.ConstantInt$$Lambda$1525/0x0000000800732d80 (minecraft@1.20.1)
7655:             1             16  net.minecraft.util.valueproviders.FloatProvider$$Lambda$2894/0x0000000800a52a00 (minecraft@1.20.1)
7656:             1             16  net.minecraft.util.valueproviders.FloatProvider$$Lambda$2895/0x0000000800a52c40 (minecraft@1.20.1)
7657:             1             16  net.minecraft.util.valueproviders.FloatProvider$$Lambda$2896/0x0000000800a52e80 (minecraft@1.20.1)
7658:             1             16  net.minecraft.util.valueproviders.FloatProvider$$Lambda$2897/0x0000000800a530c0 (minecraft@1.20.1)
7659:             1             16  net.minecraft.util.valueproviders.IntProvider$$Lambda$1513/0x0000000800737930 (minecraft@1.20.1)
7660:             1             16  net.minecraft.util.valueproviders.IntProvider$$Lambda$1514/0x0000000800737b70 (minecraft@1.20.1)
7661:             1             16  net.minecraft.util.valueproviders.IntProvider$$Lambda$1515/0x0000000800737db0 (minecraft@1.20.1)
7662:             1             16  net.minecraft.util.valueproviders.IntProvider$$Lambda$1516/0x0000000800732000 (minecraft@1.20.1)
7663:             1             16  net.minecraft.util.valueproviders.TrapezoidFloat$$Lambda$2916/0x0000000800a56228 (minecraft@1.20.1)
7664:             1             16  net.minecraft.util.valueproviders.TrapezoidFloat$$Lambda$2917/0x0000000800a56468 (minecraft@1.20.1)
7665:             1             16  net.minecraft.util.valueproviders.TrapezoidFloat$$Lambda$2918/0x0000000800a566a8 (minecraft@1.20.1)
7666:             1             16  net.minecraft.util.valueproviders.TrapezoidFloat$$Lambda$2919/0x0000000800a568e8 (minecraft@1.20.1)
7667:             1             16  net.minecraft.util.valueproviders.TrapezoidFloat$$Lambda$2920/0x0000000800a56b28 (minecraft@1.20.1)
7668:             1             16  net.minecraft.util.valueproviders.TrapezoidFloat$$Lambda$2921/0x0000000800a56d68 (minecraft@1.20.1)
7669:             1             16  net.minecraft.util.valueproviders.UniformFloat$$Lambda$2904/0x0000000800a542a8 (minecraft@1.20.1)
7670:             1             16  net.minecraft.util.valueproviders.UniformFloat$$Lambda$2905/0x0000000800a544e8 (minecraft@1.20.1)
7671:             1             16  net.minecraft.util.valueproviders.UniformFloat$$Lambda$2906/0x0000000800a54728 (minecraft@1.20.1)
7672:             1             16  net.minecraft.util.valueproviders.UniformFloat$$Lambda$2907/0x0000000800a54968 (minecraft@1.20.1)
7673:             1             16  net.minecraft.util.valueproviders.UniformFloat$$Lambda$2908/0x0000000800a54b98 (minecraft@1.20.1)
7674:             1             16  net.minecraft.util.valueproviders.UniformInt$$Lambda$1526/0x0000000800732fc0 (minecraft@1.20.1)
7675:             1             16  net.minecraft.util.valueproviders.UniformInt$$Lambda$1527/0x0000000800733200 (minecraft@1.20.1)
7676:             1             16  net.minecraft.util.valueproviders.UniformInt$$Lambda$1528/0x0000000800733440 (minecraft@1.20.1)
7677:             1             16  net.minecraft.util.valueproviders.UniformInt$$Lambda$1529/0x0000000800733680 (minecraft@1.20.1)
7678:             1             16  net.minecraft.util.valueproviders.UniformInt$$Lambda$1530/0x00000008007338b0 (minecraft@1.20.1)
7679:             1             16  net.minecraft.util.valueproviders.WeightedListInt$$Lambda$2934/0x0000000800a5cfb0 (minecraft@1.20.1)
7680:             1             16  net.minecraft.util.valueproviders.WeightedListInt$$Lambda$2944/0x0000000800a5f0c8 (minecraft@1.20.1)
7681:             1             16  net.minecraft.util.valueproviders.WeightedListInt$$Lambda$2945/0x0000000800a5f308 (minecraft@1.20.1)
7682:             1             16  net.minecraft.world.LockCode (minecraft@1.20.1)
7683:             1             16  net.minecraft.world.effect.MobEffect$$Lambda$1583/0x0000000800750410 (minecraft@1.20.1)
7684:             1             16  net.minecraft.world.effect.MobEffects$$Lambda$1586/0x0000000800751d10 (minecraft@1.20.1)
7685:             1             16  net.minecraft.world.entity.EntitySelector$$Lambda$2553/0x00000008009d1140 (minecraft@1.20.1)
7686:             1             16  net.minecraft.world.entity.EntitySelector$$Lambda$2554/0x00000008009d1390 (minecraft@1.20.1)
7687:             1             16  net.minecraft.world.entity.EntitySelector$$Lambda$2555/0x00000008009d15e0 (minecraft@1.20.1)
7688:             1             16  net.minecraft.world.entity.EntitySelector$$Lambda$2556/0x00000008009d1830 (minecraft@1.20.1)
7689:             1             16  net.minecraft.world.entity.EntitySelector$$Lambda$2557/0x00000008009d1a80 (minecraft@1.20.1)
7690:             1             16  net.minecraft.world.entity.EntitySelector$$Lambda$2558/0x00000008009d1cd0 (minecraft@1.20.1)
7691:             1             16  net.minecraft.world.entity.EntitySelector$$Lambda$2559/0x00000008009d1f20 (minecraft@1.20.1)
7692:             1             16  net.minecraft.world.entity.EntityType$$Lambda$1793/0x00000008007f88b0 (minecraft@1.20.1)
7693:             1             16  net.minecraft.world.entity.EntityType$$Lambda$2219/0x000000080087ef80 (minecraft@1.20.1)
7694:             1             16  net.minecraft.world.entity.EntityType$$Lambda$2222/0x000000080088b510 (minecraft@1.20.1)
7695:             1             16  net.minecraft.world.entity.EntityType$$Lambda$2235/0x0000000800892d18 (minecraft@1.20.1)
7696:             1             16  net.minecraft.world.entity.EntityType$$Lambda$2266/0x000000080089f180 (minecraft@1.20.1)
7697:             1             16  net.minecraft.world.entity.EntityType$$Lambda$2274/0x00000008008a3f78 (minecraft@1.20.1)
7698:             1             16  net.minecraft.world.entity.EntityType$$Lambda$2284/0x00000008008aaa38 (minecraft@1.20.1)
7699:             1             16  net.minecraft.world.entity.EntityType$$Lambda$2297/0x00000008008af2a8 (minecraft@1.20.1)
7700:             1             16  net.minecraft.world.entity.EntityType$$Lambda$2307/0x00000008008b3188 (minecraft@1.20.1)
7701:             1             16  net.minecraft.world.entity.EntityType$$Lambda$2316/0x00000008008b7bb0 (minecraft@1.20.1)
7702:             1             16  net.minecraft.world.entity.EntityType$$Lambda$2346/0x00000008008c48d0 (minecraft@1.20.1)
7703:             1             16  net.minecraft.world.entity.EntityType$$Lambda$2362/0x00000008008c90a8 (minecraft@1.20.1)
7704:             1             16  net.minecraft.world.entity.EntityType$$Lambda$2370/0x00000008008cb808 (minecraft@1.20.1)
7705:             1             16  net.minecraft.world.entity.EntityType$$Lambda$2371/0x00000008008cbc28 (minecraft@1.20.1)
7706:             1             16  net.minecraft.world.entity.EntityType$$Lambda$2372/0x00000008008d6c70 (minecraft@1.20.1)
7707:             1             16  net.minecraft.world.entity.EntityType$$Lambda$2373/0x00000008008d6e90 (minecraft@1.20.1)
7708:             1             16  net.minecraft.world.entity.EntityType$$Lambda$2374/0x00000008008d7db0 (minecraft@1.20.1)
7709:             1             16  net.minecraft.world.entity.EntityType$$Lambda$2375/0x00000008008e6c70 (minecraft@1.20.1)
7710:             1             16  net.minecraft.world.entity.EntityType$$Lambda$2376/0x00000008008e6e90 (minecraft@1.20.1)
7711:             1             16  net.minecraft.world.entity.EntityType$$Lambda$2377/0x00000008008e7310 (minecraft@1.20.1)
7712:             1             16  net.minecraft.world.entity.EntityType$$Lambda$2378/0x00000008008efda0 (minecraft@1.20.1)
7713:             1             16  net.minecraft.world.entity.EntityType$$Lambda$2379/0x00000008008f4010 (minecraft@1.20.1)
7714:             1             16  net.minecraft.world.entity.EntityType$$Lambda$2380/0x00000008008f6710 (minecraft@1.20.1)
7715:             1             16  net.minecraft.world.entity.EntityType$$Lambda$2381/0x00000008008ff780 (minecraft@1.20.1)
7716:             1             16  net.minecraft.world.entity.EntityType$$Lambda$2382/0x00000008008ffba0 (minecraft@1.20.1)
7717:             1             16  net.minecraft.world.entity.EntityType$$Lambda$2383/0x00000008008ffdc0 (minecraft@1.20.1)
7718:             1             16  net.minecraft.world.entity.EntityType$$Lambda$2384/0x0000000800907868 (minecraft@1.20.1)
7719:             1             16  net.minecraft.world.entity.EntityType$$Lambda$2385/0x0000000800907a88 (minecraft@1.20.1)
7720:             1             16  net.minecraft.world.entity.EntityType$$Lambda$2386/0x0000000800907ca8 (minecraft@1.20.1)
7721:             1             16  net.minecraft.world.entity.EntityType$$Lambda$2387/0x000000080090ef10 (minecraft@1.20.1)
7722:             1             16  net.minecraft.world.entity.EntityType$$Lambda$2388/0x000000080090f390 (minecraft@1.20.1)
7723:             1             16  net.minecraft.world.entity.EntityType$$Lambda$2389/0x000000080091e040 (minecraft@1.20.1)
7724:             1             16  net.minecraft.world.entity.EntityType$$Lambda$2390/0x000000080091f488 (minecraft@1.20.1)
7725:             1             16  net.minecraft.world.entity.EntityType$$Lambda$2391/0x000000080091f6a8 (minecraft@1.20.1)
7726:             1             16  net.minecraft.world.entity.EntityType$$Lambda$2392/0x000000080091fda8 (minecraft@1.20.1)
7727:             1             16  net.minecraft.world.entity.EntityType$$Lambda$2393/0x0000000800922728 (minecraft@1.20.1)
7728:             1             16  net.minecraft.world.entity.EntityType$$Lambda$2394/0x00000008009230e0 (minecraft@1.20.1)
7729:             1             16  net.minecraft.world.entity.EntityType$$Lambda$2395/0x0000000800924588 (minecraft@1.20.1)
7730:             1             16  net.minecraft.world.entity.EntityType$$Lambda$2396/0x0000000800929b30 (minecraft@1.20.1)
7731:             1             16  net.minecraft.world.entity.EntityType$$Lambda$2397/0x000000080092c080 (minecraft@1.20.1)
7732:             1             16  net.minecraft.world.entity.EntityType$$Lambda$2398/0x000000080092c2a0 (minecraft@1.20.1)
7733:             1             16  net.minecraft.world.entity.EntityType$$Lambda$2399/0x0000000800930728 (minecraft@1.20.1)
7734:             1             16  net.minecraft.world.entity.EntityType$$Lambda$2400/0x00000008009325d0 (minecraft@1.20.1)
7735:             1             16  net.minecraft.world.entity.EntityType$$Lambda$2401/0x0000000800934d30 (minecraft@1.20.1)
7736:             1             16  net.minecraft.world.entity.EntityType$$Lambda$2402/0x00000008009370b8 (minecraft@1.20.1)
7737:             1             16  net.minecraft.world.entity.EntityType$$Lambda$2403/0x00000008009372d8 (minecraft@1.20.1)
7738:             1             16  net.minecraft.world.entity.EntityType$$Lambda$2404/0x00000008009374f8 (minecraft@1.20.1)
7739:             1             16  net.minecraft.world.entity.EntityType$$Lambda$2405/0x0000000800937918 (minecraft@1.20.1)
7740:             1             16  net.minecraft.world.entity.EntityType$$Lambda$2406/0x000000080093f438 (minecraft@1.20.1)
7741:             1             16  net.minecraft.world.entity.EntityType$$Lambda$2407/0x000000080093f658 (minecraft@1.20.1)
7742:             1             16  net.minecraft.world.entity.EntityType$$Lambda$2408/0x000000080093f878 (minecraft@1.20.1)
7743:             1             16  net.minecraft.world.entity.EntityType$$Lambda$2409/0x0000000800947d68 (minecraft@1.20.1)
7744:             1             16  net.minecraft.world.entity.EntityType$$Lambda$2410/0x0000000800949228 (minecraft@1.20.1)
7745:             1             16  net.minecraft.world.entity.EntityType$$Lambda$2411/0x000000080094a098 (minecraft@1.20.1)
7746:             1             16  net.minecraft.world.entity.EntityType$$Lambda$2412/0x000000080094a2b8 (minecraft@1.20.1)
7747:             1             16  net.minecraft.world.entity.EntityType$$Lambda$2413/0x000000080094b700 (minecraft@1.20.1)
7748:             1             16  net.minecraft.world.entity.EntityType$$Lambda$2414/0x000000080094b920 (minecraft@1.20.1)
7749:             1             16  net.minecraft.world.entity.EntityType$$Lambda$2415/0x000000080094e080 (minecraft@1.20.1)
7750:             1             16  net.minecraft.world.entity.EntityType$$Lambda$2416/0x000000080094e2a0 (minecraft@1.20.1)
7751:             1             16  net.minecraft.world.entity.EntityType$$Lambda$2417/0x000000080094e4c0 (minecraft@1.20.1)
7752:             1             16  net.minecraft.world.entity.EntityType$$Lambda$2418/0x000000080094ee88 (minecraft@1.20.1)
7753:             1             16  net.minecraft.world.entity.EntityType$$Lambda$2419/0x000000080094f0a8 (minecraft@1.20.1)
7754:             1             16  net.minecraft.world.entity.EntityType$$Lambda$2420/0x0000000800956c88 (minecraft@1.20.1)
7755:             1             16  net.minecraft.world.entity.EntityType$$Lambda$2421/0x0000000800956ea8 (minecraft@1.20.1)
7756:             1             16  net.minecraft.world.entity.EntityType$$Lambda$2422/0x00000008009570c8 (minecraft@1.20.1)
7757:             1             16  net.minecraft.world.entity.EntityType$$Lambda$2423/0x00000008009572e8 (minecraft@1.20.1)
7758:             1             16  net.minecraft.world.entity.EntityType$$Lambda$2424/0x0000000800957508 (minecraft@1.20.1)
7759:             1             16  net.minecraft.world.entity.EntityType$$Lambda$2425/0x0000000800957c08 (minecraft@1.20.1)
7760:             1             16  net.minecraft.world.entity.EntityType$$Lambda$2426/0x000000080095df28 (minecraft@1.20.1)
7761:             1             16  net.minecraft.world.entity.EntityType$$Lambda$2427/0x0000000800961858 (minecraft@1.20.1)
7762:             1             16  net.minecraft.world.entity.EntityType$$Lambda$2428/0x0000000800966048 (minecraft@1.20.1)
7763:             1             16  net.minecraft.world.entity.EntityType$$Lambda$2429/0x0000000800969318 (minecraft@1.20.1)
7764:             1             16  net.minecraft.world.entity.EntityType$$Lambda$2430/0x000000080096d2e8 (minecraft@1.20.1)
7765:             1             16  net.minecraft.world.entity.EntityType$$Lambda$2431/0x000000080096f3d8 (minecraft@1.20.1)
7766:             1             16  net.minecraft.world.entity.EntityType$$Lambda$2432/0x000000080096f5f8 (minecraft@1.20.1)
7767:             1             16  net.minecraft.world.entity.EntityType$$Lambda$2433/0x000000080096fce8 (minecraft@1.20.1)
7768:             1             16  net.minecraft.world.entity.EntityType$$Lambda$2434/0x00000008009782a0 (minecraft@1.20.1)
7769:             1             16  net.minecraft.world.entity.EntityType$$Lambda$2435/0x0000000800979758 (minecraft@1.20.1)
7770:             1             16  net.minecraft.world.entity.EntityType$$Lambda$2436/0x000000080097b8e8 (minecraft@1.20.1)
7771:             1             16  net.minecraft.world.entity.EntityType$$Lambda$2437/0x000000080097e970 (minecraft@1.20.1)
7772:             1             16  net.minecraft.world.entity.EntityType$$Lambda$2438/0x000000080097ee28 (minecraft@1.20.1)
7773:             1             16  net.minecraft.world.entity.EntityType$$Lambda$2439/0x000000080097f048 (minecraft@1.20.1)
7774:             1             16  net.minecraft.world.entity.EntityType$$Lambda$2440/0x000000080097fa18 (minecraft@1.20.1)
7775:             1             16  net.minecraft.world.entity.EntityType$$Lambda$2441/0x0000000800988288 (minecraft@1.20.1)
7776:             1             16  net.minecraft.world.entity.EntityType$$Lambda$2442/0x0000000800989708 (minecraft@1.20.1)
7777:             1             16  net.minecraft.world.entity.EntityType$$Lambda$2443/0x0000000800989e18 (minecraft@1.20.1)
7778:             1             16  net.minecraft.world.entity.EntityType$$Lambda$2444/0x000000080098a530 (minecraft@1.20.1)
7779:             1             16  net.minecraft.world.entity.EntityType$$Lambda$2445/0x000000080098c9b0 (minecraft@1.20.1)
7780:             1             16  net.minecraft.world.entity.EntityType$$Lambda$2446/0x000000080098cbd0 (minecraft@1.20.1)
7781:             1             16  net.minecraft.world.entity.EntityType$$Lambda$2447/0x000000080098e090 (minecraft@1.20.1)
7782:             1             16  net.minecraft.world.entity.EntityType$$Lambda$2448/0x000000080098e2b0 (minecraft@1.20.1)
7783:             1             16  net.minecraft.world.entity.EntityType$$Lambda$2449/0x000000080098f768 (minecraft@1.20.1)
7784:             1             16  net.minecraft.world.entity.EntityType$$Lambda$2450/0x000000080098f988 (minecraft@1.20.1)
7785:             1             16  net.minecraft.world.entity.EntityType$$Lambda$2451/0x0000000800990278 (minecraft@1.20.1)
7786:             1             16  net.minecraft.world.entity.EntityType$$Lambda$2452/0x00000008009917a0 (minecraft@1.20.1)
7787:             1             16  net.minecraft.world.entity.EntityType$$Lambda$2453/0x00000008009919c0 (minecraft@1.20.1)
7788:             1             16  net.minecraft.world.entity.EntityType$$Lambda$2454/0x0000000800991be0 (minecraft@1.20.1)
7789:             1             16  net.minecraft.world.entity.EntityType$$Lambda$2455/0x0000000800993ac8 (minecraft@1.20.1)
7790:             1             16  net.minecraft.world.entity.EntityType$$Lambda$2456/0x00000008009960a0 (minecraft@1.20.1)
7791:             1             16  net.minecraft.world.entity.EntityType$$Lambda$2457/0x00000008009962c0 (minecraft@1.20.1)
7792:             1             16  net.minecraft.world.entity.EntityType$$Lambda$2528/0x00000008009af358 (minecraft@1.20.1)
7793:             1             16  net.minecraft.world.entity.EntityType$$Lambda$2529/0x00000008009af578 (minecraft@1.20.1)
7794:             1             16  net.minecraft.world.entity.EntityType$$Lambda$2530/0x00000008009af798 (minecraft@1.20.1)
7795:             1             16  net.minecraft.world.entity.EntityType$$Lambda$2531/0x00000008009afc40 (minecraft@1.20.1)
7796:             1             16  net.minecraft.world.entity.EntityType$$Lambda$2532/0x00000008009b20c8 (minecraft@1.20.1)
7797:             1             16  net.minecraft.world.entity.EntityType$$Lambda$2533/0x00000008009b4088 (minecraft@1.20.1)
7798:             1             16  net.minecraft.world.entity.EntityType$$Lambda$2534/0x00000008009b59d0 (minecraft@1.20.1)
7799:             1             16  net.minecraft.world.entity.EntityType$$Lambda$2535/0x00000008009b8280 (minecraft@1.20.1)
7800:             1             16  net.minecraft.world.entity.EntityType$$Lambda$2536/0x00000008009bec08 (minecraft@1.20.1)
7801:             1             16  net.minecraft.world.entity.EntityType$$Lambda$2537/0x00000008009bfae0 (minecraft@1.20.1)
7802:             1             16  net.minecraft.world.entity.EntityType$$Lambda$2538/0x00000008009c4540 (minecraft@1.20.1)
7803:             1             16  net.minecraft.world.entity.EntityType$$Lambda$2539/0x00000008009c4ad0 (minecraft@1.20.1)
7804:             1             16  net.minecraft.world.entity.EntityType$$Lambda$2540/0x00000008009c5248 (minecraft@1.20.1)
7805:             1             16  net.minecraft.world.entity.EntityType$$Lambda$2541/0x00000008009c6948 (minecraft@1.20.1)
7806:             1             16  net.minecraft.world.entity.EntityType$$Lambda$2542/0x00000008009c6b68 (minecraft@1.20.1)
7807:             1             16  net.minecraft.world.entity.EntityType$$Lambda$2543/0x00000008009c6d88 (minecraft@1.20.1)
7808:             1             16  net.minecraft.world.entity.EntityType$$Lambda$2544/0x00000008009c7c10 (minecraft@1.20.1)
7809:             1             16  net.minecraft.world.entity.EntityType$$Lambda$2545/0x00000008009cbbf8 (minecraft@1.20.1)
7810:             1             16  net.minecraft.world.entity.EntityType$$Lambda$2546/0x00000008009cbe18 (minecraft@1.20.1)
7811:             1             16  net.minecraft.world.entity.EntityType$$Lambda$2547/0x00000008009ce020 (minecraft@1.20.1)
7812:             1             16  net.minecraft.world.entity.EntityType$$Lambda$2548/0x00000008009ce240 (minecraft@1.20.1)
7813:             1             16  net.minecraft.world.entity.EntityType$$Lambda$2549/0x00000008009ce460 (minecraft@1.20.1)
7814:             1             16  net.minecraft.world.entity.EntityType$$Lambda$2551/0x00000008009cfdc0 (minecraft@1.20.1)
7815:             1             16  net.minecraft.world.entity.EntityType$Builder$$Lambda$1800/0x00000008007fa158 (minecraft@1.20.1)
7816:             1             16  net.minecraft.world.entity.EntityType$Builder$$Lambda$1801/0x00000008007fa3a8 (minecraft@1.20.1)
7817:             1             16  net.minecraft.world.entity.EntityType$Builder$$Lambda$1802/0x00000008007fa5c8 (minecraft@1.20.1)
7818:             1             16  net.minecraft.world.entity.EntityType$Builder$$Lambda$2550/0x00000008009ce680 (minecraft@1.20.1)
7819:             1             16  net.minecraft.world.entity.MobCategory$$Lambda$1794/0x00000008007f8f48 (minecraft@1.20.1)
7820:             1             16  net.minecraft.world.entity.MobCategory$$Lambda$1795/0x00000008007f9168 (minecraft@1.20.1)
7821:             1             16  net.minecraft.world.entity.MobCategory$$Lambda$1798/0x00000008007f9830 (minecraft@1.20.1)
7822:             1             16  net.minecraft.world.entity.MobCategory$$Lambda$1799/0x00000008007f9a70 (minecraft@1.20.1)
7823:             1             16  net.minecraft.world.entity.ai.memory.ExpirableValue$$Lambda$2524/0x00000008009ad888 (minecraft@1.20.1)
7824:             1             16  net.minecraft.world.entity.ai.memory.ExpirableValue$$Lambda$2525/0x00000008009adac8 (minecraft@1.20.1)
7825:             1             16  net.minecraft.world.entity.ai.memory.ExpirableValue$$Lambda$2526/0x00000008009add08 (minecraft@1.20.1)
7826:             1             16  net.minecraft.world.entity.ai.memory.MemoryModuleType$$Lambda$2516/0x00000008009aaa00 (minecraft@1.20.1)
7827:             1             16  net.minecraft.world.entity.ai.sensing.SensorType$$Lambda$2493/0x00000008009a1200 (minecraft@1.20.1)
7828:             1             16  net.minecraft.world.entity.ai.sensing.SensorType$$Lambda$2494/0x00000008009a1640 (minecraft@1.20.1)
7829:             1             16  net.minecraft.world.entity.ai.sensing.SensorType$$Lambda$2495/0x00000008009a1a88 (minecraft@1.20.1)
7830:             1             16  net.minecraft.world.entity.ai.sensing.SensorType$$Lambda$2496/0x00000008009a3de0 (minecraft@1.20.1)
7831:             1             16  net.minecraft.world.entity.ai.sensing.SensorType$$Lambda$2497/0x00000008009a4228 (minecraft@1.20.1)
7832:             1             16  net.minecraft.world.entity.ai.sensing.SensorType$$Lambda$2498/0x00000008009a4660 (minecraft@1.20.1)
7833:             1             16  net.minecraft.world.entity.ai.sensing.SensorType$$Lambda$2499/0x00000008009a4ce0 (minecraft@1.20.1)
7834:             1             16  net.minecraft.world.entity.ai.sensing.SensorType$$Lambda$2500/0x00000008009a5118 (minecraft@1.20.1)
7835:             1             16  net.minecraft.world.entity.ai.sensing.SensorType$$Lambda$2501/0x00000008009a5558 (minecraft@1.20.1)
7836:             1             16  net.minecraft.world.entity.ai.sensing.SensorType$$Lambda$2502/0x00000008009a5990 (minecraft@1.20.1)
7837:             1             16  net.minecraft.world.entity.ai.sensing.SensorType$$Lambda$2503/0x00000008009a5dc8 (minecraft@1.20.1)
7838:             1             16  net.minecraft.world.entity.ai.sensing.SensorType$$Lambda$2504/0x00000008009a6200 (minecraft@1.20.1)
7839:             1             16  net.minecraft.world.entity.ai.sensing.SensorType$$Lambda$2505/0x00000008009a6640 (minecraft@1.20.1)
7840:             1             16  net.minecraft.world.entity.ai.sensing.SensorType$$Lambda$2506/0x00000008009a6a80 (minecraft@1.20.1)
7841:             1             16  net.minecraft.world.entity.ai.sensing.SensorType$$Lambda$2507/0x00000008009a6ed0 (minecraft@1.20.1)
7842:             1             16  net.minecraft.world.entity.ai.sensing.SensorType$$Lambda$2508/0x00000008009a7318 (minecraft@1.20.1)
7843:             1             16  net.minecraft.world.entity.ai.sensing.SensorType$$Lambda$2509/0x00000008009a7538 (minecraft@1.20.1)
7844:             1             16  net.minecraft.world.entity.ai.sensing.SensorType$$Lambda$2510/0x00000008009a7758 (minecraft@1.20.1)
7845:             1             16  net.minecraft.world.entity.ai.sensing.SensorType$$Lambda$2511/0x00000008009a7978 (minecraft@1.20.1)
7846:             1             16  net.minecraft.world.entity.ai.sensing.SensorType$$Lambda$2512/0x00000008009a7dc8 (minecraft@1.20.1)
7847:             1             16  net.minecraft.world.entity.ai.sensing.SensorType$$Lambda$2513/0x00000008009a8218 (minecraft@1.20.1)
7848:             1             16  net.minecraft.world.entity.ai.sensing.SensorType$$Lambda$2514/0x00000008009aa388 (minecraft@1.20.1)
7849:             1             16  net.minecraft.world.entity.ai.sensing.SensorType$$Lambda$2515/0x00000008009aa5a8 (minecraft@1.20.1)
7850:             1             16  net.minecraft.world.entity.ai.village.poi.PoiType$$Lambda$2871/0x0000000800a3c4a0 (minecraft@1.20.1)
7851:             1             16  net.minecraft.world.entity.ai.village.poi.PoiTypes$$Lambda$2872/0x0000000800a3c6f0 (minecraft@1.20.1)
7852:             1             16  net.minecraft.world.entity.ai.village.poi.PoiTypes$$Lambda$2873/0x0000000800a3c930 (minecraft@1.20.1)
7853:             1             16  net.minecraft.world.entity.ai.village.poi.PoiTypes$$Lambda$2874/0x0000000800a3cb80 (minecraft@1.20.1)
7854:             1             16  net.minecraft.world.entity.animal.IronGolem$Crackiness$$Lambda$5916/0x0000000800e8e8d0 (minecraft@1.20.1)
7855:             1             16  net.minecraft.world.entity.animal.MushroomCow$MushroomType$$Lambda$5939/0x0000000800e915a8 (minecraft@1.20.1)
7856:             1             16  net.minecraft.world.entity.animal.Panda$Gene$$Lambda$5920/0x0000000800e8f3a0 (minecraft@1.20.1)
7857:             1             16  net.minecraft.world.entity.animal.Panda$Gene$$Lambda$5921/0x0000000800e8f5c0 (minecraft@1.20.1)
7858:             1             16  net.minecraft.world.entity.animal.axolotl.Axolotl$Variant$$Lambda$5924/0x0000000800e8d1f8 (minecraft@1.20.1)
7859:             1             16  net.minecraft.world.entity.animal.axolotl.Axolotl$Variant$$Lambda$5925/0x0000000800e8d418 (minecraft@1.20.1)
7860:             1             16  net.minecraft.world.entity.animal.horse.Markings$$Lambda$5933/0x0000000800e90440 (minecraft@1.20.1)
7861:             1             16  net.minecraft.world.entity.animal.horse.Variant$$Lambda$5930/0x0000000800e8c9f8 (minecraft@1.20.1)
7862:             1             16  net.minecraft.world.entity.animal.horse.Variant$$Lambda$5931/0x0000000800e8cc18 (minecraft@1.20.1)
7863:             1             16  net.minecraft.world.entity.npc.VillagerProfession$$Lambda$2870/0x0000000800a3c250 (minecraft@1.20.1)
7864:             1             16  net.minecraft.world.entity.npc.VillagerProfession$$Lambda$2877/0x0000000800a3d270 (minecraft@1.20.1)
7865:             1             16  net.minecraft.world.entity.npc.VillagerProfession$$Lambda$2878/0x0000000800a3d4c8 (minecraft@1.20.1)
7866:             1             16  net.minecraft.world.entity.npc.VillagerType$$Lambda$2869/0x0000000800a3be18 (minecraft@1.20.1)
7867:             1             16  net.minecraft.world.entity.player.ChatVisiblity$$Lambda$4412/0x0000000800bfc1f8 (minecraft@1.20.1)
7868:             1             16  net.minecraft.world.entity.schedule.Schedule$$Lambda$2885/0x0000000800a3eaf8 (minecraft@1.20.1)
7869:             1             16  net.minecraft.world.entity.schedule.ScheduleBuilder$$Lambda$2881/0x0000000800a3dfc0 (minecraft@1.20.1)
7870:             1             16  net.minecraft.world.entity.vehicle.Boat$Type$$Lambda$2562/0x00000008009d2818 (minecraft@1.20.1)
7871:             1             16  net.minecraft.world.entity.vehicle.Boat$Type$$Lambda$2563/0x00000008009d2a38 (minecraft@1.20.1)
7872:             1             16  net.minecraft.world.flag.FeatureFlagRegistry$$Lambda$1460/0x00000008006dfd80 (minecraft@1.20.1)
7873:             1             16  net.minecraft.world.flag.FeatureFlagRegistry$$Lambda$1461/0x00000008006c9898 (minecraft@1.20.1)
7874:             1             16  net.minecraft.world.flag.FeatureFlagUniverse (minecraft@1.20.1)
7875:             1             16  net.minecraft.world.inventory.MenuType$$Lambda$2786/0x0000000800a17678 (minecraft@1.20.1)
7876:             1             16  net.minecraft.world.inventory.MenuType$$Lambda$2787/0x0000000800a17898 (minecraft@1.20.1)
7877:             1             16  net.minecraft.world.inventory.MenuType$$Lambda$2788/0x0000000800a17ab8 (minecraft@1.20.1)
7878:             1             16  net.minecraft.world.inventory.MenuType$$Lambda$2789/0x0000000800a17cd8 (minecraft@1.20.1)
7879:             1             16  net.minecraft.world.inventory.MenuType$$Lambda$2790/0x0000000800a14800 (minecraft@1.20.1)
7880:             1             16  net.minecraft.world.inventory.MenuType$$Lambda$2791/0x0000000800a14a20 (minecraft@1.20.1)
7881:             1             16  net.minecraft.world.inventory.MenuType$$Lambda$2792/0x0000000800a14c40 (minecraft@1.20.1)
7882:             1             16  net.minecraft.world.inventory.MenuType$$Lambda$2793/0x0000000800a19008 (minecraft@1.20.1)
7883:             1             16  net.minecraft.world.inventory.MenuType$$Lambda$2794/0x0000000800a19510 (minecraft@1.20.1)
7884:             1             16  net.minecraft.world.inventory.MenuType$$Lambda$2795/0x0000000800a19d08 (minecraft@1.20.1)
7885:             1             16  net.minecraft.world.inventory.MenuType$$Lambda$2796/0x0000000800a1a7e0 (minecraft@1.20.1)
7886:             1             16  net.minecraft.world.inventory.MenuType$$Lambda$2797/0x0000000800a1aef0 (minecraft@1.20.1)
7887:             1             16  net.minecraft.world.inventory.MenuType$$Lambda$2798/0x0000000800a1b6e0 (minecraft@1.20.1)
7888:             1             16  net.minecraft.world.inventory.MenuType$$Lambda$2799/0x0000000800a1b900 (minecraft@1.20.1)
7889:             1             16  net.minecraft.world.inventory.MenuType$$Lambda$2800/0x0000000800a1c3d8 (minecraft@1.20.1)
7890:             1             16  net.minecraft.world.inventory.MenuType$$Lambda$2801/0x0000000800a1c5f8 (minecraft@1.20.1)
7891:             1             16  net.minecraft.world.inventory.MenuType$$Lambda$2802/0x0000000800a1c818 (minecraft@1.20.1)
7892:             1             16  net.minecraft.world.inventory.MenuType$$Lambda$2803/0x0000000800a1d5d8 (minecraft@1.20.1)
7893:             1             16  net.minecraft.world.inventory.MenuType$$Lambda$2804/0x0000000800a1dae8 (minecraft@1.20.1)
7894:             1             16  net.minecraft.world.inventory.MenuType$$Lambda$2805/0x0000000800a1dff0 (minecraft@1.20.1)
7895:             1             16  net.minecraft.world.inventory.MenuType$$Lambda$2806/0x0000000800a1e210 (minecraft@1.20.1)
7896:             1             16  net.minecraft.world.inventory.MenuType$$Lambda$2807/0x0000000800a1e430 (minecraft@1.20.1)
7897:             1             16  net.minecraft.world.inventory.MenuType$$Lambda$2808/0x0000000800a1f638 (minecraft@1.20.1)
7898:             1             16  net.minecraft.world.inventory.MenuType$$Lambda$2809/0x0000000800a1fb40 (minecraft@1.20.1)
7899:             1             16  net.minecraft.world.item.ArmorItem$$Lambda$2552/0x00000008009d0ad0 (minecraft@1.20.1)
7900:             1             16  net.minecraft.world.item.ArmorItem$1 (minecraft@1.20.1)
7901:             1             16  net.minecraft.world.item.ArmorMaterials$$Lambda$2564/0x00000008009d2f10 (minecraft@1.20.1)
7902:             1             16  net.minecraft.world.item.ArmorMaterials$$Lambda$2565/0x00000008009d33e0 (minecraft@1.20.1)
7903:             1             16  net.minecraft.world.item.ArmorMaterials$$Lambda$2567/0x00000008009d3a58 (minecraft@1.20.1)
7904:             1             16  net.minecraft.world.item.ArmorMaterials$$Lambda$2568/0x00000008009d3c88 (minecraft@1.20.1)
7905:             1             16  net.minecraft.world.item.ArmorMaterials$$Lambda$2569/0x00000008009d6000 (minecraft@1.20.1)
7906:             1             16  net.minecraft.world.item.ArmorMaterials$$Lambda$2570/0x00000008009d6230 (minecraft@1.20.1)
7907:             1             16  net.minecraft.world.item.ArmorMaterials$$Lambda$2571/0x00000008009d6450 (minecraft@1.20.1)
7908:             1             16  net.minecraft.world.item.ArmorMaterials$$Lambda$2572/0x00000008009d6680 (minecraft@1.20.1)
7909:             1             16  net.minecraft.world.item.ArmorMaterials$$Lambda$2573/0x00000008009d68a0 (minecraft@1.20.1)
7910:             1             16  net.minecraft.world.item.ArmorMaterials$$Lambda$2574/0x00000008009d6ad0 (minecraft@1.20.1)
7911:             1             16  net.minecraft.world.item.ArmorMaterials$$Lambda$2575/0x00000008009d6cf0 (minecraft@1.20.1)
7912:             1             16  net.minecraft.world.item.ArmorMaterials$$Lambda$2576/0x00000008009d6f20 (minecraft@1.20.1)
7913:             1             16  net.minecraft.world.item.ArmorMaterials$$Lambda$2577/0x00000008009d7140 (minecraft@1.20.1)
7914:             1             16  net.minecraft.world.item.ArmorMaterials$$Lambda$2578/0x00000008009d7370 (minecraft@1.20.1)
7915:             1             16  net.minecraft.world.item.ArmorMaterials$$Lambda$2579/0x00000008009d7980 (minecraft@1.20.1)
7916:             1             16  net.minecraft.world.item.ArmorMaterials$$Lambda$2580/0x00000008009d7ba0 (minecraft@1.20.1)
7917:             1             16  net.minecraft.world.item.BoatItem$$Lambda$2561/0x00000008009d2170 (minecraft@1.20.1)
7918:             1             16  net.minecraft.world.item.CreativeModeTab$Builder$$Lambda$4197/0x0000000800b7bc40 (minecraft@1.20.1)
7919:             1             16  net.minecraft.world.item.CreativeModeTab$Builder$$Lambda$4198/0x0000000800b7be60 (minecraft@1.20.1)
7920:             1             16  net.minecraft.world.item.CreativeModeTab$Builder$$Lambda$4199/0x0000000800b7c4c0 (minecraft@1.20.1)
7921:             1             16  net.minecraft.world.item.CreativeModeTabs$$Lambda$4193/0x0000000800b7a8b0 (minecraft@1.20.1)
7922:             1             16  net.minecraft.world.item.CreativeModeTabs$$Lambda$4194/0x0000000800b7aaf0 (minecraft@1.20.1)
7923:             1             16  net.minecraft.world.item.CreativeModeTabs$$Lambda$4195/0x0000000800b7ad10 (minecraft@1.20.1)
7924:             1             16  net.minecraft.world.item.CreativeModeTabs$$Lambda$4200/0x0000000800b7c700 (minecraft@1.20.1)
7925:             1             16  net.minecraft.world.item.CreativeModeTabs$$Lambda$4201/0x0000000800b7c920 (minecraft@1.20.1)
7926:             1             16  net.minecraft.world.item.CreativeModeTabs$$Lambda$4202/0x0000000800b7cf90 (minecraft@1.20.1)
7927:             1             16  net.minecraft.world.item.CreativeModeTabs$$Lambda$4203/0x0000000800b7d1b0 (minecraft@1.20.1)
7928:             1             16  net.minecraft.world.item.CreativeModeTabs$$Lambda$4204/0x0000000800b7d3d0 (minecraft@1.20.1)
7929:             1             16  net.minecraft.world.item.CreativeModeTabs$$Lambda$4205/0x0000000800b7d5f0 (minecraft@1.20.1)
7930:             1             16  net.minecraft.world.item.CreativeModeTabs$$Lambda$4206/0x0000000800b7d810 (minecraft@1.20.1)
7931:             1             16  net.minecraft.world.item.CreativeModeTabs$$Lambda$4207/0x0000000800b7da30 (minecraft@1.20.1)
7932:             1             16  net.minecraft.world.item.CreativeModeTabs$$Lambda$4208/0x0000000800b7dc50 (minecraft@1.20.1)
7933:             1             16  net.minecraft.world.item.CreativeModeTabs$$Lambda$4209/0x0000000800b7de70 (minecraft@1.20.1)
7934:             1             16  net.minecraft.world.item.CreativeModeTabs$$Lambda$4210/0x0000000800b7e090 (minecraft@1.20.1)
7935:             1             16  net.minecraft.world.item.CreativeModeTabs$$Lambda$4211/0x0000000800b7e2b0 (minecraft@1.20.1)
7936:             1             16  net.minecraft.world.item.CreativeModeTabs$$Lambda$4212/0x0000000800b7e4d0 (minecraft@1.20.1)
7937:             1             16  net.minecraft.world.item.CreativeModeTabs$$Lambda$4213/0x0000000800b7e6f8 (minecraft@1.20.1)
7938:             1             16  net.minecraft.world.item.CreativeModeTabs$$Lambda$4214/0x0000000800b7e918 (minecraft@1.20.1)
7939:             1             16  net.minecraft.world.item.CreativeModeTabs$$Lambda$4215/0x0000000800b7eb38 (minecraft@1.20.1)
7940:             1             16  net.minecraft.world.item.CreativeModeTabs$$Lambda$4216/0x0000000800b7ed58 (minecraft@1.20.1)
7941:             1             16  net.minecraft.world.item.CreativeModeTabs$$Lambda$4217/0x0000000800b7ef78 (minecraft@1.20.1)
7942:             1             16  net.minecraft.world.item.CreativeModeTabs$$Lambda$4218/0x0000000800b7f198 (minecraft@1.20.1)
7943:             1             16  net.minecraft.world.item.CreativeModeTabs$$Lambda$4219/0x0000000800b7f3b8 (minecraft@1.20.1)
7944:             1             16  net.minecraft.world.item.CreativeModeTabs$$Lambda$4220/0x0000000800b7f5d8 (minecraft@1.20.1)
7945:             1             16  net.minecraft.world.item.CreativeModeTabs$$Lambda$4221/0x0000000800b7f7f8 (minecraft@1.20.1)
7946:             1             16  net.minecraft.world.item.CreativeModeTabs$$Lambda$4222/0x0000000800b7fa18 (minecraft@1.20.1)
7947:             1             16  net.minecraft.world.item.CreativeModeTabs$$Lambda$4223/0x0000000800b7fc38 (minecraft@1.20.1)
7948:             1             16  net.minecraft.world.item.CreativeModeTabs$$Lambda$4224/0x0000000800b84000 (minecraft@1.20.1)
7949:             1             16  net.minecraft.world.item.CreativeModeTabs$$Lambda$4225/0x0000000800b84220 (minecraft@1.20.1)
7950:             1             16  net.minecraft.world.item.DyeColor$$Lambda$1498/0x000000080072a650 (minecraft@1.20.1)
7951:             1             16  net.minecraft.world.item.DyeColor$$Lambda$1500/0x000000080072b2e8 (minecraft@1.20.1)
7952:             1             16  net.minecraft.world.item.DyeColor$$Lambda$1501/0x000000080072b528 (minecraft@1.20.1)
7953:             1             16  net.minecraft.world.item.DyeColor$$Lambda$1502/0x000000080072b768 (minecraft@1.20.1)
7954:             1             16  net.minecraft.world.item.HoeItem$$Lambda$2591/0x00000008009d8c70 (minecraft@1.20.1)
7955:             1             16  net.minecraft.world.item.HoeItem$$Lambda$2593/0x00000008009d90f8 (minecraft@1.20.1)
7956:             1             16  net.minecraft.world.item.HoeItem$$Lambda$2594/0x00000008009d9348 (minecraft@1.20.1)
7957:             1             16  net.minecraft.world.item.HoeItem$$Lambda$2595/0x00000008009d9598 (minecraft@1.20.1)
7958:             1             16  net.minecraft.world.item.HoeItem$$Lambda$2596/0x00000008009d97e8 (minecraft@1.20.1)
7959:             1             16  net.minecraft.world.item.HoneycombItem$$Lambda$2601/0x00000008009dca20 (minecraft@1.20.1)
7960:             1             16  net.minecraft.world.item.HoneycombItem$$Lambda$2602/0x00000008009dcc58 (minecraft@1.20.1)
7961:             1             16  net.minecraft.world.item.Instrument$$Lambda$4188/0x0000000800b79d70 (minecraft@1.20.1)
7962:             1             16  net.minecraft.world.item.Instrument$$Lambda$4189/0x0000000800b79fb0 (minecraft@1.20.1)
7963:             1             16  net.minecraft.world.item.Instrument$$Lambda$4190/0x0000000800b7a1f0 (minecraft@1.20.1)
7964:             1             16  net.minecraft.world.item.Instrument$$Lambda$4191/0x0000000800b7a430 (minecraft@1.20.1)
7965:             1             16  net.minecraft.world.item.Instrument$$Lambda$4192/0x0000000800b7a670 (minecraft@1.20.1)
7966:             1             16  net.minecraft.world.item.ItemDisplayContext$$Lambda$5533/0x0000000800e05690 (minecraft@1.20.1)
7967:             1             16  net.minecraft.world.item.ItemDisplayContext$$Lambda$5534/0x0000000800e058b0 (minecraft@1.20.1)
7968:             1             16  net.minecraft.world.item.ItemDisplayContext$$Lambda$5535/0x0000000800e05ad0 (minecraft@1.20.1)
7969:             1             16  net.minecraft.world.item.ItemStack$$Lambda$2608/0x00000008009e06d0 (minecraft@1.20.1)
7970:             1             16  net.minecraft.world.item.ItemStack$$Lambda$2609/0x00000008009e0910 (minecraft@1.20.1)
7971:             1             16  net.minecraft.world.item.ItemStack$$Lambda$2610/0x00000008009e0b50 (minecraft@1.20.1)
7972:             1             16  net.minecraft.world.item.ItemStack$$Lambda$2611/0x00000008009e0d90 (minecraft@1.20.1)
7973:             1             16  net.minecraft.world.item.ItemStack$$Lambda$2612/0x00000008009e0fd0 (minecraft@1.20.1)
7974:             1             16  net.minecraft.world.item.ItemStack$$Lambda$2613/0x00000008009e1210 (minecraft@1.20.1)
7975:             1             16  net.minecraft.world.item.ItemStackLinkedSet$1 (minecraft@1.20.1)
7976:             1             16  net.minecraft.world.item.MinecartItem$1 (minecraft@1.20.1)
7977:             1             16  net.minecraft.world.item.ProjectileWeaponItem$$Lambda$2582/0x00000008009d5bd0 (minecraft@1.20.1)
7978:             1             16  net.minecraft.world.item.ProjectileWeaponItem$$Lambda$2583/0x00000008009d4800 (minecraft@1.20.1)
7979:             1             16  net.minecraft.world.item.Tiers$$Lambda$2585/0x00000008009d4ce8 (minecraft@1.20.1)
7980:             1             16  net.minecraft.world.item.Tiers$$Lambda$2586/0x00000008009d4400 (minecraft@1.20.1)
7981:             1             16  net.minecraft.world.item.Tiers$$Lambda$2587/0x00000008009d8000 (minecraft@1.20.1)
7982:             1             16  net.minecraft.world.item.Tiers$$Lambda$2588/0x00000008009d8220 (minecraft@1.20.1)
7983:             1             16  net.minecraft.world.item.Tiers$$Lambda$2589/0x00000008009d8440 (minecraft@1.20.1)
7984:             1             16  net.minecraft.world.item.Tiers$$Lambda$2590/0x00000008009d8660 (minecraft@1.20.1)
7985:             1             16  net.minecraft.world.item.alchemy.PotionBrewing$$Lambda$2603/0x00000008009df270 (minecraft@1.20.1)
7986:             1             16  net.minecraft.world.item.crafting.Ingredient$$Lambda$2604/0x00000008009dfab8 (minecraft@1.20.1)
7987:             1             16  net.minecraft.world.item.crafting.Ingredient$$Lambda$2605/0x00000008009dfcd8 (minecraft@1.20.1)
7988:             1             16  net.minecraft.world.item.crafting.Ingredient$$Lambda$2606/0x00000008009e0000 (minecraft@1.20.1)
7989:             1             16  net.minecraft.world.item.crafting.Ingredient$$Lambda$2607/0x00000008009e0490 (minecraft@1.20.1)
7990:             1             16  net.minecraft.world.item.crafting.RecipeSerializer$$Lambda$2810/0x0000000800a214a8 (minecraft@1.20.1)
7991:             1             16  net.minecraft.world.item.crafting.RecipeSerializer$$Lambda$2811/0x0000000800a21a38 (minecraft@1.20.1)
7992:             1             16  net.minecraft.world.item.crafting.RecipeSerializer$$Lambda$2812/0x0000000800a21fc0 (minecraft@1.20.1)
7993:             1             16  net.minecraft.world.item.crafting.RecipeSerializer$$Lambda$2813/0x0000000800a22ba0 (minecraft@1.20.1)
7994:             1             16  net.minecraft.world.item.crafting.RecipeSerializer$$Lambda$2814/0x0000000800a23128 (minecraft@1.20.1)
7995:             1             16  net.minecraft.world.item.crafting.RecipeSerializer$$Lambda$2815/0x0000000800a236b0 (minecraft@1.20.1)
7996:             1             16  net.minecraft.world.item.crafting.RecipeSerializer$$Lambda$2816/0x0000000800a23c38 (minecraft@1.20.1)
7997:             1             16  net.minecraft.world.item.crafting.RecipeSerializer$$Lambda$2817/0x0000000800a241c0 (minecraft@1.20.1)
7998:             1             16  net.minecraft.world.item.crafting.RecipeSerializer$$Lambda$2818/0x0000000800a24750 (minecraft@1.20.1)
7999:             1             16  net.minecraft.world.item.crafting.RecipeSerializer$$Lambda$2819/0x0000000800a24cd8 (minecraft@1.20.1)
8000:             1             16  net.minecraft.world.item.crafting.RecipeSerializer$$Lambda$2820/0x0000000800a25260 (minecraft@1.20.1)
8001:             1             16  net.minecraft.world.item.crafting.RecipeSerializer$$Lambda$2821/0x0000000800a257e8 (minecraft@1.20.1)
8002:             1             16  net.minecraft.world.item.crafting.RecipeSerializer$$Lambda$2822/0x0000000800a25d70 (minecraft@1.20.1)
8003:             1             16  net.minecraft.world.item.crafting.RecipeSerializer$$Lambda$2823/0x0000000800a26ca8 (minecraft@1.20.1)
8004:             1             16  net.minecraft.world.item.crafting.RecipeSerializer$$Lambda$2824/0x0000000800a271e0 (minecraft@1.20.1)
8005:             1             16  net.minecraft.world.item.crafting.RecipeSerializer$$Lambda$2825/0x0000000800a27718 (minecraft@1.20.1)
8006:             1             16  net.minecraft.world.item.crafting.RecipeSerializer$$Lambda$2826/0x0000000800a27c50 (minecraft@1.20.1)
8007:             1             16  net.minecraft.world.item.crafting.RecipeSerializer$$Lambda$2827/0x0000000800a2ca88 (minecraft@1.20.1)
8008:             1             16  net.minecraft.world.item.crafting.RecipeSerializer$$Lambda$2828/0x0000000800a2d510 (minecraft@1.20.1)
8009:             1             16  net.minecraft.world.item.crafting.ShapedRecipe$Serializer (minecraft@1.20.1)
8010:             1             16  net.minecraft.world.item.crafting.ShapelessRecipe$Serializer (minecraft@1.20.1)
8011:             1             16  net.minecraft.world.item.crafting.SingleItemRecipe$Serializer (minecraft@1.20.1)
8012:             1             16  net.minecraft.world.item.crafting.SmithingTransformRecipe$Serializer (minecraft@1.20.1)
8013:             1             16  net.minecraft.world.item.crafting.SmithingTrimRecipe$Serializer (minecraft@1.20.1)
8014:             1             16  net.minecraft.world.level.biome.AmbientAdditionsSettings$$Lambda$3889/0x0000000800b335f8 (minecraft@1.20.1)
8015:             1             16  net.minecraft.world.level.biome.AmbientAdditionsSettings$$Lambda$3890/0x0000000800b33838 (minecraft@1.20.1)
8016:             1             16  net.minecraft.world.level.biome.AmbientAdditionsSettings$$Lambda$3891/0x0000000800b33a78 (minecraft@1.20.1)
8017:             1             16  net.minecraft.world.level.biome.AmbientAdditionsSettings$$Lambda$3892/0x0000000800b33cb8 (minecraft@1.20.1)
8018:             1             16  net.minecraft.world.level.biome.AmbientMoodSettings$$Lambda$3882/0x0000000800b32408 (minecraft@1.20.1)
8019:             1             16  net.minecraft.world.level.biome.AmbientMoodSettings$$Lambda$3883/0x0000000800b32648 (minecraft@1.20.1)
8020:             1             16  net.minecraft.world.level.biome.AmbientMoodSettings$$Lambda$3884/0x0000000800b32888 (minecraft@1.20.1)
8021:             1             16  net.minecraft.world.level.biome.AmbientMoodSettings$$Lambda$3885/0x0000000800b32ac8 (minecraft@1.20.1)
8022:             1             16  net.minecraft.world.level.biome.AmbientMoodSettings$$Lambda$3886/0x0000000800b32d08 (minecraft@1.20.1)
8023:             1             16  net.minecraft.world.level.biome.AmbientMoodSettings$$Lambda$3887/0x0000000800b32f48 (minecraft@1.20.1)
8024:             1             16  net.minecraft.world.level.biome.AmbientParticleSettings$$Lambda$3876/0x0000000800b31468 (minecraft@1.20.1)
8025:             1             16  net.minecraft.world.level.biome.AmbientParticleSettings$$Lambda$3877/0x0000000800b316a8 (minecraft@1.20.1)
8026:             1             16  net.minecraft.world.level.biome.AmbientParticleSettings$$Lambda$3878/0x0000000800b318e8 (minecraft@1.20.1)
8027:             1             16  net.minecraft.world.level.biome.AmbientParticleSettings$$Lambda$3879/0x0000000800b31b28 (minecraft@1.20.1)
8028:             1             16  net.minecraft.world.level.biome.Biome$$Lambda$3855/0x0000000800b2a060 (minecraft@1.20.1)
8029:             1             16  net.minecraft.world.level.biome.Biome$$Lambda$3863/0x0000000800b2bdc0 (minecraft@1.20.1)
8030:             1             16  net.minecraft.world.level.biome.Biome$$Lambda$3903/0x0000000800b37710 (minecraft@1.20.1)
8031:             1             16  net.minecraft.world.level.biome.Biome$$Lambda$3915/0x0000000800b38470 (minecraft@1.20.1)
8032:             1             16  net.minecraft.world.level.biome.Biome$$Lambda$3930/0x0000000800b3aa50 (minecraft@1.20.1)
8033:             1             16  net.minecraft.world.level.biome.Biome$$Lambda$3931/0x0000000800b3ac90 (minecraft@1.20.1)
8034:             1             16  net.minecraft.world.level.biome.Biome$$Lambda$3932/0x0000000800b3aee0 (minecraft@1.20.1)
8035:             1             16  net.minecraft.world.level.biome.Biome$$Lambda$3933/0x0000000800b3b120 (minecraft@1.20.1)
8036:             1             16  net.minecraft.world.level.biome.Biome$$Lambda$3934/0x0000000800b3b360 (minecraft@1.20.1)
8037:             1             16  net.minecraft.world.level.biome.Biome$$Lambda$3935/0x0000000800b3b5a0 (minecraft@1.20.1)
8038:             1             16  net.minecraft.world.level.biome.Biome$ClimateSettings$$Lambda$3856/0x0000000800b2a4b0 (minecraft@1.20.1)
8039:             1             16  net.minecraft.world.level.biome.Biome$ClimateSettings$$Lambda$3857/0x0000000800b2a6f0 (minecraft@1.20.1)
8040:             1             16  net.minecraft.world.level.biome.Biome$ClimateSettings$$Lambda$3858/0x0000000800b2a930 (minecraft@1.20.1)
8041:             1             16  net.minecraft.world.level.biome.Biome$ClimateSettings$$Lambda$3860/0x0000000800b2b6f0 (minecraft@1.20.1)
8042:             1             16  net.minecraft.world.level.biome.Biome$ClimateSettings$$Lambda$3861/0x0000000800b2b930 (minecraft@1.20.1)
8043:             1             16  net.minecraft.world.level.biome.Biome$ClimateSettings$$Lambda$3862/0x0000000800b2bb70 (minecraft@1.20.1)
8044:             1             16  net.minecraft.world.level.biome.Biome$TemperatureModifier$$Lambda$3859/0x0000000800b2b4d0 (minecraft@1.20.1)
8045:             1             16  net.minecraft.world.level.biome.BiomeGenerationSettings$$Lambda$3904/0x0000000800b37b88 (minecraft@1.20.1)
8046:             1             16  net.minecraft.world.level.biome.BiomeGenerationSettings$$Lambda$3905/0x0000000800b35000 (minecraft@1.20.1)
8047:             1             16  net.minecraft.world.level.biome.BiomeGenerationSettings$$Lambda$3906/0x0000000800b35240 (minecraft@1.20.1)
8048:             1             16  net.minecraft.world.level.biome.BiomeGenerationSettings$$Lambda$3909/0x0000000800b37dc8 (minecraft@1.20.1)
8049:             1             16  net.minecraft.world.level.biome.BiomeGenerationSettings$$Lambda$3911/0x0000000800b35b38 (minecraft@1.20.1)
8050:             1             16  net.minecraft.world.level.biome.BiomeGenerationSettings$$Lambda$3912/0x0000000800b35d78 (minecraft@1.20.1)
8051:             1             16  net.minecraft.world.level.biome.BiomeGenerationSettings$$Lambda$3913/0x0000000800b38000 (minecraft@1.20.1)
8052:             1             16  net.minecraft.world.level.biome.BiomeGenerationSettings$$Lambda$3914/0x0000000800b38240 (minecraft@1.20.1)
8053:             1             16  net.minecraft.world.level.biome.BiomeSource$$Lambda$3852/0x0000000800b29030 (minecraft@1.20.1)
8054:             1             16  net.minecraft.world.level.biome.BiomeSpecialEffects$$Lambda$3864/0x0000000800b2d270 (minecraft@1.20.1)
8055:             1             16  net.minecraft.world.level.biome.BiomeSpecialEffects$$Lambda$3865/0x0000000800b2d4b0 (minecraft@1.20.1)
8056:             1             16  net.minecraft.world.level.biome.BiomeSpecialEffects$$Lambda$3866/0x0000000800b2d6f0 (minecraft@1.20.1)
8057:             1             16  net.minecraft.world.level.biome.BiomeSpecialEffects$$Lambda$3867/0x0000000800b2d930 (minecraft@1.20.1)
8058:             1             16  net.minecraft.world.level.biome.BiomeSpecialEffects$$Lambda$3868/0x0000000800b2db70 (minecraft@1.20.1)
8059:             1             16  net.minecraft.world.level.biome.BiomeSpecialEffects$$Lambda$3869/0x0000000800b2ddb0 (minecraft@1.20.1)
8060:             1             16  net.minecraft.world.level.biome.BiomeSpecialEffects$$Lambda$3870/0x0000000800b2c800 (minecraft@1.20.1)
8061:             1             16  net.minecraft.world.level.biome.BiomeSpecialEffects$$Lambda$3875/0x0000000800b31008 (minecraft@1.20.1)
8062:             1             16  net.minecraft.world.level.biome.BiomeSpecialEffects$$Lambda$3880/0x0000000800b31d58 (minecraft@1.20.1)
8063:             1             16  net.minecraft.world.level.biome.BiomeSpecialEffects$$Lambda$3881/0x0000000800b31f98 (minecraft@1.20.1)
8064:             1             16  net.minecraft.world.level.biome.BiomeSpecialEffects$$Lambda$3888/0x0000000800b33198 (minecraft@1.20.1)
8065:             1             16  net.minecraft.world.level.biome.BiomeSpecialEffects$$Lambda$3893/0x0000000800b36000 (minecraft@1.20.1)
8066:             1             16  net.minecraft.world.level.biome.BiomeSpecialEffects$$Lambda$3900/0x0000000800b37200 (minecraft@1.20.1)
8067:             1             16  net.minecraft.world.level.biome.BiomeSpecialEffects$$Lambda$3901/0x0000000800b37440 (minecraft@1.20.1)
8068:             1             16  net.minecraft.world.level.biome.BiomeSpecialEffects$GrassColorModifier$$Lambda$3871/0x0000000800b30728 (minecraft@1.20.1)
8069:             1             16  net.minecraft.world.level.biome.BiomeSpecialEffects$GrassColorModifier$$Lambda$3872/0x0000000800b30948 (minecraft@1.20.1)
8070:             1             16  net.minecraft.world.level.biome.BiomeSpecialEffects$GrassColorModifier$$Lambda$3873/0x0000000800b30b88 (minecraft@1.20.1)
8071:             1             16  net.minecraft.world.level.biome.BiomeSpecialEffects$GrassColorModifier$$Lambda$3874/0x0000000800b30dc8 (minecraft@1.20.1)
8072:             1             16  net.minecraft.world.level.biome.CheckerboardColumnBiomeSource$$Lambda$3969/0x0000000800b45800 (minecraft@1.20.1)
8073:             1             16  net.minecraft.world.level.biome.CheckerboardColumnBiomeSource$$Lambda$3970/0x0000000800b45a40 (minecraft@1.20.1)
8074:             1             16  net.minecraft.world.level.biome.CheckerboardColumnBiomeSource$$Lambda$3971/0x0000000800b45c80 (minecraft@1.20.1)
8075:             1             16  net.minecraft.world.level.biome.CheckerboardColumnBiomeSource$$Lambda$3972/0x0000000800b45400 (minecraft@1.20.1)
8076:             1             16  net.minecraft.world.level.biome.Climate$Parameter$$Lambda$3940/0x0000000800b40000 (minecraft@1.20.1)
8077:             1             16  net.minecraft.world.level.biome.Climate$Parameter$$Lambda$3941/0x0000000800b40230 (minecraft@1.20.1)
8078:             1             16  net.minecraft.world.level.biome.Climate$Parameter$$Lambda$3942/0x0000000800b40470 (minecraft@1.20.1)
8079:             1             16  net.minecraft.world.level.biome.Climate$ParameterList$$Lambda$3953/0x0000000800b41d70 (minecraft@1.20.1)
8080:             1             16  net.minecraft.world.level.biome.Climate$ParameterList$$Lambda$3954/0x0000000800b41fb0 (minecraft@1.20.1)
8081:             1             16  net.minecraft.world.level.biome.Climate$ParameterList$$Lambda$3955/0x0000000800b421f0 (minecraft@1.20.1)
8082:             1             16  net.minecraft.world.level.biome.Climate$ParameterList$$Lambda$3956/0x0000000800b42420 (minecraft@1.20.1)
8083:             1             16  net.minecraft.world.level.biome.Climate$ParameterList$$Lambda$3957/0x0000000800b42660 (minecraft@1.20.1)
8084:             1             16  net.minecraft.world.level.biome.Climate$ParameterPoint$$Lambda$3939/0x0000000800b3ca18 (minecraft@1.20.1)
8085:             1             16  net.minecraft.world.level.biome.Climate$ParameterPoint$$Lambda$3943/0x0000000800b406b0 (minecraft@1.20.1)
8086:             1             16  net.minecraft.world.level.biome.Climate$ParameterPoint$$Lambda$3944/0x0000000800b408f0 (minecraft@1.20.1)
8087:             1             16  net.minecraft.world.level.biome.Climate$ParameterPoint$$Lambda$3945/0x0000000800b40b30 (minecraft@1.20.1)
8088:             1             16  net.minecraft.world.level.biome.Climate$ParameterPoint$$Lambda$3946/0x0000000800b40d70 (minecraft@1.20.1)
8089:             1             16  net.minecraft.world.level.biome.Climate$ParameterPoint$$Lambda$3947/0x0000000800b40fb0 (minecraft@1.20.1)
8090:             1             16  net.minecraft.world.level.biome.Climate$ParameterPoint$$Lambda$3948/0x0000000800b411f0 (minecraft@1.20.1)
8091:             1             16  net.minecraft.world.level.biome.Climate$ParameterPoint$$Lambda$3949/0x0000000800b41430 (minecraft@1.20.1)
8092:             1             16  net.minecraft.world.level.biome.Climate$ParameterPoint$$Lambda$3950/0x0000000800b41670 (minecraft@1.20.1)
8093:             1             16  net.minecraft.world.level.biome.Climate$ParameterPoint$$Lambda$3951/0x0000000800b418b0 (minecraft@1.20.1)
8094:             1             16  net.minecraft.world.level.biome.Climate$ParameterPoint$$Lambda$3952/0x0000000800b41af0 (minecraft@1.20.1)
8095:             1             16  net.minecraft.world.level.biome.FixedBiomeSource$$Lambda$3936/0x0000000800b3d1f8 (minecraft@1.20.1)
8096:             1             16  net.minecraft.world.level.biome.FixedBiomeSource$$Lambda$3937/0x0000000800b3d438 (minecraft@1.20.1)
8097:             1             16  net.minecraft.world.level.biome.MobSpawnSettings$$Lambda$3920/0x0000000800b391e0 (minecraft@1.20.1)
8098:             1             16  net.minecraft.world.level.biome.MobSpawnSettings$$Lambda$3921/0x0000000800b39420 (minecraft@1.20.1)
8099:             1             16  net.minecraft.world.level.biome.MobSpawnSettings$$Lambda$3922/0x0000000800b39660 (minecraft@1.20.1)
8100:             1             16  net.minecraft.world.level.biome.MobSpawnSettings$$Lambda$3923/0x0000000800b39898 (minecraft@1.20.1)
8101:             1             16  net.minecraft.world.level.biome.MobSpawnSettings$$Lambda$3928/0x0000000800b3a5d0 (minecraft@1.20.1)
8102:             1             16  net.minecraft.world.level.biome.MobSpawnSettings$$Lambda$3929/0x0000000800b3a810 (minecraft@1.20.1)
8103:             1             16  net.minecraft.world.level.biome.MobSpawnSettings$Builder$$Lambda$3916/0x0000000800b388e0 (minecraft@1.20.1)
8104:             1             16  net.minecraft.world.level.biome.MobSpawnSettings$Builder$$Lambda$3917/0x0000000800b38b20 (minecraft@1.20.1)
8105:             1             16  net.minecraft.world.level.biome.MobSpawnSettings$Builder$$Lambda$3918/0x0000000800b38d60 (minecraft@1.20.1)
8106:             1             16  net.minecraft.world.level.biome.MobSpawnSettings$Builder$$Lambda$3919/0x0000000800b38fa0 (minecraft@1.20.1)
8107:             1             16  net.minecraft.world.level.biome.MobSpawnSettings$MobSpawnCost$$Lambda$3924/0x0000000800b39ce0 (minecraft@1.20.1)
8108:             1             16  net.minecraft.world.level.biome.MobSpawnSettings$MobSpawnCost$$Lambda$3925/0x0000000800b39f20 (minecraft@1.20.1)
8109:             1             16  net.minecraft.world.level.biome.MobSpawnSettings$MobSpawnCost$$Lambda$3926/0x0000000800b3a160 (minecraft@1.20.1)
8110:             1             16  net.minecraft.world.level.biome.MobSpawnSettings$MobSpawnCost$$Lambda$3927/0x0000000800b3a3a0 (minecraft@1.20.1)
8111:             1             16  net.minecraft.world.level.biome.MobSpawnSettings$SpawnerData$$Lambda$3555/0x0000000800aef5a0 (minecraft@1.20.1)
8112:             1             16  net.minecraft.world.level.biome.MobSpawnSettings$SpawnerData$$Lambda$3556/0x0000000800aef7e0 (minecraft@1.20.1)
8113:             1             16  net.minecraft.world.level.biome.MobSpawnSettings$SpawnerData$$Lambda$3557/0x0000000800aefa20 (minecraft@1.20.1)
8114:             1             16  net.minecraft.world.level.biome.MobSpawnSettings$SpawnerData$$Lambda$3558/0x0000000800aefc60 (minecraft@1.20.1)
8115:             1             16  net.minecraft.world.level.biome.MobSpawnSettings$SpawnerData$$Lambda$3559/0x0000000800af0000 (minecraft@1.20.1)
8116:             1             16  net.minecraft.world.level.biome.MobSpawnSettings$SpawnerData$$Lambda$3560/0x0000000800af0240 (minecraft@1.20.1)
8117:             1             16  net.minecraft.world.level.biome.MobSpawnSettings$SpawnerData$$Lambda$3561/0x0000000800af0490 (minecraft@1.20.1)
8118:             1             16  net.minecraft.world.level.biome.MultiNoiseBiomeSource$$Lambda$3967/0x0000000800b477e8 (minecraft@1.20.1)
8119:             1             16  net.minecraft.world.level.biome.MultiNoiseBiomeSource$$Lambda$3968/0x0000000800b47a28 (minecraft@1.20.1)
8120:             1             16  net.minecraft.world.level.biome.MultiNoiseBiomeSourceParameterList$$Lambda$3958/0x0000000800b42ab8 (minecraft@1.20.1)
8121:             1             16  net.minecraft.world.level.biome.MultiNoiseBiomeSourceParameterList$$Lambda$3963/0x0000000800b46240 (minecraft@1.20.1)
8122:             1             16  net.minecraft.world.level.biome.MultiNoiseBiomeSourceParameterList$$Lambda$3966/0x0000000800b475b8 (minecraft@1.20.1)
8123:             1             16  net.minecraft.world.level.biome.MultiNoiseBiomeSourceParameterList$Preset$$Lambda$3959/0x0000000800b43750 (minecraft@1.20.1)
8124:             1             16  net.minecraft.world.level.biome.MultiNoiseBiomeSourceParameterList$Preset$$Lambda$3960/0x0000000800b43990 (minecraft@1.20.1)
8125:             1             16  net.minecraft.world.level.biome.MultiNoiseBiomeSourceParameterList$Preset$$Lambda$3961/0x0000000800b43bd0 (minecraft@1.20.1)
8126:             1             16  net.minecraft.world.level.biome.MultiNoiseBiomeSourceParameterList$Preset$$Lambda$3962/0x0000000800b46000 (minecraft@1.20.1)
8127:             1             16  net.minecraft.world.level.biome.MultiNoiseBiomeSourceParameterList$Preset$1 (minecraft@1.20.1)
8128:             1             16  net.minecraft.world.level.biome.MultiNoiseBiomeSourceParameterList$Preset$2 (minecraft@1.20.1)
8129:             1             16  net.minecraft.world.level.biome.TheEndBiomeSource$$Lambda$3973/0x0000000800b48270 (minecraft@1.20.1)
8130:             1             16  net.minecraft.world.level.biome.TheEndBiomeSource$$Lambda$3976/0x0000000800b48938 (minecraft@1.20.1)
8131:             1             16  net.minecraft.world.level.block.BigDripleafBlock$$Lambda$1779/0x00000008007b2a78 (minecraft@1.20.1)
8132:             1             16  net.minecraft.world.level.block.BigDripleafBlock$$Lambda$1780/0x00000008007b2ca8 (minecraft@1.20.1)
8133:             1             16  net.minecraft.world.level.block.Block$$Lambda$1429/0x00000008006613b0 (minecraft@1.20.1)
8134:             1             16  net.minecraft.world.level.block.Block$$Lambda$1464/0x0000000800713970 (minecraft@1.20.1)
8135:             1             16  net.minecraft.world.level.block.Block$$Lambda$1465/0x0000000800713db0 (minecraft@1.20.1)
8136:             1             16  net.minecraft.world.level.block.Block$1 (minecraft@1.20.1)
8137:             1             16  net.minecraft.world.level.block.Blocks$$Lambda$1497/0x0000000800728f88 (minecraft@1.20.1)
8138:             1             16  net.minecraft.world.level.block.Blocks$$Lambda$1512/0x00000008007357d0 (minecraft@1.20.1)
8139:             1             16  net.minecraft.world.level.block.Blocks$$Lambda$1533/0x0000000800731000 (minecraft@1.20.1)
8140:             1             16  net.minecraft.world.level.block.Blocks$$Lambda$1534/0x0000000800731220 (minecraft@1.20.1)
8141:             1             16  net.minecraft.world.level.block.Blocks$$Lambda$1535/0x0000000800731440 (minecraft@1.20.1)
8142:             1             16  net.minecraft.world.level.block.Blocks$$Lambda$1536/0x0000000800731660 (minecraft@1.20.1)
8143:             1             16  net.minecraft.world.level.block.Blocks$$Lambda$1537/0x0000000800731880 (minecraft@1.20.1)
8144:             1             16  net.minecraft.world.level.block.Blocks$$Lambda$1538/0x0000000800731aa0 (minecraft@1.20.1)
8145:             1             16  net.minecraft.world.level.block.Blocks$$Lambda$1539/0x0000000800731cc0 (minecraft@1.20.1)
8146:             1             16  net.minecraft.world.level.block.Blocks$$Lambda$1540/0x0000000800730c00 (minecraft@1.20.1)
8147:             1             16  net.minecraft.world.level.block.Blocks$$Lambda$1541/0x0000000800738000 (minecraft@1.20.1)
8148:             1             16  net.minecraft.world.level.block.Blocks$$Lambda$1542/0x0000000800738220 (minecraft@1.20.1)
8149:             1             16  net.minecraft.world.level.block.Blocks$$Lambda$1543/0x0000000800738440 (minecraft@1.20.1)
8150:             1             16  net.minecraft.world.level.block.Blocks$$Lambda$1544/0x0000000800738660 (minecraft@1.20.1)
8151:             1             16  net.minecraft.world.level.block.Blocks$$Lambda$1545/0x0000000800738880 (minecraft@1.20.1)
8152:             1             16  net.minecraft.world.level.block.Blocks$$Lambda$1546/0x0000000800738aa0 (minecraft@1.20.1)
8153:             1             16  net.minecraft.world.level.block.Blocks$$Lambda$1547/0x0000000800738cc0 (minecraft@1.20.1)
8154:             1             16  net.minecraft.world.level.block.Blocks$$Lambda$1548/0x0000000800738ee0 (minecraft@1.20.1)
8155:             1             16  net.minecraft.world.level.block.Blocks$$Lambda$1549/0x0000000800739100 (minecraft@1.20.1)
8156:             1             16  net.minecraft.world.level.block.Blocks$$Lambda$1550/0x0000000800739320 (minecraft@1.20.1)
8157:             1             16  net.minecraft.world.level.block.Blocks$$Lambda$1575/0x0000000800742578 (minecraft@1.20.1)
8158:             1             16  net.minecraft.world.level.block.Blocks$$Lambda$1576/0x0000000800742798 (minecraft@1.20.1)
8159:             1             16  net.minecraft.world.level.block.Blocks$$Lambda$1580/0x0000000800743700 (minecraft@1.20.1)
8160:             1             16  net.minecraft.world.level.block.Blocks$$Lambda$1581/0x0000000800743920 (minecraft@1.20.1)
8161:             1             16  net.minecraft.world.level.block.Blocks$$Lambda$1582/0x0000000800743b40 (minecraft@1.20.1)
8162:             1             16  net.minecraft.world.level.block.Blocks$$Lambda$1587/0x0000000800751f30 (minecraft@1.20.1)
8163:             1             16  net.minecraft.world.level.block.Blocks$$Lambda$1588/0x0000000800752150 (minecraft@1.20.1)
8164:             1             16  net.minecraft.world.level.block.Blocks$$Lambda$1589/0x0000000800756d58 (minecraft@1.20.1)
8165:             1             16  net.minecraft.world.level.block.Blocks$$Lambda$1590/0x0000000800756f78 (minecraft@1.20.1)
8166:             1             16  net.minecraft.world.level.block.Blocks$$Lambda$1592/0x0000000800757978 (minecraft@1.20.1)
8167:             1             16  net.minecraft.world.level.block.Blocks$$Lambda$1628/0x0000000800761b10 (minecraft@1.20.1)
8168:             1             16  net.minecraft.world.level.block.Blocks$$Lambda$1630/0x0000000800761f58 (minecraft@1.20.1)
8169:             1             16  net.minecraft.world.level.block.Blocks$$Lambda$1634/0x0000000800762830 (minecraft@1.20.1)
8170:             1             16  net.minecraft.world.level.block.Blocks$$Lambda$1638/0x00000008007664c0 (minecraft@1.20.1)
8171:             1             16  net.minecraft.world.level.block.Blocks$$Lambda$1640/0x0000000800767770 (minecraft@1.20.1)
8172:             1             16  net.minecraft.world.level.block.Blocks$$Lambda$1641/0x0000000800767990 (minecraft@1.20.1)
8173:             1             16  net.minecraft.world.level.block.Blocks$$Lambda$1643/0x000000080076f6a0 (minecraft@1.20.1)
8174:             1             16  net.minecraft.world.level.block.Blocks$$Lambda$1644/0x000000080076f8c0 (minecraft@1.20.1)
8175:             1             16  net.minecraft.world.level.block.Blocks$$Lambda$1645/0x000000080076fae0 (minecraft@1.20.1)
8176:             1             16  net.minecraft.world.level.block.Blocks$$Lambda$1648/0x0000000800774aa8 (minecraft@1.20.1)
8177:             1             16  net.minecraft.world.level.block.Blocks$$Lambda$1649/0x0000000800774cc8 (minecraft@1.20.1)
8178:             1             16  net.minecraft.world.level.block.Blocks$$Lambda$1650/0x0000000800774ee8 (minecraft@1.20.1)
8179:             1             16  net.minecraft.world.level.block.Blocks$$Lambda$1651/0x0000000800775108 (minecraft@1.20.1)
8180:             1             16  net.minecraft.world.level.block.Blocks$$Lambda$1652/0x0000000800775328 (minecraft@1.20.1)
8181:             1             16  net.minecraft.world.level.block.Blocks$$Lambda$1653/0x0000000800775548 (minecraft@1.20.1)
8182:             1             16  net.minecraft.world.level.block.Blocks$$Lambda$1654/0x0000000800775768 (minecraft@1.20.1)
8183:             1             16  net.minecraft.world.level.block.Blocks$$Lambda$1655/0x0000000800775988 (minecraft@1.20.1)
8184:             1             16  net.minecraft.world.level.block.Blocks$$Lambda$1656/0x0000000800775ba8 (minecraft@1.20.1)
8185:             1             16  net.minecraft.world.level.block.Blocks$$Lambda$1658/0x0000000800776618 (minecraft@1.20.1)
8186:             1             16  net.minecraft.world.level.block.Blocks$$Lambda$1659/0x0000000800776838 (minecraft@1.20.1)
8187:             1             16  net.minecraft.world.level.block.Blocks$$Lambda$1660/0x0000000800776a58 (minecraft@1.20.1)
8188:             1             16  net.minecraft.world.level.block.Blocks$$Lambda$1662/0x0000000800776ec0 (minecraft@1.20.1)
8189:             1             16  net.minecraft.world.level.block.Blocks$$Lambda$1663/0x00000008007770e0 (minecraft@1.20.1)
8190:             1             16  net.minecraft.world.level.block.Blocks$$Lambda$1664/0x0000000800777300 (minecraft@1.20.1)
8191:             1             16  net.minecraft.world.level.block.Blocks$$Lambda$1665/0x0000000800777520 (minecraft@1.20.1)
8192:             1             16  net.minecraft.world.level.block.Blocks$$Lambda$1666/0x0000000800777740 (minecraft@1.20.1)
8193:             1             16  net.minecraft.world.level.block.Blocks$$Lambda$1667/0x0000000800777960 (minecraft@1.20.1)
8194:             1             16  net.minecraft.world.level.block.Blocks$$Lambda$1668/0x0000000800777b80 (minecraft@1.20.1)
8195:             1             16  net.minecraft.world.level.block.Blocks$$Lambda$1669/0x0000000800777da0 (minecraft@1.20.1)
8196:             1             16  net.minecraft.world.level.block.Blocks$$Lambda$1670/0x000000080077f3c8 (minecraft@1.20.1)
8197:             1             16  net.minecraft.world.level.block.Blocks$$Lambda$1671/0x000000080077f5e8 (minecraft@1.20.1)
8198:             1             16  net.minecraft.world.level.block.Blocks$$Lambda$1672/0x000000080077f808 (minecraft@1.20.1)
8199:             1             16  net.minecraft.world.level.block.Blocks$$Lambda$1673/0x000000080077fa28 (minecraft@1.20.1)
8200:             1             16  net.minecraft.world.level.block.Blocks$$Lambda$1674/0x000000080077fc48 (minecraft@1.20.1)
8201:             1             16  net.minecraft.world.level.block.Blocks$$Lambda$1675/0x0000000800783910 (minecraft@1.20.1)
8202:             1             16  net.minecraft.world.level.block.Blocks$$Lambda$1676/0x0000000800783b30 (minecraft@1.20.1)
8203:             1             16  net.minecraft.world.level.block.Blocks$$Lambda$1677/0x0000000800783d50 (minecraft@1.20.1)
8204:             1             16  net.minecraft.world.level.block.Blocks$$Lambda$1678/0x0000000800783f70 (minecraft@1.20.1)
8205:             1             16  net.minecraft.world.level.block.Blocks$$Lambda$1693/0x0000000800787bf0 (minecraft@1.20.1)
8206:             1             16  net.minecraft.world.level.block.Blocks$$Lambda$1694/0x000000080078c8c0 (minecraft@1.20.1)
8207:             1             16  net.minecraft.world.level.block.Blocks$$Lambda$1705/0x000000080078f120 (minecraft@1.20.1)
8208:             1             16  net.minecraft.world.level.block.Blocks$$Lambda$1706/0x000000080078f7a0 (minecraft@1.20.1)
8209:             1             16  net.minecraft.world.level.block.Blocks$$Lambda$1707/0x000000080078f9c0 (minecraft@1.20.1)
8210:             1             16  net.minecraft.world.level.block.Blocks$$Lambda$1708/0x000000080078fbe0 (minecraft@1.20.1)
8211:             1             16  net.minecraft.world.level.block.Blocks$$Lambda$1709/0x000000080078a000 (minecraft@1.20.1)
8212:             1             16  net.minecraft.world.level.block.Blocks$$Lambda$1710/0x000000080078aa10 (minecraft@1.20.1)
8213:             1             16  net.minecraft.world.level.block.Blocks$$Lambda$1712/0x000000080078b800 (minecraft@1.20.1)
8214:             1             16  net.minecraft.world.level.block.Blocks$$Lambda$1713/0x000000080078ba20 (minecraft@1.20.1)
8215:             1             16  net.minecraft.world.level.block.Blocks$$Lambda$1720/0x0000000800794b40 (minecraft@1.20.1)
8216:             1             16  net.minecraft.world.level.block.Blocks$$Lambda$1721/0x0000000800795d08 (minecraft@1.20.1)
8217:             1             16  net.minecraft.world.level.block.Blocks$$Lambda$1723/0x0000000800796348 (minecraft@1.20.1)
8218:             1             16  net.minecraft.world.level.block.Blocks$$Lambda$1724/0x0000000800796568 (minecraft@1.20.1)
8219:             1             16  net.minecraft.world.level.block.Blocks$$Lambda$1725/0x0000000800796788 (minecraft@1.20.1)
8220:             1             16  net.minecraft.world.level.block.Blocks$$Lambda$1726/0x0000000800796e88 (minecraft@1.20.1)
8221:             1             16  net.minecraft.world.level.block.Blocks$$Lambda$1727/0x00000008007970a8 (minecraft@1.20.1)
8222:             1             16  net.minecraft.world.level.block.Blocks$$Lambda$1728/0x00000008007972c8 (minecraft@1.20.1)
8223:             1             16  net.minecraft.world.level.block.Blocks$$Lambda$1729/0x00000008007974e8 (minecraft@1.20.1)
8224:             1             16  net.minecraft.world.level.block.Blocks$$Lambda$1730/0x0000000800797708 (minecraft@1.20.1)
8225:             1             16  net.minecraft.world.level.block.Blocks$$Lambda$1731/0x0000000800797dc8 (minecraft@1.20.1)
8226:             1             16  net.minecraft.world.level.block.Blocks$$Lambda$1732/0x0000000800798000 (minecraft@1.20.1)
8227:             1             16  net.minecraft.world.level.block.Blocks$$Lambda$1733/0x0000000800798220 (minecraft@1.20.1)
8228:             1             16  net.minecraft.world.level.block.Blocks$$Lambda$1734/0x0000000800798440 (minecraft@1.20.1)
8229:             1             16  net.minecraft.world.level.block.Blocks$$Lambda$1735/0x0000000800798660 (minecraft@1.20.1)
8230:             1             16  net.minecraft.world.level.block.Blocks$$Lambda$1736/0x0000000800798880 (minecraft@1.20.1)
8231:             1             16  net.minecraft.world.level.block.Blocks$$Lambda$1737/0x0000000800798aa0 (minecraft@1.20.1)
8232:             1             16  net.minecraft.world.level.block.Blocks$$Lambda$1738/0x0000000800798cc0 (minecraft@1.20.1)
8233:             1             16  net.minecraft.world.level.block.Blocks$$Lambda$1739/0x0000000800798ee0 (minecraft@1.20.1)
8234:             1             16  net.minecraft.world.level.block.Blocks$$Lambda$1741/0x0000000800799a60 (minecraft@1.20.1)
8235:             1             16  net.minecraft.world.level.block.Blocks$$Lambda$1742/0x000000080079f3c0 (minecraft@1.20.1)
8236:             1             16  net.minecraft.world.level.block.Blocks$$Lambda$1743/0x000000080079fa60 (minecraft@1.20.1)
8237:             1             16  net.minecraft.world.level.block.Blocks$$Lambda$1744/0x000000080079fc80 (minecraft@1.20.1)
8238:             1             16  net.minecraft.world.level.block.Blocks$$Lambda$1745/0x00000008007a28b8 (minecraft@1.20.1)
8239:             1             16  net.minecraft.world.level.block.Blocks$$Lambda$1746/0x00000008007a2ad8 (minecraft@1.20.1)
8240:             1             16  net.minecraft.world.level.block.Blocks$$Lambda$1747/0x00000008007a5c98 (minecraft@1.20.1)
8241:             1             16  net.minecraft.world.level.block.Blocks$$Lambda$1748/0x00000008007a5eb8 (minecraft@1.20.1)
8242:             1             16  net.minecraft.world.level.block.Blocks$$Lambda$1750/0x00000008007a67c0 (minecraft@1.20.1)
8243:             1             16  net.minecraft.world.level.block.Blocks$$Lambda$1751/0x00000008007a69e0 (minecraft@1.20.1)
8244:             1             16  net.minecraft.world.level.block.Blocks$$Lambda$1752/0x00000008007a6c00 (minecraft@1.20.1)
8245:             1             16  net.minecraft.world.level.block.Blocks$$Lambda$1754/0x00000008007ac000 (minecraft@1.20.1)
8246:             1             16  net.minecraft.world.level.block.Blocks$$Lambda$1759/0x00000008007acad8 (minecraft@1.20.1)
8247:             1             16  net.minecraft.world.level.block.Blocks$$Lambda$1762/0x00000008007ad138 (minecraft@1.20.1)
8248:             1             16  net.minecraft.world.level.block.Blocks$$Lambda$1763/0x00000008007ad358 (minecraft@1.20.1)
8249:             1             16  net.minecraft.world.level.block.Blocks$$Lambda$1764/0x00000008007ad578 (minecraft@1.20.1)
8250:             1             16  net.minecraft.world.level.block.Blocks$$Lambda$1765/0x00000008007ad798 (minecraft@1.20.1)
8251:             1             16  net.minecraft.world.level.block.Blocks$$Lambda$1766/0x00000008007ad9b8 (minecraft@1.20.1)
8252:             1             16  net.minecraft.world.level.block.Blocks$$Lambda$1767/0x00000008007adbd8 (minecraft@1.20.1)
8253:             1             16  net.minecraft.world.level.block.Blocks$$Lambda$1768/0x00000008007addf8 (minecraft@1.20.1)
8254:             1             16  net.minecraft.world.level.block.Blocks$$Lambda$1769/0x00000008007ae018 (minecraft@1.20.1)
8255:             1             16  net.minecraft.world.level.block.Blocks$$Lambda$1770/0x00000008007ae238 (minecraft@1.20.1)
8256:             1             16  net.minecraft.world.level.block.Blocks$$Lambda$1772/0x00000008007aef58 (minecraft@1.20.1)
8257:             1             16  net.minecraft.world.level.block.Blocks$$Lambda$1773/0x00000008007af178 (minecraft@1.20.1)
8258:             1             16  net.minecraft.world.level.block.Blocks$$Lambda$1774/0x00000008007afd88 (minecraft@1.20.1)
8259:             1             16  net.minecraft.world.level.block.Blocks$$Lambda$1777/0x00000008007b2420 (minecraft@1.20.1)
8260:             1             16  net.minecraft.world.level.block.Blocks$$Lambda$1781/0x00000008007b2ee8 (minecraft@1.20.1)
8261:             1             16  net.minecraft.world.level.block.Blocks$$Lambda$1782/0x00000008007b3108 (minecraft@1.20.1)
8262:             1             16  net.minecraft.world.level.block.Blocks$$Lambda$1783/0x00000008007b3328 (minecraft@1.20.1)
8263:             1             16  net.minecraft.world.level.block.Blocks$$Lambda$1784/0x00000008007b3548 (minecraft@1.20.1)
8264:             1             16  net.minecraft.world.level.block.Blocks$$Lambda$1785/0x00000008007b3768 (minecraft@1.20.1)
8265:             1             16  net.minecraft.world.level.block.Blocks$$Lambda$1786/0x00000008007b3988 (minecraft@1.20.1)
8266:             1             16  net.minecraft.world.level.block.Blocks$$Lambda$1787/0x00000008007b3ba8 (minecraft@1.20.1)
8267:             1             16  net.minecraft.world.level.block.CandleBlock$$Lambda$1760/0x00000008007accf8 (minecraft@1.20.1)
8268:             1             16  net.minecraft.world.level.block.CandleBlock$$Lambda$1761/0x00000008007acf18 (minecraft@1.20.1)
8269:             1             16  net.minecraft.world.level.block.CarvedPumpkinBlock$$Lambda$1657/0x00000008007763c8 (minecraft@1.20.1)
8270:             1             16  net.minecraft.world.level.block.ChestBlock$1 (minecraft@1.20.1)
8271:             1             16  net.minecraft.world.level.block.ChestBlock$2 (minecraft@1.20.1)
8272:             1             16  net.minecraft.world.level.block.ComposterBlock$$Lambda$1753/0x00000008007a7878 (minecraft@1.20.1)
8273:             1             16  net.minecraft.world.level.block.CrossCollisionBlock$$Lambda$1646/0x0000000800774638 (minecraft@1.20.1)
8274:             1             16  net.minecraft.world.level.block.CrossCollisionBlock$$Lambda$1647/0x0000000800774888 (minecraft@1.20.1)
8275:             1             16  net.minecraft.world.level.block.DispenserBlock$$Lambda$1551/0x000000080073b268 (minecraft@1.20.1)
8276:             1             16  net.minecraft.world.level.block.EnchantmentTableBlock$$Lambda$1691/0x0000000800787760 (minecraft@1.20.1)
8277:             1             16  net.minecraft.world.level.block.EnchantmentTableBlock$$Lambda$1692/0x00000008007879b0 (minecraft@1.20.1)
8278:             1             16  net.minecraft.world.level.block.EnderChestBlock$$Lambda$1711/0x000000080078ac30 (minecraft@1.20.1)
8279:             1             16  net.minecraft.world.level.block.FireBlock$$Lambda$1450/0x00000008006790f8 (minecraft@1.20.1)
8280:             1             16  net.minecraft.world.level.block.FireBlock$$Lambda$1631/0x0000000800762178 (minecraft@1.20.1)
8281:             1             16  net.minecraft.world.level.block.FireBlock$$Lambda$1632/0x00000008007623c8 (minecraft@1.20.1)
8282:             1             16  net.minecraft.world.level.block.FlowerPotBlock$$Lambda$1715/0x0000000800790000 (minecraft@1.20.1)
8283:             1             16  net.minecraft.world.level.block.GlowLichenBlock$$Lambda$1682/0x0000000800784850 (minecraft@1.20.1)
8284:             1             16  net.minecraft.world.level.block.LayeredCauldronBlock$$Lambda$1703/0x000000080078ec80 (minecraft@1.20.1)
8285:             1             16  net.minecraft.world.level.block.LayeredCauldronBlock$$Lambda$1704/0x000000080078eed0 (minecraft@1.20.1)
8286:             1             16  net.minecraft.world.level.block.LightBlock$$Lambda$1722/0x0000000800796128 (minecraft@1.20.1)
8287:             1             16  net.minecraft.world.level.block.MultifaceBlock$$Lambda$1681/0x0000000800784620 (minecraft@1.20.1)
8288:             1             16  net.minecraft.world.level.block.MultifaceBlock$$Lambda$1684/0x0000000800784cc8 (minecraft@1.20.1)
8289:             1             16  net.minecraft.world.level.block.MultifaceSpreader$DefaultSpreaderConfig (minecraft@1.20.1)
8290:             1             16  net.minecraft.world.level.block.PipeBlock$$Lambda$1449/0x0000000800678ec8 (minecraft@1.20.1)
8291:             1             16  net.minecraft.world.level.block.RedStoneWireBlock$$Lambda$1639/0x0000000800766ad0 (minecraft@1.20.1)
8292:             1             16  net.minecraft.world.level.block.RespawnAnchorBlock$$Lambda$1755/0x00000008007ac658 (minecraft@1.20.1)
8293:             1             16  net.minecraft.world.level.block.RespawnAnchorBlock$$Lambda$1758/0x00000008007ac898 (minecraft@1.20.1)
8294:             1             16  net.minecraft.world.level.block.SculkBehaviour$1 (minecraft@1.20.1)
8295:             1             16  net.minecraft.world.level.block.SculkSensorBlock$$Lambda$1771/0x00000008007aed28 (minecraft@1.20.1)
8296:             1             16  net.minecraft.world.level.block.ShulkerBoxBlock$$Lambda$1740/0x0000000800799830 (minecraft@1.20.1)
8297:             1             16  net.minecraft.world.level.block.StairBlock$$Lambda$1636/0x00000008007630e8 (minecraft@1.20.1)
8298:             1             16  net.minecraft.world.level.block.TrappedChestBlock$$Lambda$1719/0x0000000800794060 (minecraft@1.20.1)
8299:             1             16  net.minecraft.world.level.block.VineBlock$$Lambda$1679/0x0000000800784190 (minecraft@1.20.1)
8300:             1             16  net.minecraft.world.level.block.VineBlock$$Lambda$1680/0x00000008007843e0 (minecraft@1.20.1)
8301:             1             16  net.minecraft.world.level.block.WeatheringCopper$$Lambda$1775/0x00000008007b0b90 (minecraft@1.20.1)
8302:             1             16  net.minecraft.world.level.block.WeatheringCopper$$Lambda$1776/0x00000008007b0dc8 (minecraft@1.20.1)
8303:             1             16  net.minecraft.world.level.block.entity.BlockEntityType$$Lambda$2670/0x00000008009fa370 (minecraft@1.20.1)
8304:             1             16  net.minecraft.world.level.block.entity.BlockEntityType$$Lambda$2671/0x00000008009fae38 (minecraft@1.20.1)
8305:             1             16  net.minecraft.world.level.block.entity.BlockEntityType$$Lambda$2672/0x00000008009fb058 (minecraft@1.20.1)
8306:             1             16  net.minecraft.world.level.block.entity.BlockEntityType$$Lambda$2673/0x00000008009fb4c8 (minecraft@1.20.1)
8307:             1             16  net.minecraft.world.level.block.entity.BlockEntityType$$Lambda$2674/0x00000008009fb6e8 (minecraft@1.20.1)
8308:             1             16  net.minecraft.world.level.block.entity.BlockEntityType$$Lambda$2675/0x00000008009fbc48 (minecraft@1.20.1)
8309:             1             16  net.minecraft.world.level.block.entity.BlockEntityType$$Lambda$2676/0x00000008009fbe68 (minecraft@1.20.1)
8310:             1             16  net.minecraft.world.level.block.entity.BlockEntityType$$Lambda$2677/0x00000008009fc088 (minecraft@1.20.1)
8311:             1             16  net.minecraft.world.level.block.entity.BlockEntityType$$Lambda$2678/0x00000008009fc2a8 (minecraft@1.20.1)
8312:             1             16  net.minecraft.world.level.block.entity.BlockEntityType$$Lambda$2679/0x00000008009fc740 (minecraft@1.20.1)
8313:             1             16  net.minecraft.world.level.block.entity.BlockEntityType$$Lambda$2680/0x00000008009fc960 (minecraft@1.20.1)
8314:             1             16  net.minecraft.world.level.block.entity.BlockEntityType$$Lambda$2681/0x00000008009fced0 (minecraft@1.20.1)
8315:             1             16  net.minecraft.world.level.block.entity.BlockEntityType$$Lambda$2682/0x00000008009fd0f0 (minecraft@1.20.1)
8316:             1             16  net.minecraft.world.level.block.entity.BlockEntityType$$Lambda$2683/0x00000008009fd310 (minecraft@1.20.1)
8317:             1             16  net.minecraft.world.level.block.entity.BlockEntityType$$Lambda$2684/0x00000008009fd898 (minecraft@1.20.1)
8318:             1             16  net.minecraft.world.level.block.entity.BlockEntityType$$Lambda$2685/0x00000008009fdab8 (minecraft@1.20.1)
8319:             1             16  net.minecraft.world.level.block.entity.BlockEntityType$$Lambda$2686/0x00000008009fdcd8 (minecraft@1.20.1)
8320:             1             16  net.minecraft.world.level.block.entity.BlockEntityType$$Lambda$2687/0x00000008009fdef8 (minecraft@1.20.1)
8321:             1             16  net.minecraft.world.level.block.entity.BlockEntityType$$Lambda$2688/0x00000008009fe118 (minecraft@1.20.1)
8322:             1             16  net.minecraft.world.level.block.entity.BlockEntityType$$Lambda$2689/0x00000008009fe338 (minecraft@1.20.1)
8323:             1             16  net.minecraft.world.level.block.entity.BlockEntityType$$Lambda$2690/0x00000008009fe9c0 (minecraft@1.20.1)
8324:             1             16  net.minecraft.world.level.block.entity.BlockEntityType$$Lambda$2691/0x00000008009febe0 (minecraft@1.20.1)
8325:             1             16  net.minecraft.world.level.block.entity.BlockEntityType$$Lambda$2692/0x00000008009ff108 (minecraft@1.20.1)
8326:             1             16  net.minecraft.world.level.block.entity.BlockEntityType$$Lambda$2693/0x00000008009ff668 (minecraft@1.20.1)
8327:             1             16  net.minecraft.world.level.block.entity.BlockEntityType$$Lambda$2694/0x00000008009ff888 (minecraft@1.20.1)
8328:             1             16  net.minecraft.world.level.block.entity.BlockEntityType$$Lambda$2695/0x00000008009ffaa8 (minecraft@1.20.1)
8329:             1             16  net.minecraft.world.level.block.entity.BlockEntityType$$Lambda$2696/0x0000000800a00000 (minecraft@1.20.1)
8330:             1             16  net.minecraft.world.level.block.entity.BlockEntityType$$Lambda$2697/0x0000000800a005e0 (minecraft@1.20.1)
8331:             1             16  net.minecraft.world.level.block.entity.BlockEntityType$$Lambda$2698/0x0000000800a00bc0 (minecraft@1.20.1)
8332:             1             16  net.minecraft.world.level.block.entity.BlockEntityType$$Lambda$2699/0x0000000800a01130 (minecraft@1.20.1)
8333:             1             16  net.minecraft.world.level.block.entity.BlockEntityType$$Lambda$2700/0x0000000800a01350 (minecraft@1.20.1)
8334:             1             16  net.minecraft.world.level.block.entity.BlockEntityType$$Lambda$2701/0x0000000800a01570 (minecraft@1.20.1)
8335:             1             16  net.minecraft.world.level.block.entity.BlockEntityType$$Lambda$2702/0x0000000800a01790 (minecraft@1.20.1)
8336:             1             16  net.minecraft.world.level.block.entity.BlockEntityType$$Lambda$2703/0x0000000800a019b0 (minecraft@1.20.1)
8337:             1             16  net.minecraft.world.level.block.entity.BlockEntityType$$Lambda$2704/0x0000000800a01bd0 (minecraft@1.20.1)
8338:             1             16  net.minecraft.world.level.block.entity.BlockEntityType$$Lambda$2705/0x0000000800a01df0 (minecraft@1.20.1)
8339:             1             16  net.minecraft.world.level.block.entity.BlockEntityType$$Lambda$2706/0x0000000800a02010 (minecraft@1.20.1)
8340:             1             16  net.minecraft.world.level.block.entity.BlockEntityType$$Lambda$2707/0x0000000800a02230 (minecraft@1.20.1)
8341:             1             16  net.minecraft.world.level.block.entity.BlockEntityType$$Lambda$2708/0x0000000800a02450 (minecraft@1.20.1)
8342:             1             16  net.minecraft.world.level.block.entity.BlockEntityType$$Lambda$2709/0x0000000800a02670 (minecraft@1.20.1)
8343:             1             16  net.minecraft.world.level.block.entity.BlockEntityType$$Lambda$2710/0x0000000800a02890 (minecraft@1.20.1)
8344:             1             16  net.minecraft.world.level.block.grower.AcaciaTreeGrower (minecraft@1.20.1)
8345:             1             16  net.minecraft.world.level.block.grower.AzaleaTreeGrower (minecraft@1.20.1)
8346:             1             16  net.minecraft.world.level.block.grower.BirchTreeGrower (minecraft@1.20.1)
8347:             1             16  net.minecraft.world.level.block.grower.CherryTreeGrower (minecraft@1.20.1)
8348:             1             16  net.minecraft.world.level.block.grower.DarkOakTreeGrower (minecraft@1.20.1)
8349:             1             16  net.minecraft.world.level.block.grower.JungleTreeGrower (minecraft@1.20.1)
8350:             1             16  net.minecraft.world.level.block.grower.MangroveTreeGrower (minecraft@1.20.1)
8351:             1             16  net.minecraft.world.level.block.grower.OakTreeGrower (minecraft@1.20.1)
8352:             1             16  net.minecraft.world.level.block.grower.SpruceTreeGrower (minecraft@1.20.1)
8353:             1             16  net.minecraft.world.level.block.piston.PistonHeadBlock$$Lambda$1579/0x0000000800742e18 (minecraft@1.20.1)
8354:             1             16  net.minecraft.world.level.block.state.BlockBehaviour$Properties$$Lambda$1453/0x00000008006c7cd0 (minecraft@1.20.1)
8355:             1             16  net.minecraft.world.level.block.state.BlockBehaviour$Properties$$Lambda$1454/0x00000008006f7c60 (minecraft@1.20.1)
8356:             1             16  net.minecraft.world.level.block.state.BlockBehaviour$Properties$$Lambda$1455/0x000000080069fbe8 (minecraft@1.20.1)
8357:             1             16  net.minecraft.world.level.block.state.BlockBehaviour$Properties$$Lambda$1456/0x00000008006ffb70 (minecraft@1.20.1)
8358:             1             16  net.minecraft.world.level.block.state.BlockBehaviour$Properties$$Lambda$1457/0x00000008006ffd90 (minecraft@1.20.1)
8359:             1             16  net.minecraft.world.level.block.state.BlockBehaviour$Properties$$Lambda$1458/0x00000008006bf958 (minecraft@1.20.1)
8360:             1             16  net.minecraft.world.level.block.state.BlockBehaviour$Properties$$Lambda$1459/0x00000008006bfb78 (minecraft@1.20.1)
8361:             1             16  net.minecraft.world.level.block.state.BlockBehaviour$Properties$$Lambda$1496/0x0000000800728d68 (minecraft@1.20.1)
8362:             1             16  net.minecraft.world.level.block.state.BlockBehaviour$Properties$$Lambda$1577/0x00000008007429b8 (minecraft@1.20.1)
8363:             1             16  net.minecraft.world.level.block.state.BlockState$$Lambda$1476/0x000000080071dae0 (minecraft@1.20.1)
8364:             1             16  net.minecraft.world.level.block.state.StateDefinition$$Lambda$1468/0x000000080071c460 (minecraft@1.20.1)
8365:             1             16  net.minecraft.world.level.block.state.StateDefinition$$Lambda$1469/0x000000080071c6a0 (minecraft@1.20.1)
8366:             1             16  net.minecraft.world.level.block.state.StateDefinition$$Lambda$1486/0x0000000800725cc0 (minecraft@1.20.1)
8367:             1             16  net.minecraft.world.level.block.state.StateHolder$$Lambda$1477/0x000000080071dd20 (minecraft@1.20.1)
8368:             1             16  net.minecraft.world.level.block.state.StateHolder$1 (minecraft@1.20.1)
8369:             1             16  net.minecraft.world.level.block.state.predicate.BlockStatePredicate$$Lambda$3166/0x0000000800a93658 (minecraft@1.20.1)
8370:             1             16  net.minecraft.world.level.block.state.properties.BlockStateProperties$$Lambda$1436/0x0000000800670000 (minecraft@1.20.1)
8371:             1             16  net.minecraft.world.level.block.state.properties.BlockStateProperties$$Lambda$1438/0x0000000800672948 (minecraft@1.20.1)
8372:             1             16  net.minecraft.world.level.block.state.properties.EnumProperty$$Lambda$1435/0x00000008006638f0 (minecraft@1.20.1)
8373:             1             16  net.minecraft.world.level.block.state.properties.Property$$Lambda$1434/0x00000008006636b0 (minecraft@1.20.1)
8374:             1             16  net.minecraft.world.level.chunk.ChunkGenerator$$Lambda$3979/0x0000000800b49288 (minecraft@1.20.1)
8375:             1             16  net.minecraft.world.level.chunk.ChunkStatus$$Lambda$2723/0x0000000800a06f18 (minecraft@1.20.1)
8376:             1             16  net.minecraft.world.level.chunk.ChunkStatus$$Lambda$2724/0x0000000800a07a48 (minecraft@1.20.1)
8377:             1             16  net.minecraft.world.level.chunk.ChunkStatus$$Lambda$2725/0x0000000800a07c90 (minecraft@1.20.1)
8378:             1             16  net.minecraft.world.level.chunk.ChunkStatus$$Lambda$2726/0x0000000800a0c000 (minecraft@1.20.1)
8379:             1             16  net.minecraft.world.level.chunk.ChunkStatus$$Lambda$2727/0x0000000800a0c220 (minecraft@1.20.1)
8380:             1             16  net.minecraft.world.level.chunk.ChunkStatus$$Lambda$2728/0x0000000800a0c468 (minecraft@1.20.1)
8381:             1             16  net.minecraft.world.level.chunk.ChunkStatus$$Lambda$2729/0x0000000800a0c688 (minecraft@1.20.1)
8382:             1             16  net.minecraft.world.level.chunk.ChunkStatus$$Lambda$2730/0x0000000800a0c8a8 (minecraft@1.20.1)
8383:             1             16  net.minecraft.world.level.chunk.ChunkStatus$$Lambda$2731/0x0000000800a0caf0 (minecraft@1.20.1)
8384:             1             16  net.minecraft.world.level.chunk.ChunkStatus$$Lambda$2732/0x0000000800a0cd38 (minecraft@1.20.1)
8385:             1             16  net.minecraft.world.level.chunk.ChunkStatus$$Lambda$2733/0x0000000800a0cf80 (minecraft@1.20.1)
8386:             1             16  net.minecraft.world.level.chunk.ChunkStatus$$Lambda$2734/0x0000000800a0d1a0 (minecraft@1.20.1)
8387:             1             16  net.minecraft.world.level.chunk.ChunkStatus$$Lambda$2735/0x0000000800a0d3c0 (minecraft@1.20.1)
8388:             1             16  net.minecraft.world.level.chunk.ChunkStatus$$Lambda$2736/0x0000000800a0d5e0 (minecraft@1.20.1)
8389:             1             16  net.minecraft.world.level.chunk.ChunkStatus$$Lambda$2737/0x0000000800a0d800 (minecraft@1.20.1)
8390:             1             16  net.minecraft.world.level.chunk.ChunkStatus$$Lambda$2738/0x0000000800a0da48 (minecraft@1.20.1)
8391:             1             16  net.minecraft.world.level.chunk.ChunkStatus$$Lambda$2739/0x0000000800a0dc68 (minecraft@1.20.1)
8392:             1             16  net.minecraft.world.level.chunk.ChunkStatus$$Lambda$2740/0x0000000800a0e080 (minecraft@1.20.1)
8393:             1             16  net.minecraft.world.level.dimension.DimensionType$$Lambda$2953/0x0000000800a61380 (minecraft@1.20.1)
8394:             1             16  net.minecraft.world.level.dimension.DimensionType$$Lambda$2954/0x0000000800a615c0 (minecraft@1.20.1)
8395:             1             16  net.minecraft.world.level.dimension.DimensionType$$Lambda$2955/0x0000000800a61800 (minecraft@1.20.1)
8396:             1             16  net.minecraft.world.level.dimension.DimensionType$$Lambda$2956/0x0000000800a61a40 (minecraft@1.20.1)
8397:             1             16  net.minecraft.world.level.dimension.DimensionType$$Lambda$2957/0x0000000800a61c80 (minecraft@1.20.1)
8398:             1             16  net.minecraft.world.level.dimension.DimensionType$$Lambda$2958/0x0000000800a61ec0 (minecraft@1.20.1)
8399:             1             16  net.minecraft.world.level.dimension.DimensionType$$Lambda$2960/0x0000000800a62100 (minecraft@1.20.1)
8400:             1             16  net.minecraft.world.level.dimension.DimensionType$$Lambda$2961/0x0000000800a62340 (minecraft@1.20.1)
8401:             1             16  net.minecraft.world.level.dimension.DimensionType$$Lambda$2962/0x0000000800a62580 (minecraft@1.20.1)
8402:             1             16  net.minecraft.world.level.dimension.DimensionType$$Lambda$2963/0x0000000800a627c0 (minecraft@1.20.1)
8403:             1             16  net.minecraft.world.level.dimension.DimensionType$$Lambda$2964/0x0000000800a62a00 (minecraft@1.20.1)
8404:             1             16  net.minecraft.world.level.dimension.DimensionType$$Lambda$2965/0x0000000800a62c40 (minecraft@1.20.1)
8405:             1             16  net.minecraft.world.level.dimension.DimensionType$$Lambda$2968/0x0000000800a63308 (minecraft@1.20.1)
8406:             1             16  net.minecraft.world.level.dimension.DimensionType$$Lambda$2969/0x0000000800a63750 (minecraft@1.20.1)
8407:             1             16  net.minecraft.world.level.dimension.DimensionType$$Lambda$2970/0x0000000800a63990 (minecraft@1.20.1)
8408:             1             16  net.minecraft.world.level.dimension.DimensionType$$Lambda$2977/0x0000000800a66d90 (minecraft@1.20.1)
8409:             1             16  net.minecraft.world.level.dimension.DimensionType$$Lambda$2978/0x0000000800a66fd0 (minecraft@1.20.1)
8410:             1             16  net.minecraft.world.level.dimension.DimensionType$MonsterSettings$$Lambda$2971/0x0000000800a66000 (minecraft@1.20.1)
8411:             1             16  net.minecraft.world.level.dimension.DimensionType$MonsterSettings$$Lambda$2972/0x0000000800a66240 (minecraft@1.20.1)
8412:             1             16  net.minecraft.world.level.dimension.DimensionType$MonsterSettings$$Lambda$2973/0x0000000800a66480 (minecraft@1.20.1)
8413:             1             16  net.minecraft.world.level.dimension.DimensionType$MonsterSettings$$Lambda$2974/0x0000000800a666c0 (minecraft@1.20.1)
8414:             1             16  net.minecraft.world.level.dimension.DimensionType$MonsterSettings$$Lambda$2975/0x0000000800a66900 (minecraft@1.20.1)
8415:             1             16  net.minecraft.world.level.dimension.DimensionType$MonsterSettings$$Lambda$2976/0x0000000800a66b40 (minecraft@1.20.1)
8416:             1             16  net.minecraft.world.level.gameevent.BlockPositionSource$Type (minecraft@1.20.1)
8417:             1             16  net.minecraft.world.level.gameevent.EntityPositionSource$Type (minecraft@1.20.1)
8418:             1             16  net.minecraft.world.level.gameevent.PositionSource$$Lambda$1616/0x000000080075db28 (minecraft@1.20.1)
8419:             1             16  net.minecraft.world.level.gameevent.PositionSource$$Lambda$1617/0x000000080075dd68 (minecraft@1.20.1)
8420:             1             16  net.minecraft.world.level.levelgen.DebugLevelSource$$Lambda$4044/0x0000000800b56990 (minecraft@1.20.1)
8421:             1             16  net.minecraft.world.level.levelgen.DebugLevelSource$$Lambda$4045/0x0000000800b56bd0 (minecraft@1.20.1)
8422:             1             16  net.minecraft.world.level.levelgen.DebugLevelSource$$Lambda$4046/0x0000000800b56e10 (minecraft@1.20.1)
8423:             1             16  net.minecraft.world.level.levelgen.DensityFunction$$Lambda$3999/0x0000000800b4e980 (minecraft@1.20.1)
8424:             1             16  net.minecraft.world.level.levelgen.DensityFunction$$Lambda$4000/0x0000000800b4ebc0 (minecraft@1.20.1)
8425:             1             16  net.minecraft.world.level.levelgen.DensityFunction$NoiseHolder$$Lambda$4097/0x0000000800b62c80 (minecraft@1.20.1)
8426:             1             16  net.minecraft.world.level.levelgen.DensityFunction$NoiseHolder$$Lambda$4098/0x0000000800b62ec0 (minecraft@1.20.1)
8427:             1             16  net.minecraft.world.level.levelgen.DensityFunctions$$Lambda$3996/0x0000000800b4e000 (minecraft@1.20.1)
8428:             1             16  net.minecraft.world.level.levelgen.DensityFunctions$$Lambda$3997/0x0000000800b4e240 (minecraft@1.20.1)
8429:             1             16  net.minecraft.world.level.levelgen.DensityFunctions$$Lambda$3998/0x0000000800b4e480 (minecraft@1.20.1)
8430:             1             16  net.minecraft.world.level.levelgen.DensityFunctions$BlendDensity$$Lambda$4132/0x0000000800b6b808 (minecraft@1.20.1)
8431:             1             16  net.minecraft.world.level.levelgen.DensityFunctions$BlendDensity$$Lambda$4133/0x0000000800b6ba48 (minecraft@1.20.1)
8432:             1             16  net.minecraft.world.level.levelgen.DensityFunctions$Clamp$$Lambda$4134/0x0000000800b6e320 (minecraft@1.20.1)
8433:             1             16  net.minecraft.world.level.levelgen.DensityFunctions$Clamp$$Lambda$4135/0x0000000800b6e560 (minecraft@1.20.1)
8434:             1             16  net.minecraft.world.level.levelgen.DensityFunctions$Clamp$$Lambda$4136/0x0000000800b6e7a0 (minecraft@1.20.1)
8435:             1             16  net.minecraft.world.level.levelgen.DensityFunctions$Clamp$$Lambda$4137/0x0000000800b6e9e0 (minecraft@1.20.1)
8436:             1             16  net.minecraft.world.level.levelgen.DensityFunctions$Clamp$$Lambda$4138/0x0000000800b6ec20 (minecraft@1.20.1)
8437:             1             16  net.minecraft.world.level.levelgen.DensityFunctions$Constant$$Lambda$4162/0x0000000800b77508 (minecraft@1.20.1)
8438:             1             16  net.minecraft.world.level.levelgen.DensityFunctions$Constant$$Lambda$4163/0x0000000800b77748 (minecraft@1.20.1)
8439:             1             16  net.minecraft.world.level.levelgen.DensityFunctions$EndIslandDensityFunction (minecraft@1.20.1)
8440:             1             16  net.minecraft.world.level.levelgen.DensityFunctions$Mapped$Type$$Lambda$4140/0x0000000800b6f630 (minecraft@1.20.1)
8441:             1             16  net.minecraft.world.level.levelgen.DensityFunctions$Marker$Type$$Lambda$4095/0x0000000800b62138 (minecraft@1.20.1)
8442:             1             16  net.minecraft.world.level.levelgen.DensityFunctions$Noise$$Lambda$4096/0x0000000800b62830 (minecraft@1.20.1)
8443:             1             16  net.minecraft.world.level.levelgen.DensityFunctions$Noise$$Lambda$4099/0x0000000800b63100 (minecraft@1.20.1)
8444:             1             16  net.minecraft.world.level.levelgen.DensityFunctions$Noise$$Lambda$4100/0x0000000800b63340 (minecraft@1.20.1)
8445:             1             16  net.minecraft.world.level.levelgen.DensityFunctions$Noise$$Lambda$4101/0x0000000800b63580 (minecraft@1.20.1)
8446:             1             16  net.minecraft.world.level.levelgen.DensityFunctions$Noise$$Lambda$4102/0x0000000800b637c0 (minecraft@1.20.1)
8447:             1             16  net.minecraft.world.level.levelgen.DensityFunctions$RangeChoice$$Lambda$4119/0x0000000800b68bf8 (minecraft@1.20.1)
8448:             1             16  net.minecraft.world.level.levelgen.DensityFunctions$RangeChoice$$Lambda$4120/0x0000000800b68e38 (minecraft@1.20.1)
8449:             1             16  net.minecraft.world.level.levelgen.DensityFunctions$RangeChoice$$Lambda$4121/0x0000000800b69078 (minecraft@1.20.1)
8450:             1             16  net.minecraft.world.level.levelgen.DensityFunctions$RangeChoice$$Lambda$4122/0x0000000800b692b8 (minecraft@1.20.1)
8451:             1             16  net.minecraft.world.level.levelgen.DensityFunctions$RangeChoice$$Lambda$4123/0x0000000800b694f8 (minecraft@1.20.1)
8452:             1             16  net.minecraft.world.level.levelgen.DensityFunctions$RangeChoice$$Lambda$4124/0x0000000800b69738 (minecraft@1.20.1)
8453:             1             16  net.minecraft.world.level.levelgen.DensityFunctions$RangeChoice$$Lambda$4125/0x0000000800b69978 (minecraft@1.20.1)
8454:             1             16  net.minecraft.world.level.levelgen.DensityFunctions$Shift$$Lambda$4130/0x0000000800b6b068 (minecraft@1.20.1)
8455:             1             16  net.minecraft.world.level.levelgen.DensityFunctions$Shift$$Lambda$4131/0x0000000800b6b2a8 (minecraft@1.20.1)
8456:             1             16  net.minecraft.world.level.levelgen.DensityFunctions$ShiftA$$Lambda$4126/0x0000000800b6a108 (minecraft@1.20.1)
8457:             1             16  net.minecraft.world.level.levelgen.DensityFunctions$ShiftA$$Lambda$4127/0x0000000800b6a348 (minecraft@1.20.1)
8458:             1             16  net.minecraft.world.level.levelgen.DensityFunctions$ShiftB$$Lambda$4128/0x0000000800b6a8b8 (minecraft@1.20.1)
8459:             1             16  net.minecraft.world.level.levelgen.DensityFunctions$ShiftB$$Lambda$4129/0x0000000800b6aaf8 (minecraft@1.20.1)
8460:             1             16  net.minecraft.world.level.levelgen.DensityFunctions$ShiftedNoise$$Lambda$4111/0x0000000800b65508 (minecraft@1.20.1)
8461:             1             16  net.minecraft.world.level.levelgen.DensityFunctions$ShiftedNoise$$Lambda$4112/0x0000000800b65748 (minecraft@1.20.1)
8462:             1             16  net.minecraft.world.level.levelgen.DensityFunctions$ShiftedNoise$$Lambda$4113/0x0000000800b65988 (minecraft@1.20.1)
8463:             1             16  net.minecraft.world.level.levelgen.DensityFunctions$ShiftedNoise$$Lambda$4114/0x0000000800b65bc8 (minecraft@1.20.1)
8464:             1             16  net.minecraft.world.level.levelgen.DensityFunctions$ShiftedNoise$$Lambda$4115/0x0000000800b68000 (minecraft@1.20.1)
8465:             1             16  net.minecraft.world.level.levelgen.DensityFunctions$ShiftedNoise$$Lambda$4116/0x0000000800b68240 (minecraft@1.20.1)
8466:             1             16  net.minecraft.world.level.levelgen.DensityFunctions$ShiftedNoise$$Lambda$4117/0x0000000800b68480 (minecraft@1.20.1)
8467:             1             16  net.minecraft.world.level.levelgen.DensityFunctions$ShiftedNoise$$Lambda$4118/0x0000000800b686c0 (minecraft@1.20.1)
8468:             1             16  net.minecraft.world.level.levelgen.DensityFunctions$Spline$$Lambda$4160/0x0000000800b76d88 (minecraft@1.20.1)
8469:             1             16  net.minecraft.world.level.levelgen.DensityFunctions$Spline$$Lambda$4161/0x0000000800b76fc8 (minecraft@1.20.1)
8470:             1             16  net.minecraft.world.level.levelgen.DensityFunctions$Spline$Coordinate$$Lambda$4146/0x0000000800b74790 (minecraft@1.20.1)
8471:             1             16  net.minecraft.world.level.levelgen.DensityFunctions$Spline$Coordinate$$Lambda$4147/0x0000000800b749d0 (minecraft@1.20.1)
8472:             1             16  net.minecraft.world.level.levelgen.DensityFunctions$TwoArgumentSimpleFunction$Type$$Lambda$4142/0x0000000800b6d000 (minecraft@1.20.1)
8473:             1             16  net.minecraft.world.level.levelgen.DensityFunctions$TwoArgumentSimpleFunction$Type$$Lambda$4143/0x0000000800b6d240 (minecraft@1.20.1)
8474:             1             16  net.minecraft.world.level.levelgen.DensityFunctions$WeirdScaledSampler$$Lambda$4103/0x0000000800b66320 (minecraft@1.20.1)
8475:             1             16  net.minecraft.world.level.levelgen.DensityFunctions$WeirdScaledSampler$$Lambda$4104/0x0000000800b66560 (minecraft@1.20.1)
8476:             1             16  net.minecraft.world.level.levelgen.DensityFunctions$WeirdScaledSampler$$Lambda$4105/0x0000000800b667a0 (minecraft@1.20.1)
8477:             1             16  net.minecraft.world.level.levelgen.DensityFunctions$WeirdScaledSampler$$Lambda$4109/0x0000000800b67cb8 (minecraft@1.20.1)
8478:             1             16  net.minecraft.world.level.levelgen.DensityFunctions$WeirdScaledSampler$$Lambda$4110/0x0000000800b65000 (minecraft@1.20.1)
8479:             1             16  net.minecraft.world.level.levelgen.DensityFunctions$WeirdScaledSampler$RarityValueMapper$$Lambda$4106/0x0000000800b66e50 (minecraft@1.20.1)
8480:             1             16  net.minecraft.world.level.levelgen.DensityFunctions$WeirdScaledSampler$RarityValueMapper$$Lambda$4107/0x0000000800b67378 (minecraft@1.20.1)
8481:             1             16  net.minecraft.world.level.levelgen.DensityFunctions$WeirdScaledSampler$RarityValueMapper$$Lambda$4108/0x0000000800b67a98 (minecraft@1.20.1)
8482:             1             16  net.minecraft.world.level.levelgen.DensityFunctions$YClampedGradient$$Lambda$4164/0x0000000800b77c90 (minecraft@1.20.1)
8483:             1             16  net.minecraft.world.level.levelgen.DensityFunctions$YClampedGradient$$Lambda$4165/0x0000000800b72000 (minecraft@1.20.1)
8484:             1             16  net.minecraft.world.level.levelgen.DensityFunctions$YClampedGradient$$Lambda$4166/0x0000000800b72240 (minecraft@1.20.1)
8485:             1             16  net.minecraft.world.level.levelgen.DensityFunctions$YClampedGradient$$Lambda$4167/0x0000000800b72480 (minecraft@1.20.1)
8486:             1             16  net.minecraft.world.level.levelgen.DensityFunctions$YClampedGradient$$Lambda$4168/0x0000000800b726c0 (minecraft@1.20.1)
8487:             1             16  net.minecraft.world.level.levelgen.DensityFunctions$YClampedGradient$$Lambda$4169/0x0000000800b72900 (minecraft@1.20.1)
8488:             1             16  net.minecraft.world.level.levelgen.FlatLevelSource$$Lambda$4028/0x0000000800b519c8 (minecraft@1.20.1)
8489:             1             16  net.minecraft.world.level.levelgen.FlatLevelSource$$Lambda$4042/0x0000000800b56240 (minecraft@1.20.1)
8490:             1             16  net.minecraft.world.level.levelgen.FlatLevelSource$$Lambda$4043/0x0000000800b56480 (minecraft@1.20.1)
8491:             1             16  net.minecraft.world.level.levelgen.GenerationStep$Carving$$Lambda$3678/0x0000000800b0e578 (minecraft@1.20.1)
8492:             1             16  net.minecraft.world.level.levelgen.GenerationStep$Decoration$$Lambda$3567/0x0000000800af1a90 (minecraft@1.20.1)
8493:             1             16  net.minecraft.world.level.levelgen.GeodeBlockSettings$$Lambda$3376/0x0000000800ac1cd0 (minecraft@1.20.1)
8494:             1             16  net.minecraft.world.level.levelgen.GeodeBlockSettings$$Lambda$3377/0x0000000800ac1f10 (minecraft@1.20.1)
8495:             1             16  net.minecraft.world.level.levelgen.GeodeBlockSettings$$Lambda$3378/0x0000000800ac2150 (minecraft@1.20.1)
8496:             1             16  net.minecraft.world.level.levelgen.GeodeBlockSettings$$Lambda$3379/0x0000000800ac2390 (minecraft@1.20.1)
8497:             1             16  net.minecraft.world.level.levelgen.GeodeBlockSettings$$Lambda$3380/0x0000000800ac25d0 (minecraft@1.20.1)
8498:             1             16  net.minecraft.world.level.levelgen.GeodeBlockSettings$$Lambda$3381/0x0000000800ac2810 (minecraft@1.20.1)
8499:             1             16  net.minecraft.world.level.levelgen.GeodeBlockSettings$$Lambda$3382/0x0000000800ac2a50 (minecraft@1.20.1)
8500:             1             16  net.minecraft.world.level.levelgen.GeodeBlockSettings$$Lambda$3383/0x0000000800ac2c90 (minecraft@1.20.1)
8501:             1             16  net.minecraft.world.level.levelgen.GeodeBlockSettings$$Lambda$3384/0x0000000800ac2ed0 (minecraft@1.20.1)
8502:             1             16  net.minecraft.world.level.levelgen.GeodeBlockSettings$$Lambda$3385/0x0000000800ac3110 (minecraft@1.20.1)
8503:             1             16  net.minecraft.world.level.levelgen.GeodeCrackSettings$$Lambda$3394/0x0000000800ac49c0 (minecraft@1.20.1)
8504:             1             16  net.minecraft.world.level.levelgen.GeodeCrackSettings$$Lambda$3395/0x0000000800ac4c00 (minecraft@1.20.1)
8505:             1             16  net.minecraft.world.level.levelgen.GeodeCrackSettings$$Lambda$3396/0x0000000800ac4e40 (minecraft@1.20.1)
8506:             1             16  net.minecraft.world.level.levelgen.GeodeCrackSettings$$Lambda$3397/0x0000000800ac5080 (minecraft@1.20.1)
8507:             1             16  net.minecraft.world.level.levelgen.GeodeCrackSettings$$Lambda$3398/0x0000000800ac52c0 (minecraft@1.20.1)
8508:             1             16  net.minecraft.world.level.levelgen.GeodeLayerSettings$$Lambda$3387/0x0000000800ac37e8 (minecraft@1.20.1)
8509:             1             16  net.minecraft.world.level.levelgen.GeodeLayerSettings$$Lambda$3388/0x0000000800ac3a28 (minecraft@1.20.1)
8510:             1             16  net.minecraft.world.level.levelgen.GeodeLayerSettings$$Lambda$3389/0x0000000800ac3c68 (minecraft@1.20.1)
8511:             1             16  net.minecraft.world.level.levelgen.GeodeLayerSettings$$Lambda$3390/0x0000000800ac3ea8 (minecraft@1.20.1)
8512:             1             16  net.minecraft.world.level.levelgen.GeodeLayerSettings$$Lambda$3391/0x0000000800ac40e8 (minecraft@1.20.1)
8513:             1             16  net.minecraft.world.level.levelgen.GeodeLayerSettings$$Lambda$3392/0x0000000800ac4328 (minecraft@1.20.1)
8514:             1             16  net.minecraft.world.level.levelgen.Heightmap$$Lambda$2718/0x0000000800a05d70 (minecraft@1.20.1)
8515:             1             16  net.minecraft.world.level.levelgen.Heightmap$$Lambda$2719/0x0000000800a05fc0 (minecraft@1.20.1)
8516:             1             16  net.minecraft.world.level.levelgen.Heightmap$Types$$Lambda$2720/0x0000000800a06210 (minecraft@1.20.1)
8517:             1             16  net.minecraft.world.level.levelgen.Heightmap$Types$$Lambda$2721/0x0000000800a06460 (minecraft@1.20.1)
8518:             1             16  net.minecraft.world.level.levelgen.Heightmap$Types$$Lambda$2722/0x0000000800a068a8 (minecraft@1.20.1)
8519:             1             16  net.minecraft.world.level.levelgen.NoiseBasedChunkGenerator$$Lambda$3980/0x0000000800b494c8 (minecraft@1.20.1)
8520:             1             16  net.minecraft.world.level.levelgen.NoiseBasedChunkGenerator$$Lambda$3981/0x0000000800b49708 (minecraft@1.20.1)
8521:             1             16  net.minecraft.world.level.levelgen.NoiseBasedChunkGenerator$$Lambda$4026/0x0000000800b51280 (minecraft@1.20.1)
8522:             1             16  net.minecraft.world.level.levelgen.NoiseBasedChunkGenerator$$Lambda$4027/0x0000000800b514c0 (minecraft@1.20.1)
8523:             1             16  net.minecraft.world.level.levelgen.NoiseGeneratorSettings$$Lambda$3982/0x0000000800b49b58 (minecraft@1.20.1)
8524:             1             16  net.minecraft.world.level.levelgen.NoiseGeneratorSettings$$Lambda$3991/0x0000000800b4b1a0 (minecraft@1.20.1)
8525:             1             16  net.minecraft.world.level.levelgen.NoiseGeneratorSettings$$Lambda$3992/0x0000000800b4b3e0 (minecraft@1.20.1)
8526:             1             16  net.minecraft.world.level.levelgen.NoiseGeneratorSettings$$Lambda$3993/0x0000000800b4b620 (minecraft@1.20.1)
8527:             1             16  net.minecraft.world.level.levelgen.NoiseGeneratorSettings$$Lambda$4016/0x0000000800b4dd80 (minecraft@1.20.1)
8528:             1             16  net.minecraft.world.level.levelgen.NoiseGeneratorSettings$$Lambda$4018/0x0000000800b50000 (minecraft@1.20.1)
8529:             1             16  net.minecraft.world.level.levelgen.NoiseGeneratorSettings$$Lambda$4019/0x0000000800b50240 (minecraft@1.20.1)
8530:             1             16  net.minecraft.world.level.levelgen.NoiseGeneratorSettings$$Lambda$4020/0x0000000800b50480 (minecraft@1.20.1)
8531:             1             16  net.minecraft.world.level.levelgen.NoiseGeneratorSettings$$Lambda$4021/0x0000000800b506c0 (minecraft@1.20.1)
8532:             1             16  net.minecraft.world.level.levelgen.NoiseGeneratorSettings$$Lambda$4022/0x0000000800b50900 (minecraft@1.20.1)
8533:             1             16  net.minecraft.world.level.levelgen.NoiseGeneratorSettings$$Lambda$4023/0x0000000800b50b40 (minecraft@1.20.1)
8534:             1             16  net.minecraft.world.level.levelgen.NoiseGeneratorSettings$$Lambda$4024/0x0000000800b50d80 (minecraft@1.20.1)
8535:             1             16  net.minecraft.world.level.levelgen.NoiseGeneratorSettings$$Lambda$4025/0x0000000800b50fc0 (minecraft@1.20.1)
8536:             1             16  net.minecraft.world.level.levelgen.NoiseRouter$$Lambda$3994/0x0000000800b4ba70 (minecraft@1.20.1)
8537:             1             16  net.minecraft.world.level.levelgen.NoiseRouter$$Lambda$3995/0x0000000800b4bcb0 (minecraft@1.20.1)
8538:             1             16  net.minecraft.world.level.levelgen.NoiseRouter$$Lambda$4001/0x0000000800b4ee00 (minecraft@1.20.1)
8539:             1             16  net.minecraft.world.level.levelgen.NoiseRouter$$Lambda$4002/0x0000000800b4f040 (minecraft@1.20.1)
8540:             1             16  net.minecraft.world.level.levelgen.NoiseRouter$$Lambda$4003/0x0000000800b4f280 (minecraft@1.20.1)
8541:             1             16  net.minecraft.world.level.levelgen.NoiseRouter$$Lambda$4004/0x0000000800b4f4c0 (minecraft@1.20.1)
8542:             1             16  net.minecraft.world.level.levelgen.NoiseRouter$$Lambda$4005/0x0000000800b4f700 (minecraft@1.20.1)
8543:             1             16  net.minecraft.world.level.levelgen.NoiseRouter$$Lambda$4006/0x0000000800b4f940 (minecraft@1.20.1)
8544:             1             16  net.minecraft.world.level.levelgen.NoiseRouter$$Lambda$4007/0x0000000800b4fb80 (minecraft@1.20.1)
8545:             1             16  net.minecraft.world.level.levelgen.NoiseRouter$$Lambda$4008/0x0000000800b4fdc0 (minecraft@1.20.1)
8546:             1             16  net.minecraft.world.level.levelgen.NoiseRouter$$Lambda$4009/0x0000000800b4d000 (minecraft@1.20.1)
8547:             1             16  net.minecraft.world.level.levelgen.NoiseRouter$$Lambda$4010/0x0000000800b4d240 (minecraft@1.20.1)
8548:             1             16  net.minecraft.world.level.levelgen.NoiseRouter$$Lambda$4011/0x0000000800b4d480 (minecraft@1.20.1)
8549:             1             16  net.minecraft.world.level.levelgen.NoiseRouter$$Lambda$4012/0x0000000800b4d6c0 (minecraft@1.20.1)
8550:             1             16  net.minecraft.world.level.levelgen.NoiseRouter$$Lambda$4013/0x0000000800b4d900 (minecraft@1.20.1)
8551:             1             16  net.minecraft.world.level.levelgen.NoiseRouter$$Lambda$4014/0x0000000800b4db40 (minecraft@1.20.1)
8552:             1             16  net.minecraft.world.level.levelgen.NoiseRouter$$Lambda$4015/0x0000000800b4c800 (minecraft@1.20.1)
8553:             1             16  net.minecraft.world.level.levelgen.NoiseSettings$$Lambda$3983/0x0000000800b49fa0 (minecraft@1.20.1)
8554:             1             16  net.minecraft.world.level.levelgen.NoiseSettings$$Lambda$3984/0x0000000800b4a1e0 (minecraft@1.20.1)
8555:             1             16  net.minecraft.world.level.levelgen.NoiseSettings$$Lambda$3985/0x0000000800b4a420 (minecraft@1.20.1)
8556:             1             16  net.minecraft.world.level.levelgen.NoiseSettings$$Lambda$3986/0x0000000800b4a660 (minecraft@1.20.1)
8557:             1             16  net.minecraft.world.level.levelgen.NoiseSettings$$Lambda$3987/0x0000000800b4a8a0 (minecraft@1.20.1)
8558:             1             16  net.minecraft.world.level.levelgen.NoiseSettings$$Lambda$3988/0x0000000800b4aae0 (minecraft@1.20.1)
8559:             1             16  net.minecraft.world.level.levelgen.NoiseSettings$$Lambda$3989/0x0000000800b4ad30 (minecraft@1.20.1)
8560:             1             16  net.minecraft.world.level.levelgen.NoiseSettings$$Lambda$3990/0x0000000800b4af70 (minecraft@1.20.1)
8561:             1             16  net.minecraft.world.level.levelgen.RandomSupport$$Lambda$1237/0x000000080059e158 (minecraft@1.20.1)
8562:             1             16  net.minecraft.world.level.levelgen.SurfaceRules$BiomeConditionSource$$Lambda$4048/0x0000000800b576f8 (minecraft@1.20.1)
8563:             1             16  net.minecraft.world.level.levelgen.SurfaceRules$BiomeConditionSource$$Lambda$4049/0x0000000800b57938 (minecraft@1.20.1)
8564:             1             16  net.minecraft.world.level.levelgen.SurfaceRules$BlockRuleSource$$Lambda$4079/0x0000000800b5f428 (minecraft@1.20.1)
8565:             1             16  net.minecraft.world.level.levelgen.SurfaceRules$BlockRuleSource$$Lambda$4080/0x0000000800b5f668 (minecraft@1.20.1)
8566:             1             16  net.minecraft.world.level.levelgen.SurfaceRules$ConditionSource$$Lambda$4047/0x0000000800b57050 (minecraft@1.20.1)
8567:             1             16  net.minecraft.world.level.levelgen.SurfaceRules$NoiseThresholdConditionSource$$Lambda$4056/0x0000000800b54800 (minecraft@1.20.1)
8568:             1             16  net.minecraft.world.level.levelgen.SurfaceRules$NoiseThresholdConditionSource$$Lambda$4057/0x0000000800b54a40 (minecraft@1.20.1)
8569:             1             16  net.minecraft.world.level.levelgen.SurfaceRules$NoiseThresholdConditionSource$$Lambda$4058/0x0000000800b54c80 (minecraft@1.20.1)
8570:             1             16  net.minecraft.world.level.levelgen.SurfaceRules$NoiseThresholdConditionSource$$Lambda$4059/0x0000000800b58000 (minecraft@1.20.1)
8571:             1             16  net.minecraft.world.level.levelgen.SurfaceRules$NoiseThresholdConditionSource$$Lambda$4060/0x0000000800b58240 (minecraft@1.20.1)
8572:             1             16  net.minecraft.world.level.levelgen.SurfaceRules$NotConditionSource$$Lambda$4077/0x0000000800b5bb00 (minecraft@1.20.1)
8573:             1             16  net.minecraft.world.level.levelgen.SurfaceRules$NotConditionSource$$Lambda$4078/0x0000000800b5bd40 (minecraft@1.20.1)
8574:             1             16  net.minecraft.world.level.levelgen.SurfaceRules$RuleSource$$Lambda$4017/0x0000000800b4cd08 (minecraft@1.20.1)
8575:             1             16  net.minecraft.world.level.levelgen.SurfaceRules$SequenceRuleSource$$Lambda$4081/0x0000000800b5fb10 (minecraft@1.20.1)
8576:             1             16  net.minecraft.world.level.levelgen.SurfaceRules$SequenceRuleSource$$Lambda$4082/0x0000000800b5fd50 (minecraft@1.20.1)
8577:             1             16  net.minecraft.world.level.levelgen.SurfaceRules$StoneDepthCheck$$Lambda$4050/0x0000000800b55000 (minecraft@1.20.1)
8578:             1             16  net.minecraft.world.level.levelgen.SurfaceRules$StoneDepthCheck$$Lambda$4051/0x0000000800b55240 (minecraft@1.20.1)
8579:             1             16  net.minecraft.world.level.levelgen.SurfaceRules$StoneDepthCheck$$Lambda$4052/0x0000000800b55480 (minecraft@1.20.1)
8580:             1             16  net.minecraft.world.level.levelgen.SurfaceRules$StoneDepthCheck$$Lambda$4053/0x0000000800b556c0 (minecraft@1.20.1)
8581:             1             16  net.minecraft.world.level.levelgen.SurfaceRules$StoneDepthCheck$$Lambda$4054/0x0000000800b55900 (minecraft@1.20.1)
8582:             1             16  net.minecraft.world.level.levelgen.SurfaceRules$StoneDepthCheck$$Lambda$4055/0x0000000800b55b40 (minecraft@1.20.1)
8583:             1             16  net.minecraft.world.level.levelgen.SurfaceRules$TestRuleSource$$Lambda$4083/0x0000000800b5d268 (minecraft@1.20.1)
8584:             1             16  net.minecraft.world.level.levelgen.SurfaceRules$TestRuleSource$$Lambda$4084/0x0000000800b5d4a8 (minecraft@1.20.1)
8585:             1             16  net.minecraft.world.level.levelgen.SurfaceRules$TestRuleSource$$Lambda$4085/0x0000000800b5d6e8 (minecraft@1.20.1)
8586:             1             16  net.minecraft.world.level.levelgen.SurfaceRules$TestRuleSource$$Lambda$4086/0x0000000800b5d928 (minecraft@1.20.1)
8587:             1             16  net.minecraft.world.level.levelgen.SurfaceRules$VerticalGradientConditionSource$$Lambda$4061/0x0000000800b586e8 (minecraft@1.20.1)
8588:             1             16  net.minecraft.world.level.levelgen.SurfaceRules$VerticalGradientConditionSource$$Lambda$4062/0x0000000800b58928 (minecraft@1.20.1)
8589:             1             16  net.minecraft.world.level.levelgen.SurfaceRules$VerticalGradientConditionSource$$Lambda$4063/0x0000000800b58b68 (minecraft@1.20.1)
8590:             1             16  net.minecraft.world.level.levelgen.SurfaceRules$VerticalGradientConditionSource$$Lambda$4064/0x0000000800b58da8 (minecraft@1.20.1)
8591:             1             16  net.minecraft.world.level.levelgen.SurfaceRules$VerticalGradientConditionSource$$Lambda$4065/0x0000000800b58fe8 (minecraft@1.20.1)
8592:             1             16  net.minecraft.world.level.levelgen.SurfaceRules$WaterConditionSource$$Lambda$4071/0x0000000800b5a230 (minecraft@1.20.1)
8593:             1             16  net.minecraft.world.level.levelgen.SurfaceRules$WaterConditionSource$$Lambda$4072/0x0000000800b5a470 (minecraft@1.20.1)
8594:             1             16  net.minecraft.world.level.levelgen.SurfaceRules$WaterConditionSource$$Lambda$4073/0x0000000800b5a6b0 (minecraft@1.20.1)
8595:             1             16  net.minecraft.world.level.levelgen.SurfaceRules$WaterConditionSource$$Lambda$4074/0x0000000800b5a8f0 (minecraft@1.20.1)
8596:             1             16  net.minecraft.world.level.levelgen.SurfaceRules$WaterConditionSource$$Lambda$4075/0x0000000800b5ab30 (minecraft@1.20.1)
8597:             1             16  net.minecraft.world.level.levelgen.SurfaceRules$YConditionSource$$Lambda$4066/0x0000000800b59490 (minecraft@1.20.1)
8598:             1             16  net.minecraft.world.level.levelgen.SurfaceRules$YConditionSource$$Lambda$4067/0x0000000800b596d0 (minecraft@1.20.1)
8599:             1             16  net.minecraft.world.level.levelgen.SurfaceRules$YConditionSource$$Lambda$4068/0x0000000800b59910 (minecraft@1.20.1)
8600:             1             16  net.minecraft.world.level.levelgen.SurfaceRules$YConditionSource$$Lambda$4069/0x0000000800b59b50 (minecraft@1.20.1)
8601:             1             16  net.minecraft.world.level.levelgen.SurfaceRules$YConditionSource$$Lambda$4070/0x0000000800b59d90 (minecraft@1.20.1)
8602:             1             16  net.minecraft.world.level.levelgen.VerticalAnchor$$Lambda$2987/0x0000000800a65bd8 (minecraft@1.20.1)
8603:             1             16  net.minecraft.world.level.levelgen.VerticalAnchor$$Lambda$2988/0x0000000800a64800 (minecraft@1.20.1)
8604:             1             16  net.minecraft.world.level.levelgen.VerticalAnchor$AboveBottom$$Lambda$2983/0x0000000800a67a30 (minecraft@1.20.1)
8605:             1             16  net.minecraft.world.level.levelgen.VerticalAnchor$AboveBottom$$Lambda$2984/0x0000000800a67c70 (minecraft@1.20.1)
8606:             1             16  net.minecraft.world.level.levelgen.VerticalAnchor$Absolute$$Lambda$2981/0x0000000800a675b0 (minecraft@1.20.1)
8607:             1             16  net.minecraft.world.level.levelgen.VerticalAnchor$Absolute$$Lambda$2982/0x0000000800a677f0 (minecraft@1.20.1)
8608:             1             16  net.minecraft.world.level.levelgen.VerticalAnchor$BelowTop$$Lambda$2985/0x0000000800a65220 (minecraft@1.20.1)
8609:             1             16  net.minecraft.world.level.levelgen.VerticalAnchor$BelowTop$$Lambda$2986/0x0000000800a65460 (minecraft@1.20.1)
8610:             1             16  net.minecraft.world.level.levelgen.blockpredicates.AllOfPredicate$$Lambda$3062/0x0000000800a76eb0 (minecraft@1.20.1)
8611:             1             16  net.minecraft.world.level.levelgen.blockpredicates.AnyOfPredicate$$Lambda$3056/0x0000000800a75860 (minecraft@1.20.1)
8612:             1             16  net.minecraft.world.level.levelgen.blockpredicates.BlockPredicate$$Lambda$3058/0x0000000800a75ce8 (minecraft@1.20.1)
8613:             1             16  net.minecraft.world.level.levelgen.blockpredicates.BlockPredicate$$Lambda$3059/0x0000000800a75f28 (minecraft@1.20.1)
8614:             1             16  net.minecraft.world.level.levelgen.blockpredicates.BlockPredicate$$Lambda$3060/0x0000000800a76168 (minecraft@1.20.1)
8615:             1             16  net.minecraft.world.level.levelgen.blockpredicates.CombiningPredicate$$Lambda$3061/0x0000000800a769e0 (minecraft@1.20.1)
8616:             1             16  net.minecraft.world.level.levelgen.blockpredicates.HasSturdyFacePredicate$$Lambda$3041/0x0000000800a72768 (minecraft@1.20.1)
8617:             1             16  net.minecraft.world.level.levelgen.blockpredicates.HasSturdyFacePredicate$$Lambda$3042/0x0000000800a729a8 (minecraft@1.20.1)
8618:             1             16  net.minecraft.world.level.levelgen.blockpredicates.HasSturdyFacePredicate$$Lambda$3043/0x0000000800a72be8 (minecraft@1.20.1)
8619:             1             16  net.minecraft.world.level.levelgen.blockpredicates.HasSturdyFacePredicate$$Lambda$3044/0x0000000800a72e28 (minecraft@1.20.1)
8620:             1             16  net.minecraft.world.level.levelgen.blockpredicates.InsideWorldBoundsPredicate$$Lambda$3053/0x0000000800a74c88 (minecraft@1.20.1)
8621:             1             16  net.minecraft.world.level.levelgen.blockpredicates.InsideWorldBoundsPredicate$$Lambda$3054/0x0000000800a74ec8 (minecraft@1.20.1)
8622:             1             16  net.minecraft.world.level.levelgen.blockpredicates.InsideWorldBoundsPredicate$$Lambda$3055/0x0000000800a75108 (minecraft@1.20.1)
8623:             1             16  net.minecraft.world.level.levelgen.blockpredicates.MatchingBlockTagPredicate$$Lambda$3035/0x0000000800a714e8 (minecraft@1.20.1)
8624:             1             16  net.minecraft.world.level.levelgen.blockpredicates.MatchingBlockTagPredicate$$Lambda$3036/0x0000000800a71728 (minecraft@1.20.1)
8625:             1             16  net.minecraft.world.level.levelgen.blockpredicates.MatchingBlockTagPredicate$$Lambda$3037/0x0000000800a71968 (minecraft@1.20.1)
8626:             1             16  net.minecraft.world.level.levelgen.blockpredicates.MatchingBlocksPredicate$$Lambda$3021/0x0000000800a6d518 (minecraft@1.20.1)
8627:             1             16  net.minecraft.world.level.levelgen.blockpredicates.MatchingBlocksPredicate$$Lambda$3032/0x0000000800a70bc0 (minecraft@1.20.1)
8628:             1             16  net.minecraft.world.level.levelgen.blockpredicates.MatchingBlocksPredicate$$Lambda$3033/0x0000000800a70e00 (minecraft@1.20.1)
8629:             1             16  net.minecraft.world.level.levelgen.blockpredicates.MatchingFluidsPredicate$$Lambda$3038/0x0000000800a71e28 (minecraft@1.20.1)
8630:             1             16  net.minecraft.world.level.levelgen.blockpredicates.MatchingFluidsPredicate$$Lambda$3039/0x0000000800a72068 (minecraft@1.20.1)
8631:             1             16  net.minecraft.world.level.levelgen.blockpredicates.MatchingFluidsPredicate$$Lambda$3040/0x0000000800a722a8 (minecraft@1.20.1)
8632:             1             16  net.minecraft.world.level.levelgen.blockpredicates.NotPredicate$$Lambda$3063/0x0000000800a77380 (minecraft@1.20.1)
8633:             1             16  net.minecraft.world.level.levelgen.blockpredicates.NotPredicate$$Lambda$3064/0x0000000800a775c0 (minecraft@1.20.1)
8634:             1             16  net.minecraft.world.level.levelgen.blockpredicates.NotPredicate$$Lambda$3065/0x0000000800a77800 (minecraft@1.20.1)
8635:             1             16  net.minecraft.world.level.levelgen.blockpredicates.ReplaceablePredicate$$Lambda$3047/0x0000000800a739f8 (minecraft@1.20.1)
8636:             1             16  net.minecraft.world.level.levelgen.blockpredicates.ReplaceablePredicate$$Lambda$3048/0x0000000800a73c38 (minecraft@1.20.1)
8637:             1             16  net.minecraft.world.level.levelgen.blockpredicates.SolidPredicate$$Lambda$3045/0x0000000800a732e8 (minecraft@1.20.1)
8638:             1             16  net.minecraft.world.level.levelgen.blockpredicates.SolidPredicate$$Lambda$3046/0x0000000800a73528 (minecraft@1.20.1)
8639:             1             16  net.minecraft.world.level.levelgen.blockpredicates.StateTestingPredicate$$Lambda$3023/0x0000000800a6d998 (minecraft@1.20.1)
8640:             1             16  net.minecraft.world.level.levelgen.blockpredicates.TrueBlockPredicate (minecraft@1.20.1)
8641:             1             16  net.minecraft.world.level.levelgen.blockpredicates.TrueBlockPredicate$$Lambda$3066/0x0000000800a77cc8 (minecraft@1.20.1)
8642:             1             16  net.minecraft.world.level.levelgen.blockpredicates.WouldSurvivePredicate$$Lambda$3049/0x0000000800a74108 (minecraft@1.20.1)
8643:             1             16  net.minecraft.world.level.levelgen.blockpredicates.WouldSurvivePredicate$$Lambda$3050/0x0000000800a74348 (minecraft@1.20.1)
8644:             1             16  net.minecraft.world.level.levelgen.blockpredicates.WouldSurvivePredicate$$Lambda$3051/0x0000000800a74588 (minecraft@1.20.1)
8645:             1             16  net.minecraft.world.level.levelgen.blockpredicates.WouldSurvivePredicate$$Lambda$3052/0x0000000800a747c8 (minecraft@1.20.1)
8646:             1             16  net.minecraft.world.level.levelgen.carver.CanyonCarverConfiguration$$Lambda$3096/0x0000000800a7fd48 (minecraft@1.20.1)
8647:             1             16  net.minecraft.world.level.levelgen.carver.CanyonCarverConfiguration$$Lambda$3097/0x0000000800a84000 (minecraft@1.20.1)
8648:             1             16  net.minecraft.world.level.levelgen.carver.CanyonCarverConfiguration$$Lambda$3098/0x0000000800a84240 (minecraft@1.20.1)
8649:             1             16  net.minecraft.world.level.levelgen.carver.CanyonCarverConfiguration$$Lambda$3107/0x0000000800a858c0 (minecraft@1.20.1)
8650:             1             16  net.minecraft.world.level.levelgen.carver.CanyonCarverConfiguration$$Lambda$3108/0x0000000800a85b00 (minecraft@1.20.1)
8651:             1             16  net.minecraft.world.level.levelgen.carver.CanyonCarverConfiguration$CanyonShapeConfiguration$$Lambda$3099/0x0000000800a84690 (minecraft@1.20.1)
8652:             1             16  net.minecraft.world.level.levelgen.carver.CanyonCarverConfiguration$CanyonShapeConfiguration$$Lambda$3100/0x0000000800a848d0 (minecraft@1.20.1)
8653:             1             16  net.minecraft.world.level.levelgen.carver.CanyonCarverConfiguration$CanyonShapeConfiguration$$Lambda$3101/0x0000000800a84b10 (minecraft@1.20.1)
8654:             1             16  net.minecraft.world.level.levelgen.carver.CanyonCarverConfiguration$CanyonShapeConfiguration$$Lambda$3102/0x0000000800a84d50 (minecraft@1.20.1)
8655:             1             16  net.minecraft.world.level.levelgen.carver.CanyonCarverConfiguration$CanyonShapeConfiguration$$Lambda$3103/0x0000000800a84f90 (minecraft@1.20.1)
8656:             1             16  net.minecraft.world.level.levelgen.carver.CanyonCarverConfiguration$CanyonShapeConfiguration$$Lambda$3104/0x0000000800a851d0 (minecraft@1.20.1)
8657:             1             16  net.minecraft.world.level.levelgen.carver.CanyonCarverConfiguration$CanyonShapeConfiguration$$Lambda$3105/0x0000000800a85410 (minecraft@1.20.1)
8658:             1             16  net.minecraft.world.level.levelgen.carver.CanyonCarverConfiguration$CanyonShapeConfiguration$$Lambda$3106/0x0000000800a85650 (minecraft@1.20.1)
8659:             1             16  net.minecraft.world.level.levelgen.carver.CarverConfiguration$$Lambda$3071/0x0000000800a79f58 (minecraft@1.20.1)
8660:             1             16  net.minecraft.world.level.levelgen.carver.CarverConfiguration$$Lambda$3072/0x0000000800a7a198 (minecraft@1.20.1)
8661:             1             16  net.minecraft.world.level.levelgen.carver.CarverConfiguration$$Lambda$3073/0x0000000800a7a3d8 (minecraft@1.20.1)
8662:             1             16  net.minecraft.world.level.levelgen.carver.CarverConfiguration$$Lambda$3074/0x0000000800a7a618 (minecraft@1.20.1)
8663:             1             16  net.minecraft.world.level.levelgen.carver.CarverConfiguration$$Lambda$3075/0x0000000800a7a858 (minecraft@1.20.1)
8664:             1             16  net.minecraft.world.level.levelgen.carver.CarverConfiguration$$Lambda$3083/0x0000000800a7bcb0 (minecraft@1.20.1)
8665:             1             16  net.minecraft.world.level.levelgen.carver.CarverConfiguration$$Lambda$3084/0x0000000800a7e000 (minecraft@1.20.1)
8666:             1             16  net.minecraft.world.level.levelgen.carver.CarverConfiguration$$Lambda$3085/0x0000000800a7e240 (minecraft@1.20.1)
8667:             1             16  net.minecraft.world.level.levelgen.carver.CarverDebugSettings$$Lambda$3076/0x0000000800a7acd0 (minecraft@1.20.1)
8668:             1             16  net.minecraft.world.level.levelgen.carver.CarverDebugSettings$$Lambda$3077/0x0000000800a7af10 (minecraft@1.20.1)
8669:             1             16  net.minecraft.world.level.levelgen.carver.CarverDebugSettings$$Lambda$3078/0x0000000800a7b150 (minecraft@1.20.1)
8670:             1             16  net.minecraft.world.level.levelgen.carver.CarverDebugSettings$$Lambda$3079/0x0000000800a7b390 (minecraft@1.20.1)
8671:             1             16  net.minecraft.world.level.levelgen.carver.CarverDebugSettings$$Lambda$3080/0x0000000800a7b5d0 (minecraft@1.20.1)
8672:             1             16  net.minecraft.world.level.levelgen.carver.CarverDebugSettings$$Lambda$3081/0x0000000800a7b810 (minecraft@1.20.1)
8673:             1             16  net.minecraft.world.level.levelgen.carver.CarverDebugSettings$$Lambda$3082/0x0000000800a7ba50 (minecraft@1.20.1)
8674:             1             16  net.minecraft.world.level.levelgen.carver.CaveCarverConfiguration$$Lambda$3087/0x0000000800a7e4b0 (minecraft@1.20.1)
8675:             1             16  net.minecraft.world.level.levelgen.carver.CaveCarverConfiguration$$Lambda$3088/0x0000000800a7e6f0 (minecraft@1.20.1)
8676:             1             16  net.minecraft.world.level.levelgen.carver.CaveCarverConfiguration$$Lambda$3089/0x0000000800a7e930 (minecraft@1.20.1)
8677:             1             16  net.minecraft.world.level.levelgen.carver.CaveCarverConfiguration$$Lambda$3090/0x0000000800a7eb70 (minecraft@1.20.1)
8678:             1             16  net.minecraft.world.level.levelgen.carver.CaveCarverConfiguration$$Lambda$3092/0x0000000800a7eff0 (minecraft@1.20.1)
8679:             1             16  net.minecraft.world.level.levelgen.carver.CaveCarverConfiguration$$Lambda$3093/0x0000000800a7f230 (minecraft@1.20.1)
8680:             1             16  net.minecraft.world.level.levelgen.carver.ConfiguredWorldCarver$$Lambda$3907/0x0000000800b35480 (minecraft@1.20.1)
8681:             1             16  net.minecraft.world.level.levelgen.carver.ConfiguredWorldCarver$$Lambda$3908/0x0000000800b356c0 (minecraft@1.20.1)
8682:             1             16  net.minecraft.world.level.levelgen.carver.WorldCarver$$Lambda$3095/0x0000000800a7f8d8 (minecraft@1.20.1)
8683:             1             16  net.minecraft.world.level.levelgen.feature.BambooFeature (minecraft@1.20.1)
8684:             1             16  net.minecraft.world.level.levelgen.feature.BasaltColumnsFeature (minecraft@1.20.1)
8685:             1             16  net.minecraft.world.level.levelgen.feature.BasaltPillarFeature (minecraft@1.20.1)
8686:             1             16  net.minecraft.world.level.levelgen.feature.BlockBlobFeature (minecraft@1.20.1)
8687:             1             16  net.minecraft.world.level.levelgen.feature.BlockColumnFeature (minecraft@1.20.1)
8688:             1             16  net.minecraft.world.level.levelgen.feature.BlockPileFeature (minecraft@1.20.1)
8689:             1             16  net.minecraft.world.level.levelgen.feature.BlueIceFeature (minecraft@1.20.1)
8690:             1             16  net.minecraft.world.level.levelgen.feature.BonusChestFeature (minecraft@1.20.1)
8691:             1             16  net.minecraft.world.level.levelgen.feature.ChorusPlantFeature (minecraft@1.20.1)
8692:             1             16  net.minecraft.world.level.levelgen.feature.ConfiguredFeature$$Lambda$3141/0x0000000800a94690 (minecraft@1.20.1)
8693:             1             16  net.minecraft.world.level.levelgen.feature.ConfiguredFeature$$Lambda$3142/0x0000000800a948d0 (minecraft@1.20.1)
8694:             1             16  net.minecraft.world.level.levelgen.feature.CoralClawFeature (minecraft@1.20.1)
8695:             1             16  net.minecraft.world.level.levelgen.feature.CoralMushroomFeature (minecraft@1.20.1)
8696:             1             16  net.minecraft.world.level.levelgen.feature.CoralTreeFeature (minecraft@1.20.1)
8697:             1             16  net.minecraft.world.level.levelgen.feature.DeltaFeature (minecraft@1.20.1)
8698:             1             16  net.minecraft.world.level.levelgen.feature.DiskFeature (minecraft@1.20.1)
8699:             1             16  net.minecraft.world.level.levelgen.feature.DripstoneClusterFeature (minecraft@1.20.1)
8700:             1             16  net.minecraft.world.level.levelgen.feature.EndGatewayFeature (minecraft@1.20.1)
8701:             1             16  net.minecraft.world.level.levelgen.feature.EndIslandFeature (minecraft@1.20.1)
8702:             1             16  net.minecraft.world.level.levelgen.feature.Feature$$Lambda$3110/0x0000000800a8b5d8 (minecraft@1.20.1)
8703:             1             16  net.minecraft.world.level.levelgen.feature.FillLayerFeature (minecraft@1.20.1)
8704:             1             16  net.minecraft.world.level.levelgen.feature.FossilFeature (minecraft@1.20.1)
8705:             1             16  net.minecraft.world.level.levelgen.feature.FossilFeatureConfiguration$$Lambda$3167/0x0000000800a93ad8 (minecraft@1.20.1)
8706:             1             16  net.minecraft.world.level.levelgen.feature.FossilFeatureConfiguration$$Lambda$3168/0x0000000800a93d18 (minecraft@1.20.1)
8707:             1             16  net.minecraft.world.level.levelgen.feature.FossilFeatureConfiguration$$Lambda$3169/0x0000000800a91000 (minecraft@1.20.1)
8708:             1             16  net.minecraft.world.level.levelgen.feature.FossilFeatureConfiguration$$Lambda$3213/0x0000000800a9f2a0 (minecraft@1.20.1)
8709:             1             16  net.minecraft.world.level.levelgen.feature.FossilFeatureConfiguration$$Lambda$3214/0x0000000800a9f4e0 (minecraft@1.20.1)
8710:             1             16  net.minecraft.world.level.levelgen.feature.FossilFeatureConfiguration$$Lambda$3215/0x0000000800a9f720 (minecraft@1.20.1)
8711:             1             16  net.minecraft.world.level.levelgen.feature.FossilFeatureConfiguration$$Lambda$3216/0x0000000800a9f960 (minecraft@1.20.1)
8712:             1             16  net.minecraft.world.level.levelgen.feature.GeodeFeature (minecraft@1.20.1)
8713:             1             16  net.minecraft.world.level.levelgen.feature.GlowstoneFeature (minecraft@1.20.1)
8714:             1             16  net.minecraft.world.level.levelgen.feature.HugeBrownMushroomFeature (minecraft@1.20.1)
8715:             1             16  net.minecraft.world.level.levelgen.feature.HugeFungusConfiguration$$Lambda$3323/0x0000000800ab8230 (minecraft@1.20.1)
8716:             1             16  net.minecraft.world.level.levelgen.feature.HugeFungusConfiguration$$Lambda$3324/0x0000000800ab8470 (minecraft@1.20.1)
8717:             1             16  net.minecraft.world.level.levelgen.feature.HugeFungusConfiguration$$Lambda$3325/0x0000000800ab86b0 (minecraft@1.20.1)
8718:             1             16  net.minecraft.world.level.levelgen.feature.HugeFungusConfiguration$$Lambda$3326/0x0000000800ab88f0 (minecraft@1.20.1)
8719:             1             16  net.minecraft.world.level.levelgen.feature.HugeFungusConfiguration$$Lambda$3327/0x0000000800ab8b30 (minecraft@1.20.1)
8720:             1             16  net.minecraft.world.level.levelgen.feature.HugeFungusConfiguration$$Lambda$3328/0x0000000800ab8d70 (minecraft@1.20.1)
8721:             1             16  net.minecraft.world.level.levelgen.feature.HugeFungusConfiguration$$Lambda$3329/0x0000000800ab8fb0 (minecraft@1.20.1)
8722:             1             16  net.minecraft.world.level.levelgen.feature.HugeFungusConfiguration$$Lambda$3330/0x0000000800ab91f0 (minecraft@1.20.1)
8723:             1             16  net.minecraft.world.level.levelgen.feature.HugeFungusFeature (minecraft@1.20.1)
8724:             1             16  net.minecraft.world.level.levelgen.feature.HugeRedMushroomFeature (minecraft@1.20.1)
8725:             1             16  net.minecraft.world.level.levelgen.feature.IceSpikeFeature (minecraft@1.20.1)
8726:             1             16  net.minecraft.world.level.levelgen.feature.IcebergFeature (minecraft@1.20.1)
8727:             1             16  net.minecraft.world.level.levelgen.feature.KelpFeature (minecraft@1.20.1)
8728:             1             16  net.minecraft.world.level.levelgen.feature.LakeFeature (minecraft@1.20.1)
8729:             1             16  net.minecraft.world.level.levelgen.feature.LakeFeature$Configuration$$Lambda$3293/0x0000000800ab5cf0 (minecraft@1.20.1)
8730:             1             16  net.minecraft.world.level.levelgen.feature.LakeFeature$Configuration$$Lambda$3294/0x0000000800ab5f30 (minecraft@1.20.1)
8731:             1             16  net.minecraft.world.level.levelgen.feature.LakeFeature$Configuration$$Lambda$3295/0x0000000800ab6170 (minecraft@1.20.1)
8732:             1             16  net.minecraft.world.level.levelgen.feature.LakeFeature$Configuration$$Lambda$3296/0x0000000800ab63b0 (minecraft@1.20.1)
8733:             1             16  net.minecraft.world.level.levelgen.feature.LargeDripstoneFeature (minecraft@1.20.1)
8734:             1             16  net.minecraft.world.level.levelgen.feature.MonsterRoomFeature (minecraft@1.20.1)
8735:             1             16  net.minecraft.world.level.levelgen.feature.MultifaceGrowthFeature (minecraft@1.20.1)
8736:             1             16  net.minecraft.world.level.levelgen.feature.NetherForestVegetationFeature (minecraft@1.20.1)
8737:             1             16  net.minecraft.world.level.levelgen.feature.NoOpFeature (minecraft@1.20.1)
8738:             1             16  net.minecraft.world.level.levelgen.feature.OreFeature (minecraft@1.20.1)
8739:             1             16  net.minecraft.world.level.levelgen.feature.PointedDripstoneFeature (minecraft@1.20.1)
8740:             1             16  net.minecraft.world.level.levelgen.feature.RandomBooleanSelectorFeature (minecraft@1.20.1)
8741:             1             16  net.minecraft.world.level.levelgen.feature.RandomSelectorFeature (minecraft@1.20.1)
8742:             1             16  net.minecraft.world.level.levelgen.feature.ReplaceBlobsFeature (minecraft@1.20.1)
8743:             1             16  net.minecraft.world.level.levelgen.feature.ReplaceBlockFeature (minecraft@1.20.1)
8744:             1             16  net.minecraft.world.level.levelgen.feature.RootSystemFeature (minecraft@1.20.1)
8745:             1             16  net.minecraft.world.level.levelgen.feature.ScatteredOreFeature (minecraft@1.20.1)
8746:             1             16  net.minecraft.world.level.levelgen.feature.SculkPatchFeature (minecraft@1.20.1)
8747:             1             16  net.minecraft.world.level.levelgen.feature.SeaPickleFeature (minecraft@1.20.1)
8748:             1             16  net.minecraft.world.level.levelgen.feature.SeagrassFeature (minecraft@1.20.1)
8749:             1             16  net.minecraft.world.level.levelgen.feature.SimpleBlockFeature (minecraft@1.20.1)
8750:             1             16  net.minecraft.world.level.levelgen.feature.SimpleRandomSelectorFeature (minecraft@1.20.1)
8751:             1             16  net.minecraft.world.level.levelgen.feature.SnowAndFreezeFeature (minecraft@1.20.1)
8752:             1             16  net.minecraft.world.level.levelgen.feature.SpikeFeature (minecraft@1.20.1)
8753:             1             16  net.minecraft.world.level.levelgen.feature.SpikeFeature$EndSpike$$Lambda$3304/0x0000000800ab7c58 (minecraft@1.20.1)
8754:             1             16  net.minecraft.world.level.levelgen.feature.SpikeFeature$EndSpike$$Lambda$3305/0x0000000800ab2000 (minecraft@1.20.1)
8755:             1             16  net.minecraft.world.level.levelgen.feature.SpikeFeature$EndSpike$$Lambda$3306/0x0000000800ab2240 (minecraft@1.20.1)
8756:             1             16  net.minecraft.world.level.levelgen.feature.SpikeFeature$EndSpike$$Lambda$3307/0x0000000800ab2480 (minecraft@1.20.1)
8757:             1             16  net.minecraft.world.level.levelgen.feature.SpikeFeature$EndSpike$$Lambda$3308/0x0000000800ab26c0 (minecraft@1.20.1)
8758:             1             16  net.minecraft.world.level.levelgen.feature.SpikeFeature$EndSpike$$Lambda$3309/0x0000000800ab2900 (minecraft@1.20.1)
8759:             1             16  net.minecraft.world.level.levelgen.feature.SpikeFeature$EndSpike$$Lambda$3310/0x0000000800ab2b40 (minecraft@1.20.1)
8760:             1             16  net.minecraft.world.level.levelgen.feature.SpikeFeature$SpikeCacheLoader (minecraft@1.20.1)
8761:             1             16  net.minecraft.world.level.levelgen.feature.SpringFeature (minecraft@1.20.1)
8762:             1             16  net.minecraft.world.level.levelgen.feature.TreeFeature (minecraft@1.20.1)
8763:             1             16  net.minecraft.world.level.levelgen.feature.TwistingVinesFeature (minecraft@1.20.1)
8764:             1             16  net.minecraft.world.level.levelgen.feature.UnderwaterMagmaFeature (minecraft@1.20.1)
8765:             1             16  net.minecraft.world.level.levelgen.feature.VegetationPatchFeature (minecraft@1.20.1)
8766:             1             16  net.minecraft.world.level.levelgen.feature.VinesFeature (minecraft@1.20.1)
8767:             1             16  net.minecraft.world.level.levelgen.feature.VoidStartPlatformFeature (minecraft@1.20.1)
8768:             1             16  net.minecraft.world.level.levelgen.feature.WaterloggedVegetationPatchFeature (minecraft@1.20.1)
8769:             1             16  net.minecraft.world.level.levelgen.feature.WeepingVinesFeature (minecraft@1.20.1)
8770:             1             16  net.minecraft.world.level.levelgen.feature.WeightedPlacedFeature$$Lambda$3362/0x0000000800abdd28 (minecraft@1.20.1)
8771:             1             16  net.minecraft.world.level.levelgen.feature.WeightedPlacedFeature$$Lambda$3363/0x0000000800abc800 (minecraft@1.20.1)
8772:             1             16  net.minecraft.world.level.levelgen.feature.WeightedPlacedFeature$$Lambda$3364/0x0000000800abca40 (minecraft@1.20.1)
8773:             1             16  net.minecraft.world.level.levelgen.feature.WeightedPlacedFeature$$Lambda$3365/0x0000000800abcc80 (minecraft@1.20.1)
8774:             1             16  net.minecraft.world.level.levelgen.feature.configurations.BlockColumnConfiguration$$Lambda$3222/0x0000000800aa0d70 (minecraft@1.20.1)
8775:             1             16  net.minecraft.world.level.levelgen.feature.configurations.BlockColumnConfiguration$$Lambda$3227/0x0000000800aa18a0 (minecraft@1.20.1)
8776:             1             16  net.minecraft.world.level.levelgen.feature.configurations.BlockColumnConfiguration$$Lambda$3228/0x0000000800aa1ae0 (minecraft@1.20.1)
8777:             1             16  net.minecraft.world.level.levelgen.feature.configurations.BlockColumnConfiguration$$Lambda$3229/0x0000000800aa1d20 (minecraft@1.20.1)
8778:             1             16  net.minecraft.world.level.levelgen.feature.configurations.BlockColumnConfiguration$$Lambda$3230/0x0000000800aa1f60 (minecraft@1.20.1)
8779:             1             16  net.minecraft.world.level.levelgen.feature.configurations.BlockColumnConfiguration$$Lambda$3231/0x0000000800aa21a0 (minecraft@1.20.1)
8780:             1             16  net.minecraft.world.level.levelgen.feature.configurations.BlockColumnConfiguration$Layer$$Lambda$3223/0x0000000800aa0fb0 (minecraft@1.20.1)
8781:             1             16  net.minecraft.world.level.levelgen.feature.configurations.BlockColumnConfiguration$Layer$$Lambda$3224/0x0000000800aa11f0 (minecraft@1.20.1)
8782:             1             16  net.minecraft.world.level.levelgen.feature.configurations.BlockColumnConfiguration$Layer$$Lambda$3225/0x0000000800aa1430 (minecraft@1.20.1)
8783:             1             16  net.minecraft.world.level.levelgen.feature.configurations.BlockColumnConfiguration$Layer$$Lambda$3226/0x0000000800aa1670 (minecraft@1.20.1)
8784:             1             16  net.minecraft.world.level.levelgen.feature.configurations.BlockPileConfiguration$$Lambda$3150/0x0000000800a95f18 (minecraft@1.20.1)
8785:             1             16  net.minecraft.world.level.levelgen.feature.configurations.BlockPileConfiguration$$Lambda$3151/0x0000000800a96158 (minecraft@1.20.1)
8786:             1             16  net.minecraft.world.level.levelgen.feature.configurations.BlockStateConfiguration$$Lambda$3277/0x0000000800aaaec8 (minecraft@1.20.1)
8787:             1             16  net.minecraft.world.level.levelgen.feature.configurations.BlockStateConfiguration$$Lambda$3278/0x0000000800aab108 (minecraft@1.20.1)
8788:             1             16  net.minecraft.world.level.levelgen.feature.configurations.ColumnFeatureConfiguration$$Lambda$3341/0x0000000800abb178 (minecraft@1.20.1)
8789:             1             16  net.minecraft.world.level.levelgen.feature.configurations.ColumnFeatureConfiguration$$Lambda$3342/0x0000000800abb3b8 (minecraft@1.20.1)
8790:             1             16  net.minecraft.world.level.levelgen.feature.configurations.ColumnFeatureConfiguration$$Lambda$3343/0x0000000800abb5f8 (minecraft@1.20.1)
8791:             1             16  net.minecraft.world.level.levelgen.feature.configurations.ColumnFeatureConfiguration$$Lambda$3344/0x0000000800abb838 (minecraft@1.20.1)
8792:             1             16  net.minecraft.world.level.levelgen.feature.configurations.CountConfiguration$$Lambda$3318/0x0000000800ab1238 (minecraft@1.20.1)
8793:             1             16  net.minecraft.world.level.levelgen.feature.configurations.CountConfiguration$$Lambda$3319/0x0000000800ab1478 (minecraft@1.20.1)
8794:             1             16  net.minecraft.world.level.levelgen.feature.configurations.DeltaFeatureConfiguration$$Lambda$3345/0x0000000800abbcb8 (minecraft@1.20.1)
8795:             1             16  net.minecraft.world.level.levelgen.feature.configurations.DeltaFeatureConfiguration$$Lambda$3346/0x0000000800abe000 (minecraft@1.20.1)
8796:             1             16  net.minecraft.world.level.levelgen.feature.configurations.DeltaFeatureConfiguration$$Lambda$3347/0x0000000800abe240 (minecraft@1.20.1)
8797:             1             16  net.minecraft.world.level.levelgen.feature.configurations.DeltaFeatureConfiguration$$Lambda$3348/0x0000000800abe480 (minecraft@1.20.1)
8798:             1             16  net.minecraft.world.level.levelgen.feature.configurations.DeltaFeatureConfiguration$$Lambda$3349/0x0000000800abe6c0 (minecraft@1.20.1)
8799:             1             16  net.minecraft.world.level.levelgen.feature.configurations.DeltaFeatureConfiguration$$Lambda$3350/0x0000000800abe900 (minecraft@1.20.1)
8800:             1             16  net.minecraft.world.level.levelgen.feature.configurations.DiskConfiguration$$Lambda$3279/0x0000000800aab578 (minecraft@1.20.1)
8801:             1             16  net.minecraft.world.level.levelgen.feature.configurations.DiskConfiguration$$Lambda$3288/0x0000000800ab4f70 (minecraft@1.20.1)
8802:             1             16  net.minecraft.world.level.levelgen.feature.configurations.DiskConfiguration$$Lambda$3289/0x0000000800ab51b0 (minecraft@1.20.1)
8803:             1             16  net.minecraft.world.level.levelgen.feature.configurations.DiskConfiguration$$Lambda$3290/0x0000000800ab53f0 (minecraft@1.20.1)
8804:             1             16  net.minecraft.world.level.levelgen.feature.configurations.DiskConfiguration$$Lambda$3291/0x0000000800ab5630 (minecraft@1.20.1)
8805:             1             16  net.minecraft.world.level.levelgen.feature.configurations.DiskConfiguration$$Lambda$3292/0x0000000800ab5870 (minecraft@1.20.1)
8806:             1             16  net.minecraft.world.level.levelgen.feature.configurations.DripstoneClusterConfiguration$$Lambda$3411/0x0000000800ac72d0 (minecraft@1.20.1)
8807:             1             16  net.minecraft.world.level.levelgen.feature.configurations.DripstoneClusterConfiguration$$Lambda$3412/0x0000000800ac7510 (minecraft@1.20.1)
8808:             1             16  net.minecraft.world.level.levelgen.feature.configurations.DripstoneClusterConfiguration$$Lambda$3413/0x0000000800ac7750 (minecraft@1.20.1)
8809:             1             16  net.minecraft.world.level.levelgen.feature.configurations.DripstoneClusterConfiguration$$Lambda$3414/0x0000000800ac7990 (minecraft@1.20.1)
8810:             1             16  net.minecraft.world.level.levelgen.feature.configurations.DripstoneClusterConfiguration$$Lambda$3415/0x0000000800ac7bd0 (minecraft@1.20.1)
8811:             1             16  net.minecraft.world.level.levelgen.feature.configurations.DripstoneClusterConfiguration$$Lambda$3416/0x0000000800acc000 (minecraft@1.20.1)
8812:             1             16  net.minecraft.world.level.levelgen.feature.configurations.DripstoneClusterConfiguration$$Lambda$3417/0x0000000800acc240 (minecraft@1.20.1)
8813:             1             16  net.minecraft.world.level.levelgen.feature.configurations.DripstoneClusterConfiguration$$Lambda$3418/0x0000000800acc480 (minecraft@1.20.1)
8814:             1             16  net.minecraft.world.level.levelgen.feature.configurations.DripstoneClusterConfiguration$$Lambda$3419/0x0000000800acc6c0 (minecraft@1.20.1)
8815:             1             16  net.minecraft.world.level.levelgen.feature.configurations.DripstoneClusterConfiguration$$Lambda$3420/0x0000000800acc900 (minecraft@1.20.1)
8816:             1             16  net.minecraft.world.level.levelgen.feature.configurations.DripstoneClusterConfiguration$$Lambda$3421/0x0000000800accb40 (minecraft@1.20.1)
8817:             1             16  net.minecraft.world.level.levelgen.feature.configurations.DripstoneClusterConfiguration$$Lambda$3422/0x0000000800accd80 (minecraft@1.20.1)
8818:             1             16  net.minecraft.world.level.levelgen.feature.configurations.DripstoneClusterConfiguration$$Lambda$3423/0x0000000800accfc0 (minecraft@1.20.1)
8819:             1             16  net.minecraft.world.level.levelgen.feature.configurations.EndGatewayConfiguration$$Lambda$3314/0x0000000800ab36a0 (minecraft@1.20.1)
8820:             1             16  net.minecraft.world.level.levelgen.feature.configurations.EndGatewayConfiguration$$Lambda$3315/0x0000000800ab38e0 (minecraft@1.20.1)
8821:             1             16  net.minecraft.world.level.levelgen.feature.configurations.EndGatewayConfiguration$$Lambda$3316/0x0000000800ab3b20 (minecraft@1.20.1)
8822:             1             16  net.minecraft.world.level.levelgen.feature.configurations.EndGatewayConfiguration$$Lambda$3317/0x0000000800ab3d60 (minecraft@1.20.1)
8823:             1             16  net.minecraft.world.level.levelgen.feature.configurations.GeodeConfiguration$$Lambda$3375/0x0000000800ac1880 (minecraft@1.20.1)
8824:             1             16  net.minecraft.world.level.levelgen.feature.configurations.GeodeConfiguration$$Lambda$3386/0x0000000800ac33a0 (minecraft@1.20.1)
8825:             1             16  net.minecraft.world.level.levelgen.feature.configurations.GeodeConfiguration$$Lambda$3393/0x0000000800ac4578 (minecraft@1.20.1)
8826:             1             16  net.minecraft.world.level.levelgen.feature.configurations.GeodeConfiguration$$Lambda$3399/0x0000000800ac5500 (minecraft@1.20.1)
8827:             1             16  net.minecraft.world.level.levelgen.feature.configurations.GeodeConfiguration$$Lambda$3400/0x0000000800ac5740 (minecraft@1.20.1)
8828:             1             16  net.minecraft.world.level.levelgen.feature.configurations.GeodeConfiguration$$Lambda$3401/0x0000000800ac5980 (minecraft@1.20.1)
8829:             1             16  net.minecraft.world.level.levelgen.feature.configurations.GeodeConfiguration$$Lambda$3402/0x0000000800ac5bc0 (minecraft@1.20.1)
8830:             1             16  net.minecraft.world.level.levelgen.feature.configurations.GeodeConfiguration$$Lambda$3403/0x0000000800ac5e00 (minecraft@1.20.1)
8831:             1             16  net.minecraft.world.level.levelgen.feature.configurations.GeodeConfiguration$$Lambda$3404/0x0000000800ac6040 (minecraft@1.20.1)
8832:             1             16  net.minecraft.world.level.levelgen.feature.configurations.GeodeConfiguration$$Lambda$3405/0x0000000800ac6280 (minecraft@1.20.1)
8833:             1             16  net.minecraft.world.level.levelgen.feature.configurations.GeodeConfiguration$$Lambda$3406/0x0000000800ac64c0 (minecraft@1.20.1)
8834:             1             16  net.minecraft.world.level.levelgen.feature.configurations.GeodeConfiguration$$Lambda$3407/0x0000000800ac6700 (minecraft@1.20.1)
8835:             1             16  net.minecraft.world.level.levelgen.feature.configurations.GeodeConfiguration$$Lambda$3408/0x0000000800ac6940 (minecraft@1.20.1)
8836:             1             16  net.minecraft.world.level.levelgen.feature.configurations.GeodeConfiguration$$Lambda$3409/0x0000000800ac6b80 (minecraft@1.20.1)
8837:             1             16  net.minecraft.world.level.levelgen.feature.configurations.GeodeConfiguration$$Lambda$3410/0x0000000800ac6dc0 (minecraft@1.20.1)
8838:             1             16  net.minecraft.world.level.levelgen.feature.configurations.HugeMushroomFeatureConfiguration$$Lambda$3217/0x0000000800aa0000 (minecraft@1.20.1)
8839:             1             16  net.minecraft.world.level.levelgen.feature.configurations.HugeMushroomFeatureConfiguration$$Lambda$3218/0x0000000800aa0240 (minecraft@1.20.1)
8840:             1             16  net.minecraft.world.level.levelgen.feature.configurations.HugeMushroomFeatureConfiguration$$Lambda$3219/0x0000000800aa0480 (minecraft@1.20.1)
8841:             1             16  net.minecraft.world.level.levelgen.feature.configurations.HugeMushroomFeatureConfiguration$$Lambda$3220/0x0000000800aa06c0 (minecraft@1.20.1)
8842:             1             16  net.minecraft.world.level.levelgen.feature.configurations.HugeMushroomFeatureConfiguration$$Lambda$3221/0x0000000800aa0900 (minecraft@1.20.1)
8843:             1             16  net.minecraft.world.level.levelgen.feature.configurations.LargeDripstoneConfiguration$$Lambda$3425/0x0000000800acd4b0 (minecraft@1.20.1)
8844:             1             16  net.minecraft.world.level.levelgen.feature.configurations.LargeDripstoneConfiguration$$Lambda$3426/0x0000000800acd6f0 (minecraft@1.20.1)
8845:             1             16  net.minecraft.world.level.levelgen.feature.configurations.LargeDripstoneConfiguration$$Lambda$3427/0x0000000800acd930 (minecraft@1.20.1)
8846:             1             16  net.minecraft.world.level.levelgen.feature.configurations.LargeDripstoneConfiguration$$Lambda$3428/0x0000000800acdb70 (minecraft@1.20.1)
8847:             1             16  net.minecraft.world.level.levelgen.feature.configurations.LargeDripstoneConfiguration$$Lambda$3429/0x0000000800acddb0 (minecraft@1.20.1)
8848:             1             16  net.minecraft.world.level.levelgen.feature.configurations.LargeDripstoneConfiguration$$Lambda$3430/0x0000000800acdff0 (minecraft@1.20.1)
8849:             1             16  net.minecraft.world.level.levelgen.feature.configurations.LargeDripstoneConfiguration$$Lambda$3431/0x0000000800ace230 (minecraft@1.20.1)
8850:             1             16  net.minecraft.world.level.levelgen.feature.configurations.LargeDripstoneConfiguration$$Lambda$3432/0x0000000800ace470 (minecraft@1.20.1)
8851:             1             16  net.minecraft.world.level.levelgen.feature.configurations.LargeDripstoneConfiguration$$Lambda$3433/0x0000000800ace6b0 (minecraft@1.20.1)
8852:             1             16  net.minecraft.world.level.levelgen.feature.configurations.LargeDripstoneConfiguration$$Lambda$3434/0x0000000800ace8f0 (minecraft@1.20.1)
8853:             1             16  net.minecraft.world.level.levelgen.feature.configurations.LargeDripstoneConfiguration$$Lambda$3435/0x0000000800aceb30 (minecraft@1.20.1)
8854:             1             16  net.minecraft.world.level.levelgen.feature.configurations.LayerConfiguration$$Lambda$3356/0x0000000800abfaf8 (minecraft@1.20.1)
8855:             1             16  net.minecraft.world.level.levelgen.feature.configurations.LayerConfiguration$$Lambda$3357/0x0000000800abfd38 (minecraft@1.20.1)
8856:             1             16  net.minecraft.world.level.levelgen.feature.configurations.LayerConfiguration$$Lambda$3358/0x0000000800abd000 (minecraft@1.20.1)
8857:             1             16  net.minecraft.world.level.levelgen.feature.configurations.LayerConfiguration$$Lambda$3359/0x0000000800abd240 (minecraft@1.20.1)
8858:             1             16  net.minecraft.world.level.levelgen.feature.configurations.MultifaceGrowthConfiguration$$Lambda$3261/0x0000000800aa8240 (minecraft@1.20.1)
8859:             1             16  net.minecraft.world.level.levelgen.feature.configurations.MultifaceGrowthConfiguration$$Lambda$3262/0x0000000800aa8480 (minecraft@1.20.1)
8860:             1             16  net.minecraft.world.level.levelgen.feature.configurations.MultifaceGrowthConfiguration$$Lambda$3263/0x0000000800aa86c0 (minecraft@1.20.1)
8861:             1             16  net.minecraft.world.level.levelgen.feature.configurations.MultifaceGrowthConfiguration$$Lambda$3264/0x0000000800aa8900 (minecraft@1.20.1)
8862:             1             16  net.minecraft.world.level.levelgen.feature.configurations.MultifaceGrowthConfiguration$$Lambda$3265/0x0000000800aa8b40 (minecraft@1.20.1)
8863:             1             16  net.minecraft.world.level.levelgen.feature.configurations.MultifaceGrowthConfiguration$$Lambda$3266/0x0000000800aa8d80 (minecraft@1.20.1)
8864:             1             16  net.minecraft.world.level.levelgen.feature.configurations.MultifaceGrowthConfiguration$$Lambda$3267/0x0000000800aa8fc0 (minecraft@1.20.1)
8865:             1             16  net.minecraft.world.level.levelgen.feature.configurations.MultifaceGrowthConfiguration$$Lambda$3268/0x0000000800aa9200 (minecraft@1.20.1)
8866:             1             16  net.minecraft.world.level.levelgen.feature.configurations.MultifaceGrowthConfiguration$$Lambda$3269/0x0000000800aa9440 (minecraft@1.20.1)
8867:             1             16  net.minecraft.world.level.levelgen.feature.configurations.MultifaceGrowthConfiguration$$Lambda$3270/0x0000000800aa9680 (minecraft@1.20.1)
8868:             1             16  net.minecraft.world.level.levelgen.feature.configurations.MultifaceGrowthConfiguration$$Lambda$3271/0x0000000800aa98c0 (minecraft@1.20.1)
8869:             1             16  net.minecraft.world.level.levelgen.feature.configurations.NetherForestVegetationConfig$$Lambda$3331/0x0000000800ab9690 (minecraft@1.20.1)
8870:             1             16  net.minecraft.world.level.levelgen.feature.configurations.NetherForestVegetationConfig$$Lambda$3332/0x0000000800ab98d0 (minecraft@1.20.1)
8871:             1             16  net.minecraft.world.level.levelgen.feature.configurations.NetherForestVegetationConfig$$Lambda$3333/0x0000000800ab9b10 (minecraft@1.20.1)
8872:             1             16  net.minecraft.world.level.levelgen.feature.configurations.NetherForestVegetationConfig$$Lambda$3334/0x0000000800ab9d50 (minecraft@1.20.1)
8873:             1             16  net.minecraft.world.level.levelgen.feature.configurations.NetherForestVegetationConfig$$Lambda$3335/0x0000000800ab9f90 (minecraft@1.20.1)
8874:             1             16  net.minecraft.world.level.levelgen.feature.configurations.NoneFeatureConfiguration (minecraft@1.20.1)
8875:             1             16  net.minecraft.world.level.levelgen.feature.configurations.NoneFeatureConfiguration$$Lambda$3067/0x0000000800a79678 (minecraft@1.20.1)
8876:             1             16  net.minecraft.world.level.levelgen.feature.configurations.OreConfiguration$$Lambda$3297/0x0000000800ab65e0 (minecraft@1.20.1)
8877:             1             16  net.minecraft.world.level.levelgen.feature.configurations.OreConfiguration$$Lambda$3298/0x0000000800ab6820 (minecraft@1.20.1)
8878:             1             16  net.minecraft.world.level.levelgen.feature.configurations.OreConfiguration$$Lambda$3299/0x0000000800ab6a60 (minecraft@1.20.1)
8879:             1             16  net.minecraft.world.level.levelgen.feature.configurations.OreConfiguration$$Lambda$3300/0x0000000800ab6ca0 (minecraft@1.20.1)
8880:             1             16  net.minecraft.world.level.levelgen.feature.configurations.OreConfiguration$$Lambda$3301/0x0000000800ab6ee0 (minecraft@1.20.1)
8881:             1             16  net.minecraft.world.level.levelgen.feature.configurations.OreConfiguration$TargetBlockState$$Lambda$3160/0x0000000800a92000 (minecraft@1.20.1)
8882:             1             16  net.minecraft.world.level.levelgen.feature.configurations.OreConfiguration$TargetBlockState$$Lambda$3161/0x0000000800a92240 (minecraft@1.20.1)
8883:             1             16  net.minecraft.world.level.levelgen.feature.configurations.OreConfiguration$TargetBlockState$$Lambda$3162/0x0000000800a92480 (minecraft@1.20.1)
8884:             1             16  net.minecraft.world.level.levelgen.feature.configurations.OreConfiguration$TargetBlockState$$Lambda$3163/0x0000000800a926c0 (minecraft@1.20.1)
8885:             1             16  net.minecraft.world.level.levelgen.feature.configurations.PointedDripstoneConfiguration$$Lambda$3437/0x0000000800aceff8 (minecraft@1.20.1)
8886:             1             16  net.minecraft.world.level.levelgen.feature.configurations.PointedDripstoneConfiguration$$Lambda$3438/0x0000000800acf238 (minecraft@1.20.1)
8887:             1             16  net.minecraft.world.level.levelgen.feature.configurations.PointedDripstoneConfiguration$$Lambda$3439/0x0000000800acf478 (minecraft@1.20.1)
8888:             1             16  net.minecraft.world.level.levelgen.feature.configurations.PointedDripstoneConfiguration$$Lambda$3440/0x0000000800acf6b8 (minecraft@1.20.1)
8889:             1             16  net.minecraft.world.level.levelgen.feature.configurations.PointedDripstoneConfiguration$$Lambda$3441/0x0000000800acf8f8 (minecraft@1.20.1)
8890:             1             16  net.minecraft.world.level.levelgen.feature.configurations.PointedDripstoneConfiguration$$Lambda$3442/0x0000000800acfb38 (minecraft@1.20.1)
8891:             1             16  net.minecraft.world.level.levelgen.feature.configurations.ProbabilityFeatureConfiguration$$Lambda$3068/0x0000000800a79898 (minecraft@1.20.1)
8892:             1             16  net.minecraft.world.level.levelgen.feature.configurations.ProbabilityFeatureConfiguration$$Lambda$3069/0x0000000800a79ad8 (minecraft@1.20.1)
8893:             1             16  net.minecraft.world.level.levelgen.feature.configurations.ProbabilityFeatureConfiguration$$Lambda$3070/0x0000000800a79d18 (minecraft@1.20.1)
8894:             1             16  net.minecraft.world.level.levelgen.feature.configurations.RandomBooleanFeatureConfiguration$$Lambda$3371/0x0000000800ac0d60 (minecraft@1.20.1)
8895:             1             16  net.minecraft.world.level.levelgen.feature.configurations.RandomBooleanFeatureConfiguration$$Lambda$3372/0x0000000800ac0fa0 (minecraft@1.20.1)
8896:             1             16  net.minecraft.world.level.levelgen.feature.configurations.RandomBooleanFeatureConfiguration$$Lambda$3373/0x0000000800ac11e0 (minecraft@1.20.1)
8897:             1             16  net.minecraft.world.level.levelgen.feature.configurations.RandomBooleanFeatureConfiguration$$Lambda$3374/0x0000000800ac1420 (minecraft@1.20.1)
8898:             1             16  net.minecraft.world.level.levelgen.feature.configurations.RandomFeatureConfiguration$$Lambda$3360/0x0000000800abd6a0 (minecraft@1.20.1)
8899:             1             16  net.minecraft.world.level.levelgen.feature.configurations.RandomFeatureConfiguration$$Lambda$3361/0x0000000800abd8e0 (minecraft@1.20.1)
8900:             1             16  net.minecraft.world.level.levelgen.feature.configurations.RandomFeatureConfiguration$$Lambda$3366/0x0000000800abc400 (minecraft@1.20.1)
8901:             1             16  net.minecraft.world.level.levelgen.feature.configurations.RandomFeatureConfiguration$$Lambda$3367/0x0000000800ac0000 (minecraft@1.20.1)
8902:             1             16  net.minecraft.world.level.levelgen.feature.configurations.RandomPatchConfiguration$$Lambda$3136/0x0000000800a8f940 (minecraft@1.20.1)
8903:             1             16  net.minecraft.world.level.levelgen.feature.configurations.RandomPatchConfiguration$$Lambda$3137/0x0000000800a8fb80 (minecraft@1.20.1)
8904:             1             16  net.minecraft.world.level.levelgen.feature.configurations.RandomPatchConfiguration$$Lambda$3138/0x0000000800a8fdc0 (minecraft@1.20.1)
8905:             1             16  net.minecraft.world.level.levelgen.feature.configurations.RandomPatchConfiguration$$Lambda$3139/0x0000000800a94000 (minecraft@1.20.1)
8906:             1             16  net.minecraft.world.level.levelgen.feature.configurations.RandomPatchConfiguration$$Lambda$3148/0x0000000800a95858 (minecraft@1.20.1)
8907:             1             16  net.minecraft.world.level.levelgen.feature.configurations.RandomPatchConfiguration$$Lambda$3149/0x0000000800a95a98 (minecraft@1.20.1)
8908:             1             16  net.minecraft.world.level.levelgen.feature.configurations.ReplaceBlockConfiguration$$Lambda$3159/0x0000000800a977d8 (minecraft@1.20.1)
8909:             1             16  net.minecraft.world.level.levelgen.feature.configurations.ReplaceBlockConfiguration$$Lambda$3164/0x0000000800a928f0 (minecraft@1.20.1)
8910:             1             16  net.minecraft.world.level.levelgen.feature.configurations.ReplaceBlockConfiguration$$Lambda$3165/0x0000000800a92b30 (minecraft@1.20.1)
8911:             1             16  net.minecraft.world.level.levelgen.feature.configurations.ReplaceSphereConfiguration$$Lambda$3351/0x0000000800abed88 (minecraft@1.20.1)
8912:             1             16  net.minecraft.world.level.levelgen.feature.configurations.ReplaceSphereConfiguration$$Lambda$3352/0x0000000800abefc8 (minecraft@1.20.1)
8913:             1             16  net.minecraft.world.level.levelgen.feature.configurations.ReplaceSphereConfiguration$$Lambda$3353/0x0000000800abf208 (minecraft@1.20.1)
8914:             1             16  net.minecraft.world.level.levelgen.feature.configurations.ReplaceSphereConfiguration$$Lambda$3354/0x0000000800abf448 (minecraft@1.20.1)
8915:             1             16  net.minecraft.world.level.levelgen.feature.configurations.ReplaceSphereConfiguration$$Lambda$3355/0x0000000800abf688 (minecraft@1.20.1)
8916:             1             16  net.minecraft.world.level.levelgen.feature.configurations.RootSystemConfiguration$$Lambda$3245/0x0000000800aa6ba0 (minecraft@1.20.1)
8917:             1             16  net.minecraft.world.level.levelgen.feature.configurations.RootSystemConfiguration$$Lambda$3246/0x0000000800aa6de0 (minecraft@1.20.1)
8918:             1             16  net.minecraft.world.level.levelgen.feature.configurations.RootSystemConfiguration$$Lambda$3247/0x0000000800aa7020 (minecraft@1.20.1)
8919:             1             16  net.minecraft.world.level.levelgen.feature.configurations.RootSystemConfiguration$$Lambda$3248/0x0000000800aa7260 (minecraft@1.20.1)
8920:             1             16  net.minecraft.world.level.levelgen.feature.configurations.RootSystemConfiguration$$Lambda$3249/0x0000000800aa74a0 (minecraft@1.20.1)
8921:             1             16  net.minecraft.world.level.levelgen.feature.configurations.RootSystemConfiguration$$Lambda$3250/0x0000000800aa76e0 (minecraft@1.20.1)
8922:             1             16  net.minecraft.world.level.levelgen.feature.configurations.RootSystemConfiguration$$Lambda$3251/0x0000000800aa7920 (minecraft@1.20.1)
8923:             1             16  net.minecraft.world.level.levelgen.feature.configurations.RootSystemConfiguration$$Lambda$3252/0x0000000800aa7b60 (minecraft@1.20.1)
8924:             1             16  net.minecraft.world.level.levelgen.feature.configurations.RootSystemConfiguration$$Lambda$3253/0x0000000800aa7da0 (minecraft@1.20.1)
8925:             1             16  net.minecraft.world.level.levelgen.feature.configurations.RootSystemConfiguration$$Lambda$3254/0x0000000800aa5000 (minecraft@1.20.1)
8926:             1             16  net.minecraft.world.level.levelgen.feature.configurations.RootSystemConfiguration$$Lambda$3255/0x0000000800aa5240 (minecraft@1.20.1)
8927:             1             16  net.minecraft.world.level.levelgen.feature.configurations.RootSystemConfiguration$$Lambda$3256/0x0000000800aa5480 (minecraft@1.20.1)
8928:             1             16  net.minecraft.world.level.levelgen.feature.configurations.RootSystemConfiguration$$Lambda$3257/0x0000000800aa56c0 (minecraft@1.20.1)
8929:             1             16  net.minecraft.world.level.levelgen.feature.configurations.RootSystemConfiguration$$Lambda$3258/0x0000000800aa5900 (minecraft@1.20.1)
8930:             1             16  net.minecraft.world.level.levelgen.feature.configurations.RootSystemConfiguration$$Lambda$3259/0x0000000800aa5b40 (minecraft@1.20.1)
8931:             1             16  net.minecraft.world.level.levelgen.feature.configurations.SculkPatchConfiguration$$Lambda$3443/0x0000000800aca000 (minecraft@1.20.1)
8932:             1             16  net.minecraft.world.level.levelgen.feature.configurations.SculkPatchConfiguration$$Lambda$3444/0x0000000800aca240 (minecraft@1.20.1)
8933:             1             16  net.minecraft.world.level.levelgen.feature.configurations.SculkPatchConfiguration$$Lambda$3445/0x0000000800aca480 (minecraft@1.20.1)
8934:             1             16  net.minecraft.world.level.levelgen.feature.configurations.SculkPatchConfiguration$$Lambda$3446/0x0000000800aca6c0 (minecraft@1.20.1)
8935:             1             16  net.minecraft.world.level.levelgen.feature.configurations.SculkPatchConfiguration$$Lambda$3447/0x0000000800aca900 (minecraft@1.20.1)
8936:             1             16  net.minecraft.world.level.levelgen.feature.configurations.SculkPatchConfiguration$$Lambda$3448/0x0000000800acab40 (minecraft@1.20.1)
8937:             1             16  net.minecraft.world.level.levelgen.feature.configurations.SculkPatchConfiguration$$Lambda$3449/0x0000000800acad80 (minecraft@1.20.1)
8938:             1             16  net.minecraft.world.level.levelgen.feature.configurations.SculkPatchConfiguration$$Lambda$3450/0x0000000800acafc0 (minecraft@1.20.1)
8939:             1             16  net.minecraft.world.level.levelgen.feature.configurations.SculkPatchConfiguration$$Lambda$3451/0x0000000800acb200 (minecraft@1.20.1)
8940:             1             16  net.minecraft.world.level.levelgen.feature.configurations.SimpleBlockConfiguration$$Lambda$3320/0x0000000800ab18e8 (minecraft@1.20.1)
8941:             1             16  net.minecraft.world.level.levelgen.feature.configurations.SimpleBlockConfiguration$$Lambda$3321/0x0000000800ab1b28 (minecraft@1.20.1)
8942:             1             16  net.minecraft.world.level.levelgen.feature.configurations.SimpleBlockConfiguration$$Lambda$3322/0x0000000800ab1d68 (minecraft@1.20.1)
8943:             1             16  net.minecraft.world.level.levelgen.feature.configurations.SimpleRandomFeatureConfiguration$$Lambda$3369/0x0000000800ac06b0 (minecraft@1.20.1)
8944:             1             16  net.minecraft.world.level.levelgen.feature.configurations.SimpleRandomFeatureConfiguration$$Lambda$3370/0x0000000800ac08f0 (minecraft@1.20.1)
8945:             1             16  net.minecraft.world.level.levelgen.feature.configurations.SpikeConfiguration$$Lambda$3302/0x0000000800ab7590 (minecraft@1.20.1)
8946:             1             16  net.minecraft.world.level.levelgen.feature.configurations.SpikeConfiguration$$Lambda$3303/0x0000000800ab77d0 (minecraft@1.20.1)
8947:             1             16  net.minecraft.world.level.levelgen.feature.configurations.SpikeConfiguration$$Lambda$3311/0x0000000800ab2da0 (minecraft@1.20.1)
8948:             1             16  net.minecraft.world.level.levelgen.feature.configurations.SpikeConfiguration$$Lambda$3312/0x0000000800ab2fe0 (minecraft@1.20.1)
8949:             1             16  net.minecraft.world.level.levelgen.feature.configurations.SpikeConfiguration$$Lambda$3313/0x0000000800ab3220 (minecraft@1.20.1)
8950:             1             16  net.minecraft.world.level.levelgen.feature.configurations.SpringConfiguration$$Lambda$3152/0x0000000800a965c8 (minecraft@1.20.1)
8951:             1             16  net.minecraft.world.level.levelgen.feature.configurations.SpringConfiguration$$Lambda$3153/0x0000000800a96808 (minecraft@1.20.1)
8952:             1             16  net.minecraft.world.level.levelgen.feature.configurations.SpringConfiguration$$Lambda$3154/0x0000000800a96a48 (minecraft@1.20.1)
8953:             1             16  net.minecraft.world.level.levelgen.feature.configurations.SpringConfiguration$$Lambda$3155/0x0000000800a96c88 (minecraft@1.20.1)
8954:             1             16  net.minecraft.world.level.levelgen.feature.configurations.SpringConfiguration$$Lambda$3156/0x0000000800a96ec8 (minecraft@1.20.1)
8955:             1             16  net.minecraft.world.level.levelgen.feature.configurations.SpringConfiguration$$Lambda$3157/0x0000000800a97108 (minecraft@1.20.1)
8956:             1             16  net.minecraft.world.level.levelgen.feature.configurations.SpringConfiguration$$Lambda$3158/0x0000000800a97348 (minecraft@1.20.1)
8957:             1             16  net.minecraft.world.level.levelgen.feature.configurations.TreeConfiguration$$Lambda$3111/0x0000000800a8bc48 (minecraft@1.20.1)
8958:             1             16  net.minecraft.world.level.levelgen.feature.configurations.TreeConfiguration$$Lambda$3114/0x0000000800a8c308 (minecraft@1.20.1)
8959:             1             16  net.minecraft.world.level.levelgen.feature.configurations.TreeConfiguration$$Lambda$3117/0x0000000800a8c9c8 (minecraft@1.20.1)
8960:             1             16  net.minecraft.world.level.levelgen.feature.configurations.TreeConfiguration$$Lambda$3118/0x0000000800a8cc08 (minecraft@1.20.1)
8961:             1             16  net.minecraft.world.level.levelgen.feature.configurations.TreeConfiguration$$Lambda$3121/0x0000000800a8d2c8 (minecraft@1.20.1)
8962:             1             16  net.minecraft.world.level.levelgen.feature.configurations.TreeConfiguration$$Lambda$3124/0x0000000800a8dbc8 (minecraft@1.20.1)
8963:             1             16  net.minecraft.world.level.levelgen.feature.configurations.TreeConfiguration$$Lambda$3125/0x0000000800a8de08 (minecraft@1.20.1)
8964:             1             16  net.minecraft.world.level.levelgen.feature.configurations.TreeConfiguration$$Lambda$3128/0x0000000800a8e4c8 (minecraft@1.20.1)
8965:             1             16  net.minecraft.world.level.levelgen.feature.configurations.TreeConfiguration$$Lambda$3131/0x0000000800a8eda0 (minecraft@1.20.1)
8966:             1             16  net.minecraft.world.level.levelgen.feature.configurations.TreeConfiguration$$Lambda$3132/0x0000000800a8efe0 (minecraft@1.20.1)
8967:             1             16  net.minecraft.world.level.levelgen.feature.configurations.TreeConfiguration$$Lambda$3133/0x0000000800a8f220 (minecraft@1.20.1)
8968:             1             16  net.minecraft.world.level.levelgen.feature.configurations.TreeConfiguration$$Lambda$3134/0x0000000800a8f460 (minecraft@1.20.1)
8969:             1             16  net.minecraft.world.level.levelgen.feature.configurations.TwistingVinesConfig$$Lambda$3336/0x0000000800aba3f8 (minecraft@1.20.1)
8970:             1             16  net.minecraft.world.level.levelgen.feature.configurations.TwistingVinesConfig$$Lambda$3337/0x0000000800aba638 (minecraft@1.20.1)
8971:             1             16  net.minecraft.world.level.levelgen.feature.configurations.TwistingVinesConfig$$Lambda$3338/0x0000000800aba878 (minecraft@1.20.1)
8972:             1             16  net.minecraft.world.level.levelgen.feature.configurations.TwistingVinesConfig$$Lambda$3339/0x0000000800abaab8 (minecraft@1.20.1)
8973:             1             16  net.minecraft.world.level.levelgen.feature.configurations.TwistingVinesConfig$$Lambda$3340/0x0000000800abacf8 (minecraft@1.20.1)
8974:             1             16  net.minecraft.world.level.levelgen.feature.configurations.UnderwaterMagmaConfiguration$$Lambda$3272/0x0000000800aa9d68 (minecraft@1.20.1)
8975:             1             16  net.minecraft.world.level.levelgen.feature.configurations.UnderwaterMagmaConfiguration$$Lambda$3273/0x0000000800aa9fa8 (minecraft@1.20.1)
8976:             1             16  net.minecraft.world.level.levelgen.feature.configurations.UnderwaterMagmaConfiguration$$Lambda$3274/0x0000000800aaa1e8 (minecraft@1.20.1)
8977:             1             16  net.minecraft.world.level.levelgen.feature.configurations.UnderwaterMagmaConfiguration$$Lambda$3275/0x0000000800aaa428 (minecraft@1.20.1)
8978:             1             16  net.minecraft.world.level.levelgen.feature.configurations.UnderwaterMagmaConfiguration$$Lambda$3276/0x0000000800aaa668 (minecraft@1.20.1)
8979:             1             16  net.minecraft.world.level.levelgen.feature.configurations.VegetationPatchConfiguration$$Lambda$3232/0x0000000800aa2620 (minecraft@1.20.1)
8980:             1             16  net.minecraft.world.level.levelgen.feature.configurations.VegetationPatchConfiguration$$Lambda$3233/0x0000000800aa2860 (minecraft@1.20.1)
8981:             1             16  net.minecraft.world.level.levelgen.feature.configurations.VegetationPatchConfiguration$$Lambda$3234/0x0000000800aa2aa0 (minecraft@1.20.1)
8982:             1             16  net.minecraft.world.level.levelgen.feature.configurations.VegetationPatchConfiguration$$Lambda$3235/0x0000000800aa2ce0 (minecraft@1.20.1)
8983:             1             16  net.minecraft.world.level.levelgen.feature.configurations.VegetationPatchConfiguration$$Lambda$3237/0x0000000800aa35a0 (minecraft@1.20.1)
8984:             1             16  net.minecraft.world.level.levelgen.feature.configurations.VegetationPatchConfiguration$$Lambda$3238/0x0000000800aa37e0 (minecraft@1.20.1)
8985:             1             16  net.minecraft.world.level.levelgen.feature.configurations.VegetationPatchConfiguration$$Lambda$3239/0x0000000800aa3a20 (minecraft@1.20.1)
8986:             1             16  net.minecraft.world.level.levelgen.feature.configurations.VegetationPatchConfiguration$$Lambda$3240/0x0000000800aa3c60 (minecraft@1.20.1)
8987:             1             16  net.minecraft.world.level.levelgen.feature.configurations.VegetationPatchConfiguration$$Lambda$3241/0x0000000800aa6000 (minecraft@1.20.1)
8988:             1             16  net.minecraft.world.level.levelgen.feature.configurations.VegetationPatchConfiguration$$Lambda$3242/0x0000000800aa6240 (minecraft@1.20.1)
8989:             1             16  net.minecraft.world.level.levelgen.feature.configurations.VegetationPatchConfiguration$$Lambda$3243/0x0000000800aa6480 (minecraft@1.20.1)
8990:             1             16  net.minecraft.world.level.levelgen.feature.configurations.VegetationPatchConfiguration$$Lambda$3244/0x0000000800aa66c0 (minecraft@1.20.1)
8991:             1             16  net.minecraft.world.level.levelgen.feature.featuresize.FeatureSize$$Lambda$3126/0x0000000800a8e048 (minecraft@1.20.1)
8992:             1             16  net.minecraft.world.level.levelgen.feature.featuresize.FeatureSize$$Lambda$3127/0x0000000800a8e288 (minecraft@1.20.1)
8993:             1             16  net.minecraft.world.level.levelgen.feature.featuresize.FeatureSize$$Lambda$3841/0x0000000800b256c0 (minecraft@1.20.1)
8994:             1             16  net.minecraft.world.level.levelgen.feature.featuresize.FeatureSize$$Lambda$3842/0x0000000800b25900 (minecraft@1.20.1)
8995:             1             16  net.minecraft.world.level.levelgen.feature.featuresize.FeatureSize$$Lambda$3843/0x0000000800b25b40 (minecraft@1.20.1)
8996:             1             16  net.minecraft.world.level.levelgen.feature.featuresize.ThreeLayersFeatureSize$$Lambda$3845/0x0000000800b24800 (minecraft@1.20.1)
8997:             1             16  net.minecraft.world.level.levelgen.feature.featuresize.ThreeLayersFeatureSize$$Lambda$3846/0x0000000800b24a40 (minecraft@1.20.1)
8998:             1             16  net.minecraft.world.level.levelgen.feature.featuresize.ThreeLayersFeatureSize$$Lambda$3847/0x0000000800b24c80 (minecraft@1.20.1)
8999:             1             16  net.minecraft.world.level.levelgen.feature.featuresize.ThreeLayersFeatureSize$$Lambda$3848/0x0000000800b28000 (minecraft@1.20.1)
9000:             1             16  net.minecraft.world.level.levelgen.feature.featuresize.ThreeLayersFeatureSize$$Lambda$3849/0x0000000800b28240 (minecraft@1.20.1)
9001:             1             16  net.minecraft.world.level.levelgen.feature.featuresize.ThreeLayersFeatureSize$$Lambda$3850/0x0000000800b28480 (minecraft@1.20.1)
9002:             1             16  net.minecraft.world.level.levelgen.feature.featuresize.ThreeLayersFeatureSize$$Lambda$3851/0x0000000800b286c0 (minecraft@1.20.1)
9003:             1             16  net.minecraft.world.level.levelgen.feature.featuresize.TwoLayersFeatureSize$$Lambda$3837/0x0000000800b27d10 (minecraft@1.20.1)
9004:             1             16  net.minecraft.world.level.levelgen.feature.featuresize.TwoLayersFeatureSize$$Lambda$3838/0x0000000800b25000 (minecraft@1.20.1)
9005:             1             16  net.minecraft.world.level.levelgen.feature.featuresize.TwoLayersFeatureSize$$Lambda$3839/0x0000000800b25240 (minecraft@1.20.1)
9006:             1             16  net.minecraft.world.level.levelgen.feature.featuresize.TwoLayersFeatureSize$$Lambda$3840/0x0000000800b25480 (minecraft@1.20.1)
9007:             1             16  net.minecraft.world.level.levelgen.feature.featuresize.TwoLayersFeatureSize$$Lambda$3844/0x0000000800b25d80 (minecraft@1.20.1)
9008:             1             16  net.minecraft.world.level.levelgen.feature.foliageplacers.AcaciaFoliagePlacer$$Lambda$3743/0x0000000800b17b00 (minecraft@1.20.1)
9009:             1             16  net.minecraft.world.level.levelgen.feature.foliageplacers.AcaciaFoliagePlacer$$Lambda$3744/0x0000000800b17d40 (minecraft@1.20.1)
9010:             1             16  net.minecraft.world.level.levelgen.feature.foliageplacers.BlobFoliagePlacer$$Lambda$3732/0x0000000800b16240 (minecraft@1.20.1)
9011:             1             16  net.minecraft.world.level.levelgen.feature.foliageplacers.BlobFoliagePlacer$$Lambda$3735/0x0000000800b16900 (minecraft@1.20.1)
9012:             1             16  net.minecraft.world.level.levelgen.feature.foliageplacers.BlobFoliagePlacer$$Lambda$3736/0x0000000800b16b40 (minecraft@1.20.1)
9013:             1             16  net.minecraft.world.level.levelgen.feature.foliageplacers.BushFoliagePlacer$$Lambda$3745/0x0000000800b15000 (minecraft@1.20.1)
9014:             1             16  net.minecraft.world.level.levelgen.feature.foliageplacers.BushFoliagePlacer$$Lambda$3746/0x0000000800b15240 (minecraft@1.20.1)
9015:             1             16  net.minecraft.world.level.levelgen.feature.foliageplacers.CherryFoliagePlacer$$Lambda$3761/0x0000000800b18b40 (minecraft@1.20.1)
9016:             1             16  net.minecraft.world.level.levelgen.feature.foliageplacers.CherryFoliagePlacer$$Lambda$3762/0x0000000800b18d80 (minecraft@1.20.1)
9017:             1             16  net.minecraft.world.level.levelgen.feature.foliageplacers.CherryFoliagePlacer$$Lambda$3763/0x0000000800b18fc0 (minecraft@1.20.1)
9018:             1             16  net.minecraft.world.level.levelgen.feature.foliageplacers.CherryFoliagePlacer$$Lambda$3764/0x0000000800b19200 (minecraft@1.20.1)
9019:             1             16  net.minecraft.world.level.levelgen.feature.foliageplacers.CherryFoliagePlacer$$Lambda$3765/0x0000000800b19440 (minecraft@1.20.1)
9020:             1             16  net.minecraft.world.level.levelgen.feature.foliageplacers.CherryFoliagePlacer$$Lambda$3766/0x0000000800b19680 (minecraft@1.20.1)
9021:             1             16  net.minecraft.world.level.levelgen.feature.foliageplacers.CherryFoliagePlacer$$Lambda$3767/0x0000000800b198c0 (minecraft@1.20.1)
9022:             1             16  net.minecraft.world.level.levelgen.feature.foliageplacers.DarkOakFoliagePlacer$$Lambda$3755/0x0000000800b14400 (minecraft@1.20.1)
9023:             1             16  net.minecraft.world.level.levelgen.feature.foliageplacers.DarkOakFoliagePlacer$$Lambda$3756/0x0000000800b18000 (minecraft@1.20.1)
9024:             1             16  net.minecraft.world.level.levelgen.feature.foliageplacers.FancyFoliagePlacer$$Lambda$3747/0x0000000800b15480 (minecraft@1.20.1)
9025:             1             16  net.minecraft.world.level.levelgen.feature.foliageplacers.FancyFoliagePlacer$$Lambda$3748/0x0000000800b156c0 (minecraft@1.20.1)
9026:             1             16  net.minecraft.world.level.levelgen.feature.foliageplacers.FoliagePlacer$$Lambda$3119/0x0000000800a8ce48 (minecraft@1.20.1)
9027:             1             16  net.minecraft.world.level.levelgen.feature.foliageplacers.FoliagePlacer$$Lambda$3120/0x0000000800a8d088 (minecraft@1.20.1)
9028:             1             16  net.minecraft.world.level.levelgen.feature.foliageplacers.FoliagePlacer$$Lambda$3733/0x0000000800b16480 (minecraft@1.20.1)
9029:             1             16  net.minecraft.world.level.levelgen.feature.foliageplacers.FoliagePlacer$$Lambda$3734/0x0000000800b166c0 (minecraft@1.20.1)
9030:             1             16  net.minecraft.world.level.levelgen.feature.foliageplacers.MegaJungleFoliagePlacer$$Lambda$3749/0x0000000800b15900 (minecraft@1.20.1)
9031:             1             16  net.minecraft.world.level.levelgen.feature.foliageplacers.MegaJungleFoliagePlacer$$Lambda$3750/0x0000000800b15b40 (minecraft@1.20.1)
9032:             1             16  net.minecraft.world.level.levelgen.feature.foliageplacers.MegaJungleFoliagePlacer$$Lambda$3751/0x0000000800b15d80 (minecraft@1.20.1)
9033:             1             16  net.minecraft.world.level.levelgen.feature.foliageplacers.MegaPineFoliagePlacer$$Lambda$3752/0x0000000800b14800 (minecraft@1.20.1)
9034:             1             16  net.minecraft.world.level.levelgen.feature.foliageplacers.MegaPineFoliagePlacer$$Lambda$3753/0x0000000800b14a40 (minecraft@1.20.1)
9035:             1             16  net.minecraft.world.level.levelgen.feature.foliageplacers.MegaPineFoliagePlacer$$Lambda$3754/0x0000000800b14c80 (minecraft@1.20.1)
9036:             1             16  net.minecraft.world.level.levelgen.feature.foliageplacers.PineFoliagePlacer$$Lambda$3740/0x0000000800b17440 (minecraft@1.20.1)
9037:             1             16  net.minecraft.world.level.levelgen.feature.foliageplacers.PineFoliagePlacer$$Lambda$3741/0x0000000800b17680 (minecraft@1.20.1)
9038:             1             16  net.minecraft.world.level.levelgen.feature.foliageplacers.PineFoliagePlacer$$Lambda$3742/0x0000000800b178c0 (minecraft@1.20.1)
9039:             1             16  net.minecraft.world.level.levelgen.feature.foliageplacers.RandomSpreadFoliagePlacer$$Lambda$3757/0x0000000800b18230 (minecraft@1.20.1)
9040:             1             16  net.minecraft.world.level.levelgen.feature.foliageplacers.RandomSpreadFoliagePlacer$$Lambda$3758/0x0000000800b18470 (minecraft@1.20.1)
9041:             1             16  net.minecraft.world.level.levelgen.feature.foliageplacers.RandomSpreadFoliagePlacer$$Lambda$3759/0x0000000800b186b0 (minecraft@1.20.1)
9042:             1             16  net.minecraft.world.level.levelgen.feature.foliageplacers.RandomSpreadFoliagePlacer$$Lambda$3760/0x0000000800b188f0 (minecraft@1.20.1)
9043:             1             16  net.minecraft.world.level.levelgen.feature.foliageplacers.SpruceFoliagePlacer$$Lambda$3737/0x0000000800b16d80 (minecraft@1.20.1)
9044:             1             16  net.minecraft.world.level.levelgen.feature.foliageplacers.SpruceFoliagePlacer$$Lambda$3738/0x0000000800b16fc0 (minecraft@1.20.1)
9045:             1             16  net.minecraft.world.level.levelgen.feature.foliageplacers.SpruceFoliagePlacer$$Lambda$3739/0x0000000800b17200 (minecraft@1.20.1)
9046:             1             16  net.minecraft.world.level.levelgen.feature.rootplacers.AboveRootPlacement$$Lambda$3803/0x0000000800b20000 (minecraft@1.20.1)
9047:             1             16  net.minecraft.world.level.levelgen.feature.rootplacers.AboveRootPlacement$$Lambda$3804/0x0000000800b20240 (minecraft@1.20.1)
9048:             1             16  net.minecraft.world.level.levelgen.feature.rootplacers.AboveRootPlacement$$Lambda$3805/0x0000000800b20480 (minecraft@1.20.1)
9049:             1             16  net.minecraft.world.level.levelgen.feature.rootplacers.AboveRootPlacement$$Lambda$3806/0x0000000800b206c0 (minecraft@1.20.1)
9050:             1             16  net.minecraft.world.level.levelgen.feature.rootplacers.MangroveRootPlacement$$Lambda$3808/0x0000000800b20d40 (minecraft@1.20.1)
9051:             1             16  net.minecraft.world.level.levelgen.feature.rootplacers.MangroveRootPlacement$$Lambda$3809/0x0000000800b20f80 (minecraft@1.20.1)
9052:             1             16  net.minecraft.world.level.levelgen.feature.rootplacers.MangroveRootPlacement$$Lambda$3810/0x0000000800b211c0 (minecraft@1.20.1)
9053:             1             16  net.minecraft.world.level.levelgen.feature.rootplacers.MangroveRootPlacement$$Lambda$3811/0x0000000800b21400 (minecraft@1.20.1)
9054:             1             16  net.minecraft.world.level.levelgen.feature.rootplacers.MangroveRootPlacement$$Lambda$3812/0x0000000800b21640 (minecraft@1.20.1)
9055:             1             16  net.minecraft.world.level.levelgen.feature.rootplacers.MangroveRootPlacement$$Lambda$3813/0x0000000800b21880 (minecraft@1.20.1)
9056:             1             16  net.minecraft.world.level.levelgen.feature.rootplacers.MangroveRootPlacement$$Lambda$3814/0x0000000800b21ac0 (minecraft@1.20.1)
9057:             1             16  net.minecraft.world.level.levelgen.feature.rootplacers.MangroveRootPlacement$$Lambda$3815/0x0000000800b21d00 (minecraft@1.20.1)
9058:             1             16  net.minecraft.world.level.levelgen.feature.rootplacers.MangroveRootPlacer$$Lambda$3800/0x0000000800b1d708 (minecraft@1.20.1)
9059:             1             16  net.minecraft.world.level.levelgen.feature.rootplacers.MangroveRootPlacer$$Lambda$3816/0x0000000800b21f70 (minecraft@1.20.1)
9060:             1             16  net.minecraft.world.level.levelgen.feature.rootplacers.MangroveRootPlacer$$Lambda$3817/0x0000000800b221b0 (minecraft@1.20.1)
9061:             1             16  net.minecraft.world.level.levelgen.feature.rootplacers.RootPlacer$$Lambda$3122/0x0000000800a8d748 (minecraft@1.20.1)
9062:             1             16  net.minecraft.world.level.levelgen.feature.rootplacers.RootPlacer$$Lambda$3123/0x0000000800a8d988 (minecraft@1.20.1)
9063:             1             16  net.minecraft.world.level.levelgen.feature.rootplacers.RootPlacer$$Lambda$3801/0x0000000800b1d948 (minecraft@1.20.1)
9064:             1             16  net.minecraft.world.level.levelgen.feature.rootplacers.RootPlacer$$Lambda$3802/0x0000000800b1db88 (minecraft@1.20.1)
9065:             1             16  net.minecraft.world.level.levelgen.feature.rootplacers.RootPlacer$$Lambda$3807/0x0000000800b208f0 (minecraft@1.20.1)
9066:             1             16  net.minecraft.world.level.levelgen.feature.rootplacers.RootPlacerType (minecraft@1.20.1)
9067:             1             16  net.minecraft.world.level.levelgen.feature.stateproviders.BlockStateProvider$$Lambda$3112/0x0000000800a8be88 (minecraft@1.20.1)
9068:             1             16  net.minecraft.world.level.levelgen.feature.stateproviders.BlockStateProvider$$Lambda$3113/0x0000000800a8c0c8 (minecraft@1.20.1)
9069:             1             16  net.minecraft.world.level.levelgen.feature.stateproviders.DualNoiseProvider$$Lambda$3702/0x0000000800b09918 (minecraft@1.20.1)
9070:             1             16  net.minecraft.world.level.levelgen.feature.stateproviders.DualNoiseProvider$$Lambda$3719/0x0000000800b121f0 (minecraft@1.20.1)
9071:             1             16  net.minecraft.world.level.levelgen.feature.stateproviders.DualNoiseProvider$$Lambda$3720/0x0000000800b12430 (minecraft@1.20.1)
9072:             1             16  net.minecraft.world.level.levelgen.feature.stateproviders.DualNoiseProvider$$Lambda$3721/0x0000000800b12670 (minecraft@1.20.1)
9073:             1             16  net.minecraft.world.level.levelgen.feature.stateproviders.DualNoiseProvider$$Lambda$3722/0x0000000800b128b0 (minecraft@1.20.1)
9074:             1             16  net.minecraft.world.level.levelgen.feature.stateproviders.NoiseBasedStateProvider$$Lambda$3686/0x0000000800b0fbb0 (minecraft@1.20.1)
9075:             1             16  net.minecraft.world.level.levelgen.feature.stateproviders.NoiseBasedStateProvider$$Lambda$3691/0x0000000800b0ab28 (minecraft@1.20.1)
9076:             1             16  net.minecraft.world.level.levelgen.feature.stateproviders.NoiseBasedStateProvider$$Lambda$3692/0x0000000800b0ad68 (minecraft@1.20.1)
9077:             1             16  net.minecraft.world.level.levelgen.feature.stateproviders.NoiseProvider$$Lambda$3699/0x0000000800b09000 (minecraft@1.20.1)
9078:             1             16  net.minecraft.world.level.levelgen.feature.stateproviders.NoiseProvider$$Lambda$3700/0x0000000800b09240 (minecraft@1.20.1)
9079:             1             16  net.minecraft.world.level.levelgen.feature.stateproviders.NoiseProvider$$Lambda$3701/0x0000000800b09480 (minecraft@1.20.1)
9080:             1             16  net.minecraft.world.level.levelgen.feature.stateproviders.NoiseThresholdProvider$$Lambda$3685/0x0000000800b0f970 (minecraft@1.20.1)
9081:             1             16  net.minecraft.world.level.levelgen.feature.stateproviders.NoiseThresholdProvider$$Lambda$3693/0x0000000800b0afa8 (minecraft@1.20.1)
9082:             1             16  net.minecraft.world.level.levelgen.feature.stateproviders.NoiseThresholdProvider$$Lambda$3694/0x0000000800b0b1e8 (minecraft@1.20.1)
9083:             1             16  net.minecraft.world.level.levelgen.feature.stateproviders.NoiseThresholdProvider$$Lambda$3695/0x0000000800b0b428 (minecraft@1.20.1)
9084:             1             16  net.minecraft.world.level.levelgen.feature.stateproviders.NoiseThresholdProvider$$Lambda$3696/0x0000000800b0b668 (minecraft@1.20.1)
9085:             1             16  net.minecraft.world.level.levelgen.feature.stateproviders.NoiseThresholdProvider$$Lambda$3697/0x0000000800b0b8a8 (minecraft@1.20.1)
9086:             1             16  net.minecraft.world.level.levelgen.feature.stateproviders.NoiseThresholdProvider$$Lambda$3698/0x0000000800b0bae8 (minecraft@1.20.1)
9087:             1             16  net.minecraft.world.level.levelgen.feature.stateproviders.RandomizedIntStateProvider$$Lambda$3727/0x0000000800b13650 (minecraft@1.20.1)
9088:             1             16  net.minecraft.world.level.levelgen.feature.stateproviders.RandomizedIntStateProvider$$Lambda$3728/0x0000000800b13890 (minecraft@1.20.1)
9089:             1             16  net.minecraft.world.level.levelgen.feature.stateproviders.RandomizedIntStateProvider$$Lambda$3729/0x0000000800b13ad0 (minecraft@1.20.1)
9090:             1             16  net.minecraft.world.level.levelgen.feature.stateproviders.RandomizedIntStateProvider$$Lambda$3730/0x0000000800b13d10 (minecraft@1.20.1)
9091:             1             16  net.minecraft.world.level.levelgen.feature.stateproviders.RandomizedIntStateProvider$$Lambda$3731/0x0000000800b16000 (minecraft@1.20.1)
9092:             1             16  net.minecraft.world.level.levelgen.feature.stateproviders.RotatedBlockProvider$$Lambda$3723/0x0000000800b12d50 (minecraft@1.20.1)
9093:             1             16  net.minecraft.world.level.levelgen.feature.stateproviders.RotatedBlockProvider$$Lambda$3724/0x0000000800b12f90 (minecraft@1.20.1)
9094:             1             16  net.minecraft.world.level.levelgen.feature.stateproviders.RotatedBlockProvider$$Lambda$3725/0x0000000800b131d0 (minecraft@1.20.1)
9095:             1             16  net.minecraft.world.level.levelgen.feature.stateproviders.RotatedBlockProvider$$Lambda$3726/0x0000000800b13410 (minecraft@1.20.1)
9096:             1             16  net.minecraft.world.level.levelgen.feature.stateproviders.RuleBasedBlockStateProvider$$Lambda$3280/0x0000000800aab9c8 (minecraft@1.20.1)
9097:             1             16  net.minecraft.world.level.levelgen.feature.stateproviders.RuleBasedBlockStateProvider$$Lambda$3281/0x0000000800aabc08 (minecraft@1.20.1)
9098:             1             16  net.minecraft.world.level.levelgen.feature.stateproviders.RuleBasedBlockStateProvider$$Lambda$3286/0x0000000800ab4b00 (minecraft@1.20.1)
9099:             1             16  net.minecraft.world.level.levelgen.feature.stateproviders.RuleBasedBlockStateProvider$$Lambda$3287/0x0000000800ab4d40 (minecraft@1.20.1)
9100:             1             16  net.minecraft.world.level.levelgen.feature.stateproviders.RuleBasedBlockStateProvider$Rule$$Lambda$3282/0x0000000800ab4210 (minecraft@1.20.1)
9101:             1             16  net.minecraft.world.level.levelgen.feature.stateproviders.RuleBasedBlockStateProvider$Rule$$Lambda$3283/0x0000000800ab4450 (minecraft@1.20.1)
9102:             1             16  net.minecraft.world.level.levelgen.feature.stateproviders.RuleBasedBlockStateProvider$Rule$$Lambda$3284/0x0000000800ab4690 (minecraft@1.20.1)
9103:             1             16  net.minecraft.world.level.levelgen.feature.stateproviders.RuleBasedBlockStateProvider$Rule$$Lambda$3285/0x0000000800ab48d0 (minecraft@1.20.1)
9104:             1             16  net.minecraft.world.level.levelgen.feature.stateproviders.SimpleStateProvider$$Lambda$3681/0x0000000800b0ec18 (minecraft@1.20.1)
9105:             1             16  net.minecraft.world.level.levelgen.feature.stateproviders.SimpleStateProvider$$Lambda$3682/0x0000000800b0ee58 (minecraft@1.20.1)
9106:             1             16  net.minecraft.world.level.levelgen.feature.stateproviders.WeightedStateProvider$$Lambda$3683/0x0000000800b0f098 (minecraft@1.20.1)
9107:             1             16  net.minecraft.world.level.levelgen.feature.stateproviders.WeightedStateProvider$$Lambda$3684/0x0000000800b0f2d8 (minecraft@1.20.1)
9108:             1             16  net.minecraft.world.level.levelgen.feature.treedecorators.AlterGroundDecorator$$Lambda$3827/0x0000000800b26440 (minecraft@1.20.1)
9109:             1             16  net.minecraft.world.level.levelgen.feature.treedecorators.AlterGroundDecorator$$Lambda$3828/0x0000000800b26680 (minecraft@1.20.1)
9110:             1             16  net.minecraft.world.level.levelgen.feature.treedecorators.AttachedToLeavesDecorator$$Lambda$3829/0x0000000800b26ae0 (minecraft@1.20.1)
9111:             1             16  net.minecraft.world.level.levelgen.feature.treedecorators.AttachedToLeavesDecorator$$Lambda$3830/0x0000000800b26d20 (minecraft@1.20.1)
9112:             1             16  net.minecraft.world.level.levelgen.feature.treedecorators.AttachedToLeavesDecorator$$Lambda$3831/0x0000000800b26f60 (minecraft@1.20.1)
9113:             1             16  net.minecraft.world.level.levelgen.feature.treedecorators.AttachedToLeavesDecorator$$Lambda$3832/0x0000000800b271a0 (minecraft@1.20.1)
9114:             1             16  net.minecraft.world.level.levelgen.feature.treedecorators.AttachedToLeavesDecorator$$Lambda$3833/0x0000000800b273e0 (minecraft@1.20.1)
9115:             1             16  net.minecraft.world.level.levelgen.feature.treedecorators.AttachedToLeavesDecorator$$Lambda$3834/0x0000000800b27620 (minecraft@1.20.1)
9116:             1             16  net.minecraft.world.level.levelgen.feature.treedecorators.AttachedToLeavesDecorator$$Lambda$3835/0x0000000800b27860 (minecraft@1.20.1)
9117:             1             16  net.minecraft.world.level.levelgen.feature.treedecorators.AttachedToLeavesDecorator$$Lambda$3836/0x0000000800b27aa0 (minecraft@1.20.1)
9118:             1             16  net.minecraft.world.level.levelgen.feature.treedecorators.BeehiveDecorator$$Lambda$3823/0x0000000800b23780 (minecraft@1.20.1)
9119:             1             16  net.minecraft.world.level.levelgen.feature.treedecorators.BeehiveDecorator$$Lambda$3824/0x0000000800b239c0 (minecraft@1.20.1)
9120:             1             16  net.minecraft.world.level.levelgen.feature.treedecorators.BeehiveDecorator$$Lambda$3825/0x0000000800b23c00 (minecraft@1.20.1)
9121:             1             16  net.minecraft.world.level.levelgen.feature.treedecorators.BeehiveDecorator$$Lambda$3826/0x0000000800b26000 (minecraft@1.20.1)
9122:             1             16  net.minecraft.world.level.levelgen.feature.treedecorators.CocoaDecorator$$Lambda$3821/0x0000000800b230e8 (minecraft@1.20.1)
9123:             1             16  net.minecraft.world.level.levelgen.feature.treedecorators.CocoaDecorator$$Lambda$3822/0x0000000800b23328 (minecraft@1.20.1)
9124:             1             16  net.minecraft.world.level.levelgen.feature.treedecorators.LeaveVineDecorator$$Lambda$3819/0x0000000800b22a50 (minecraft@1.20.1)
9125:             1             16  net.minecraft.world.level.levelgen.feature.treedecorators.LeaveVineDecorator$$Lambda$3820/0x0000000800b22c90 (minecraft@1.20.1)
9126:             1             16  net.minecraft.world.level.levelgen.feature.treedecorators.TreeDecorator$$Lambda$3129/0x0000000800a8e920 (minecraft@1.20.1)
9127:             1             16  net.minecraft.world.level.levelgen.feature.treedecorators.TreeDecorator$$Lambda$3130/0x0000000800a8eb60 (minecraft@1.20.1)
9128:             1             16  net.minecraft.world.level.levelgen.feature.treedecorators.TrunkVineDecorator (minecraft@1.20.1)
9129:             1             16  net.minecraft.world.level.levelgen.feature.treedecorators.TrunkVineDecorator$$Lambda$3818/0x0000000800b22618 (minecraft@1.20.1)
9130:             1             16  net.minecraft.world.level.levelgen.feature.trunkplacers.BendingTrunkPlacer$$Lambda$3783/0x0000000800b1bd00 (minecraft@1.20.1)
9131:             1             16  net.minecraft.world.level.levelgen.feature.trunkplacers.BendingTrunkPlacer$$Lambda$3784/0x0000000800b1e000 (minecraft@1.20.1)
9132:             1             16  net.minecraft.world.level.levelgen.feature.trunkplacers.BendingTrunkPlacer$$Lambda$3785/0x0000000800b1e240 (minecraft@1.20.1)
9133:             1             16  net.minecraft.world.level.levelgen.feature.trunkplacers.BendingTrunkPlacer$$Lambda$3786/0x0000000800b1e480 (minecraft@1.20.1)
9134:             1             16  net.minecraft.world.level.levelgen.feature.trunkplacers.CherryTrunkPlacer$$Lambda$3793/0x0000000800b1f4a0 (minecraft@1.20.1)
9135:             1             16  net.minecraft.world.level.levelgen.feature.trunkplacers.CherryTrunkPlacer$$Lambda$3794/0x0000000800b1f6e0 (minecraft@1.20.1)
9136:             1             16  net.minecraft.world.level.levelgen.feature.trunkplacers.CherryTrunkPlacer$$Lambda$3795/0x0000000800b1f920 (minecraft@1.20.1)
9137:             1             16  net.minecraft.world.level.levelgen.feature.trunkplacers.CherryTrunkPlacer$$Lambda$3796/0x0000000800b1fb60 (minecraft@1.20.1)
9138:             1             16  net.minecraft.world.level.levelgen.feature.trunkplacers.CherryTrunkPlacer$$Lambda$3797/0x0000000800b1fda0 (minecraft@1.20.1)
9139:             1             16  net.minecraft.world.level.levelgen.feature.trunkplacers.CherryTrunkPlacer$$Lambda$3798/0x0000000800b1d000 (minecraft@1.20.1)
9140:             1             16  net.minecraft.world.level.levelgen.feature.trunkplacers.CherryTrunkPlacer$$Lambda$3799/0x0000000800b1d240 (minecraft@1.20.1)
9141:             1             16  net.minecraft.world.level.levelgen.feature.trunkplacers.DarkOakTrunkPlacer$$Lambda$3779/0x0000000800b1b400 (minecraft@1.20.1)
9142:             1             16  net.minecraft.world.level.levelgen.feature.trunkplacers.DarkOakTrunkPlacer$$Lambda$3780/0x0000000800b1b640 (minecraft@1.20.1)
9143:             1             16  net.minecraft.world.level.levelgen.feature.trunkplacers.FancyTrunkPlacer$$Lambda$3781/0x0000000800b1b880 (minecraft@1.20.1)
9144:             1             16  net.minecraft.world.level.levelgen.feature.trunkplacers.FancyTrunkPlacer$$Lambda$3782/0x0000000800b1bac0 (minecraft@1.20.1)
9145:             1             16  net.minecraft.world.level.levelgen.feature.trunkplacers.ForkingTrunkPlacer$$Lambda$3773/0x0000000800b1a680 (minecraft@1.20.1)
9146:             1             16  net.minecraft.world.level.levelgen.feature.trunkplacers.ForkingTrunkPlacer$$Lambda$3774/0x0000000800b1a8c0 (minecraft@1.20.1)
9147:             1             16  net.minecraft.world.level.levelgen.feature.trunkplacers.GiantTrunkPlacer$$Lambda$3775/0x0000000800b1ab00 (minecraft@1.20.1)
9148:             1             16  net.minecraft.world.level.levelgen.feature.trunkplacers.GiantTrunkPlacer$$Lambda$3776/0x0000000800b1ad40 (minecraft@1.20.1)
9149:             1             16  net.minecraft.world.level.levelgen.feature.trunkplacers.MegaJungleTrunkPlacer$$Lambda$3777/0x0000000800b1af80 (minecraft@1.20.1)
9150:             1             16  net.minecraft.world.level.levelgen.feature.trunkplacers.MegaJungleTrunkPlacer$$Lambda$3778/0x0000000800b1b1c0 (minecraft@1.20.1)
9151:             1             16  net.minecraft.world.level.levelgen.feature.trunkplacers.StraightTrunkPlacer$$Lambda$3768/0x0000000800b19b40 (minecraft@1.20.1)
9152:             1             16  net.minecraft.world.level.levelgen.feature.trunkplacers.StraightTrunkPlacer$$Lambda$3772/0x0000000800b1a440 (minecraft@1.20.1)
9153:             1             16  net.minecraft.world.level.levelgen.feature.trunkplacers.TrunkPlacer$$Lambda$3115/0x0000000800a8c548 (minecraft@1.20.1)
9154:             1             16  net.minecraft.world.level.levelgen.feature.trunkplacers.TrunkPlacer$$Lambda$3116/0x0000000800a8c788 (minecraft@1.20.1)
9155:             1             16  net.minecraft.world.level.levelgen.feature.trunkplacers.TrunkPlacer$$Lambda$3769/0x0000000800b19d80 (minecraft@1.20.1)
9156:             1             16  net.minecraft.world.level.levelgen.feature.trunkplacers.TrunkPlacer$$Lambda$3770/0x0000000800b19fc0 (minecraft@1.20.1)
9157:             1             16  net.minecraft.world.level.levelgen.feature.trunkplacers.TrunkPlacer$$Lambda$3771/0x0000000800b1a200 (minecraft@1.20.1)
9158:             1             16  net.minecraft.world.level.levelgen.feature.trunkplacers.UpwardsBranchingTrunkPlacer$$Lambda$3787/0x0000000800b1e6e0 (minecraft@1.20.1)
9159:             1             16  net.minecraft.world.level.levelgen.feature.trunkplacers.UpwardsBranchingTrunkPlacer$$Lambda$3788/0x0000000800b1e920 (minecraft@1.20.1)
9160:             1             16  net.minecraft.world.level.levelgen.feature.trunkplacers.UpwardsBranchingTrunkPlacer$$Lambda$3789/0x0000000800b1eb60 (minecraft@1.20.1)
9161:             1             16  net.minecraft.world.level.levelgen.feature.trunkplacers.UpwardsBranchingTrunkPlacer$$Lambda$3790/0x0000000800b1eda0 (minecraft@1.20.1)
9162:             1             16  net.minecraft.world.level.levelgen.feature.trunkplacers.UpwardsBranchingTrunkPlacer$$Lambda$3791/0x0000000800b1efe0 (minecraft@1.20.1)
9163:             1             16  net.minecraft.world.level.levelgen.feature.trunkplacers.UpwardsBranchingTrunkPlacer$$Lambda$3792/0x0000000800b1f220 (minecraft@1.20.1)
9164:             1             16  net.minecraft.world.level.levelgen.flat.FlatLayerInfo$$Lambda$4031/0x0000000800b52500 (minecraft@1.20.1)
9165:             1             16  net.minecraft.world.level.levelgen.flat.FlatLayerInfo$$Lambda$4032/0x0000000800b52740 (minecraft@1.20.1)
9166:             1             16  net.minecraft.world.level.levelgen.flat.FlatLayerInfo$$Lambda$4033/0x0000000800b52980 (minecraft@1.20.1)
9167:             1             16  net.minecraft.world.level.levelgen.flat.FlatLayerInfo$$Lambda$4034/0x0000000800b52bc0 (minecraft@1.20.1)
9168:             1             16  net.minecraft.world.level.levelgen.flat.FlatLevelGeneratorSettings$$Lambda$4029/0x0000000800b51e60 (minecraft@1.20.1)
9169:             1             16  net.minecraft.world.level.levelgen.flat.FlatLevelGeneratorSettings$$Lambda$4030/0x0000000800b520a0 (minecraft@1.20.1)
9170:             1             16  net.minecraft.world.level.levelgen.flat.FlatLevelGeneratorSettings$$Lambda$4035/0x0000000800b52df0 (minecraft@1.20.1)
9171:             1             16  net.minecraft.world.level.levelgen.flat.FlatLevelGeneratorSettings$$Lambda$4036/0x0000000800b53030 (minecraft@1.20.1)
9172:             1             16  net.minecraft.world.level.levelgen.flat.FlatLevelGeneratorSettings$$Lambda$4037/0x0000000800b53270 (minecraft@1.20.1)
9173:             1             16  net.minecraft.world.level.levelgen.flat.FlatLevelGeneratorSettings$$Lambda$4038/0x0000000800b534b0 (minecraft@1.20.1)
9174:             1             16  net.minecraft.world.level.levelgen.flat.FlatLevelGeneratorSettings$$Lambda$4039/0x0000000800b536d0 (minecraft@1.20.1)
9175:             1             16  net.minecraft.world.level.levelgen.flat.FlatLevelGeneratorSettings$$Lambda$4040/0x0000000800b53d20 (minecraft@1.20.1)
9176:             1             16  net.minecraft.world.level.levelgen.flat.FlatLevelGeneratorSettings$$Lambda$4041/0x0000000800b56000 (minecraft@1.20.1)
9177:             1             16  net.minecraft.world.level.levelgen.heightproviders.BiasedToBottomHeight$$Lambda$3003/0x0000000800a69f18 (minecraft@1.20.1)
9178:             1             16  net.minecraft.world.level.levelgen.heightproviders.BiasedToBottomHeight$$Lambda$3004/0x0000000800a6a158 (minecraft@1.20.1)
9179:             1             16  net.minecraft.world.level.levelgen.heightproviders.BiasedToBottomHeight$$Lambda$3005/0x0000000800a6a398 (minecraft@1.20.1)
9180:             1             16  net.minecraft.world.level.levelgen.heightproviders.BiasedToBottomHeight$$Lambda$3006/0x0000000800a6a5d8 (minecraft@1.20.1)
9181:             1             16  net.minecraft.world.level.levelgen.heightproviders.BiasedToBottomHeight$$Lambda$3007/0x0000000800a6a818 (minecraft@1.20.1)
9182:             1             16  net.minecraft.world.level.levelgen.heightproviders.ConstantHeight (minecraft@1.20.1)
9183:             1             16  net.minecraft.world.level.levelgen.heightproviders.ConstantHeight$$Lambda$2993/0x0000000800a68480 (minecraft@1.20.1)
9184:             1             16  net.minecraft.world.level.levelgen.heightproviders.ConstantHeight$$Lambda$2994/0x0000000800a686c0 (minecraft@1.20.1)
9185:             1             16  net.minecraft.world.level.levelgen.heightproviders.ConstantHeight$$Lambda$2995/0x0000000800a68900 (minecraft@1.20.1)
9186:             1             16  net.minecraft.world.level.levelgen.heightproviders.ConstantHeight$$Lambda$2996/0x0000000800a68b40 (minecraft@1.20.1)
9187:             1             16  net.minecraft.world.level.levelgen.heightproviders.ConstantHeight$$Lambda$2997/0x0000000800a68d80 (minecraft@1.20.1)
9188:             1             16  net.minecraft.world.level.levelgen.heightproviders.HeightProvider$$Lambda$2989/0x0000000800a64a40 (minecraft@1.20.1)
9189:             1             16  net.minecraft.world.level.levelgen.heightproviders.HeightProvider$$Lambda$2990/0x0000000800a64c80 (minecraft@1.20.1)
9190:             1             16  net.minecraft.world.level.levelgen.heightproviders.HeightProvider$$Lambda$2991/0x0000000800a68000 (minecraft@1.20.1)
9191:             1             16  net.minecraft.world.level.levelgen.heightproviders.HeightProvider$$Lambda$2992/0x0000000800a68240 (minecraft@1.20.1)
9192:             1             16  net.minecraft.world.level.levelgen.heightproviders.TrapezoidHeight$$Lambda$3013/0x0000000800a6b9d8 (minecraft@1.20.1)
9193:             1             16  net.minecraft.world.level.levelgen.heightproviders.TrapezoidHeight$$Lambda$3014/0x0000000800a6bc18 (minecraft@1.20.1)
9194:             1             16  net.minecraft.world.level.levelgen.heightproviders.TrapezoidHeight$$Lambda$3015/0x0000000800a6be58 (minecraft@1.20.1)
9195:             1             16  net.minecraft.world.level.levelgen.heightproviders.TrapezoidHeight$$Lambda$3016/0x0000000800a6c098 (minecraft@1.20.1)
9196:             1             16  net.minecraft.world.level.levelgen.heightproviders.TrapezoidHeight$$Lambda$3017/0x0000000800a6c2d8 (minecraft@1.20.1)
9197:             1             16  net.minecraft.world.level.levelgen.heightproviders.UniformHeight$$Lambda$2999/0x0000000800a69408 (minecraft@1.20.1)
9198:             1             16  net.minecraft.world.level.levelgen.heightproviders.UniformHeight$$Lambda$3000/0x0000000800a69648 (minecraft@1.20.1)
9199:             1             16  net.minecraft.world.level.levelgen.heightproviders.UniformHeight$$Lambda$3001/0x0000000800a69888 (minecraft@1.20.1)
9200:             1             16  net.minecraft.world.level.levelgen.heightproviders.UniformHeight$$Lambda$3002/0x0000000800a69ac8 (minecraft@1.20.1)
9201:             1             16  net.minecraft.world.level.levelgen.heightproviders.VeryBiasedToBottomHeight$$Lambda$3008/0x0000000800a6ac78 (minecraft@1.20.1)
9202:             1             16  net.minecraft.world.level.levelgen.heightproviders.VeryBiasedToBottomHeight$$Lambda$3009/0x0000000800a6aeb8 (minecraft@1.20.1)
9203:             1             16  net.minecraft.world.level.levelgen.heightproviders.VeryBiasedToBottomHeight$$Lambda$3010/0x0000000800a6b0f8 (minecraft@1.20.1)
9204:             1             16  net.minecraft.world.level.levelgen.heightproviders.VeryBiasedToBottomHeight$$Lambda$3011/0x0000000800a6b338 (minecraft@1.20.1)
9205:             1             16  net.minecraft.world.level.levelgen.heightproviders.VeryBiasedToBottomHeight$$Lambda$3012/0x0000000800a6b578 (minecraft@1.20.1)
9206:             1             16  net.minecraft.world.level.levelgen.heightproviders.WeightedListHeight$$Lambda$3018/0x0000000800a6c738 (minecraft@1.20.1)
9207:             1             16  net.minecraft.world.level.levelgen.heightproviders.WeightedListHeight$$Lambda$3019/0x0000000800a6c978 (minecraft@1.20.1)
9208:             1             16  net.minecraft.world.level.levelgen.heightproviders.WeightedListHeight$$Lambda$3020/0x0000000800a6cbb8 (minecraft@1.20.1)
9209:             1             16  net.minecraft.world.level.levelgen.placement.BiomeFilter (minecraft@1.20.1)
9210:             1             16  net.minecraft.world.level.levelgen.placement.BiomeFilter$$Lambda$3646/0x0000000800b03ed0 (minecraft@1.20.1)
9211:             1             16  net.minecraft.world.level.levelgen.placement.BlockPredicateFilter$$Lambda$3632/0x0000000800b016e0 (minecraft@1.20.1)
9212:             1             16  net.minecraft.world.level.levelgen.placement.BlockPredicateFilter$$Lambda$3633/0x0000000800b01920 (minecraft@1.20.1)
9213:             1             16  net.minecraft.world.level.levelgen.placement.BlockPredicateFilter$$Lambda$3634/0x0000000800b01b60 (minecraft@1.20.1)
9214:             1             16  net.minecraft.world.level.levelgen.placement.CarvingMaskPlacement$$Lambda$3679/0x0000000800b0e798 (minecraft@1.20.1)
9215:             1             16  net.minecraft.world.level.levelgen.placement.CarvingMaskPlacement$$Lambda$3680/0x0000000800b0e9d8 (minecraft@1.20.1)
9216:             1             16  net.minecraft.world.level.levelgen.placement.CaveSurface$$Lambda$3236/0x0000000800aa3380 (minecraft@1.20.1)
9217:             1             16  net.minecraft.world.level.levelgen.placement.CountOnEveryLayerPlacement$$Lambda$3659/0x0000000800b06698 (minecraft@1.20.1)
9218:             1             16  net.minecraft.world.level.levelgen.placement.CountOnEveryLayerPlacement$$Lambda$3660/0x0000000800b068d8 (minecraft@1.20.1)
9219:             1             16  net.minecraft.world.level.levelgen.placement.CountPlacement$$Lambda$3647/0x0000000800b04538 (minecraft@1.20.1)
9220:             1             16  net.minecraft.world.level.levelgen.placement.CountPlacement$$Lambda$3648/0x0000000800b04778 (minecraft@1.20.1)
9221:             1             16  net.minecraft.world.level.levelgen.placement.EnvironmentScanPlacement$$Lambda$3661/0x0000000800b06d38 (minecraft@1.20.1)
9222:             1             16  net.minecraft.world.level.levelgen.placement.EnvironmentScanPlacement$$Lambda$3662/0x0000000800b06f78 (minecraft@1.20.1)
9223:             1             16  net.minecraft.world.level.levelgen.placement.EnvironmentScanPlacement$$Lambda$3663/0x0000000800b071b8 (minecraft@1.20.1)
9224:             1             16  net.minecraft.world.level.levelgen.placement.EnvironmentScanPlacement$$Lambda$3664/0x0000000800b073f8 (minecraft@1.20.1)
9225:             1             16  net.minecraft.world.level.levelgen.placement.EnvironmentScanPlacement$$Lambda$3665/0x0000000800b07638 (minecraft@1.20.1)
9226:             1             16  net.minecraft.world.level.levelgen.placement.EnvironmentScanPlacement$$Lambda$3666/0x0000000800b07878 (minecraft@1.20.1)
9227:             1             16  net.minecraft.world.level.levelgen.placement.HeightRangePlacement$$Lambda$3670/0x0000000800b0c8f8 (minecraft@1.20.1)
9228:             1             16  net.minecraft.world.level.levelgen.placement.HeightRangePlacement$$Lambda$3671/0x0000000800b0cb38 (minecraft@1.20.1)
9229:             1             16  net.minecraft.world.level.levelgen.placement.HeightRangePlacement$$Lambda$3672/0x0000000800b0cd78 (minecraft@1.20.1)
9230:             1             16  net.minecraft.world.level.levelgen.placement.HeightmapPlacement$$Lambda$3667/0x0000000800b07ce8 (minecraft@1.20.1)
9231:             1             16  net.minecraft.world.level.levelgen.placement.HeightmapPlacement$$Lambda$3668/0x0000000800b0c000 (minecraft@1.20.1)
9232:             1             16  net.minecraft.world.level.levelgen.placement.HeightmapPlacement$$Lambda$3669/0x0000000800b0c240 (minecraft@1.20.1)
9233:             1             16  net.minecraft.world.level.levelgen.placement.InSquarePlacement (minecraft@1.20.1)
9234:             1             16  net.minecraft.world.level.levelgen.placement.InSquarePlacement$$Lambda$3673/0x0000000800b0d1d0 (minecraft@1.20.1)
9235:             1             16  net.minecraft.world.level.levelgen.placement.NoiseBasedCountPlacement$$Lambda$3649/0x0000000800b04bd8 (minecraft@1.20.1)
9236:             1             16  net.minecraft.world.level.levelgen.placement.NoiseBasedCountPlacement$$Lambda$3650/0x0000000800b04e18 (minecraft@1.20.1)
9237:             1             16  net.minecraft.world.level.levelgen.placement.NoiseBasedCountPlacement$$Lambda$3651/0x0000000800b05058 (minecraft@1.20.1)
9238:             1             16  net.minecraft.world.level.levelgen.placement.NoiseBasedCountPlacement$$Lambda$3652/0x0000000800b05298 (minecraft@1.20.1)
9239:             1             16  net.minecraft.world.level.levelgen.placement.NoiseBasedCountPlacement$$Lambda$3653/0x0000000800b054d8 (minecraft@1.20.1)
9240:             1             16  net.minecraft.world.level.levelgen.placement.NoiseThresholdCountPlacement$$Lambda$3654/0x0000000800b05938 (minecraft@1.20.1)
9241:             1             16  net.minecraft.world.level.levelgen.placement.NoiseThresholdCountPlacement$$Lambda$3655/0x0000000800b05b78 (minecraft@1.20.1)
9242:             1             16  net.minecraft.world.level.levelgen.placement.NoiseThresholdCountPlacement$$Lambda$3656/0x0000000800b05db8 (minecraft@1.20.1)
9243:             1             16  net.minecraft.world.level.levelgen.placement.NoiseThresholdCountPlacement$$Lambda$3657/0x0000000800b05ff8 (minecraft@1.20.1)
9244:             1             16  net.minecraft.world.level.levelgen.placement.NoiseThresholdCountPlacement$$Lambda$3658/0x0000000800b06238 (minecraft@1.20.1)
9245:             1             16  net.minecraft.world.level.levelgen.placement.PlacedFeature$$Lambda$3140/0x0000000800a94450 (minecraft@1.20.1)
9246:             1             16  net.minecraft.world.level.levelgen.placement.PlacedFeature$$Lambda$3143/0x0000000800a94b10 (minecraft@1.20.1)
9247:             1             16  net.minecraft.world.level.levelgen.placement.PlacedFeature$$Lambda$3146/0x0000000800a953e8 (minecraft@1.20.1)
9248:             1             16  net.minecraft.world.level.levelgen.placement.PlacedFeature$$Lambda$3147/0x0000000800a95628 (minecraft@1.20.1)
9249:             1             16  net.minecraft.world.level.levelgen.placement.PlacementModifier$$Lambda$3144/0x0000000800a94f68 (minecraft@1.20.1)
9250:             1             16  net.minecraft.world.level.levelgen.placement.PlacementModifier$$Lambda$3145/0x0000000800a951a8 (minecraft@1.20.1)
9251:             1             16  net.minecraft.world.level.levelgen.placement.RandomOffsetPlacement$$Lambda$3674/0x0000000800b0d610 (minecraft@1.20.1)
9252:             1             16  net.minecraft.world.level.levelgen.placement.RandomOffsetPlacement$$Lambda$3675/0x0000000800b0d850 (minecraft@1.20.1)
9253:             1             16  net.minecraft.world.level.levelgen.placement.RandomOffsetPlacement$$Lambda$3676/0x0000000800b0da90 (minecraft@1.20.1)
9254:             1             16  net.minecraft.world.level.levelgen.placement.RandomOffsetPlacement$$Lambda$3677/0x0000000800b0dcd0 (minecraft@1.20.1)
9255:             1             16  net.minecraft.world.level.levelgen.placement.RarityFilter$$Lambda$3636/0x0000000800b021e8 (minecraft@1.20.1)
9256:             1             16  net.minecraft.world.level.levelgen.placement.RarityFilter$$Lambda$3637/0x0000000800b02428 (minecraft@1.20.1)
9257:             1             16  net.minecraft.world.level.levelgen.placement.SurfaceRelativeThresholdFilter$$Lambda$3638/0x0000000800b02890 (minecraft@1.20.1)
9258:             1             16  net.minecraft.world.level.levelgen.placement.SurfaceRelativeThresholdFilter$$Lambda$3639/0x0000000800b02ad0 (minecraft@1.20.1)
9259:             1             16  net.minecraft.world.level.levelgen.placement.SurfaceRelativeThresholdFilter$$Lambda$3640/0x0000000800b02d10 (minecraft@1.20.1)
9260:             1             16  net.minecraft.world.level.levelgen.placement.SurfaceRelativeThresholdFilter$$Lambda$3641/0x0000000800b02f50 (minecraft@1.20.1)
9261:             1             16  net.minecraft.world.level.levelgen.placement.SurfaceRelativeThresholdFilter$$Lambda$3642/0x0000000800b03190 (minecraft@1.20.1)
9262:             1             16  net.minecraft.world.level.levelgen.placement.SurfaceWaterDepthFilter$$Lambda$3643/0x0000000800b035f0 (minecraft@1.20.1)
9263:             1             16  net.minecraft.world.level.levelgen.placement.SurfaceWaterDepthFilter$$Lambda$3644/0x0000000800b03830 (minecraft@1.20.1)
9264:             1             16  net.minecraft.world.level.levelgen.placement.SurfaceWaterDepthFilter$$Lambda$3645/0x0000000800b03a70 (minecraft@1.20.1)
9265:             1             16  net.minecraft.world.level.levelgen.structure.Structure$$Lambda$3467/0x0000000800ad62c0 (minecraft@1.20.1)
9266:             1             16  net.minecraft.world.level.levelgen.structure.Structure$$Lambda$3468/0x0000000800ad6500 (minecraft@1.20.1)
9267:             1             16  net.minecraft.world.level.levelgen.structure.Structure$$Lambda$3572/0x0000000800af29f8 (minecraft@1.20.1)
9268:             1             16  net.minecraft.world.level.levelgen.structure.Structure$StructureSettings$$Lambda$3550/0x0000000800aedd78 (minecraft@1.20.1)
9269:             1             16  net.minecraft.world.level.levelgen.structure.Structure$StructureSettings$$Lambda$3551/0x0000000800aedfb8 (minecraft@1.20.1)
9270:             1             16  net.minecraft.world.level.levelgen.structure.Structure$StructureSettings$$Lambda$3566/0x0000000800af11f0 (minecraft@1.20.1)
9271:             1             16  net.minecraft.world.level.levelgen.structure.Structure$StructureSettings$$Lambda$3568/0x0000000800af1cb0 (minecraft@1.20.1)
9272:             1             16  net.minecraft.world.level.levelgen.structure.Structure$StructureSettings$$Lambda$3570/0x0000000800af2568 (minecraft@1.20.1)
9273:             1             16  net.minecraft.world.level.levelgen.structure.Structure$StructureSettings$$Lambda$3571/0x0000000800af27a8 (minecraft@1.20.1)
9274:             1             16  net.minecraft.world.level.levelgen.structure.StructureSet$$Lambda$3465/0x0000000800ad59b8 (minecraft@1.20.1)
9275:             1             16  net.minecraft.world.level.levelgen.structure.StructureSet$$Lambda$3472/0x0000000800ad6df0 (minecraft@1.20.1)
9276:             1             16  net.minecraft.world.level.levelgen.structure.StructureSet$$Lambda$3473/0x0000000800ad7030 (minecraft@1.20.1)
9277:             1             16  net.minecraft.world.level.levelgen.structure.StructureSet$$Lambda$3474/0x0000000800ad7270 (minecraft@1.20.1)
9278:             1             16  net.minecraft.world.level.levelgen.structure.StructureSet$StructureSelectionEntry$$Lambda$3466/0x0000000800ad5e08 (minecraft@1.20.1)
9279:             1             16  net.minecraft.world.level.levelgen.structure.StructureSet$StructureSelectionEntry$$Lambda$3469/0x0000000800ad6740 (minecraft@1.20.1)
9280:             1             16  net.minecraft.world.level.levelgen.structure.StructureSet$StructureSelectionEntry$$Lambda$3470/0x0000000800ad6980 (minecraft@1.20.1)
9281:             1             16  net.minecraft.world.level.levelgen.structure.StructureSet$StructureSelectionEntry$$Lambda$3471/0x0000000800ad6bc0 (minecraft@1.20.1)
9282:             1             16  net.minecraft.world.level.levelgen.structure.StructureSpawnOverride$$Lambda$3552/0x0000000800aee408 (minecraft@1.20.1)
9283:             1             16  net.minecraft.world.level.levelgen.structure.StructureSpawnOverride$$Lambda$3554/0x0000000800aeecc0 (minecraft@1.20.1)
9284:             1             16  net.minecraft.world.level.levelgen.structure.StructureSpawnOverride$$Lambda$3564/0x0000000800af0b50 (minecraft@1.20.1)
9285:             1             16  net.minecraft.world.level.levelgen.structure.StructureSpawnOverride$$Lambda$3565/0x0000000800af0d90 (minecraft@1.20.1)
9286:             1             16  net.minecraft.world.level.levelgen.structure.StructureSpawnOverride$BoundingBoxType$$Lambda$3553/0x0000000800aeeaa0 (minecraft@1.20.1)
9287:             1             16  net.minecraft.world.level.levelgen.structure.TerrainAdjustment$$Lambda$3569/0x0000000800af2348 (minecraft@1.20.1)
9288:             1             16  net.minecraft.world.level.levelgen.structure.pieces.StructurePieceType$$Lambda$3492/0x0000000800ad0c00 (minecraft@1.20.1)
9289:             1             16  net.minecraft.world.level.levelgen.structure.pieces.StructurePieceType$$Lambda$3493/0x0000000800ad8348 (minecraft@1.20.1)
9290:             1             16  net.minecraft.world.level.levelgen.structure.pieces.StructurePieceType$$Lambda$3494/0x0000000800ad88d0 (minecraft@1.20.1)
9291:             1             16  net.minecraft.world.level.levelgen.structure.pieces.StructurePieceType$$Lambda$3495/0x0000000800ad8e58 (minecraft@1.20.1)
9292:             1             16  net.minecraft.world.level.levelgen.structure.pieces.StructurePieceType$$Lambda$3496/0x0000000800ad9a60 (minecraft@1.20.1)
9293:             1             16  net.minecraft.world.level.levelgen.structure.pieces.StructurePieceType$$Lambda$3497/0x0000000800ad9ca8 (minecraft@1.20.1)
9294:             1             16  net.minecraft.world.level.levelgen.structure.pieces.StructurePieceType$$Lambda$3498/0x0000000800ada230 (minecraft@1.20.1)
9295:             1             16  net.minecraft.world.level.levelgen.structure.pieces.StructurePieceType$$Lambda$3499/0x0000000800ada7b8 (minecraft@1.20.1)
9296:             1             16  net.minecraft.world.level.levelgen.structure.pieces.StructurePieceType$$Lambda$3500/0x0000000800adad40 (minecraft@1.20.1)
9297:             1             16  net.minecraft.world.level.levelgen.structure.pieces.StructurePieceType$$Lambda$3501/0x0000000800adb2c8 (minecraft@1.20.1)
9298:             1             16  net.minecraft.world.level.levelgen.structure.pieces.StructurePieceType$$Lambda$3502/0x0000000800adb850 (minecraft@1.20.1)
9299:             1             16  net.minecraft.world.level.levelgen.structure.pieces.StructurePieceType$$Lambda$3503/0x0000000800adbdd8 (minecraft@1.20.1)
9300:             1             16  net.minecraft.world.level.levelgen.structure.pieces.StructurePieceType$$Lambda$3504/0x0000000800adc360 (minecraft@1.20.1)
9301:             1             16  net.minecraft.world.level.levelgen.structure.pieces.StructurePieceType$$Lambda$3505/0x0000000800adc8e8 (minecraft@1.20.1)
9302:             1             16  net.minecraft.world.level.levelgen.structure.pieces.StructurePieceType$$Lambda$3506/0x0000000800adce70 (minecraft@1.20.1)
9303:             1             16  net.minecraft.world.level.levelgen.structure.pieces.StructurePieceType$$Lambda$3507/0x0000000800add3f8 (minecraft@1.20.1)
9304:             1             16  net.minecraft.world.level.levelgen.structure.pieces.StructurePieceType$$Lambda$3508/0x0000000800add980 (minecraft@1.20.1)
9305:             1             16  net.minecraft.world.level.levelgen.structure.pieces.StructurePieceType$$Lambda$3509/0x0000000800addf08 (minecraft@1.20.1)
9306:             1             16  net.minecraft.world.level.levelgen.structure.pieces.StructurePieceType$$Lambda$3510/0x0000000800ade490 (minecraft@1.20.1)
9307:             1             16  net.minecraft.world.level.levelgen.structure.pieces.StructurePieceType$$Lambda$3511/0x0000000800adf1b8 (minecraft@1.20.1)
9308:             1             16  net.minecraft.world.level.levelgen.structure.pieces.StructurePieceType$$Lambda$3512/0x0000000800adf750 (minecraft@1.20.1)
9309:             1             16  net.minecraft.world.level.levelgen.structure.pieces.StructurePieceType$$Lambda$3513/0x0000000800adfce8 (minecraft@1.20.1)
9310:             1             16  net.minecraft.world.level.levelgen.structure.pieces.StructurePieceType$$Lambda$3514/0x0000000800ae06a0 (minecraft@1.20.1)
9311:             1             16  net.minecraft.world.level.levelgen.structure.pieces.StructurePieceType$$Lambda$3515/0x0000000800ae0c38 (minecraft@1.20.1)
9312:             1             16  net.minecraft.world.level.levelgen.structure.pieces.StructurePieceType$$Lambda$3516/0x0000000800ae11d0 (minecraft@1.20.1)
9313:             1             16  net.minecraft.world.level.levelgen.structure.pieces.StructurePieceType$$Lambda$3517/0x0000000800ae1768 (minecraft@1.20.1)
9314:             1             16  net.minecraft.world.level.levelgen.structure.pieces.StructurePieceType$$Lambda$3518/0x0000000800ae1d00 (minecraft@1.20.1)
9315:             1             16  net.minecraft.world.level.levelgen.structure.pieces.StructurePieceType$$Lambda$3519/0x0000000800ae2298 (minecraft@1.20.1)
9316:             1             16  net.minecraft.world.level.levelgen.structure.pieces.StructurePieceType$$Lambda$3520/0x0000000800ae2830 (minecraft@1.20.1)
9317:             1             16  net.minecraft.world.level.levelgen.structure.pieces.StructurePieceType$$Lambda$3521/0x0000000800ae2dd0 (minecraft@1.20.1)
9318:             1             16  net.minecraft.world.level.levelgen.structure.pieces.StructurePieceType$$Lambda$3522/0x0000000800ae3368 (minecraft@1.20.1)
9319:             1             16  net.minecraft.world.level.levelgen.structure.pieces.StructurePieceType$$Lambda$3523/0x0000000800ae3900 (minecraft@1.20.1)
9320:             1             16  net.minecraft.world.level.levelgen.structure.pieces.StructurePieceType$$Lambda$3524/0x0000000800ae43d8 (minecraft@1.20.1)
9321:             1             16  net.minecraft.world.level.levelgen.structure.pieces.StructurePieceType$$Lambda$3525/0x0000000800ae4ec8 (minecraft@1.20.1)
9322:             1             16  net.minecraft.world.level.levelgen.structure.pieces.StructurePieceType$$Lambda$3526/0x0000000800ae5460 (minecraft@1.20.1)
9323:             1             16  net.minecraft.world.level.levelgen.structure.pieces.StructurePieceType$$Lambda$3527/0x0000000800ae59f8 (minecraft@1.20.1)
9324:             1             16  net.minecraft.world.level.levelgen.structure.pieces.StructurePieceType$$Lambda$3528/0x0000000800ae5f78 (minecraft@1.20.1)
9325:             1             16  net.minecraft.world.level.levelgen.structure.pieces.StructurePieceType$$Lambda$3529/0x0000000800ae6510 (minecraft@1.20.1)
9326:             1             16  net.minecraft.world.level.levelgen.structure.pieces.StructurePieceType$$Lambda$3530/0x0000000800ae6df8 (minecraft@1.20.1)
9327:             1             16  net.minecraft.world.level.levelgen.structure.pieces.StructurePieceType$$Lambda$3531/0x0000000800ae7390 (minecraft@1.20.1)
9328:             1             16  net.minecraft.world.level.levelgen.structure.pieces.StructurePieceType$$Lambda$3532/0x0000000800ae7928 (minecraft@1.20.1)
9329:             1             16  net.minecraft.world.level.levelgen.structure.pieces.StructurePieceType$$Lambda$3533/0x0000000800ae8000 (minecraft@1.20.1)
9330:             1             16  net.minecraft.world.level.levelgen.structure.pieces.StructurePieceType$$Lambda$3534/0x0000000800ae8598 (minecraft@1.20.1)
9331:             1             16  net.minecraft.world.level.levelgen.structure.pieces.StructurePieceType$$Lambda$3535/0x0000000800ae8b30 (minecraft@1.20.1)
9332:             1             16  net.minecraft.world.level.levelgen.structure.pieces.StructurePieceType$$Lambda$3536/0x0000000800ae90c8 (minecraft@1.20.1)
9333:             1             16  net.minecraft.world.level.levelgen.structure.pieces.StructurePieceType$$Lambda$3537/0x0000000800ae9660 (minecraft@1.20.1)
9334:             1             16  net.minecraft.world.level.levelgen.structure.pieces.StructurePieceType$$Lambda$3538/0x0000000800ae9bf8 (minecraft@1.20.1)
9335:             1             16  net.minecraft.world.level.levelgen.structure.pieces.StructurePieceType$$Lambda$3539/0x0000000800aea190 (minecraft@1.20.1)
9336:             1             16  net.minecraft.world.level.levelgen.structure.pieces.StructurePieceType$$Lambda$3540/0x0000000800aea728 (minecraft@1.20.1)
9337:             1             16  net.minecraft.world.level.levelgen.structure.pieces.StructurePieceType$$Lambda$3541/0x0000000800aeacc0 (minecraft@1.20.1)
9338:             1             16  net.minecraft.world.level.levelgen.structure.pieces.StructurePieceType$$Lambda$3542/0x0000000800aeb258 (minecraft@1.20.1)
9339:             1             16  net.minecraft.world.level.levelgen.structure.pieces.StructurePieceType$$Lambda$3543/0x0000000800aeb7f0 (minecraft@1.20.1)
9340:             1             16  net.minecraft.world.level.levelgen.structure.pieces.StructurePieceType$$Lambda$3544/0x0000000800aebd60 (minecraft@1.20.1)
9341:             1             16  net.minecraft.world.level.levelgen.structure.pieces.StructurePieceType$$Lambda$3545/0x0000000800aec2f8 (minecraft@1.20.1)
9342:             1             16  net.minecraft.world.level.levelgen.structure.pieces.StructurePieceType$$Lambda$3546/0x0000000800aec890 (minecraft@1.20.1)
9343:             1             16  net.minecraft.world.level.levelgen.structure.pieces.StructurePieceType$$Lambda$3547/0x0000000800aed248 (minecraft@1.20.1)
9344:             1             16  net.minecraft.world.level.levelgen.structure.placement.ConcentricRingsStructurePlacement$$Lambda$3486/0x0000000800ad3470 (minecraft@1.20.1)
9345:             1             16  net.minecraft.world.level.levelgen.structure.placement.ConcentricRingsStructurePlacement$$Lambda$3487/0x0000000800ad36b0 (minecraft@1.20.1)
9346:             1             16  net.minecraft.world.level.levelgen.structure.placement.ConcentricRingsStructurePlacement$$Lambda$3488/0x0000000800ad38f0 (minecraft@1.20.1)
9347:             1             16  net.minecraft.world.level.levelgen.structure.placement.ConcentricRingsStructurePlacement$$Lambda$3489/0x0000000800ad3b30 (minecraft@1.20.1)
9348:             1             16  net.minecraft.world.level.levelgen.structure.placement.ConcentricRingsStructurePlacement$$Lambda$3490/0x0000000800ad3d70 (minecraft@1.20.1)
9349:             1             16  net.minecraft.world.level.levelgen.structure.placement.ConcentricRingsStructurePlacement$$Lambda$3491/0x0000000800ad1000 (minecraft@1.20.1)
9350:             1             16  net.minecraft.world.level.levelgen.structure.placement.RandomSpreadStructurePlacement$$Lambda$3454/0x0000000800ac9800 (minecraft@1.20.1)
9351:             1             16  net.minecraft.world.level.levelgen.structure.placement.RandomSpreadStructurePlacement$$Lambda$3479/0x0000000800ad7d90 (minecraft@1.20.1)
9352:             1             16  net.minecraft.world.level.levelgen.structure.placement.RandomSpreadStructurePlacement$$Lambda$3480/0x0000000800ad2000 (minecraft@1.20.1)
9353:             1             16  net.minecraft.world.level.levelgen.structure.placement.RandomSpreadStructurePlacement$$Lambda$3482/0x0000000800ad28b8 (minecraft@1.20.1)
9354:             1             16  net.minecraft.world.level.levelgen.structure.placement.RandomSpreadStructurePlacement$$Lambda$3483/0x0000000800ad2af8 (minecraft@1.20.1)
9355:             1             16  net.minecraft.world.level.levelgen.structure.placement.RandomSpreadStructurePlacement$$Lambda$3484/0x0000000800ad2d88 (minecraft@1.20.1)
9356:             1             16  net.minecraft.world.level.levelgen.structure.placement.RandomSpreadType$$Lambda$3481/0x0000000800ad2698 (minecraft@1.20.1)
9357:             1             16  net.minecraft.world.level.levelgen.structure.placement.StructurePlacement$$Lambda$3452/0x0000000800acb958 (minecraft@1.20.1)
9358:             1             16  net.minecraft.world.level.levelgen.structure.placement.StructurePlacement$$Lambda$3453/0x0000000800acbb98 (minecraft@1.20.1)
9359:             1             16  net.minecraft.world.level.levelgen.structure.placement.StructurePlacement$$Lambda$3455/0x0000000800ac9a40 (minecraft@1.20.1)
9360:             1             16  net.minecraft.world.level.levelgen.structure.placement.StructurePlacement$$Lambda$3461/0x0000000800ad4c98 (minecraft@1.20.1)
9361:             1             16  net.minecraft.world.level.levelgen.structure.placement.StructurePlacement$$Lambda$3462/0x0000000800ad4ed8 (minecraft@1.20.1)
9362:             1             16  net.minecraft.world.level.levelgen.structure.placement.StructurePlacement$$Lambda$3463/0x0000000800ad5118 (minecraft@1.20.1)
9363:             1             16  net.minecraft.world.level.levelgen.structure.placement.StructurePlacement$$Lambda$3478/0x0000000800ad7b50 (minecraft@1.20.1)
9364:             1             16  net.minecraft.world.level.levelgen.structure.placement.StructurePlacement$ExclusionZone$$Lambda$3464/0x0000000800ad5568 (minecraft@1.20.1)
9365:             1             16  net.minecraft.world.level.levelgen.structure.placement.StructurePlacement$ExclusionZone$$Lambda$3475/0x0000000800ad74a0 (minecraft@1.20.1)
9366:             1             16  net.minecraft.world.level.levelgen.structure.placement.StructurePlacement$ExclusionZone$$Lambda$3476/0x0000000800ad76e0 (minecraft@1.20.1)
9367:             1             16  net.minecraft.world.level.levelgen.structure.placement.StructurePlacement$ExclusionZone$$Lambda$3477/0x0000000800ad7920 (minecraft@1.20.1)
9368:             1             16  net.minecraft.world.level.levelgen.structure.placement.StructurePlacement$FrequencyReductionMethod$$Lambda$3456/0x0000000800ad4000 (minecraft@1.20.1)
9369:             1             16  net.minecraft.world.level.levelgen.structure.placement.StructurePlacement$FrequencyReductionMethod$$Lambda$3457/0x0000000800ad4220 (minecraft@1.20.1)
9370:             1             16  net.minecraft.world.level.levelgen.structure.placement.StructurePlacement$FrequencyReductionMethod$$Lambda$3458/0x0000000800ad4440 (minecraft@1.20.1)
9371:             1             16  net.minecraft.world.level.levelgen.structure.placement.StructurePlacement$FrequencyReductionMethod$$Lambda$3459/0x0000000800ad4660 (minecraft@1.20.1)
9372:             1             16  net.minecraft.world.level.levelgen.structure.placement.StructurePlacement$FrequencyReductionMethod$$Lambda$3460/0x0000000800ad4a78 (minecraft@1.20.1)
9373:             1             16  net.minecraft.world.level.levelgen.structure.pools.EmptyPoolElement (minecraft@1.20.1)
9374:             1             16  net.minecraft.world.level.levelgen.structure.pools.EmptyPoolElement$$Lambda$4185/0x0000000800b79468 (minecraft@1.20.1)
9375:             1             16  net.minecraft.world.level.levelgen.structure.pools.FeaturePoolElement$$Lambda$4182/0x0000000800b78b60 (minecraft@1.20.1)
9376:             1             16  net.minecraft.world.level.levelgen.structure.pools.FeaturePoolElement$$Lambda$4183/0x0000000800b78da0 (minecraft@1.20.1)
9377:             1             16  net.minecraft.world.level.levelgen.structure.pools.FeaturePoolElement$$Lambda$4184/0x0000000800b78fe0 (minecraft@1.20.1)
9378:             1             16  net.minecraft.world.level.levelgen.structure.pools.LegacySinglePoolElement$$Lambda$4186/0x0000000800b798f0 (minecraft@1.20.1)
9379:             1             16  net.minecraft.world.level.levelgen.structure.pools.LegacySinglePoolElement$$Lambda$4187/0x0000000800b79b30 (minecraft@1.20.1)
9380:             1             16  net.minecraft.world.level.levelgen.structure.pools.ListPoolElement$$Lambda$4179/0x0000000800b78258 (minecraft@1.20.1)
9381:             1             16  net.minecraft.world.level.levelgen.structure.pools.ListPoolElement$$Lambda$4180/0x0000000800b78498 (minecraft@1.20.1)
9382:             1             16  net.minecraft.world.level.levelgen.structure.pools.ListPoolElement$$Lambda$4181/0x0000000800b786d8 (minecraft@1.20.1)
9383:             1             16  net.minecraft.world.level.levelgen.structure.pools.SinglePoolElement$$Lambda$4170/0x0000000800b72db8 (minecraft@1.20.1)
9384:             1             16  net.minecraft.world.level.levelgen.structure.pools.SinglePoolElement$$Lambda$4171/0x0000000800b73028 (minecraft@1.20.1)
9385:             1             16  net.minecraft.world.level.levelgen.structure.pools.SinglePoolElement$$Lambda$4172/0x0000000800b73268 (minecraft@1.20.1)
9386:             1             16  net.minecraft.world.level.levelgen.structure.pools.SinglePoolElement$$Lambda$4173/0x0000000800b734a8 (minecraft@1.20.1)
9387:             1             16  net.minecraft.world.level.levelgen.structure.pools.SinglePoolElement$$Lambda$4174/0x0000000800b736e8 (minecraft@1.20.1)
9388:             1             16  net.minecraft.world.level.levelgen.structure.pools.SinglePoolElement$$Lambda$4177/0x0000000800b71a40 (minecraft@1.20.1)
9389:             1             16  net.minecraft.world.level.levelgen.structure.pools.StructurePoolElement$$Lambda$3582/0x0000000800af5000 (minecraft@1.20.1)
9390:             1             16  net.minecraft.world.level.levelgen.structure.pools.StructurePoolElement$$Lambda$3583/0x0000000800af5240 (minecraft@1.20.1)
9391:             1             16  net.minecraft.world.level.levelgen.structure.pools.StructurePoolElement$$Lambda$4176/0x0000000800b71800 (minecraft@1.20.1)
9392:             1             16  net.minecraft.world.level.levelgen.structure.pools.StructureTemplatePool$$Lambda$3579/0x0000000800af75e0 (minecraft@1.20.1)
9393:             1             16  net.minecraft.world.level.levelgen.structure.pools.StructureTemplatePool$$Lambda$3580/0x0000000800af7820 (minecraft@1.20.1)
9394:             1             16  net.minecraft.world.level.levelgen.structure.pools.StructureTemplatePool$$Lambda$3581/0x0000000800af7a48 (minecraft@1.20.1)
9395:             1             16  net.minecraft.world.level.levelgen.structure.pools.StructureTemplatePool$$Lambda$3584/0x0000000800af5770 (minecraft@1.20.1)
9396:             1             16  net.minecraft.world.level.levelgen.structure.pools.StructureTemplatePool$$Lambda$3585/0x0000000800af59b0 (minecraft@1.20.1)
9397:             1             16  net.minecraft.world.level.levelgen.structure.pools.StructureTemplatePool$Projection$$Lambda$4175/0x0000000800b73d80 (minecraft@1.20.1)
9398:             1             16  net.minecraft.world.level.levelgen.structure.structures.BuriedTreasureStructure$$Lambda$3548/0x0000000800aed8f0 (minecraft@1.20.1)
9399:             1             16  net.minecraft.world.level.levelgen.structure.structures.DesertPyramidStructure$$Lambda$3574/0x0000000800af3360 (minecraft@1.20.1)
9400:             1             16  net.minecraft.world.level.levelgen.structure.structures.EndCityStructure$$Lambda$3575/0x0000000800af3818 (minecraft@1.20.1)
9401:             1             16  net.minecraft.world.level.levelgen.structure.structures.IglooStructure$$Lambda$3577/0x0000000800af6ca8 (minecraft@1.20.1)
9402:             1             16  net.minecraft.world.level.levelgen.structure.structures.JigsawStructure$$Lambda$3578/0x0000000800af7168 (minecraft@1.20.1)
9403:             1             16  net.minecraft.world.level.levelgen.structure.structures.JigsawStructure$$Lambda$3587/0x0000000800af4800 (minecraft@1.20.1)
9404:             1             16  net.minecraft.world.level.levelgen.structure.structures.JigsawStructure$$Lambda$3588/0x0000000800af4a40 (minecraft@1.20.1)
9405:             1             16  net.minecraft.world.level.levelgen.structure.structures.JigsawStructure$$Lambda$3589/0x0000000800af4c80 (minecraft@1.20.1)
9406:             1             16  net.minecraft.world.level.levelgen.structure.structures.JigsawStructure$$Lambda$3590/0x0000000800af4400 (minecraft@1.20.1)
9407:             1             16  net.minecraft.world.level.levelgen.structure.structures.JigsawStructure$$Lambda$3591/0x0000000800af8000 (minecraft@1.20.1)
9408:             1             16  net.minecraft.world.level.levelgen.structure.structures.JigsawStructure$$Lambda$3592/0x0000000800af8240 (minecraft@1.20.1)
9409:             1             16  net.minecraft.world.level.levelgen.structure.structures.JigsawStructure$$Lambda$3593/0x0000000800af8480 (minecraft@1.20.1)
9410:             1             16  net.minecraft.world.level.levelgen.structure.structures.JigsawStructure$$Lambda$3594/0x0000000800af86c0 (minecraft@1.20.1)
9411:             1             16  net.minecraft.world.level.levelgen.structure.structures.JigsawStructure$$Lambda$3595/0x0000000800af8950 (minecraft@1.20.1)
9412:             1             16  net.minecraft.world.level.levelgen.structure.structures.JungleTempleStructure$$Lambda$3596/0x0000000800af8e10 (minecraft@1.20.1)
9413:             1             16  net.minecraft.world.level.levelgen.structure.structures.MineshaftStructure$$Lambda$3597/0x0000000800af92c8 (minecraft@1.20.1)
9414:             1             16  net.minecraft.world.level.levelgen.structure.structures.MineshaftStructure$$Lambda$3600/0x0000000800af9da0 (minecraft@1.20.1)
9415:             1             16  net.minecraft.world.level.levelgen.structure.structures.MineshaftStructure$$Lambda$3601/0x0000000800af9fe0 (minecraft@1.20.1)
9416:             1             16  net.minecraft.world.level.levelgen.structure.structures.MineshaftStructure$Type$$Lambda$3598/0x0000000800af9960 (minecraft@1.20.1)
9417:             1             16  net.minecraft.world.level.levelgen.structure.structures.MineshaftStructure$Type$$Lambda$3599/0x0000000800af9b80 (minecraft@1.20.1)
9418:             1             16  net.minecraft.world.level.levelgen.structure.structures.NetherFortressStructure$$Lambda$3576/0x0000000800af67f0 (minecraft@1.20.1)
9419:             1             16  net.minecraft.world.level.levelgen.structure.structures.NetherFossilStructure$$Lambda$3602/0x0000000800afa488 (minecraft@1.20.1)
9420:             1             16  net.minecraft.world.level.levelgen.structure.structures.NetherFossilStructure$$Lambda$3603/0x0000000800afa6c8 (minecraft@1.20.1)
9421:             1             16  net.minecraft.world.level.levelgen.structure.structures.NetherFossilStructure$$Lambda$3604/0x0000000800afa908 (minecraft@1.20.1)
9422:             1             16  net.minecraft.world.level.levelgen.structure.structures.OceanMonumentStructure$$Lambda$3605/0x0000000800afadb0 (minecraft@1.20.1)
9423:             1             16  net.minecraft.world.level.levelgen.structure.structures.OceanRuinStructure$$Lambda$3606/0x0000000800afb270 (minecraft@1.20.1)
9424:             1             16  net.minecraft.world.level.levelgen.structure.structures.OceanRuinStructure$$Lambda$3608/0x0000000800afbb28 (minecraft@1.20.1)
9425:             1             16  net.minecraft.world.level.levelgen.structure.structures.OceanRuinStructure$$Lambda$3609/0x0000000800afbd68 (minecraft@1.20.1)
9426:             1             16  net.minecraft.world.level.levelgen.structure.structures.OceanRuinStructure$$Lambda$3610/0x0000000800afe000 (minecraft@1.20.1)
9427:             1             16  net.minecraft.world.level.levelgen.structure.structures.OceanRuinStructure$$Lambda$3611/0x0000000800afe240 (minecraft@1.20.1)
9428:             1             16  net.minecraft.world.level.levelgen.structure.structures.OceanRuinStructure$Type$$Lambda$3607/0x0000000800afb908 (minecraft@1.20.1)
9429:             1             16  net.minecraft.world.level.levelgen.structure.structures.RuinedPortalPiece$VerticalPlacement$$Lambda$3614/0x0000000800aff1f0 (minecraft@1.20.1)
9430:             1             16  net.minecraft.world.level.levelgen.structure.structures.RuinedPortalStructure$$Lambda$3612/0x0000000800afe708 (minecraft@1.20.1)
9431:             1             16  net.minecraft.world.level.levelgen.structure.structures.RuinedPortalStructure$$Lambda$3624/0x0000000800afd950 (minecraft@1.20.1)
9432:             1             16  net.minecraft.world.level.levelgen.structure.structures.RuinedPortalStructure$$Lambda$3625/0x0000000800afdb90 (minecraft@1.20.1)
9433:             1             16  net.minecraft.world.level.levelgen.structure.structures.RuinedPortalStructure$Setup$$Lambda$3613/0x0000000800afeb58 (minecraft@1.20.1)
9434:             1             16  net.minecraft.world.level.levelgen.structure.structures.RuinedPortalStructure$Setup$$Lambda$3615/0x0000000800aff410 (minecraft@1.20.1)
9435:             1             16  net.minecraft.world.level.levelgen.structure.structures.RuinedPortalStructure$Setup$$Lambda$3616/0x0000000800aff650 (minecraft@1.20.1)
9436:             1             16  net.minecraft.world.level.levelgen.structure.structures.RuinedPortalStructure$Setup$$Lambda$3617/0x0000000800aff890 (minecraft@1.20.1)
9437:             1             16  net.minecraft.world.level.levelgen.structure.structures.RuinedPortalStructure$Setup$$Lambda$3618/0x0000000800affad0 (minecraft@1.20.1)
9438:             1             16  net.minecraft.world.level.levelgen.structure.structures.RuinedPortalStructure$Setup$$Lambda$3619/0x0000000800affd10 (minecraft@1.20.1)
9439:             1             16  net.minecraft.world.level.levelgen.structure.structures.RuinedPortalStructure$Setup$$Lambda$3620/0x0000000800afd000 (minecraft@1.20.1)
9440:             1             16  net.minecraft.world.level.levelgen.structure.structures.RuinedPortalStructure$Setup$$Lambda$3621/0x0000000800afd240 (minecraft@1.20.1)
9441:             1             16  net.minecraft.world.level.levelgen.structure.structures.RuinedPortalStructure$Setup$$Lambda$3622/0x0000000800afd480 (minecraft@1.20.1)
9442:             1             16  net.minecraft.world.level.levelgen.structure.structures.RuinedPortalStructure$Setup$$Lambda$3623/0x0000000800afd6c0 (minecraft@1.20.1)
9443:             1             16  net.minecraft.world.level.levelgen.structure.structures.ShipwreckStructure$$Lambda$3626/0x0000000800afddc0 (minecraft@1.20.1)
9444:             1             16  net.minecraft.world.level.levelgen.structure.structures.ShipwreckStructure$$Lambda$3627/0x0000000800b00000 (minecraft@1.20.1)
9445:             1             16  net.minecraft.world.level.levelgen.structure.structures.ShipwreckStructure$$Lambda$3628/0x0000000800b00240 (minecraft@1.20.1)
9446:             1             16  net.minecraft.world.level.levelgen.structure.structures.StrongholdStructure$$Lambda$3629/0x0000000800b006e8 (minecraft@1.20.1)
9447:             1             16  net.minecraft.world.level.levelgen.structure.structures.SwampHutStructure$$Lambda$3630/0x0000000800b00ba0 (minecraft@1.20.1)
9448:             1             16  net.minecraft.world.level.levelgen.structure.structures.WoodlandMansionStructure$$Lambda$3631/0x0000000800b01058 (minecraft@1.20.1)
9449:             1             16  net.minecraft.world.level.levelgen.structure.templatesystem.AlwaysTrueTest (minecraft@1.20.1)
9450:             1             16  net.minecraft.world.level.levelgen.structure.templatesystem.AlwaysTrueTest$$Lambda$2743/0x0000000800a0eb60 (minecraft@1.20.1)
9451:             1             16  net.minecraft.world.level.levelgen.structure.templatesystem.AxisAlignedLinearPosTest$$Lambda$2778/0x0000000800a16220 (minecraft@1.20.1)
9452:             1             16  net.minecraft.world.level.levelgen.structure.templatesystem.AxisAlignedLinearPosTest$$Lambda$2779/0x0000000800a16460 (minecraft@1.20.1)
9453:             1             16  net.minecraft.world.level.levelgen.structure.templatesystem.AxisAlignedLinearPosTest$$Lambda$2780/0x0000000800a166a0 (minecraft@1.20.1)
9454:             1             16  net.minecraft.world.level.levelgen.structure.templatesystem.AxisAlignedLinearPosTest$$Lambda$2781/0x0000000800a168e0 (minecraft@1.20.1)
9455:             1             16  net.minecraft.world.level.levelgen.structure.templatesystem.AxisAlignedLinearPosTest$$Lambda$2782/0x0000000800a16b20 (minecraft@1.20.1)
9456:             1             16  net.minecraft.world.level.levelgen.structure.templatesystem.AxisAlignedLinearPosTest$$Lambda$2783/0x0000000800a16d60 (minecraft@1.20.1)
9457:             1             16  net.minecraft.world.level.levelgen.structure.templatesystem.AxisAlignedLinearPosTest$$Lambda$2784/0x0000000800a16fa0 (minecraft@1.20.1)
9458:             1             16  net.minecraft.world.level.levelgen.structure.templatesystem.BlackstoneReplaceProcessor (minecraft@1.20.1)
9459:             1             16  net.minecraft.world.level.levelgen.structure.templatesystem.BlackstoneReplaceProcessor$$Lambda$3204/0x0000000800a9d820 (minecraft@1.20.1)
9460:             1             16  net.minecraft.world.level.levelgen.structure.templatesystem.BlackstoneReplaceProcessor$$Lambda$3205/0x0000000800a9da40 (minecraft@1.20.1)
9461:             1             16  net.minecraft.world.level.levelgen.structure.templatesystem.BlockAgeProcessor$$Lambda$3202/0x0000000800a9c988 (minecraft@1.20.1)
9462:             1             16  net.minecraft.world.level.levelgen.structure.templatesystem.BlockAgeProcessor$$Lambda$3203/0x0000000800a9cbc8 (minecraft@1.20.1)
9463:             1             16  net.minecraft.world.level.levelgen.structure.templatesystem.BlockIgnoreProcessor$$Lambda$3176/0x0000000800a98238 (minecraft@1.20.1)
9464:             1             16  net.minecraft.world.level.levelgen.structure.templatesystem.BlockIgnoreProcessor$$Lambda$3177/0x0000000800a98478 (minecraft@1.20.1)
9465:             1             16  net.minecraft.world.level.levelgen.structure.templatesystem.BlockIgnoreProcessor$$Lambda$3178/0x0000000800a986b8 (minecraft@1.20.1)
9466:             1             16  net.minecraft.world.level.levelgen.structure.templatesystem.BlockIgnoreProcessor$$Lambda$3179/0x0000000800a988f8 (minecraft@1.20.1)
9467:             1             16  net.minecraft.world.level.levelgen.structure.templatesystem.BlockMatchTest$$Lambda$2745/0x0000000800a0f1c8 (minecraft@1.20.1)
9468:             1             16  net.minecraft.world.level.levelgen.structure.templatesystem.BlockMatchTest$$Lambda$2746/0x0000000800a0f408 (minecraft@1.20.1)
9469:             1             16  net.minecraft.world.level.levelgen.structure.templatesystem.BlockRotProcessor$$Lambda$3181/0x0000000800a98d60 (minecraft@1.20.1)
9470:             1             16  net.minecraft.world.level.levelgen.structure.templatesystem.BlockRotProcessor$$Lambda$3182/0x0000000800a98fa0 (minecraft@1.20.1)
9471:             1             16  net.minecraft.world.level.levelgen.structure.templatesystem.BlockRotProcessor$$Lambda$3183/0x0000000800a991e0 (minecraft@1.20.1)
9472:             1             16  net.minecraft.world.level.levelgen.structure.templatesystem.BlockRotProcessor$$Lambda$3184/0x0000000800a99420 (minecraft@1.20.1)
9473:             1             16  net.minecraft.world.level.levelgen.structure.templatesystem.BlockStateMatchTest$$Lambda$2747/0x0000000800a0f868 (minecraft@1.20.1)
9474:             1             16  net.minecraft.world.level.levelgen.structure.templatesystem.BlockStateMatchTest$$Lambda$2748/0x0000000800a0faa8 (minecraft@1.20.1)
9475:             1             16  net.minecraft.world.level.levelgen.structure.templatesystem.CappedProcessor$$Lambda$3209/0x0000000800a9e9b0 (minecraft@1.20.1)
9476:             1             16  net.minecraft.world.level.levelgen.structure.templatesystem.CappedProcessor$$Lambda$3210/0x0000000800a9ebf0 (minecraft@1.20.1)
9477:             1             16  net.minecraft.world.level.levelgen.structure.templatesystem.CappedProcessor$$Lambda$3211/0x0000000800a9ee30 (minecraft@1.20.1)
9478:             1             16  net.minecraft.world.level.levelgen.structure.templatesystem.CappedProcessor$$Lambda$3212/0x0000000800a9f070 (minecraft@1.20.1)
9479:             1             16  net.minecraft.world.level.levelgen.structure.templatesystem.GravityProcessor$$Lambda$3185/0x0000000800a99888 (minecraft@1.20.1)
9480:             1             16  net.minecraft.world.level.levelgen.structure.templatesystem.GravityProcessor$$Lambda$3186/0x0000000800a99ac8 (minecraft@1.20.1)
9481:             1             16  net.minecraft.world.level.levelgen.structure.templatesystem.GravityProcessor$$Lambda$3187/0x0000000800a99d08 (minecraft@1.20.1)
9482:             1             16  net.minecraft.world.level.levelgen.structure.templatesystem.GravityProcessor$$Lambda$3188/0x0000000800a99f48 (minecraft@1.20.1)
9483:             1             16  net.minecraft.world.level.levelgen.structure.templatesystem.JigsawReplacementProcessor (minecraft@1.20.1)
9484:             1             16  net.minecraft.world.level.levelgen.structure.templatesystem.JigsawReplacementProcessor$$Lambda$3189/0x0000000800a9a3a8 (minecraft@1.20.1)
9485:             1             16  net.minecraft.world.level.levelgen.structure.templatesystem.LavaSubmergedBlockProcessor (minecraft@1.20.1)
9486:             1             16  net.minecraft.world.level.levelgen.structure.templatesystem.LavaSubmergedBlockProcessor$$Lambda$3206/0x0000000800a9dea0 (minecraft@1.20.1)
9487:             1             16  net.minecraft.world.level.levelgen.structure.templatesystem.LinearPosTest$$Lambda$2772/0x0000000800a13058 (minecraft@1.20.1)
9488:             1             16  net.minecraft.world.level.levelgen.structure.templatesystem.LinearPosTest$$Lambda$2773/0x0000000800a13298 (minecraft@1.20.1)
9489:             1             16  net.minecraft.world.level.levelgen.structure.templatesystem.LinearPosTest$$Lambda$2774/0x0000000800a134d8 (minecraft@1.20.1)
9490:             1             16  net.minecraft.world.level.levelgen.structure.templatesystem.LinearPosTest$$Lambda$2775/0x0000000800a13718 (minecraft@1.20.1)
9491:             1             16  net.minecraft.world.level.levelgen.structure.templatesystem.LinearPosTest$$Lambda$2776/0x0000000800a13958 (minecraft@1.20.1)
9492:             1             16  net.minecraft.world.level.levelgen.structure.templatesystem.LinearPosTest$$Lambda$2777/0x0000000800a13b98 (minecraft@1.20.1)
9493:             1             16  net.minecraft.world.level.levelgen.structure.templatesystem.NopProcessor (minecraft@1.20.1)
9494:             1             16  net.minecraft.world.level.levelgen.structure.templatesystem.NopProcessor$$Lambda$3201/0x0000000800a9c538 (minecraft@1.20.1)
9495:             1             16  net.minecraft.world.level.levelgen.structure.templatesystem.PosAlwaysTrueTest (minecraft@1.20.1)
9496:             1             16  net.minecraft.world.level.levelgen.structure.templatesystem.PosAlwaysTrueTest$$Lambda$2770/0x0000000800a129f8 (minecraft@1.20.1)
9497:             1             16  net.minecraft.world.level.levelgen.structure.templatesystem.PosRuleTest$$Lambda$2768/0x0000000800a12578 (minecraft@1.20.1)
9498:             1             16  net.minecraft.world.level.levelgen.structure.templatesystem.PosRuleTest$$Lambda$2769/0x0000000800a127b8 (minecraft@1.20.1)
9499:             1             16  net.minecraft.world.level.levelgen.structure.templatesystem.ProcessorRule$$Lambda$3190/0x0000000800a9aa28 (minecraft@1.20.1)
9500:             1             16  net.minecraft.world.level.levelgen.structure.templatesystem.ProcessorRule$$Lambda$3191/0x0000000800a9ac68 (minecraft@1.20.1)
9501:             1             16  net.minecraft.world.level.levelgen.structure.templatesystem.ProcessorRule$$Lambda$3192/0x0000000800a9aea8 (minecraft@1.20.1)
9502:             1             16  net.minecraft.world.level.levelgen.structure.templatesystem.ProcessorRule$$Lambda$3193/0x0000000800a9b0e8 (minecraft@1.20.1)
9503:             1             16  net.minecraft.world.level.levelgen.structure.templatesystem.ProcessorRule$$Lambda$3194/0x0000000800a9b328 (minecraft@1.20.1)
9504:             1             16  net.minecraft.world.level.levelgen.structure.templatesystem.ProcessorRule$$Lambda$3197/0x0000000800a9b9e8 (minecraft@1.20.1)
9505:             1             16  net.minecraft.world.level.levelgen.structure.templatesystem.ProcessorRule$$Lambda$3198/0x0000000800a9bc28 (minecraft@1.20.1)
9506:             1             16  net.minecraft.world.level.levelgen.structure.templatesystem.ProtectedBlockProcessor$$Lambda$3207/0x0000000800a9e2f8 (minecraft@1.20.1)
9507:             1             16  net.minecraft.world.level.levelgen.structure.templatesystem.ProtectedBlockProcessor$$Lambda$3208/0x0000000800a9e538 (minecraft@1.20.1)
9508:             1             16  net.minecraft.world.level.levelgen.structure.templatesystem.RandomBlockMatchTest$$Lambda$2753/0x0000000800a09b28 (minecraft@1.20.1)
9509:             1             16  net.minecraft.world.level.levelgen.structure.templatesystem.RandomBlockMatchTest$$Lambda$2754/0x0000000800a09d68 (minecraft@1.20.1)
9510:             1             16  net.minecraft.world.level.levelgen.structure.templatesystem.RandomBlockMatchTest$$Lambda$2755/0x0000000800a08800 (minecraft@1.20.1)
9511:             1             16  net.minecraft.world.level.levelgen.structure.templatesystem.RandomBlockMatchTest$$Lambda$2756/0x0000000800a08a40 (minecraft@1.20.1)
9512:             1             16  net.minecraft.world.level.levelgen.structure.templatesystem.RandomBlockStateMatchTest$$Lambda$2757/0x0000000800a08400 (minecraft@1.20.1)
9513:             1             16  net.minecraft.world.level.levelgen.structure.templatesystem.RandomBlockStateMatchTest$$Lambda$2758/0x0000000800a10000 (minecraft@1.20.1)
9514:             1             16  net.minecraft.world.level.levelgen.structure.templatesystem.RandomBlockStateMatchTest$$Lambda$2759/0x0000000800a10240 (minecraft@1.20.1)
9515:             1             16  net.minecraft.world.level.levelgen.structure.templatesystem.RandomBlockStateMatchTest$$Lambda$2760/0x0000000800a10480 (minecraft@1.20.1)
9516:             1             16  net.minecraft.world.level.levelgen.structure.templatesystem.RuleProcessor$$Lambda$3199/0x0000000800a9be88 (minecraft@1.20.1)
9517:             1             16  net.minecraft.world.level.levelgen.structure.templatesystem.RuleProcessor$$Lambda$3200/0x0000000800a9c0c8 (minecraft@1.20.1)
9518:             1             16  net.minecraft.world.level.levelgen.structure.templatesystem.RuleTest$$Lambda$2741/0x0000000800a0e6e0 (minecraft@1.20.1)
9519:             1             16  net.minecraft.world.level.levelgen.structure.templatesystem.RuleTest$$Lambda$2742/0x0000000800a0e920 (minecraft@1.20.1)
9520:             1             16  net.minecraft.world.level.levelgen.structure.templatesystem.StructureProcessorList (minecraft@1.20.1)
9521:             1             16  net.minecraft.world.level.levelgen.structure.templatesystem.StructureProcessorType$$Lambda$3170/0x0000000800a91240 (minecraft@1.20.1)
9522:             1             16  net.minecraft.world.level.levelgen.structure.templatesystem.StructureProcessorType$$Lambda$3171/0x0000000800a91480 (minecraft@1.20.1)
9523:             1             16  net.minecraft.world.level.levelgen.structure.templatesystem.StructureProcessorType$$Lambda$3172/0x0000000800a918d8 (minecraft@1.20.1)
9524:             1             16  net.minecraft.world.level.levelgen.structure.templatesystem.StructureProcessorType$$Lambda$3173/0x0000000800a91b18 (minecraft@1.20.1)
9525:             1             16  net.minecraft.world.level.levelgen.structure.templatesystem.StructureProcessorType$$Lambda$3174/0x0000000800a91d58 (minecraft@1.20.1)
9526:             1             16  net.minecraft.world.level.levelgen.structure.templatesystem.StructureProcessorType$$Lambda$3175/0x0000000800a90c00 (minecraft@1.20.1)
9527:             1             16  net.minecraft.world.level.levelgen.structure.templatesystem.TagMatchTest$$Lambda$2751/0x0000000800a09488 (minecraft@1.20.1)
9528:             1             16  net.minecraft.world.level.levelgen.structure.templatesystem.TagMatchTest$$Lambda$2752/0x0000000800a096c8 (minecraft@1.20.1)
9529:             1             16  net.minecraft.world.level.levelgen.structure.templatesystem.rule.blockentity.AppendLoot$$Lambda$2765/0x0000000800a11a88 (minecraft@1.20.1)
9530:             1             16  net.minecraft.world.level.levelgen.structure.templatesystem.rule.blockentity.AppendLoot$$Lambda$2766/0x0000000800a11cc8 (minecraft@1.20.1)
9531:             1             16  net.minecraft.world.level.levelgen.structure.templatesystem.rule.blockentity.AppendLoot$$Lambda$2767/0x0000000800a11f08 (minecraft@1.20.1)
9532:             1             16  net.minecraft.world.level.levelgen.structure.templatesystem.rule.blockentity.AppendStatic$$Lambda$2762/0x0000000800a11188 (minecraft@1.20.1)
9533:             1             16  net.minecraft.world.level.levelgen.structure.templatesystem.rule.blockentity.AppendStatic$$Lambda$2763/0x0000000800a113c8 (minecraft@1.20.1)
9534:             1             16  net.minecraft.world.level.levelgen.structure.templatesystem.rule.blockentity.AppendStatic$$Lambda$2764/0x0000000800a11608 (minecraft@1.20.1)
9535:             1             16  net.minecraft.world.level.levelgen.structure.templatesystem.rule.blockentity.Clear (minecraft@1.20.1)
9536:             1             16  net.minecraft.world.level.levelgen.structure.templatesystem.rule.blockentity.Passthrough (minecraft@1.20.1)
9537:             1             16  net.minecraft.world.level.levelgen.structure.templatesystem.rule.blockentity.RuleBlockEntityModifier$$Lambda$3195/0x0000000800a9b568 (minecraft@1.20.1)
9538:             1             16  net.minecraft.world.level.levelgen.structure.templatesystem.rule.blockentity.RuleBlockEntityModifier$$Lambda$3196/0x0000000800a9b7a8 (minecraft@1.20.1)
9539:             1             16  net.minecraft.world.level.levelgen.synth.BlendedNoise$$Lambda$4087/0x0000000800b60ab0 (minecraft@1.20.1)
9540:             1             16  net.minecraft.world.level.levelgen.synth.BlendedNoise$$Lambda$4088/0x0000000800b60cf0 (minecraft@1.20.1)
9541:             1             16  net.minecraft.world.level.levelgen.synth.BlendedNoise$$Lambda$4089/0x0000000800b60f30 (minecraft@1.20.1)
9542:             1             16  net.minecraft.world.level.levelgen.synth.BlendedNoise$$Lambda$4090/0x0000000800b61170 (minecraft@1.20.1)
9543:             1             16  net.minecraft.world.level.levelgen.synth.BlendedNoise$$Lambda$4091/0x0000000800b613b0 (minecraft@1.20.1)
9544:             1             16  net.minecraft.world.level.levelgen.synth.BlendedNoise$$Lambda$4092/0x0000000800b615f0 (minecraft@1.20.1)
9545:             1             16  net.minecraft.world.level.levelgen.synth.BlendedNoise$$Lambda$4093/0x0000000800b61830 (minecraft@1.20.1)
9546:             1             16  net.minecraft.world.level.levelgen.synth.NormalNoise$NoiseParameters$$Lambda$3687/0x0000000800b0a238 (minecraft@1.20.1)
9547:             1             16  net.minecraft.world.level.levelgen.synth.NormalNoise$NoiseParameters$$Lambda$3688/0x0000000800b0a478 (minecraft@1.20.1)
9548:             1             16  net.minecraft.world.level.levelgen.synth.NormalNoise$NoiseParameters$$Lambda$3689/0x0000000800b0a6b8 (minecraft@1.20.1)
9549:             1             16  net.minecraft.world.level.levelgen.synth.NormalNoise$NoiseParameters$$Lambda$3690/0x0000000800b0a8f8 (minecraft@1.20.1)
9550:             1             16  net.minecraft.world.level.material.FlowingFluid$$Lambda$1485/0x0000000800725aa0 (minecraft@1.20.1)
9551:             1             16  net.minecraft.world.level.material.Fluid$$Lambda$1482/0x0000000800724900 (minecraft@1.20.1)
9552:             1             16  net.minecraft.world.level.material.Fluid$$Lambda$1483/0x0000000800724b40 (minecraft@1.20.1)
9553:             1             16  net.minecraft.world.level.material.FluidState$$Lambda$1484/0x0000000800724d60 (minecraft@1.20.1)
9554:             1             16  net.minecraft.world.level.storage.loot.entries.ComposableEntryContainer$$Lambda$2889/0x0000000800a43650 (minecraft@1.20.1)
9555:             1             16  net.minecraft.world.level.storage.loot.entries.ComposableEntryContainer$$Lambda$2890/0x0000000800a43890 (minecraft@1.20.1)
9556:             1             16  net.minecraft.world.level.storage.loot.entries.DynamicLoot$Serializer (minecraft@1.20.1)
9557:             1             16  net.minecraft.world.level.storage.loot.entries.EmptyLootItem$Serializer (minecraft@1.20.1)
9558:             1             16  net.minecraft.world.level.storage.loot.entries.LootItem$Serializer (minecraft@1.20.1)
9559:             1             16  net.minecraft.world.level.storage.loot.entries.LootPoolEntries$$Lambda$2888/0x0000000800a431b0 (minecraft@1.20.1)
9560:             1             16  net.minecraft.world.level.storage.loot.entries.LootPoolEntries$$Lambda$2891/0x0000000800a43d38 (minecraft@1.20.1)
9561:             1             16  net.minecraft.world.level.storage.loot.entries.LootPoolEntries$$Lambda$2892/0x0000000800a441c0 (minecraft@1.20.1)
9562:             1             16  net.minecraft.world.level.storage.loot.entries.LootTableReference$Serializer (minecraft@1.20.1)
9563:             1             16  net.minecraft.world.level.storage.loot.entries.TagEntry$Serializer (minecraft@1.20.1)
9564:             1             16  net.minecraft.world.level.storage.loot.functions.ApplyBonusCount$Serializer (minecraft@1.20.1)
9565:             1             16  net.minecraft.world.level.storage.loot.functions.ApplyExplosionDecay$Serializer (minecraft@1.20.1)
9566:             1             16  net.minecraft.world.level.storage.loot.functions.CopyBlockState$Serializer (minecraft@1.20.1)
9567:             1             16  net.minecraft.world.level.storage.loot.functions.CopyNameFunction$Serializer (minecraft@1.20.1)
9568:             1             16  net.minecraft.world.level.storage.loot.functions.CopyNbtFunction$Serializer (minecraft@1.20.1)
9569:             1             16  net.minecraft.world.level.storage.loot.functions.EnchantRandomlyFunction$Serializer (minecraft@1.20.1)
9570:             1             16  net.minecraft.world.level.storage.loot.functions.EnchantWithLevelsFunction$Serializer (minecraft@1.20.1)
9571:             1             16  net.minecraft.world.level.storage.loot.functions.ExplorationMapFunction$Serializer (minecraft@1.20.1)
9572:             1             16  net.minecraft.world.level.storage.loot.functions.FillPlayerHead$Serializer (minecraft@1.20.1)
9573:             1             16  net.minecraft.world.level.storage.loot.functions.FunctionReference$Serializer (minecraft@1.20.1)
9574:             1             16  net.minecraft.world.level.storage.loot.functions.LimitCount$Serializer (minecraft@1.20.1)
9575:             1             16  net.minecraft.world.level.storage.loot.functions.LootItemFunctions$$Lambda$2893/0x0000000800a445e8 (minecraft@1.20.1)
9576:             1             16  net.minecraft.world.level.storage.loot.functions.LootingEnchantFunction$Serializer (minecraft@1.20.1)
9577:             1             16  net.minecraft.world.level.storage.loot.functions.SetAttributesFunction$Serializer (minecraft@1.20.1)
9578:             1             16  net.minecraft.world.level.storage.loot.functions.SetBannerPatternFunction$Serializer (minecraft@1.20.1)
9579:             1             16  net.minecraft.world.level.storage.loot.functions.SetContainerContents$Serializer (minecraft@1.20.1)
9580:             1             16  net.minecraft.world.level.storage.loot.functions.SetContainerLootTable$Serializer (minecraft@1.20.1)
9581:             1             16  net.minecraft.world.level.storage.loot.functions.SetEnchantmentsFunction$Serializer (minecraft@1.20.1)
9582:             1             16  net.minecraft.world.level.storage.loot.functions.SetInstrumentFunction$Serializer (minecraft@1.20.1)
9583:             1             16  net.minecraft.world.level.storage.loot.functions.SetItemCountFunction$Serializer (minecraft@1.20.1)
9584:             1             16  net.minecraft.world.level.storage.loot.functions.SetItemDamageFunction$Serializer (minecraft@1.20.1)
9585:             1             16  net.minecraft.world.level.storage.loot.functions.SetLoreFunction$Serializer (minecraft@1.20.1)
9586:             1             16  net.minecraft.world.level.storage.loot.functions.SetNameFunction$Serializer (minecraft@1.20.1)
9587:             1             16  net.minecraft.world.level.storage.loot.functions.SetNbtFunction$Serializer (minecraft@1.20.1)
9588:             1             16  net.minecraft.world.level.storage.loot.functions.SetPotionFunction$Serializer (minecraft@1.20.1)
9589:             1             16  net.minecraft.world.level.storage.loot.functions.SetStewEffectFunction$Serializer (minecraft@1.20.1)
9590:             1             16  net.minecraft.world.level.storage.loot.functions.SmeltItemFunction$Serializer (minecraft@1.20.1)
9591:             1             16  net.minecraft.world.level.storage.loot.predicates.AllOfCondition$Serializer (minecraft@1.20.1)
9592:             1             16  net.minecraft.world.level.storage.loot.predicates.AnyOfCondition$Serializer (minecraft@1.20.1)
9593:             1             16  net.minecraft.world.level.storage.loot.predicates.BonusLevelTableCondition$Serializer (minecraft@1.20.1)
9594:             1             16  net.minecraft.world.level.storage.loot.predicates.ConditionReference$Serializer (minecraft@1.20.1)
9595:             1             16  net.minecraft.world.level.storage.loot.predicates.DamageSourceCondition$Serializer (minecraft@1.20.1)
9596:             1             16  net.minecraft.world.level.storage.loot.predicates.EntityHasScoreCondition$Serializer (minecraft@1.20.1)
9597:             1             16  net.minecraft.world.level.storage.loot.predicates.ExplosionCondition$Serializer (minecraft@1.20.1)
9598:             1             16  net.minecraft.world.level.storage.loot.predicates.InvertedLootItemCondition$Serializer (minecraft@1.20.1)
9599:             1             16  net.minecraft.world.level.storage.loot.predicates.LocationCheck$Serializer (minecraft@1.20.1)
9600:             1             16  net.minecraft.world.level.storage.loot.predicates.LootItemBlockStatePropertyCondition$Serializer (minecraft@1.20.1)
9601:             1             16  net.minecraft.world.level.storage.loot.predicates.LootItemEntityPropertyCondition$Serializer (minecraft@1.20.1)
9602:             1             16  net.minecraft.world.level.storage.loot.predicates.LootItemKilledByPlayerCondition$Serializer (minecraft@1.20.1)
9603:             1             16  net.minecraft.world.level.storage.loot.predicates.LootItemRandomChanceCondition$Serializer (minecraft@1.20.1)
9604:             1             16  net.minecraft.world.level.storage.loot.predicates.LootItemRandomChanceWithLootingCondition$Serializer (minecraft@1.20.1)
9605:             1             16  net.minecraft.world.level.storage.loot.predicates.MatchTool$Serializer (minecraft@1.20.1)
9606:             1             16  net.minecraft.world.level.storage.loot.predicates.TimeCheck$Serializer (minecraft@1.20.1)
9607:             1             16  net.minecraft.world.level.storage.loot.predicates.ValueCheckCondition$Serializer (minecraft@1.20.1)
9608:             1             16  net.minecraft.world.level.storage.loot.predicates.WeatherCheck$Serializer (minecraft@1.20.1)
9609:             1             16  net.minecraft.world.level.storage.loot.providers.nbt.ContextNbtProvider$Serializer (minecraft@1.20.1)
9610:             1             16  net.minecraft.world.level.storage.loot.providers.nbt.StorageNbtProvider$Serializer (minecraft@1.20.1)
9611:             1             16  net.minecraft.world.level.storage.loot.providers.number.BinomialDistributionGenerator$Serializer (minecraft@1.20.1)
9612:             1             16  net.minecraft.world.level.storage.loot.providers.number.ConstantValue$Serializer (minecraft@1.20.1)
9613:             1             16  net.minecraft.world.level.storage.loot.providers.number.ScoreboardValue$Serializer (minecraft@1.20.1)
9614:             1             16  net.minecraft.world.level.storage.loot.providers.number.UniformGenerator$Serializer (minecraft@1.20.1)
9615:             1             16  net.minecraft.world.level.storage.loot.providers.score.ContextScoreboardNameProvider$Serializer (minecraft@1.20.1)
9616:             1             16  net.minecraft.world.level.storage.loot.providers.score.FixedScoreboardNameProvider$Serializer (minecraft@1.20.1)
9617:             1             16  net.minecraft.world.level.validation.DirectoryValidator (minecraft@1.20.1)
9618:             1             16  net.minecraft.world.phys.Vec3$$Lambda$1596/0x000000080075a920 (minecraft@1.20.1)
9619:             1             16  net.minecraft.world.phys.Vec3$$Lambda$1597/0x000000080075ab60 (minecraft@1.20.1)
9620:             1             16  net.minecraft.world.phys.shapes.BooleanOp$$Lambda$1553/0x000000080073cff8 (minecraft@1.20.1)
9621:             1             16  net.minecraft.world.phys.shapes.BooleanOp$$Lambda$1554/0x000000080073d218 (minecraft@1.20.1)
9622:             1             16  net.minecraft.world.phys.shapes.BooleanOp$$Lambda$1555/0x000000080073d438 (minecraft@1.20.1)
9623:             1             16  net.minecraft.world.phys.shapes.BooleanOp$$Lambda$1556/0x000000080073d658 (minecraft@1.20.1)
9624:             1             16  net.minecraft.world.phys.shapes.BooleanOp$$Lambda$1557/0x000000080073d878 (minecraft@1.20.1)
9625:             1             16  net.minecraft.world.phys.shapes.BooleanOp$$Lambda$1558/0x000000080073da98 (minecraft@1.20.1)
9626:             1             16  net.minecraft.world.phys.shapes.BooleanOp$$Lambda$1559/0x000000080073dcb8 (minecraft@1.20.1)
9627:             1             16  net.minecraft.world.phys.shapes.BooleanOp$$Lambda$1560/0x000000080073ded8 (minecraft@1.20.1)
9628:             1             16  net.minecraft.world.phys.shapes.BooleanOp$$Lambda$1561/0x000000080073e0f8 (minecraft@1.20.1)
9629:             1             16  net.minecraft.world.phys.shapes.BooleanOp$$Lambda$1562/0x000000080073e318 (minecraft@1.20.1)
9630:             1             16  net.minecraft.world.phys.shapes.BooleanOp$$Lambda$1563/0x000000080073e538 (minecraft@1.20.1)
9631:             1             16  net.minecraft.world.phys.shapes.BooleanOp$$Lambda$1564/0x000000080073e758 (minecraft@1.20.1)
9632:             1             16  net.minecraft.world.phys.shapes.BooleanOp$$Lambda$1565/0x000000080073e978 (minecraft@1.20.1)
9633:             1             16  net.minecraft.world.phys.shapes.BooleanOp$$Lambda$1566/0x000000080073eb98 (minecraft@1.20.1)
9634:             1             16  net.minecraft.world.phys.shapes.BooleanOp$$Lambda$1567/0x000000080073edb8 (minecraft@1.20.1)
9635:             1             16  net.minecraft.world.phys.shapes.BooleanOp$$Lambda$1568/0x000000080073efd8 (minecraft@1.20.1)
9636:             1             16  net.minecraft.world.phys.shapes.Shapes$$Lambda$1430/0x00000008006629a0 (minecraft@1.20.1)
9637:             1             16  net.minecraft.world.phys.shapes.Shapes$$Lambda$1552/0x000000080073cbb0 (minecraft@1.20.1)
9638:             1             16  net.minecraft.world.scores.criteria.ObjectiveCriteria$RenderType$$Lambda$2717/0x0000000800a04478 (minecraft@1.20.1)
9639:             1             16  net.minecraftforge.accesstransformer.AccessTransformer$FinalState$$Lambda$859/0x000000080047ad68 (accesstransformers@8.0.4)
9640:             1             16  net.minecraftforge.accesstransformer.AccessTransformer$FinalState$$Lambda$860/0x000000080047af88 (accesstransformers@8.0.4)
9641:             1             16  net.minecraftforge.accesstransformer.AccessTransformer$FinalState$$Lambda$861/0x000000080047b1a8 (accesstransformers@8.0.4)
9642:             1             16  net.minecraftforge.accesstransformer.AccessTransformer$FinalState$$Lambda$862/0x000000080047b3c8 (accesstransformers@8.0.4)
9643:             1             16  net.minecraftforge.accesstransformer.AccessTransformer$Modifier$$Lambda$858/0x000000080047a8f0 (accesstransformers@8.0.4)
9644:             1             16  net.minecraftforge.accesstransformer.AccessTransformerEngine$$Lambda$1022/0x000000080054d438 (accesstransformers@8.0.4)
9645:             1             16  net.minecraftforge.accesstransformer.AccessTransformerEngine$$Lambda$1025/0x000000080054db28 (accesstransformers@8.0.4)
9646:             1             16  net.minecraftforge.accesstransformer.MethodTarget$$Lambda$856/0x0000000800479bf0 (accesstransformers@8.0.4)
9647:             1             16  net.minecraftforge.accesstransformer.MethodTarget$$Lambda$857/0x0000000800479e30 (accesstransformers@8.0.4)
9648:             1             16  net.minecraftforge.accesstransformer.parser.AccessTransformVisitor$$Lambda$855/0x00000008004799b0 (accesstransformers@8.0.4)
9649:             1             16  net.minecraftforge.accesstransformer.parser.AccessTransformerList$$Lambda$1013/0x000000080054c000 (accesstransformers@8.0.4)
9650:             1             16  net.minecraftforge.accesstransformer.parser.AccessTransformerList$$Lambda$1014/0x000000080054c240 (accesstransformers@8.0.4)
9651:             1             16  net.minecraftforge.accesstransformer.parser.AccessTransformerList$$Lambda$1015/0x000000080054c480 (accesstransformers@8.0.4)
9652:             1             16  net.minecraftforge.accesstransformer.parser.AccessTransformerList$$Lambda$1016/0x000000080054c6a0 (accesstransformers@8.0.4)
9653:             1             16  net.minecraftforge.accesstransformer.parser.AccessTransformerList$$Lambda$865/0x000000080047c090 (accesstransformers@8.0.4)
9654:             1             16  net.minecraftforge.accesstransformer.service.AccessTransformerService (accesstransformers@8.0.4)
9655:             1             16  net.minecraftforge.client.ChunkRenderTypeSet (forge@47.4.13)
9656:             1             16  net.minecraftforge.client.ChunkRenderTypeSet$All (forge@47.4.13)
9657:             1             16  net.minecraftforge.client.ChunkRenderTypeSet$All$$Lambda$5675/0x0000000800e2a268 (forge@47.4.13)
9658:             1             16  net.minecraftforge.client.ChunkRenderTypeSet$None (forge@47.4.13)
9659:             1             16  net.minecraftforge.client.ForgeHooksClient$$Lambda$5006/0x0000000800d5d770 (forge@47.4.13)
9660:             1             16  net.minecraftforge.client.ForgeRenderTypes$$Lambda$4889/0x0000000800d0d950 (forge@47.4.13)
9661:             1             16  net.minecraftforge.client.ForgeRenderTypes$$Lambda$4892/0x0000000800d0e408 (forge@47.4.13)
9662:             1             16  net.minecraftforge.client.ForgeRenderTypes$$Lambda$4893/0x0000000800d0e628 (forge@47.4.13)
9663:             1             16  net.minecraftforge.client.ForgeRenderTypes$$Lambda$4894/0x0000000800d0e848 (forge@47.4.13)
9664:             1             16  net.minecraftforge.client.ForgeRenderTypes$$Lambda$4895/0x0000000800d0ea68 (forge@47.4.13)
9665:             1             16  net.minecraftforge.client.ForgeRenderTypes$$Lambda$4896/0x0000000800d0ec88 (forge@47.4.13)
9666:             1             16  net.minecraftforge.client.ForgeRenderTypes$$Lambda$4897/0x0000000800d0eea8 (forge@47.4.13)
9667:             1             16  net.minecraftforge.client.ForgeRenderTypes$$Lambda$4898/0x0000000800d0f0c8 (forge@47.4.13)
9668:             1             16  net.minecraftforge.client.ForgeRenderTypes$Internal$$Lambda$4899/0x0000000800d0fb88 (forge@47.4.13)
9669:             1             16  net.minecraftforge.client.ForgeRenderTypes$Internal$$Lambda$4900/0x0000000800d0fda8 (forge@47.4.13)
9670:             1             16  net.minecraftforge.client.ForgeRenderTypes$Internal$$Lambda$4901/0x0000000800d10000 (forge@47.4.13)
9671:             1             16  net.minecraftforge.client.ForgeRenderTypes$Internal$$Lambda$4902/0x0000000800d10230 (forge@47.4.13)
9672:             1             16  net.minecraftforge.client.ForgeRenderTypes$Internal$$Lambda$4903/0x0000000800d10470 (forge@47.4.13)
9673:             1             16  net.minecraftforge.client.ForgeRenderTypes$Internal$$Lambda$4904/0x0000000800d106b0 (forge@47.4.13)
9674:             1             16  net.minecraftforge.client.ForgeRenderTypes$Internal$$Lambda$4905/0x0000000800d108f0 (forge@47.4.13)
9675:             1             16  net.minecraftforge.client.ForgeRenderTypes$Internal$$Lambda$4906/0x0000000800d10b30 (forge@47.4.13)
9676:             1             16  net.minecraftforge.client.ForgeRenderTypes$Internal$$Lambda$4907/0x0000000800d10d70 (forge@47.4.13)
9677:             1             16  net.minecraftforge.client.ForgeRenderTypes$Internal$$Lambda$4908/0x0000000800d10fb0 (forge@47.4.13)
9678:             1             16  net.minecraftforge.client.ForgeRenderTypes$Internal$$Lambda$4909/0x0000000800d111f0 (forge@47.4.13)
9679:             1             16  net.minecraftforge.client.ForgeRenderTypes$Internal$$Lambda$4910/0x0000000800d11430 (forge@47.4.13)
9680:             1             16  net.minecraftforge.client.ForgeRenderTypes$Internal$$Lambda$4911/0x0000000800d11670 (forge@47.4.13)
9681:             1             16  net.minecraftforge.client.ForgeRenderTypes$Internal$$Lambda$4912/0x0000000800d118b0 (forge@47.4.13)
9682:             1             16  net.minecraftforge.client.ForgeRenderTypes$Internal$$Lambda$4913/0x0000000800d11af0 (forge@47.4.13)
9683:             1             16  net.minecraftforge.client.ForgeRenderTypes$Internal$$Lambda$4914/0x0000000800d11d30 (forge@47.4.13)
9684:             1             16  net.minecraftforge.client.ForgeRenderTypes$Internal$$Lambda$4915/0x0000000800d11f70 (forge@47.4.13)
9685:             1             16  net.minecraftforge.client.ForgeRenderTypes$Internal$$Lambda$4916/0x0000000800d12190 (forge@47.4.13)
9686:             1             16  net.minecraftforge.client.ForgeRenderTypes$Internal$$Lambda$4918/0x0000000800d125d8 (forge@47.4.13)
9687:             1             16  net.minecraftforge.client.ForgeRenderTypes$Internal$$Lambda$4919/0x0000000800d127f8 (forge@47.4.13)
9688:             1             16  net.minecraftforge.client.ForgeRenderTypes$Internal$$Lambda$4920/0x0000000800d12a18 (forge@47.4.13)
9689:             1             16  net.minecraftforge.client.ForgeRenderTypes$Internal$$Lambda$4921/0x0000000800d12c38 (forge@47.4.13)
9690:             1             16  net.minecraftforge.client.ItemDecoratorHandler (forge@47.4.13)
9691:             1             16  net.minecraftforge.client.gui.LoadingErrorScreen$$Lambda$6052/0x0000000800ea6800 (forge@47.4.13)
9692:             1             16  net.minecraftforge.client.gui.LoadingErrorScreen$$Lambda$6053/0x0000000800ea6a28 (forge@47.4.13)
9693:             1             16  net.minecraftforge.client.gui.LoadingErrorScreen$$Lambda$6054/0x0000000800ea6c50 (forge@47.4.13)
9694:             1             16  net.minecraftforge.client.gui.overlay.GuiOverlayManager$$Lambda$5151/0x0000000800d9e410 (forge@47.4.13)
9695:             1             16  net.minecraftforge.client.gui.overlay.VanillaGuiOverlay$$Lambda$5124/0x0000000800d96568 (forge@47.4.13)
9696:             1             16  net.minecraftforge.client.gui.overlay.VanillaGuiOverlay$$Lambda$5125/0x0000000800d96788 (forge@47.4.13)
9697:             1             16  net.minecraftforge.client.gui.overlay.VanillaGuiOverlay$$Lambda$5126/0x0000000800d969a8 (forge@47.4.13)
9698:             1             16  net.minecraftforge.client.gui.overlay.VanillaGuiOverlay$$Lambda$5127/0x0000000800d96bc8 (forge@47.4.13)
9699:             1             16  net.minecraftforge.client.gui.overlay.VanillaGuiOverlay$$Lambda$5128/0x0000000800d96de8 (forge@47.4.13)
9700:             1             16  net.minecraftforge.client.gui.overlay.VanillaGuiOverlay$$Lambda$5129/0x0000000800d97008 (forge@47.4.13)
9701:             1             16  net.minecraftforge.client.gui.overlay.VanillaGuiOverlay$$Lambda$5130/0x0000000800d97228 (forge@47.4.13)
9702:             1             16  net.minecraftforge.client.gui.overlay.VanillaGuiOverlay$$Lambda$5131/0x0000000800d97448 (forge@47.4.13)
9703:             1             16  net.minecraftforge.client.gui.overlay.VanillaGuiOverlay$$Lambda$5132/0x0000000800d97668 (forge@47.4.13)
9704:             1             16  net.minecraftforge.client.gui.overlay.VanillaGuiOverlay$$Lambda$5133/0x0000000800d97888 (forge@47.4.13)
9705:             1             16  net.minecraftforge.client.gui.overlay.VanillaGuiOverlay$$Lambda$5134/0x0000000800d97aa8 (forge@47.4.13)
9706:             1             16  net.minecraftforge.client.gui.overlay.VanillaGuiOverlay$$Lambda$5135/0x0000000800d97cc8 (forge@47.4.13)
9707:             1             16  net.minecraftforge.client.gui.overlay.VanillaGuiOverlay$$Lambda$5136/0x0000000800d9c000 (forge@47.4.13)
9708:             1             16  net.minecraftforge.client.gui.overlay.VanillaGuiOverlay$$Lambda$5137/0x0000000800d9c220 (forge@47.4.13)
9709:             1             16  net.minecraftforge.client.gui.overlay.VanillaGuiOverlay$$Lambda$5138/0x0000000800d9c440 (forge@47.4.13)
9710:             1             16  net.minecraftforge.client.gui.overlay.VanillaGuiOverlay$$Lambda$5139/0x0000000800d9c660 (forge@47.4.13)
9711:             1             16  net.minecraftforge.client.gui.overlay.VanillaGuiOverlay$$Lambda$5140/0x0000000800d9c880 (forge@47.4.13)
9712:             1             16  net.minecraftforge.client.gui.overlay.VanillaGuiOverlay$$Lambda$5141/0x0000000800d9caa0 (forge@47.4.13)
9713:             1             16  net.minecraftforge.client.gui.overlay.VanillaGuiOverlay$$Lambda$5142/0x0000000800d9ccc0 (forge@47.4.13)
9714:             1             16  net.minecraftforge.client.gui.overlay.VanillaGuiOverlay$$Lambda$5143/0x0000000800d9cee0 (forge@47.4.13)
9715:             1             16  net.minecraftforge.client.gui.overlay.VanillaGuiOverlay$$Lambda$5144/0x0000000800d9d100 (forge@47.4.13)
9716:             1             16  net.minecraftforge.client.gui.overlay.VanillaGuiOverlay$$Lambda$5145/0x0000000800d9d320 (forge@47.4.13)
9717:             1             16  net.minecraftforge.client.gui.overlay.VanillaGuiOverlay$$Lambda$5146/0x0000000800d9d540 (forge@47.4.13)
9718:             1             16  net.minecraftforge.client.gui.overlay.VanillaGuiOverlay$$Lambda$5147/0x0000000800d9d760 (forge@47.4.13)
9719:             1             16  net.minecraftforge.client.gui.overlay.VanillaGuiOverlay$$Lambda$5148/0x0000000800d9d980 (forge@47.4.13)
9720:             1             16  net.minecraftforge.client.gui.overlay.VanillaGuiOverlay$$Lambda$5149/0x0000000800d9dba0 (forge@47.4.13)
9721:             1             16  net.minecraftforge.client.loading.ClientModLoader$$Lambda$4609/0x0000000800c3a230 (forge@47.4.13)
9722:             1             16  net.minecraftforge.client.loading.ClientModLoader$$Lambda$4610/0x0000000800c3a450 (forge@47.4.13)
9723:             1             16  net.minecraftforge.client.loading.ClientModLoader$$Lambda$4617/0x0000000800c3b5f0 (forge@47.4.13)
9724:             1             16  net.minecraftforge.client.loading.ClientModLoader$$Lambda$4657/0x0000000800c832a8 (forge@47.4.13)
9725:             1             16  net.minecraftforge.client.loading.ForgeLoadingOverlay$$Lambda$5324/0x0000000800dd53f8 (forge@47.4.13)
9726:             1             16  net.minecraftforge.client.loading.ForgeLoadingOverlay$$Lambda$5335/0x0000000800dd5618 (forge@47.4.13)
9727:             1             16  net.minecraftforge.client.model.ExtendedBlockModelDeserializer (forge@47.4.13)
9728:             1             16  net.minecraftforge.client.model.ForgeFaceData$$Lambda$5523/0x0000000800e06410 (forge@47.4.13)
9729:             1             16  net.minecraftforge.client.model.ForgeFaceData$$Lambda$5524/0x0000000800e06650 (forge@47.4.13)
9730:             1             16  net.minecraftforge.client.model.ForgeFaceData$$Lambda$5525/0x0000000800e06890 (forge@47.4.13)
9731:             1             16  net.minecraftforge.client.model.ForgeFaceData$$Lambda$5526/0x0000000800e06ad0 (forge@47.4.13)
9732:             1             16  net.minecraftforge.client.model.ForgeFaceData$$Lambda$5527/0x0000000800e06d10 (forge@47.4.13)
9733:             1             16  net.minecraftforge.client.model.ForgeFaceData$$Lambda$5528/0x0000000800e06f50 (forge@47.4.13)
9734:             1             16  net.minecraftforge.client.model.ForgeFaceData$$Lambda$5529/0x0000000800e07190 (forge@47.4.13)
9735:             1             16  net.minecraftforge.client.model.ForgeFaceData$$Lambda$5530/0x0000000800e073d0 (forge@47.4.13)
9736:             1             16  net.minecraftforge.client.model.ForgeFaceData$$Lambda$5531/0x0000000800e07610 (forge@47.4.13)
9737:             1             16  net.minecraftforge.client.model.QuadTransformers$$Lambda$5656/0x0000000800e25800 (forge@47.4.13)
9738:             1             16  net.minecraftforge.client.model.QuadTransformers$$Lambda$5657/0x0000000800e25c58 (forge@47.4.13)
9739:             1             16  net.minecraftforge.client.model.QuadTransformers$$Lambda$5658/0x0000000800e25e88 (forge@47.4.13)
9740:             1             16  net.minecraftforge.client.model.geometry.GeometryLoaderManager$$Lambda$5227/0x0000000800dc06e0 (forge@47.4.13)
9741:             1             16  net.minecraftforge.client.model.lighting.ForgeModelBlockRenderer$$Lambda$5001/0x0000000800d53900 (forge@47.4.13)
9742:             1             16  net.minecraftforge.client.model.lighting.ForgeModelBlockRenderer$$Lambda$5002/0x0000000800d53b28 (forge@47.4.13)
9743:             1             16  net.minecraftforge.client.settings.KeyMappingLookup (forge@47.4.13)
9744:             1             16  net.minecraftforge.client.settings.KeyMappingLookup$$Lambda$4485/0x0000000800c0e000 (forge@47.4.13)
9745:             1             16  net.minecraftforge.client.settings.KeyMappingLookup$$Lambda$4566/0x0000000800c1dd48 (forge@47.4.13)
9746:             1             16  net.minecraftforge.client.textures.ForgeTextureMetadata (forge@47.4.13)
9747:             1             16  net.minecraftforge.client.textures.ForgeTextureMetadata$Serializer (forge@47.4.13)
9748:             1             16  net.minecraftforge.common.ForgeConfig$$Lambda$5662/0x0000000800e2cbb0 (forge@47.4.13)
9749:             1             16  net.minecraftforge.common.ForgeConfig$$Lambda$5670/0x0000000800e2e250 (forge@47.4.13)
9750:             1             16  net.minecraftforge.common.ForgeConfig$$Lambda$5671/0x0000000800e2e6a0 (forge@47.4.13)
9751:             1             16  net.minecraftforge.common.ForgeConfig$Common (forge@47.4.13)
9752:             1             16  net.minecraftforge.common.ForgeConfigSpec$Builder$$Lambda$5661/0x0000000800e27cb8 (forge@47.4.13)
9753:             1             16  net.minecraftforge.common.ForgeConfigSpec$Builder$$Lambda$5665/0x0000000800e2d730 (forge@47.4.13)
9754:             1             16  net.minecraftforge.common.ForgeConfigSpec$Builder$$Lambda$5673/0x0000000800e2eff0 (forge@47.4.13)
9755:             1             16  net.minecraftforge.common.ForgeConfigSpec$Builder$$Lambda$5674/0x0000000800e2f248 (forge@47.4.13)
9756:             1             16  net.minecraftforge.common.ForgeConfigSpec$BuilderContext$$Lambda$5663/0x0000000800e2cdf0 (forge@47.4.13)
9757:             1             16  net.minecraftforge.common.ForgeHooks$$Lambda$4703/0x0000000800c9faf8 (forge@47.4.13)
9758:             1             16  net.minecraftforge.common.ForgeI18n$$Lambda$4237/0x0000000800b87020 (forge@47.4.13)
9759:             1             16  net.minecraftforge.common.ForgeI18n$$Lambda$4238/0x0000000800b87240 (forge@47.4.13)
9760:             1             16  net.minecraftforge.common.ForgeI18n$$Lambda$4239/0x0000000800b87460 (forge@47.4.13)
9761:             1             16  net.minecraftforge.common.ForgeI18n$$Lambda$4240/0x0000000800b87680 (forge@47.4.13)
9762:             1             16  net.minecraftforge.common.ForgeI18n$$Lambda$4241/0x0000000800b878a0 (forge@47.4.13)
9763:             1             16  net.minecraftforge.common.ForgeI18n$$Lambda$4242/0x0000000800b87ac0 (forge@47.4.13)
9764:             1             16  net.minecraftforge.common.ForgeI18n$$Lambda$4243/0x0000000800b87ce0 (forge@47.4.13)
9765:             1             16  net.minecraftforge.common.ForgeI18n$$Lambda$4244/0x0000000800b88000 (forge@47.4.13)
9766:             1             16  net.minecraftforge.common.ForgeI18n$$Lambda$4674/0x0000000800c83d80 (forge@47.4.13)
9767:             1             16  net.minecraftforge.common.ForgeInternalHandler (forge@47.4.13)
9768:             1             16  net.minecraftforge.common.ForgeStatesProvider$$Lambda$4644/0x0000000800c82358 (forge@47.4.13)
9769:             1             16  net.minecraftforge.common.ForgeStatesProvider$$Lambda$4645/0x0000000800c82588 (forge@47.4.13)
9770:             1             16  net.minecraftforge.common.ForgeStatesProvider$$Lambda$4646/0x0000000800c827b8 (forge@47.4.13)
9771:             1             16  net.minecraftforge.common.ForgeStatesProvider$$Lambda$4647/0x0000000800c829e8 (forge@47.4.13)
9772:             1             16  net.minecraftforge.common.ForgeStatesProvider$$Lambda$4648/0x0000000800c82c18 (forge@47.4.13)
9773:             1             16  net.minecraftforge.common.ForgeStatesProvider$$Lambda$4649/0x0000000800c82e48 (forge@47.4.13)
9774:             1             16  net.minecraftforge.common.ForgeStatesProvider$$Lambda$4650/0x0000000800c83078 (forge@47.4.13)
9775:             1             16  net.minecraftforge.common.IExtensibleEnum$$Lambda$1797/0x00000008007f95f0 (forge@47.4.13)
9776:             1             16  net.minecraftforge.common.capabilities.CapabilityProvider$$Lambda$4986/0x0000000800d37980 (forge@47.4.13)
9777:             1             16  net.minecraftforge.common.util.LogicalSidedProvider$$Lambda$4611/0x0000000800c3a890 (forge@47.4.13)
9778:             1             16  net.minecraftforge.common.util.LogicalSidedProvider$$Lambda$4612/0x0000000800c3aad0 (forge@47.4.13)
9779:             1             16  net.minecraftforge.common.util.LogicalSidedProvider$$Lambda$4613/0x0000000800c3ad10 (forge@47.4.13)
9780:             1             16  net.minecraftforge.common.util.LogicalSidedProvider$$Lambda$4614/0x0000000800c3af50 (forge@47.4.13)
9781:             1             16  net.minecraftforge.common.util.MavenVersionStringHelper$$Lambda$4676/0x0000000800c8e238 (forge@47.4.13)
9782:             1             16  net.minecraftforge.common.util.TransformationHelper$Deserializer (forge@47.4.13)
9783:             1             16  net.minecraftforge.coremod.CoreMod$$Lambda$922/0x0000000800500de0 (net.minecraftforge.coremod)
9784:             1             16  net.minecraftforge.coremod.CoreMod$$Lambda$923/0x0000000800501020 (net.minecraftforge.coremod)
9785:             1             16  net.minecraftforge.coremod.CoreModEngine (net.minecraftforge.coremod)
9786:             1             16  net.minecraftforge.coremod.CoreModEngine$$Lambda$915/0x00000008004ef660 (net.minecraftforge.coremod)
9787:             1             16  net.minecraftforge.coremod.CoreModEngine$$Lambda$916/0x00000008004ef8a0 (net.minecraftforge.coremod)
9788:             1             16  net.minecraftforge.coremod.CoreModProvider (net.minecraftforge.coremod)
9789:             1             16  net.minecraftforge.coremod.CoreModTracker (net.minecraftforge.coremod)
9790:             1             16  net.minecraftforge.coremod.CoreModTracker$$Lambda$901/0x00000008004c4620 (net.minecraftforge.coremod)
9791:             1             16  net.minecraftforge.coremod.NashornFactory$$Lambda$810/0x00000008003da620 (net.minecraftforge.coremod)
9792:             1             16  net.minecraftforge.coremod.api.ASMAPI$$Lambda$911/0x00000008004ed9f8 (net.minecraftforge.coremod)
9793:             1             16  net.minecraftforge.coremod.api.ASMAPI$$Lambda$912/0x00000008004edc38 (net.minecraftforge.coremod)
9794:             1             16  net.minecraftforge.eventbus.EventAccessTransformer (net.minecraftforge.eventbus)
9795:             1             16  net.minecraftforge.eventbus.EventAccessTransformer$$Lambda$963/0x0000000800523620 (net.minecraftforge.eventbus)
9796:             1             16  net.minecraftforge.eventbus.EventAccessTransformer$$Lambda$965/0x0000000800523aa8 (net.minecraftforge.eventbus)
9797:             1             16  net.minecraftforge.eventbus.EventAccessTransformer$$Lambda$969/0x00000008005243a0 (net.minecraftforge.eventbus)
9798:             1             16  net.minecraftforge.eventbus.EventBus$$Lambda$4265/0x0000000800ba2aa8 (net.minecraftforge.eventbus)
9799:             1             16  net.minecraftforge.eventbus.EventBus$$Lambda$4987/0x0000000800d308a0 (net.minecraftforge.eventbus)
9800:             1             16  net.minecraftforge.eventbus.EventSubclassTransformer (net.minecraftforge.eventbus)
9801:             1             16  net.minecraftforge.eventbus.service.ModLauncherService (net.minecraftforge.eventbus)
9802:             1             16  net.minecraftforge.eventbus.service.ModLauncherService$$Lambda$958/0x000000080050fa48 (net.minecraftforge.eventbus)
9803:             1             16  net.minecraftforge.fml.Bindings$$Lambda$4668/0x0000000800c89c88 (fmlcore@1.20.1-47.4.13)
9804:             1             16  net.minecraftforge.fml.ModList$$Lambda$4659/0x0000000800c88240 (fmlcore@1.20.1-47.4.13)
9805:             1             16  net.minecraftforge.fml.ModList$$Lambda$4662/0x0000000800c88910 (fmlcore@1.20.1-47.4.13)
9806:             1             16  net.minecraftforge.fml.ModList$$Lambda$4663/0x0000000800c88b50 (fmlcore@1.20.1-47.4.13)
9807:             1             16  net.minecraftforge.fml.ModList$$Lambda$4665/0x0000000800c88fd8 (fmlcore@1.20.1-47.4.13)
9808:             1             16  net.minecraftforge.fml.ModList$$Lambda$4666/0x0000000800c89218 (fmlcore@1.20.1-47.4.13)
9809:             1             16  net.minecraftforge.fml.ModList$$Lambda$4667/0x0000000800c89458 (fmlcore@1.20.1-47.4.13)
9810:             1             16  net.minecraftforge.fml.ModList$$Lambda$4680/0x0000000800c8a300 (fmlcore@1.20.1-47.4.13)
9811:             1             16  net.minecraftforge.fml.ModList$$Lambda$6033/0x0000000800c8b6b8 (fmlcore@1.20.1-47.4.13)
9812:             1             16  net.minecraftforge.fml.ModList$$Lambda$6034/0x0000000800c8b8f8 (fmlcore@1.20.1-47.4.13)
9813:             1             16  net.minecraftforge.fml.ModList$$Lambda$6035/0x0000000800c8bb38 (fmlcore@1.20.1-47.4.13)
9814:             1             16  net.minecraftforge.fml.ModLoader$$Lambda$4619/0x00000008005c9f80 (fmlcore@1.20.1-47.4.13)
9815:             1             16  net.minecraftforge.fml.ModLoader$$Lambda$4621/0x00000008005cac88 (fmlcore@1.20.1-47.4.13)
9816:             1             16  net.minecraftforge.fml.ModLoader$$Lambda$4622/0x00000008005caec8 (fmlcore@1.20.1-47.4.13)
9817:             1             16  net.minecraftforge.fml.ModLoader$$Lambda$4624/0x00000008005cb370 (fmlcore@1.20.1-47.4.13)
9818:             1             16  net.minecraftforge.fml.ModLoader$$Lambda$4651/0x0000000800c3e968 (fmlcore@1.20.1-47.4.13)
9819:             1             16  net.minecraftforge.fml.ModLoader$$Lambda$4652/0x0000000800c3edf8 (fmlcore@1.20.1-47.4.13)
9820:             1             16  net.minecraftforge.fml.ModLoader$$Lambda$4653/0x0000000800c3f018 (fmlcore@1.20.1-47.4.13)
9821:             1             16  net.minecraftforge.fml.ModLoader$$Lambda$4654/0x0000000800c3f238 (fmlcore@1.20.1-47.4.13)
9822:             1             16  net.minecraftforge.fml.ModLoader$$Lambda$4655/0x0000000800c3f460 (fmlcore@1.20.1-47.4.13)
9823:             1             16  net.minecraftforge.fml.ModLoader$$Lambda$4658/0x0000000800c88000 (fmlcore@1.20.1-47.4.13)
9824:             1             16  net.minecraftforge.fml.ModLoader$$Lambda$4678/0x0000000800c89ea8 (fmlcore@1.20.1-47.4.13)
9825:             1             16  net.minecraftforge.fml.ModLoader$$Lambda$5122/0x0000000800c8a540 (fmlcore@1.20.1-47.4.13)
9826:             1             16  net.minecraftforge.fml.ModLoader$$Lambda$5123/0x0000000800c8a770 (fmlcore@1.20.1-47.4.13)
9827:             1             16  net.minecraftforge.fml.ModLoader$$Lambda$6030/0x0000000800c8aff0 (fmlcore@1.20.1-47.4.13)
9828:             1             16  net.minecraftforge.fml.ModLoader$$Lambda$6031/0x0000000800c8b230 (fmlcore@1.20.1-47.4.13)
9829:             1             16  net.minecraftforge.fml.ModLoadingContext$$Lambda$1445/0x00000008005c88d8 (fmlcore@1.20.1-47.4.13)
9830:             1             16  net.minecraftforge.fml.ModLoadingState$$Lambda$4631/0x0000000800c3d608 (fmlcore@1.20.1-47.4.13)
9831:             1             16  net.minecraftforge.fml.ModLoadingState$$Lambda$4632/0x0000000800c3d848 (fmlcore@1.20.1-47.4.13)
9832:             1             16  net.minecraftforge.fml.ModLoadingState$$Lambda$4634/0x0000000800c3da68 (fmlcore@1.20.1-47.4.13)
9833:             1             16  net.minecraftforge.fml.ModLoadingState$$Lambda$4637/0x0000000800c3ded0 (fmlcore@1.20.1-47.4.13)
9834:             1             16  net.minecraftforge.fml.ModLoadingState$$Lambda$4639/0x0000000800c3e338 (fmlcore@1.20.1-47.4.13)
9835:             1             16  net.minecraftforge.fml.ModStateManager (fmlcore@1.20.1-47.4.13)
9836:             1             16  net.minecraftforge.fml.ModStateManager$$Lambda$4626/0x00000008005cbc08 (fmlcore@1.20.1-47.4.13)
9837:             1             16  net.minecraftforge.fml.ModStateManager$$Lambda$4627/0x0000000800c3c000 (fmlcore@1.20.1-47.4.13)
9838:             1             16  net.minecraftforge.fml.ModStateManager$$Lambda$4628/0x0000000800c3c240 (fmlcore@1.20.1-47.4.13)
9839:             1             16  net.minecraftforge.fml.ModStateManager$$Lambda$4629/0x0000000800c3c8b8 (fmlcore@1.20.1-47.4.13)
9840:             1             16  net.minecraftforge.fml.ModStateManager$$Lambda$4630/0x0000000800c3caf8 (fmlcore@1.20.1-47.4.13)
9841:             1             16  net.minecraftforge.fml.ModWorkManager$$Lambda$4656/0x0000000800c3fd08 (fmlcore@1.20.1-47.4.13)
9842:             1             16  net.minecraftforge.fml.ModWorkManager$SyncExecutor (fmlcore@1.20.1-47.4.13)
9843:             1             16  net.minecraftforge.fml.common.asm.CapabilityTokenSubclass (fmlloader@1.20.1-47.4.13)
9844:             1             16  net.minecraftforge.fml.common.asm.ObjectHolderDefinalize (fmlloader@1.20.1-47.4.13)
9845:             1             16  net.minecraftforge.fml.common.asm.ObjectHolderDefinalize$$Lambda$1439/0x000000080066e010 (fmlloader@1.20.1-47.4.13)
9846:             1             16  net.minecraftforge.fml.common.asm.ObjectHolderDefinalize$$Lambda$356/0x00000008002b5620 (fmlloader@1.20.1-47.4.13)
9847:             1             16  net.minecraftforge.fml.common.asm.ObjectHolderDefinalize$$Lambda$357/0x00000008002b5860 (fmlloader@1.20.1-47.4.13)
9848:             1             16  net.minecraftforge.fml.common.asm.ObjectHolderDefinalize$$Lambda$987/0x0000000800526d70 (fmlloader@1.20.1-47.4.13)
9849:             1             16  net.minecraftforge.fml.common.asm.RuntimeEnumExtender (fmlloader@1.20.1-47.4.13)
9850:             1             16  net.minecraftforge.fml.common.asm.RuntimeEnumExtender$$Lambda$1789/0x00000008007b5108 (fmlloader@1.20.1-47.4.13)
9851:             1             16  net.minecraftforge.fml.core.ModStateProvider$$Lambda$4633/0x0000000800c3bc68 (forge@47.4.13)
9852:             1             16  net.minecraftforge.fml.core.ModStateProvider$$Lambda$4635/0x0000000800c809d8 (forge@47.4.13)
9853:             1             16  net.minecraftforge.fml.core.ModStateProvider$$Lambda$4640/0x0000000800c80e88 (forge@47.4.13)
9854:             1             16  net.minecraftforge.fml.core.ModStateProvider$$Lambda$4641/0x0000000800c810a8 (forge@47.4.13)
9855:             1             16  net.minecraftforge.fml.core.ModStateProvider$$Lambda$4642/0x0000000800c812c8 (forge@47.4.13)
9856:             1             16  net.minecraftforge.fml.core.ModStateProvider$$Lambda$4643/0x0000000800c81c68 (forge@47.4.13)
9857:             1             16  net.minecraftforge.fml.earlydisplay.DisplayWindow$$Lambda$1026/0x000000080054dd58 (fmlearlydisplay@1.20.1-47.4.13)
9858:             1             16  net.minecraftforge.fml.earlydisplay.DisplayWindow$$Lambda$433/0x000000080031dd10 (fmlearlydisplay@1.20.1-47.4.13)
9859:             1             16  net.minecraftforge.fml.earlydisplay.DisplayWindow$$Lambda$437/0x000000080031f9d0 (fmlearlydisplay@1.20.1-47.4.13)
9860:             1             16  net.minecraftforge.fml.earlydisplay.DisplayWindow$$Lambda$455/0x000000080032cc48 (fmlearlydisplay@1.20.1-47.4.13)
9861:             1             16  net.minecraftforge.fml.earlydisplay.DisplayWindow$$Lambda$4580/0x0000000800c22980 (fmlearlydisplay@1.20.1-47.4.13)
9862:             1             16  net.minecraftforge.fml.earlydisplay.DisplayWindow$$Lambda$462/0x0000000800332388 (fmlearlydisplay@1.20.1-47.4.13)
9863:             1             16  net.minecraftforge.fml.earlydisplay.DisplayWindow$$Lambda$955/0x000000080050f188 (fmlearlydisplay@1.20.1-47.4.13)
9864:             1             16  net.minecraftforge.fml.earlydisplay.RenderElement$$Lambda$600/0x000000080037d490 (fmlearlydisplay@1.20.1-47.4.13)
9865:             1             16  net.minecraftforge.fml.earlydisplay.RenderElement$$Lambda$605/0x0000000800384e98 (fmlearlydisplay@1.20.1-47.4.13)
9866:             1             16  net.minecraftforge.fml.earlydisplay.RenderElement$$Lambda$610/0x0000000800385988 (fmlearlydisplay@1.20.1-47.4.13)
9867:             1             16  net.minecraftforge.fml.earlydisplay.RenderElement$$Lambda$612/0x0000000800385df8 (fmlearlydisplay@1.20.1-47.4.13)
9868:             1             16  net.minecraftforge.fml.earlydisplay.RenderElement$$Lambda$623/0x0000000800382858 (fmlearlydisplay@1.20.1-47.4.13)
9869:             1             16  net.minecraftforge.fml.earlydisplay.SimpleBufferBuilder$Format$$Lambda$602/0x0000000800384440 (fmlearlydisplay@1.20.1-47.4.13)
9870:             1             16  net.minecraftforge.fml.javafmlmod.FMLJavaModLanguageProvider (javafmllanguage@1.20.1-47.4.13)
9871:             1             16  net.minecraftforge.fml.javafmlmod.FMLJavaModLanguageProvider$$Lambda$1000/0x0000000800512d68 (javafmllanguage@1.20.1-47.4.13)
9872:             1             16  net.minecraftforge.fml.javafmlmod.FMLJavaModLanguageProvider$$Lambda$1001/0x00000008005131d0 (javafmllanguage@1.20.1-47.4.13)
9873:             1             16  net.minecraftforge.fml.javafmlmod.FMLJavaModLanguageProvider$$Lambda$1002/0x0000000800513698 (javafmllanguage@1.20.1-47.4.13)
9874:             1             16  net.minecraftforge.fml.javafmlmod.FMLJavaModLanguageProvider$$Lambda$1003/0x00000008005138d8 (javafmllanguage@1.20.1-47.4.13)
9875:             1             16  net.minecraftforge.fml.javafmlmod.FMLJavaModLanguageProvider$$Lambda$998/0x00000008005128e8 (javafmllanguage@1.20.1-47.4.13)
9876:             1             16  net.minecraftforge.fml.javafmlmod.FMLJavaModLanguageProvider$$Lambda$999/0x0000000800512b18 (javafmllanguage@1.20.1-47.4.13)
9877:             1             16  net.minecraftforge.fml.loading.ClasspathTransformerDiscoverer$$Lambda$374/0x0000000800300698 (fmlloader@1.20.1-47.4.13)
9878:             1             16  net.minecraftforge.fml.loading.FMLConfig (fmlloader@1.20.1-47.4.13)
9879:             1             16  net.minecraftforge.fml.loading.FMLConfig$ConfigValue$$Lambda$382/0x0000000800307a28 (fmlloader@1.20.1-47.4.13)
9880:             1             16  net.minecraftforge.fml.loading.FMLConfig$ConfigValue$$Lambda$384/0x0000000800305898 (fmlloader@1.20.1-47.4.13)
9881:             1             16  net.minecraftforge.fml.loading.FMLEnvironment$$Lambda$510/0x0000000800351f40 (fmlloader@1.20.1-47.4.13)
9882:             1             16  net.minecraftforge.fml.loading.FMLEnvironment$$Lambda$511/0x0000000800352180 (fmlloader@1.20.1-47.4.13)
9883:             1             16  net.minecraftforge.fml.loading.FMLLoader$$Lambda$474/0x0000000800337b88 (fmlloader@1.20.1-47.4.13)
9884:             1             16  net.minecraftforge.fml.loading.FMLLoader$$Lambda$475/0x0000000800337dc8 (fmlloader@1.20.1-47.4.13)
9885:             1             16  net.minecraftforge.fml.loading.FMLLoader$$Lambda$476/0x0000000800335000 (fmlloader@1.20.1-47.4.13)
9886:             1             16  net.minecraftforge.fml.loading.FMLLoader$$Lambda$477/0x0000000800335220 (fmlloader@1.20.1-47.4.13)
9887:             1             16  net.minecraftforge.fml.loading.FMLLoader$$Lambda$478/0x0000000800335640 (fmlloader@1.20.1-47.4.13)
9888:             1             16  net.minecraftforge.fml.loading.FMLLoader$$Lambda$6029/0x0000000800e3e8f8 (fmlloader@1.20.1-47.4.13)
9889:             1             16  net.minecraftforge.fml.loading.FMLPaths$$Lambda$504/0x000000080034d4b0 (fmlloader@1.20.1-47.4.13)
9890:             1             16  net.minecraftforge.fml.loading.FMLServiceProvider$$Lambda$467/0x0000000800333c10 (fmlloader@1.20.1-47.4.13)
9891:             1             16  net.minecraftforge.fml.loading.FMLServiceProvider$$Lambda$505/0x000000080034df20 (fmlloader@1.20.1-47.4.13)
9892:             1             16  net.minecraftforge.fml.loading.FMLServiceProvider$$Lambda$506/0x000000080034ec90 (fmlloader@1.20.1-47.4.13)
9893:             1             16  net.minecraftforge.fml.loading.ImmediateWindowHandler$$Lambda$432/0x000000080031d198 (fmlloader@1.20.1-47.4.13)
9894:             1             16  net.minecraftforge.fml.loading.ImmediateWindowHandler$Wrapper (fmlloader@1.20.1-47.4.13)
9895:             1             16  net.minecraftforge.fml.loading.LanguageLoadingProvider$$Lambda$759/0x00000008003d0000 (fmlloader@1.20.1-47.4.13)
9896:             1             16  net.minecraftforge.fml.loading.LanguageLoadingProvider$$Lambda$761/0x00000008003d0668 (fmlloader@1.20.1-47.4.13)
9897:             1             16  net.minecraftforge.fml.loading.LoadingModList$$Lambda$797/0x00000008003d8268 (fmlloader@1.20.1-47.4.13)
9898:             1             16  net.minecraftforge.fml.loading.LoadingModList$$Lambda$800/0x00000008003d8938 (fmlloader@1.20.1-47.4.13)
9899:             1             16  net.minecraftforge.fml.loading.LoadingModList$$Lambda$801/0x00000008003d8b78 (fmlloader@1.20.1-47.4.13)
9900:             1             16  net.minecraftforge.fml.loading.LoadingModList$$Lambda$803/0x00000008003d9000 (fmlloader@1.20.1-47.4.13)
9901:             1             16  net.minecraftforge.fml.loading.LoadingModList$$Lambda$804/0x00000008003d9240 (fmlloader@1.20.1-47.4.13)
9902:             1             16  net.minecraftforge.fml.loading.LoadingModList$$Lambda$805/0x00000008003d9480 (fmlloader@1.20.1-47.4.13)
9903:             1             16  net.minecraftforge.fml.loading.LoadingModList$$Lambda$806/0x00000008003d96c0 (fmlloader@1.20.1-47.4.13)
9904:             1             16  net.minecraftforge.fml.loading.LoadingModList$$Lambda$807/0x00000008003d9900 (fmlloader@1.20.1-47.4.13)
9905:             1             16  net.minecraftforge.fml.loading.LoadingModList$$Lambda$850/0x000000080043fd08 (fmlloader@1.20.1-47.4.13)
9906:             1             16  net.minecraftforge.fml.loading.LoadingModList$$Lambda$851/0x000000080045c000 (fmlloader@1.20.1-47.4.13)
9907:             1             16  net.minecraftforge.fml.loading.LoadingModList$$Lambda$867/0x000000080047cb78 (fmlloader@1.20.1-47.4.13)
9908:             1             16  net.minecraftforge.fml.loading.ModDirTransformerDiscoverer$$Lambda$407/0x0000000800315888 (fmlloader@1.20.1-47.4.13)
9909:             1             16  net.minecraftforge.fml.loading.ModDirTransformerDiscoverer$$Lambda$409/0x00000008003160e8 (fmlloader@1.20.1-47.4.13)
9910:             1             16  net.minecraftforge.fml.loading.ModDirTransformerDiscoverer$$Lambda$544/0x0000000800360970 (fmlloader@1.20.1-47.4.13)
9911:             1             16  net.minecraftforge.fml.loading.ModSorter$$Lambda$767/0x00000008003d2480 (fmlloader@1.20.1-47.4.13)
9912:             1             16  net.minecraftforge.fml.loading.ModSorter$$Lambda$768/0x00000008003d26d0 (fmlloader@1.20.1-47.4.13)
9913:             1             16  net.minecraftforge.fml.loading.ModSorter$$Lambda$769/0x00000008003d2910 (fmlloader@1.20.1-47.4.13)
9914:             1             16  net.minecraftforge.fml.loading.ModSorter$$Lambda$770/0x00000008003d2b50 (fmlloader@1.20.1-47.4.13)
9915:             1             16  net.minecraftforge.fml.loading.ModSorter$$Lambda$771/0x00000008003d2d90 (fmlloader@1.20.1-47.4.13)
9916:             1             16  net.minecraftforge.fml.loading.ModSorter$$Lambda$772/0x00000008003d2fd0 (fmlloader@1.20.1-47.4.13)
9917:             1             16  net.minecraftforge.fml.loading.ModSorter$$Lambda$773/0x00000008003d3210 (fmlloader@1.20.1-47.4.13)
9918:             1             16  net.minecraftforge.fml.loading.ModSorter$$Lambda$775/0x00000008003d3698 (fmlloader@1.20.1-47.4.13)
9919:             1             16  net.minecraftforge.fml.loading.ModSorter$$Lambda$776/0x00000008003d38e8 (fmlloader@1.20.1-47.4.13)
9920:             1             16  net.minecraftforge.fml.loading.ModSorter$$Lambda$777/0x00000008003d3b28 (fmlloader@1.20.1-47.4.13)
9921:             1             16  net.minecraftforge.fml.loading.ModSorter$$Lambda$778/0x00000008003d3d68 (fmlloader@1.20.1-47.4.13)
9922:             1             16  net.minecraftforge.fml.loading.ModSorter$$Lambda$779/0x00000008003d6000 (fmlloader@1.20.1-47.4.13)
9923:             1             16  net.minecraftforge.fml.loading.ModSorter$$Lambda$780/0x00000008003d6230 (fmlloader@1.20.1-47.4.13)
9924:             1             16  net.minecraftforge.fml.loading.ModSorter$$Lambda$781/0x00000008003d6470 (fmlloader@1.20.1-47.4.13)
9925:             1             16  net.minecraftforge.fml.loading.ModSorter$$Lambda$782/0x00000008003d66b0 (fmlloader@1.20.1-47.4.13)
9926:             1             16  net.minecraftforge.fml.loading.ModSorter$$Lambda$783/0x00000008003d68f0 (fmlloader@1.20.1-47.4.13)
9927:             1             16  net.minecraftforge.fml.loading.ModSorter$$Lambda$784/0x00000008003d6b20 (fmlloader@1.20.1-47.4.13)
9928:             1             16  net.minecraftforge.fml.loading.ModSorter$$Lambda$787/0x00000008003d6d60 (fmlloader@1.20.1-47.4.13)
9929:             1             16  net.minecraftforge.fml.loading.ModSorter$$Lambda$788/0x00000008003d6f90 (fmlloader@1.20.1-47.4.13)
9930:             1             16  net.minecraftforge.fml.loading.ModSorter$$Lambda$789/0x00000008003d71e0 (fmlloader@1.20.1-47.4.13)
9931:             1             16  net.minecraftforge.fml.loading.ModSorter$$Lambda$792/0x00000008003d78e0 (fmlloader@1.20.1-47.4.13)
9932:             1             16  net.minecraftforge.fml.loading.ModSorter$$Lambda$793/0x00000008003d7b30 (fmlloader@1.20.1-47.4.13)
9933:             1             16  net.minecraftforge.fml.loading.ModSorter$$Lambda$796/0x00000008003d5c70 (fmlloader@1.20.1-47.4.13)
9934:             1             16  net.minecraftforge.fml.loading.RuntimeDistCleaner (fmlloader@1.20.1-47.4.13)
9935:             1             16  net.minecraftforge.fml.loading.RuntimeDistCleaner$$Lambda$509/0x0000000800351b08 (fmlloader@1.20.1-47.4.13)
9936:             1             16  net.minecraftforge.fml.loading.RuntimeDistCleaner$$Lambda$972/0x0000000800524a80 (fmlloader@1.20.1-47.4.13)
9937:             1             16  net.minecraftforge.fml.loading.RuntimeDistCleaner$$Lambda$973/0x0000000800524cd0 (fmlloader@1.20.1-47.4.13)
9938:             1             16  net.minecraftforge.fml.loading.RuntimeDistCleaner$$Lambda$975/0x0000000800525178 (fmlloader@1.20.1-47.4.13)
9939:             1             16  net.minecraftforge.fml.loading.RuntimeDistCleaner$$Lambda$976/0x00000008005253c8 (fmlloader@1.20.1-47.4.13)
9940:             1             16  net.minecraftforge.fml.loading.RuntimeDistCleaner$$Lambda$977/0x0000000800525618 (fmlloader@1.20.1-47.4.13)
9941:             1             16  net.minecraftforge.fml.loading.RuntimeDistCleaner$$Lambda$978/0x0000000800525868 (fmlloader@1.20.1-47.4.13)
9942:             1             16  net.minecraftforge.fml.loading.RuntimeDistCleaner$$Lambda$980/0x0000000800526208 (fmlloader@1.20.1-47.4.13)
9943:             1             16  net.minecraftforge.fml.loading.RuntimeDistCleaner$$Lambda$981/0x0000000800526458 (fmlloader@1.20.1-47.4.13)
9944:             1             16  net.minecraftforge.fml.loading.RuntimeDistCleaner$$Lambda$982/0x00000008005266a8 (fmlloader@1.20.1-47.4.13)
9945:             1             16  net.minecraftforge.fml.loading.RuntimeDistCleaner$$Lambda$983/0x00000008005268e8 (fmlloader@1.20.1-47.4.13)
9946:             1             16  net.minecraftforge.fml.loading.UniqueModListBuilder$$Lambda$665/0x0000000800396dc0 (fmlloader@1.20.1-47.4.13)
9947:             1             16  net.minecraftforge.fml.loading.UniqueModListBuilder$$Lambda$666/0x0000000800397010 (fmlloader@1.20.1-47.4.13)
9948:             1             16  net.minecraftforge.fml.loading.UniqueModListBuilder$$Lambda$667/0x0000000800397250 (fmlloader@1.20.1-47.4.13)
9949:             1             16  net.minecraftforge.fml.loading.UniqueModListBuilder$$Lambda$668/0x00000008003974a0 (fmlloader@1.20.1-47.4.13)
9950:             1             16  net.minecraftforge.fml.loading.UniqueModListBuilder$$Lambda$671/0x0000000800397b70 (fmlloader@1.20.1-47.4.13)
9951:             1             16  net.minecraftforge.fml.loading.UniqueModListBuilder$$Lambda$672/0x0000000800397dc0 (fmlloader@1.20.1-47.4.13)
9952:             1             16  net.minecraftforge.fml.loading.UniqueModListBuilder$$Lambda$673/0x0000000800393000 (fmlloader@1.20.1-47.4.13)
9953:             1             16  net.minecraftforge.fml.loading.UniqueModListBuilder$$Lambda$674/0x0000000800393240 (fmlloader@1.20.1-47.4.13)
9954:             1             16  net.minecraftforge.fml.loading.UniqueModListBuilder$$Lambda$675/0x0000000800393480 (fmlloader@1.20.1-47.4.13)
9955:             1             16  net.minecraftforge.fml.loading.UniqueModListBuilder$$Lambda$677/0x0000000800393908 (fmlloader@1.20.1-47.4.13)
9956:             1             16  net.minecraftforge.fml.loading.UniqueModListBuilder$$Lambda$678/0x0000000800393b58 (fmlloader@1.20.1-47.4.13)
9957:             1             16  net.minecraftforge.fml.loading.UniqueModListBuilder$$Lambda$679/0x0000000800393d98 (fmlloader@1.20.1-47.4.13)
9958:             1             16  net.minecraftforge.fml.loading.UniqueModListBuilder$$Lambda$680/0x0000000800398000 (fmlloader@1.20.1-47.4.13)
9959:             1             16  net.minecraftforge.fml.loading.UniqueModListBuilder$$Lambda$681/0x0000000800398240 (fmlloader@1.20.1-47.4.13)
9960:             1             16  net.minecraftforge.fml.loading.VersionSupportMatrix$$Lambda$766/0x00000008003d15d0 (fmlloader@1.20.1-47.4.13)
9961:             1             16  net.minecraftforge.fml.loading.log4j.ForgeHighlight$$Lambda$285/0x0000000800285b98 (fmlloader@1.20.1-47.4.13)
9962:             1             16  net.minecraftforge.fml.loading.log4j.SLF4JFixerLaunchPluginService (fmlloader@1.20.1-47.4.13)
9963:             1             16  net.minecraftforge.fml.loading.moddiscovery.AbstractModProvider$$Lambda$551/0x0000000800361b08 (fmlloader@1.20.1-47.4.13)
9964:             1             16  net.minecraftforge.fml.loading.moddiscovery.AbstractModProvider$$Lambda$553/0x0000000800361f70 (fmlloader@1.20.1-47.4.13)
9965:             1             16  net.minecraftforge.fml.loading.moddiscovery.AbstractModProvider$$Lambda$554/0x00000008003623c8 (fmlloader@1.20.1-47.4.13)
9966:             1             16  net.minecraftforge.fml.loading.moddiscovery.BackgroundScanHandler$$Lambda$866/0x000000080047c518 (fmlloader@1.20.1-47.4.13)
9967:             1             16  net.minecraftforge.fml.loading.moddiscovery.ClasspathLocator$$Lambda$528/0x000000080035ee50 (fmlloader@1.20.1-47.4.13)
9968:             1             16  net.minecraftforge.fml.loading.moddiscovery.ExplodedDirectoryLocator$$Lambda$647/0x000000080038ecf0 (fmlloader@1.20.1-47.4.13)
9969:             1             16  net.minecraftforge.fml.loading.moddiscovery.JarInJarDependencyLocator (fmlloader@1.20.1-47.4.13)
9970:             1             16  net.minecraftforge.fml.loading.moddiscovery.JarInJarDependencyLocator$$Lambda$740/0x00000008003c9938 (fmlloader@1.20.1-47.4.13)
9971:             1             16  net.minecraftforge.fml.loading.moddiscovery.MavenDirectoryLocator (fmlloader@1.20.1-47.4.13)
9972:             1             16  net.minecraftforge.fml.loading.moddiscovery.MavenDirectoryLocator$$Lambda$530/0x000000080035f2c8 (fmlloader@1.20.1-47.4.13)
9973:             1             16  net.minecraftforge.fml.loading.moddiscovery.MavenDirectoryLocator$$Lambda$537/0x000000080035b6d8 (fmlloader@1.20.1-47.4.13)
9974:             1             16  net.minecraftforge.fml.loading.moddiscovery.MinecraftLocator (fmlloader@1.20.1-47.4.13)
9975:             1             16  net.minecraftforge.fml.loading.moddiscovery.MinecraftLocator$$Lambda$650/0x000000080038f7e0 (fmlloader@1.20.1-47.4.13)
9976:             1             16  net.minecraftforge.fml.loading.moddiscovery.MinecraftLocator$$Lambda$651/0x000000080038fa30 (fmlloader@1.20.1-47.4.13)
9977:             1             16  net.minecraftforge.fml.loading.moddiscovery.MinecraftLocator$$Lambda$654/0x0000000800394248 (fmlloader@1.20.1-47.4.13)
9978:             1             16  net.minecraftforge.fml.loading.moddiscovery.MinecraftLocator$$Lambda$656/0x00000008003946a8 (fmlloader@1.20.1-47.4.13)
9979:             1             16  net.minecraftforge.fml.loading.moddiscovery.MinecraftLocator$$Lambda$658/0x0000000800394b30 (fmlloader@1.20.1-47.4.13)
9980:             1             16  net.minecraftforge.fml.loading.moddiscovery.MinecraftLocator$$Lambda$660/0x0000000800394f98 (fmlloader@1.20.1-47.4.13)
9981:             1             16  net.minecraftforge.fml.loading.moddiscovery.MinecraftLocator$$Lambda$661/0x00000008003951e8 (fmlloader@1.20.1-47.4.13)
9982:             1             16  net.minecraftforge.fml.loading.moddiscovery.MinecraftLocator$$Lambda$664/0x0000000800395428 (fmlloader@1.20.1-47.4.13)
9983:             1             16  net.minecraftforge.fml.loading.moddiscovery.MinecraftLocator$$Lambda$879/0x000000080047ecf8 (fmlloader@1.20.1-47.4.13)
9984:             1             16  net.minecraftforge.fml.loading.moddiscovery.ModClassVisitor$$Lambda$886/0x00000008004844d8 (fmlloader@1.20.1-47.4.13)
9985:             1             16  net.minecraftforge.fml.loading.moddiscovery.ModClassVisitor$$Lambda$887/0x0000000800485470 (fmlloader@1.20.1-47.4.13)
9986:             1             16  net.minecraftforge.fml.loading.moddiscovery.ModDiscoverer$$Lambda$521/0x000000080035c268 (fmlloader@1.20.1-47.4.13)
9987:             1             16  net.minecraftforge.fml.loading.moddiscovery.ModDiscoverer$$Lambda$522/0x000000080035d4e0 (fmlloader@1.20.1-47.4.13)
9988:             1             16  net.minecraftforge.fml.loading.moddiscovery.ModDiscoverer$$Lambda$523/0x000000080035d700 (fmlloader@1.20.1-47.4.13)
9989:             1             16  net.minecraftforge.fml.loading.moddiscovery.ModDiscoverer$$Lambda$525/0x000000080035db70 (fmlloader@1.20.1-47.4.13)
9990:             1             16  net.minecraftforge.fml.loading.moddiscovery.ModDiscoverer$$Lambda$527/0x000000080035e1b8 (fmlloader@1.20.1-47.4.13)
9991:             1             16  net.minecraftforge.fml.loading.moddiscovery.ModDiscoverer$$Lambda$540/0x000000080035bd88 (fmlloader@1.20.1-47.4.13)
9992:             1             16  net.minecraftforge.fml.loading.moddiscovery.ModDiscoverer$$Lambda$542/0x00000008003604f0 (fmlloader@1.20.1-47.4.13)
9993:             1             16  net.minecraftforge.fml.loading.moddiscovery.ModDiscoverer$$Lambda$543/0x0000000800360730 (fmlloader@1.20.1-47.4.13)
9994:             1             16  net.minecraftforge.fml.loading.moddiscovery.ModDiscoverer$$Lambda$637/0x000000080038d408 (fmlloader@1.20.1-47.4.13)
9995:             1             16  net.minecraftforge.fml.loading.moddiscovery.ModDiscoverer$$Lambda$638/0x000000080038d648 (fmlloader@1.20.1-47.4.13)
9996:             1             16  net.minecraftforge.fml.loading.moddiscovery.ModDiscoverer$$Lambda$639/0x000000080038d898 (fmlloader@1.20.1-47.4.13)
9997:             1             16  net.minecraftforge.fml.loading.moddiscovery.ModDiscoverer$$Lambda$640/0x000000080038dad8 (fmlloader@1.20.1-47.4.13)
9998:             1             16  net.minecraftforge.fml.loading.moddiscovery.ModDiscoverer$$Lambda$641/0x000000080038dd28 (fmlloader@1.20.1-47.4.13)
9999:             1             16  net.minecraftforge.fml.loading.moddiscovery.ModDiscoverer$$Lambda$642/0x000000080038df68 (fmlloader@1.20.1-47.4.13)
10000:             1             16  net.minecraftforge.fml.loading.moddiscovery.ModDiscoverer$$Lambda$643/0x000000080038e1b8 (fmlloader@1.20.1-47.4.13)
10001:             1             16  net.minecraftforge.fml.loading.moddiscovery.ModDiscoverer$$Lambda$682/0x0000000800398690 (fmlloader@1.20.1-47.4.13)
10002:             1             16  net.minecraftforge.fml.loading.moddiscovery.ModDiscoverer$$Lambda$745/0x00000008003ca488 (fmlloader@1.20.1-47.4.13)
10003:             1             16  net.minecraftforge.fml.loading.moddiscovery.ModDiscoverer$$Lambda$747/0x00000008003ca920 (fmlloader@1.20.1-47.4.13)
10004:             1             16  net.minecraftforge.fml.loading.moddiscovery.ModFile$$Lambda$749/0x00000008003cb230 (fmlloader@1.20.1-47.4.13)
10005:             1             16  net.minecraftforge.fml.loading.moddiscovery.ModFileInfo$$Lambda$558/0x0000000800364bd8 (fmlloader@1.20.1-47.4.13)
10006:             1             16  net.minecraftforge.fml.loading.moddiscovery.ModFileInfo$$Lambda$561/0x0000000800366f40 (fmlloader@1.20.1-47.4.13)
10007:             1             16  net.minecraftforge.fml.loading.moddiscovery.ModFileInfo$$Lambda$588/0x0000000800374c08 (fmlloader@1.20.1-47.4.13)
10008:             1             16  net.minecraftforge.fml.loading.moddiscovery.ModFileInfo$$Lambda$589/0x0000000800374e48 (fmlloader@1.20.1-47.4.13)
10009:             1             16  net.minecraftforge.fml.loading.moddiscovery.ModFileInfo$$Lambda$590/0x0000000800375088 (fmlloader@1.20.1-47.4.13)
10010:             1             16  net.minecraftforge.fml.loading.moddiscovery.ModFileInfo$$Lambda$6037/0x0000000800e3eb18 (fmlloader@1.20.1-47.4.13)
10011:             1             16  net.minecraftforge.fml.loading.moddiscovery.ModFileInfo$$Lambda$6038/0x0000000800e3ef58 (fmlloader@1.20.1-47.4.13)
10012:             1             16  net.minecraftforge.fml.loading.moddiscovery.ModFileInfo$$Lambda$6040/0x0000000800e3f3c0 (fmlloader@1.20.1-47.4.13)
10013:             1             16  net.minecraftforge.fml.loading.moddiscovery.ModFileInfo$$Lambda$6041/0x0000000800e3f600 (fmlloader@1.20.1-47.4.13)
10014:             1             16  net.minecraftforge.fml.loading.moddiscovery.ModFileInfo$$Lambda$6042/0x0000000800e3f820 (fmlloader@1.20.1-47.4.13)
10015:             1             16  net.minecraftforge.fml.loading.moddiscovery.ModFileInfo$$Lambda$6043/0x0000000800e3fa60 (fmlloader@1.20.1-47.4.13)
10016:             1             16  net.minecraftforge.fml.loading.moddiscovery.ModFileParser$$Lambda$750/0x00000008003cba98 (fmlloader@1.20.1-47.4.13)
10017:             1             16  net.minecraftforge.fml.loading.moddiscovery.ModInfo$$Lambda$568/0x000000080036c248 (fmlloader@1.20.1-47.4.13)
10018:             1             16  net.minecraftforge.fml.loading.moddiscovery.ModInfo$$Lambda$569/0x0000000800371490 (fmlloader@1.20.1-47.4.13)
10019:             1             16  net.minecraftforge.fml.loading.moddiscovery.ModInfo$$Lambda$573/0x0000000800371b20 (fmlloader@1.20.1-47.4.13)
10020:             1             16  net.minecraftforge.fml.loading.moddiscovery.ModInfo$$Lambda$574/0x0000000800371d60 (fmlloader@1.20.1-47.4.13)
10021:             1             16  net.minecraftforge.fml.loading.moddiscovery.ModInfo$$Lambda$575/0x0000000800371fa0 (fmlloader@1.20.1-47.4.13)
10022:             1             16  net.minecraftforge.fml.loading.moddiscovery.ModInfo$$Lambda$585/0x0000000800374328 (fmlloader@1.20.1-47.4.13)
10023:             1             16  net.minecraftforge.fml.loading.moddiscovery.ModInfo$$Lambda$591/0x0000000800375908 (fmlloader@1.20.1-47.4.13)
10024:             1             16  net.minecraftforge.fml.loading.moddiscovery.ModInfo$ModVersion$$Lambda$580/0x0000000800372f60 (fmlloader@1.20.1-47.4.13)
10025:             1             16  net.minecraftforge.fml.loading.moddiscovery.ModInfo$ModVersion$$Lambda$581/0x00000008003733e8 (fmlloader@1.20.1-47.4.13)
10026:             1             16  net.minecraftforge.fml.loading.moddiscovery.ModInfo$ModVersion$$Lambda$582/0x0000000800373a68 (fmlloader@1.20.1-47.4.13)
10027:             1             16  net.minecraftforge.fml.loading.moddiscovery.ModInfo$ModVersion$$Lambda$583/0x0000000800373ea0 (fmlloader@1.20.1-47.4.13)
10028:             1             16  net.minecraftforge.fml.loading.moddiscovery.ModJarMetadata$$Lambda$652/0x000000080038fc50 (fmlloader@1.20.1-47.4.13)
10029:             1             16  net.minecraftforge.fml.loading.moddiscovery.ModJarMetadata$$Lambda$939/0x00000008005066a0 (fmlloader@1.20.1-47.4.13)
10030:             1             16  net.minecraftforge.fml.loading.moddiscovery.ModListHandler$$Lambda$531/0x000000080035f710 (fmlloader@1.20.1-47.4.13)
10031:             1             16  net.minecraftforge.fml.loading.moddiscovery.ModListHandler$$Lambda$532/0x000000080035f950 (fmlloader@1.20.1-47.4.13)
10032:             1             16  net.minecraftforge.fml.loading.moddiscovery.ModListHandler$$Lambda$533/0x000000080035fb90 (fmlloader@1.20.1-47.4.13)
10033:             1             16  net.minecraftforge.fml.loading.moddiscovery.ModListHandler$$Lambda$535/0x000000080035b248 (fmlloader@1.20.1-47.4.13)
10034:             1             16  net.minecraftforge.fml.loading.moddiscovery.ModListHandler$$Lambda$536/0x000000080035b498 (fmlloader@1.20.1-47.4.13)
10035:             1             16  net.minecraftforge.fml.loading.moddiscovery.ModValidator$$Lambda$748/0x00000008003cad90 (fmlloader@1.20.1-47.4.13)
10036:             1             16  net.minecraftforge.fml.loading.moddiscovery.ModValidator$$Lambda$752/0x00000008003cf6b8 (fmlloader@1.20.1-47.4.13)
10037:             1             16  net.minecraftforge.fml.loading.moddiscovery.ModsFolderLocator$$Lambda$547/0x0000000800361030 (fmlloader@1.20.1-47.4.13)
10038:             1             16  net.minecraftforge.fml.loading.moddiscovery.NightConfigWrapper$$Lambda$562/0x0000000800367180 (fmlloader@1.20.1-47.4.13)
10039:             1             16  net.minecraftforge.fml.loading.moddiscovery.NightConfigWrapper$$Lambda$563/0x00000008003673a0 (fmlloader@1.20.1-47.4.13)
10040:             1             16  net.minecraftforge.fml.loading.progress.StartupNotificationManager$$Lambda$434/0x000000080031eed0 (fmlloader@1.20.1-47.4.13)
10041:             1             16  net.minecraftforge.fml.loading.progress.StartupNotificationManager$$Lambda$524/0x000000080035d940 (fmlloader@1.20.1-47.4.13)
10042:             1             16  net.minecraftforge.fml.loading.progress.StartupNotificationManager$$Lambda$617/0x0000000800387778 (fmlloader@1.20.1-47.4.13)
10043:             1             16  net.minecraftforge.fml.loading.progress.StartupNotificationManager$$Lambda$618/0x00000008003879b8 (fmlloader@1.20.1-47.4.13)
10044:             1             16  net.minecraftforge.fml.loading.progress.StartupNotificationManager$$Lambda$620/0x0000000800387bd8 (fmlloader@1.20.1-47.4.13)
10045:             1             16  net.minecraftforge.fml.loading.targets.CommonClientLaunchHandler$$Lambda$648/0x000000080038f348 (fmlloader@1.20.1-47.4.13)
10046:             1             16  net.minecraftforge.fml.loading.targets.FMLClientDevLaunchHandler (fmlloader@1.20.1-47.4.13)
10047:             1             16  net.minecraftforge.fml.loading.targets.FMLClientLaunchHandler (fmlloader@1.20.1-47.4.13)
10048:             1             16  net.minecraftforge.fml.loading.targets.FMLClientUserdevLaunchHandler (fmlloader@1.20.1-47.4.13)
10049:             1             16  net.minecraftforge.fml.loading.targets.FMLDataUserdevLaunchHandler (fmlloader@1.20.1-47.4.13)
10050:             1             16  net.minecraftforge.fml.loading.targets.FMLServerDevLaunchHandler (fmlloader@1.20.1-47.4.13)
10051:             1             16  net.minecraftforge.fml.loading.targets.FMLServerLaunchHandler (fmlloader@1.20.1-47.4.13)
10052:             1             16  net.minecraftforge.fml.loading.targets.FMLServerUserdevLaunchHandler (fmlloader@1.20.1-47.4.13)
10053:             1             16  net.minecraftforge.fml.loading.targets.ForgeClientDevLaunchHandler (fmlloader@1.20.1-47.4.13)
10054:             1             16  net.minecraftforge.fml.loading.targets.ForgeClientLaunchHandler (fmlloader@1.20.1-47.4.13)
10055:             1             16  net.minecraftforge.fml.loading.targets.ForgeClientUserdevLaunchHandler (fmlloader@1.20.1-47.4.13)
10056:             1             16  net.minecraftforge.fml.loading.targets.ForgeDataDevLaunchHandler (fmlloader@1.20.1-47.4.13)
10057:             1             16  net.minecraftforge.fml.loading.targets.ForgeDataUserdevLaunchHandler (fmlloader@1.20.1-47.4.13)
10058:             1             16  net.minecraftforge.fml.loading.targets.ForgeGametestDevLaunchHandler (fmlloader@1.20.1-47.4.13)
10059:             1             16  net.minecraftforge.fml.loading.targets.ForgeGametestUserdevLaunchHandler (fmlloader@1.20.1-47.4.13)
10060:             1             16  net.minecraftforge.fml.loading.targets.ForgeServerDevLaunchHandler (fmlloader@1.20.1-47.4.13)
10061:             1             16  net.minecraftforge.fml.loading.targets.ForgeServerLaunchHandler (fmlloader@1.20.1-47.4.13)
10062:             1             16  net.minecraftforge.fml.loading.targets.ForgeServerUserdevLaunchHandler (fmlloader@1.20.1-47.4.13)
10063:             1             16  net.minecraftforge.fml.lowcodemod.LowCodeModLanguageProvider (lowcodelanguage@1.20.1-47.4.13)
10064:             1             16  net.minecraftforge.fml.mclanguageprovider.MinecraftModLanguageProvider (mclanguage@1.20.1-47.4.13)
10065:             1             16  net.minecraftforge.fml.mclanguageprovider.MinecraftModLanguageProvider$$Lambda$991/0x0000000800512490 (mclanguage@1.20.1-47.4.13)
10066:             1             16  net.minecraftforge.fml.mclanguageprovider.MinecraftModLanguageProvider$MinecraftModTarget (mclanguage@1.20.1-47.4.13)
10067:             1             16  net.minecraftforge.forgespi.Environment$$Lambda$512/0x00000008003523c0 (net.minecraftforge.forgespi@7.0.1)
10068:             1             16  net.minecraftforge.forgespi.Environment$$Lambda$513/0x00000008003525e0 (net.minecraftforge.forgespi@7.0.1)
10069:             1             16  net.minecraftforge.forgespi.language.ModFileScanData$$Lambda$889/0x0000000800487040 (net.minecraftforge.forgespi@7.0.1)
10070:             1             16  net.minecraftforge.forgespi.locating.ForgeFeature$MissingFeatureTest (net.minecraftforge.forgespi@7.0.1)
10071:             1             16  net.minecraftforge.installer.actions.ProgressCallback$1
10072:             1             16  net.minecraftforge.installer.json.Artifact$Adapter
10073:             1             16  net.minecraftforge.installer.json.Install$$Lambda$90/0x000000080010d130
10074:             1             16  net.minecraftforge.internal.ForgeBindings (forge@47.4.13)
10075:             1             16  net.minecraftforge.jarjar.metadata.json.ContainedJarIdentifierSerializer (JarJarMetadata@0.3.19)
10076:             1             16  net.minecraftforge.jarjar.metadata.json.ContainedJarMetadataSerializer (JarJarMetadata@0.3.19)
10077:             1             16  net.minecraftforge.jarjar.metadata.json.ContainedVersionSerializer (JarJarMetadata@0.3.19)
10078:             1             16  net.minecraftforge.jarjar.metadata.json.MetadataSerializer (JarJarMetadata@0.3.19)
10079:             1             16  net.minecraftforge.jarjar.metadata.json.VersionRangeSerializer (JarJarMetadata@0.3.19)
10080:             1             16  net.minecraftforge.jarjar.nio.layzip.LayeredZipFileSystemProvider (JarJarFileSystems@0.3.19)
10081:             1             16  net.minecraftforge.jarjar.nio.pathfs.PathFileSystemProvider (JarJarFileSystems@0.3.19)
10082:             1             16  net.minecraftforge.jarjar.selection.JarSelector$$Lambda$689/0x000000080039a178 (JarJarSelector@0.3.19)
10083:             1             16  net.minecraftforge.jarjar.selection.JarSelector$$Lambda$690/0x000000080039a5d8 (JarJarSelector@0.3.19)
10084:             1             16  net.minecraftforge.jarjar.selection.JarSelector$$Lambda$691/0x000000080039a818 (JarJarSelector@0.3.19)
10085:             1             16  net.minecraftforge.jarjar.selection.JarSelector$$Lambda$692/0x000000080039aa68 (JarJarSelector@0.3.19)
10086:             1             16  net.minecraftforge.jarjar.selection.JarSelector$$Lambda$693/0x000000080039aeb8 (JarJarSelector@0.3.19)
10087:             1             16  net.minecraftforge.jarjar.selection.JarSelector$$Lambda$703/0x00000008003b4780 (JarJarSelector@0.3.19)
10088:             1             16  net.minecraftforge.jarjar.selection.JarSelector$$Lambda$704/0x00000008003b49c0 (JarJarSelector@0.3.19)
10089:             1             16  net.minecraftforge.jarjar.selection.JarSelector$$Lambda$705/0x00000008003b6790 (JarJarSelector@0.3.19)
10090:             1             16  net.minecraftforge.jarjar.selection.JarSelector$$Lambda$720/0x00000008003c1d48 (JarJarSelector@0.3.19)
10091:             1             16  net.minecraftforge.jarjar.selection.JarSelector$$Lambda$721/0x00000008003c1f88 (JarJarSelector@0.3.19)
10092:             1             16  net.minecraftforge.jarjar.selection.JarSelector$$Lambda$722/0x00000008003c21c8 (JarJarSelector@0.3.19)
10093:             1             16  net.minecraftforge.jarjar.selection.JarSelector$$Lambda$723/0x00000008003c3020 (JarJarSelector@0.3.19)
10094:             1             16  net.minecraftforge.jarjar.selection.JarSelector$$Lambda$724/0x00000008003c6640 (JarJarSelector@0.3.19)
10095:             1             16  net.minecraftforge.jarjar.selection.JarSelector$$Lambda$725/0x00000008003c6880 (JarJarSelector@0.3.19)
10096:             1             16  net.minecraftforge.jarjar.selection.JarSelector$$Lambda$727/0x00000008003c7958 (JarJarSelector@0.3.19)
10097:             1             16  net.minecraftforge.jarjar.selection.JarSelector$$Lambda$728/0x00000008003c7b98 (JarJarSelector@0.3.19)
10098:             1             16  net.minecraftforge.jarjar.selection.JarSelector$$Lambda$729/0x00000008003c8000 (JarJarSelector@0.3.19)
10099:             1             16  net.minecraftforge.jarjar.selection.JarSelector$$Lambda$731/0x00000008003c84a0 (JarJarSelector@0.3.19)
10100:             1             16  net.minecraftforge.jarjar.selection.JarSelector$$Lambda$732/0x00000008003c86f0 (JarJarSelector@0.3.19)
10101:             1             16  net.minecraftforge.jarjar.selection.JarSelector$$Lambda$733/0x00000008003c8930 (JarJarSelector@0.3.19)
10102:             1             16  net.minecraftforge.jarjar.selection.JarSelector$$Lambda$734/0x00000008003c8b80 (JarJarSelector@0.3.19)
10103:             1             16  net.minecraftforge.jarjar.selection.JarSelector$$Lambda$737/0x00000008003c9260 (JarJarSelector@0.3.19)
10104:             1             16  net.minecraftforge.jarjar.selection.JarSelector$$Lambda$738/0x00000008003c94b0 (JarJarSelector@0.3.19)
10105:             1             16  net.minecraftforge.jarjar.selection.JarSelector$$Lambda$739/0x00000008003c96f0 (JarJarSelector@0.3.19)
10106:             1             16  net.minecraftforge.jarjar.selection.JarSelector$$Lambda$741/0x00000008003c9b78 (JarJarSelector@0.3.19)
10107:             1             16  net.minecraftforge.logging.CrashReportExtender$$Lambda$6016/0x0000000800e9f270 (forge@47.4.13)
10108:             1             16  net.minecraftforge.logging.CrashReportExtender$$Lambda$6018/0x0000000800e9fb40 (forge@47.4.13)
10109:             1             16  net.minecraftforge.logging.CrashReportExtender$$Lambda$6019/0x0000000800e9fd80 (forge@47.4.13)
10110:             1             16  net.minecraftforge.logging.CrashReportExtender$$Lambda$6022/0x0000000800ea0690 (forge@47.4.13)
10111:             1             16  net.minecraftforge.logging.CrashReportExtender$$Lambda$6023/0x0000000800ea08d0 (forge@47.4.13)
10112:             1             16  net.minecraftforge.logging.CrashReportExtender$$Lambda$6025/0x0000000800ea0d48 (forge@47.4.13)
10113:             1             16  net.minecraftforge.logging.CrashReportExtender$$Lambda$6027/0x0000000800ea11d0 (forge@47.4.13)
10114:             1             16  net.minecraftforge.network.ConfigSync (forge@47.4.13)
10115:             1             16  net.minecraftforge.network.HandshakeHandler$$Lambda$4287/0x0000000800bae390 (forge@47.4.13)
10116:             1             16  net.minecraftforge.network.LoginWrapper (forge@47.4.13)
10117:             1             16  net.minecraftforge.network.LoginWrapper$$Lambda$4283/0x0000000800bad868 (forge@47.4.13)
10118:             1             16  net.minecraftforge.network.LoginWrapper$$Lambda$4284/0x0000000800badab8 (forge@47.4.13)
10119:             1             16  net.minecraftforge.network.LoginWrapper$$Lambda$4285/0x0000000800badd08 (forge@47.4.13)
10120:             1             16  net.minecraftforge.network.LoginWrapper$$Lambda$4286/0x0000000800bae158 (forge@47.4.13)
10121:             1             16  net.minecraftforge.network.MCRegisterPacketHandler (forge@47.4.13)
10122:             1             16  net.minecraftforge.network.NetworkDirection$$Lambda$4267/0x0000000800b9d488 (forge@47.4.13)
10123:             1             16  net.minecraftforge.network.NetworkDirection$$Lambda$4268/0x0000000800b9db80 (forge@47.4.13)
10124:             1             16  net.minecraftforge.network.NetworkDirection$$Lambda$4269/0x0000000800b9e018 (forge@47.4.13)
10125:             1             16  net.minecraftforge.network.NetworkDirection$$Lambda$4270/0x0000000800b9e510 (forge@47.4.13)
10126:             1             16  net.minecraftforge.network.NetworkDirection$$Lambda$4271/0x0000000800b9e9a8 (forge@47.4.13)
10127:             1             16  net.minecraftforge.network.NetworkDirection$$Lambda$4272/0x0000000800b9eea0 (forge@47.4.13)
10128:             1             16  net.minecraftforge.network.NetworkDirection$$Lambda$4273/0x0000000800b9f338 (forge@47.4.13)
10129:             1             16  net.minecraftforge.network.NetworkDirection$$Lambda$4274/0x0000000800b9f838 (forge@47.4.13)
10130:             1             16  net.minecraftforge.network.NetworkDirection$$Lambda$4275/0x0000000800b9fc50 (forge@47.4.13)
10131:             1             16  net.minecraftforge.network.NetworkDirection$$Lambda$4276/0x0000000800ba1c00 (forge@47.4.13)
10132:             1             16  net.minecraftforge.network.NetworkDirection$$Lambda$4277/0x0000000800bac000 (forge@47.4.13)
10133:             1             16  net.minecraftforge.network.NetworkInitialization$$Lambda$4250/0x0000000800b89ce0 (forge@47.4.13)
10134:             1             16  net.minecraftforge.network.NetworkInitialization$$Lambda$4251/0x0000000800b89f30 (forge@47.4.13)
10135:             1             16  net.minecraftforge.network.NetworkInitialization$$Lambda$4252/0x0000000800b8a180 (forge@47.4.13)
10136:             1             16  net.minecraftforge.network.NetworkInitialization$$Lambda$4278/0x0000000800bac480 (forge@47.4.13)
10137:             1             16  net.minecraftforge.network.NetworkInitialization$$Lambda$4279/0x0000000800bac6c0 (forge@47.4.13)
10138:             1             16  net.minecraftforge.network.NetworkInitialization$$Lambda$4280/0x0000000800bac8f0 (forge@47.4.13)
10139:             1             16  net.minecraftforge.network.NetworkInitialization$$Lambda$4281/0x0000000800bacb30 (forge@47.4.13)
10140:             1             16  net.minecraftforge.network.NetworkInitialization$$Lambda$4282/0x0000000800bad430 (forge@47.4.13)
10141:             1             16  net.minecraftforge.network.NetworkInitialization$$Lambda$4290/0x0000000800baec70 (forge@47.4.13)
10142:             1             16  net.minecraftforge.network.NetworkInitialization$$Lambda$4291/0x0000000800baeeb0 (forge@47.4.13)
10143:             1             16  net.minecraftforge.network.NetworkInitialization$$Lambda$4292/0x0000000800baf0e0 (forge@47.4.13)
10144:             1             16  net.minecraftforge.network.NetworkInitialization$$Lambda$4293/0x0000000800baf320 (forge@47.4.13)
10145:             1             16  net.minecraftforge.network.NetworkInitialization$$Lambda$4295/0x0000000800baf798 (forge@47.4.13)
10146:             1             16  net.minecraftforge.network.NetworkInitialization$$Lambda$4296/0x0000000800bafc20 (forge@47.4.13)
10147:             1             16  net.minecraftforge.network.NetworkInitialization$$Lambda$4297/0x0000000800bb4000 (forge@47.4.13)
10148:             1             16  net.minecraftforge.network.NetworkInitialization$$Lambda$4298/0x0000000800bb4230 (forge@47.4.13)
10149:             1             16  net.minecraftforge.network.NetworkInitialization$$Lambda$4299/0x0000000800bb4470 (forge@47.4.13)
10150:             1             16  net.minecraftforge.network.NetworkInitialization$$Lambda$4300/0x0000000800bb46a0 (forge@47.4.13)
10151:             1             16  net.minecraftforge.network.NetworkInitialization$$Lambda$4301/0x0000000800bb4b20 (forge@47.4.13)
10152:             1             16  net.minecraftforge.network.NetworkInitialization$$Lambda$4302/0x0000000800bb4d60 (forge@47.4.13)
10153:             1             16  net.minecraftforge.network.NetworkInitialization$$Lambda$4303/0x0000000800bb4f90 (forge@47.4.13)
10154:             1             16  net.minecraftforge.network.NetworkInitialization$$Lambda$4304/0x0000000800bb51d0 (forge@47.4.13)
10155:             1             16  net.minecraftforge.network.NetworkInitialization$$Lambda$4305/0x0000000800bb5400 (forge@47.4.13)
10156:             1             16  net.minecraftforge.network.NetworkInitialization$$Lambda$4306/0x0000000800bb5880 (forge@47.4.13)
10157:             1             16  net.minecraftforge.network.NetworkInitialization$$Lambda$4307/0x0000000800bb5ac0 (forge@47.4.13)
10158:             1             16  net.minecraftforge.network.NetworkInitialization$$Lambda$4308/0x0000000800bb5cf0 (forge@47.4.13)
10159:             1             16  net.minecraftforge.network.NetworkInitialization$$Lambda$4309/0x0000000800bb5f30 (forge@47.4.13)
10160:             1             16  net.minecraftforge.network.NetworkInitialization$$Lambda$4310/0x0000000800bb6160 (forge@47.4.13)
10161:             1             16  net.minecraftforge.network.NetworkInitialization$$Lambda$4311/0x0000000800bb63a0 (forge@47.4.13)
10162:             1             16  net.minecraftforge.network.NetworkInitialization$$Lambda$4312/0x0000000800bb6818 (forge@47.4.13)
10163:             1             16  net.minecraftforge.network.NetworkInitialization$$Lambda$4313/0x0000000800bb6a58 (forge@47.4.13)
10164:             1             16  net.minecraftforge.network.NetworkInitialization$$Lambda$4314/0x0000000800bb6c88 (forge@47.4.13)
10165:             1             16  net.minecraftforge.network.NetworkInitialization$$Lambda$4315/0x0000000800bb6ec8 (forge@47.4.13)
10166:             1             16  net.minecraftforge.network.NetworkInitialization$$Lambda$4316/0x0000000800bb7318 (forge@47.4.13)
10167:             1             16  net.minecraftforge.network.NetworkInitialization$$Lambda$4317/0x0000000800bb7560 (forge@47.4.13)
10168:             1             16  net.minecraftforge.network.NetworkInitialization$$Lambda$4318/0x0000000800bb79d0 (forge@47.4.13)
10169:             1             16  net.minecraftforge.network.NetworkInitialization$$Lambda$4319/0x0000000800bb7c10 (forge@47.4.13)
10170:             1             16  net.minecraftforge.network.NetworkInitialization$$Lambda$4320/0x0000000800bb2000 (forge@47.4.13)
10171:             1             16  net.minecraftforge.network.NetworkInitialization$$Lambda$4321/0x0000000800bb2240 (forge@47.4.13)
10172:             1             16  net.minecraftforge.network.NetworkInitialization$$Lambda$4322/0x0000000800bb2470 (forge@47.4.13)
10173:             1             16  net.minecraftforge.network.NetworkInitialization$$Lambda$4323/0x0000000800bb2690 (forge@47.4.13)
10174:             1             16  net.minecraftforge.network.NetworkInitialization$$Lambda$4324/0x0000000800bb28e0 (forge@47.4.13)
10175:             1             16  net.minecraftforge.network.NetworkInitialization$$Lambda$4325/0x0000000800bb2b30 (forge@47.4.13)
10176:             1             16  net.minecraftforge.network.NetworkInitialization$$Lambda$4326/0x0000000800bb2fd0 (forge@47.4.13)
10177:             1             16  net.minecraftforge.network.NetworkInitialization$$Lambda$4327/0x0000000800bb3210 (forge@47.4.13)
10178:             1             16  net.minecraftforge.network.NetworkInitialization$$Lambda$4328/0x0000000800bb3440 (forge@47.4.13)
10179:             1             16  net.minecraftforge.network.NetworkInitialization$$Lambda$4329/0x0000000800bb3898 (forge@47.4.13)
10180:             1             16  net.minecraftforge.network.NetworkInitialization$$Lambda$4330/0x0000000800bb3ad8 (forge@47.4.13)
10181:             1             16  net.minecraftforge.network.NetworkInitialization$$Lambda$4331/0x0000000800bb3d08 (forge@47.4.13)
10182:             1             16  net.minecraftforge.network.NetworkInitialization$$Lambda$4332/0x0000000800bb1000 (forge@47.4.13)
10183:             1             16  net.minecraftforge.network.NetworkInitialization$$Lambda$4333/0x0000000800bb1250 (forge@47.4.13)
10184:             1             16  net.minecraftforge.network.NetworkInitialization$$Lambda$4334/0x0000000800bb14a0 (forge@47.4.13)
10185:             1             16  net.minecraftforge.network.NetworkInitialization$$Lambda$4335/0x0000000800bb18e8 (forge@47.4.13)
10186:             1             16  net.minecraftforge.network.NetworkInitialization$$Lambda$4336/0x0000000800bb1b20 (forge@47.4.13)
10187:             1             16  net.minecraftforge.network.NetworkInitialization$$Lambda$4337/0x0000000800bb1d70 (forge@47.4.13)
10188:             1             16  net.minecraftforge.network.NetworkInitialization$$Lambda$4338/0x0000000800bb0800 (forge@47.4.13)
10189:             1             16  net.minecraftforge.network.NetworkInitialization$$Lambda$4339/0x0000000800bb0a20 (forge@47.4.13)
10190:             1             16  net.minecraftforge.network.ServerStatusPing$ChannelData$$Lambda$4253/0x0000000800b8ac38 (forge@47.4.13)
10191:             1             16  net.minecraftforge.network.ServerStatusPing$ChannelData$$Lambda$4254/0x0000000800b8ae78 (forge@47.4.13)
10192:             1             16  net.minecraftforge.network.ServerStatusPing$ChannelData$$Lambda$4255/0x0000000800b8b0b8 (forge@47.4.13)
10193:             1             16  net.minecraftforge.network.ServerStatusPing$ChannelData$$Lambda$4256/0x0000000800b8b2f8 (forge@47.4.13)
10194:             1             16  net.minecraftforge.network.ServerStatusPing$ChannelData$$Lambda$4257/0x0000000800b8b538 (forge@47.4.13)
10195:             1             16  net.minecraftforge.registries.ForgeRegistries$$Lambda$1503/0x0000000800734268 (forge@47.4.13)
10196:             1             16  net.minecraftforge.registries.ForgeRegistries$$Lambda$1505/0x00000008007348e8 (forge@47.4.13)
10197:             1             16  net.minecraftforge.registries.ForgeRegistries$$Lambda$1506/0x0000000800734b08 (forge@47.4.13)
10198:             1             16  net.minecraftforge.registries.ForgeRegistries$$Lambda$1507/0x0000000800734d28 (forge@47.4.13)
10199:             1             16  net.minecraftforge.registries.ForgeRegistries$$Lambda$1508/0x0000000800734f48 (forge@47.4.13)
10200:             1             16  net.minecraftforge.registries.ForgeRegistries$$Lambda$1509/0x0000000800735168 (forge@47.4.13)
10201:             1             16  net.minecraftforge.registries.ForgeRegistries$$Lambda$1510/0x0000000800735388 (forge@47.4.13)
10202:             1             16  net.minecraftforge.registries.ForgeRegistry$$Lambda$1716/0x0000000800790220 (forge@47.4.13)
10203:             1             16  net.minecraftforge.registries.ForgeRegistry$$Lambda$1717/0x0000000800790460 (forge@47.4.13)
10204:             1             16  net.minecraftforge.registries.GameData$$Lambda$1334/0x00000008005deb38 (forge@47.4.13)
10205:             1             16  net.minecraftforge.registries.GameData$$Lambda$1335/0x000000080060f248 (forge@47.4.13)
10206:             1             16  net.minecraftforge.registries.GameData$$Lambda$1343/0x0000000800617430 (forge@47.4.13)
10207:             1             16  net.minecraftforge.registries.GameData$$Lambda$1344/0x0000000800617ae0 (forge@47.4.13)
10208:             1             16  net.minecraftforge.registries.GameData$$Lambda$1354/0x000000080061ecf0 (forge@47.4.13)
10209:             1             16  net.minecraftforge.registries.GameData$$Lambda$4247/0x0000000800b888f0 (forge@47.4.13)
10210:             1             16  net.minecraftforge.registries.GameData$$Lambda$4248/0x0000000800b88b20 (forge@47.4.13)
10211:             1             16  net.minecraftforge.registries.GameData$$Lambda$4249/0x0000000800b88d70 (forge@47.4.13)
10212:             1             16  net.minecraftforge.registries.GameData$AttributeCallbacks (forge@47.4.13)
10213:             1             16  net.minecraftforge.registries.GameData$BlockCallbacks (forge@47.4.13)
10214:             1             16  net.minecraftforge.registries.GameData$ItemCallbacks (forge@47.4.13)
10215:             1             16  net.minecraftforge.registries.GameData$PointOfInterestTypeCallbacks (forge@47.4.13)
10216:             1             16  net.minecraftforge.registries.NamespacedWrapper$$Lambda$1342/0x0000000800616c80 (forge@47.4.13)
10217:             1             16  net.minecraftforge.registries.NamespacedWrapper$$Lambda$4230/0x0000000800b84d80 (forge@47.4.13)
10218:             1             16  net.minecraftforge.registries.NamespacedWrapper$$Lambda$4231/0x0000000800b84fd0 (forge@47.4.13)
10219:             1             16  net.minecraftforge.registries.NamespacedWrapper$$Lambda$4232/0x0000000800b85210 (forge@47.4.13)
10220:             1             16  net.minecraftforge.server.LanguageHook$$Lambda$4615/0x0000000800c3b190 (forge@47.4.13)
10221:             1             16  net.minecraftforge.server.LanguageHook$$Lambda$4616/0x0000000800c3b3c0 (forge@47.4.13)
10222:             1             16  org.antlr.v4.runtime.CommonTokenFactory (org.antlr.antlr4.runtime@4.9.1)
10223:             1             16  org.antlr.v4.runtime.ConsoleErrorListener (org.antlr.antlr4.runtime@4.9.1)
10224:             1             16  org.antlr.v4.runtime.atn.ATNConfigSet$ConfigEqualityComparator (org.antlr.antlr4.runtime@4.9.1)
10225:             1             16  org.antlr.v4.runtime.atn.ATNDeserializationOptions (org.antlr.antlr4.runtime@4.9.1)
10226:             1             16  org.antlr.v4.runtime.atn.LexerPopModeAction (org.antlr.antlr4.runtime@4.9.1)
10227:             1             16  org.antlr.v4.runtime.atn.PredictionMode$AltAndContextConfigEqualityComparator (org.antlr.antlr4.runtime@4.9.1)
10228:             1             16  org.antlr.v4.runtime.misc.ObjectEqualityComparator (org.antlr.antlr4.runtime@4.9.1)
10229:             1             16  org.apache.commons.io.IOUtils$$Lambda$4593/0x0000000800c2df80 (org.apache.commons.io@2.11.0)
10230:             1             16  org.apache.commons.io.IOUtils$$Lambda$4594/0x0000000800c2e1a0 (org.apache.commons.io@2.11.0)
10231:             1             16  org.apache.commons.lang3.StringEscapeUtils$CsvEscaper (org.apache.commons.lang3@3.12.0)
10232:             1             16  org.apache.commons.lang3.StringEscapeUtils$CsvUnescaper (org.apache.commons.lang3@3.12.0)
10233:             1             16  org.apache.commons.lang3.text.StrLookup$MapStrLookup (org.apache.commons.lang3@3.12.0)
10234:             1             16  org.apache.commons.lang3.text.StrLookup$SystemPropertiesStrLookup (org.apache.commons.lang3@3.12.0)
10235:             1             16  org.apache.commons.lang3.text.StrMatcher$NoMatcher (org.apache.commons.lang3@3.12.0)
10236:             1             16  org.apache.commons.lang3.text.StrMatcher$TrimMatcher (org.apache.commons.lang3@3.12.0)
10237:             1             16  org.apache.commons.lang3.text.translate.OctalUnescaper (org.apache.commons.lang3@3.12.0)
10238:             1             16  org.apache.commons.lang3.text.translate.UnicodeUnescaper (org.apache.commons.lang3@3.12.0)
10239:             1             16  org.apache.logging.log4j.ThreadContext$EmptyIterator (org.apache.logging.log4j@2.19.0)
10240:             1             16  org.apache.logging.log4j.ThreadContext$EmptyThreadContextStack (org.apache.logging.log4j@2.19.0)
10241:             1             16  org.apache.logging.log4j.core.LoggerContext$$Lambda$272/0x0000000800237948 (org.apache.logging.log4j.core@2.19.0)
10242:             1             16  org.apache.logging.log4j.core.appender.ConsoleAppender$ConsoleManagerFactory (org.apache.logging.log4j.core@2.19.0)
10243:             1             16  org.apache.logging.log4j.core.appender.FileManager$FileManagerFactory (org.apache.logging.log4j.core@2.19.0)
10244:             1             16  org.apache.logging.log4j.core.appender.rolling.RollingFileManager$RollingFileManagerFactory (org.apache.logging.log4j.core@2.19.0)
10245:             1             16  org.apache.logging.log4j.core.appender.rolling.RollingRandomAccessFileManager$RollingRandomAccessFileManagerFactory (org.apache.logging.log4j.core@2.19.0)
10246:             1             16  org.apache.logging.log4j.core.config.ConfigurationFactory$Factory (org.apache.logging.log4j.core@2.19.0)
10247:             1             16  org.apache.logging.log4j.core.config.DefaultReliabilityStrategy (org.apache.logging.log4j.core@2.19.0)
10248:             1             16  org.apache.logging.log4j.core.config.OrderComparator (org.apache.logging.log4j.core@2.19.0)
10249:             1             16  org.apache.logging.log4j.core.config.plugins.convert.EnumConverter (org.apache.logging.log4j.core@2.19.0)
10250:             1             16  org.apache.logging.log4j.core.config.plugins.convert.TypeConverterRegistry (org.apache.logging.log4j.core@2.19.0)
10251:             1             16  org.apache.logging.log4j.core.config.plugins.convert.TypeConverters$BigDecimalConverter (org.apache.logging.log4j.core@2.19.0)
10252:             1             16  org.apache.logging.log4j.core.config.plugins.convert.TypeConverters$BigIntegerConverter (org.apache.logging.log4j.core@2.19.0)
10253:             1             16  org.apache.logging.log4j.core.config.plugins.convert.TypeConverters$BooleanConverter (org.apache.logging.log4j.core@2.19.0)
10254:             1             16  org.apache.logging.log4j.core.config.plugins.convert.TypeConverters$ByteArrayConverter (org.apache.logging.log4j.core@2.19.0)
10255:             1             16  org.apache.logging.log4j.core.config.plugins.convert.TypeConverters$ByteConverter (org.apache.logging.log4j.core@2.19.0)
10256:             1             16  org.apache.logging.log4j.core.config.plugins.convert.TypeConverters$CharArrayConverter (org.apache.logging.log4j.core@2.19.0)
10257:             1             16  org.apache.logging.log4j.core.config.plugins.convert.TypeConverters$CharacterConverter (org.apache.logging.log4j.core@2.19.0)
10258:             1             16  org.apache.logging.log4j.core.config.plugins.convert.TypeConverters$CharsetConverter (org.apache.logging.log4j.core@2.19.0)
10259:             1             16  org.apache.logging.log4j.core.config.plugins.convert.TypeConverters$ClassConverter (org.apache.logging.log4j.core@2.19.0)
10260:             1             16  org.apache.logging.log4j.core.config.plugins.convert.TypeConverters$CronExpressionConverter (org.apache.logging.log4j.core@2.19.0)
10261:             1             16  org.apache.logging.log4j.core.config.plugins.convert.TypeConverters$DoubleConverter (org.apache.logging.log4j.core@2.19.0)
10262:             1             16  org.apache.logging.log4j.core.config.plugins.convert.TypeConverters$DurationConverter (org.apache.logging.log4j.core@2.19.0)
10263:             1             16  org.apache.logging.log4j.core.config.plugins.convert.TypeConverters$FileConverter (org.apache.logging.log4j.core@2.19.0)
10264:             1             16  org.apache.logging.log4j.core.config.plugins.convert.TypeConverters$FloatConverter (org.apache.logging.log4j.core@2.19.0)
10265:             1             16  org.apache.logging.log4j.core.config.plugins.convert.TypeConverters$InetAddressConverter (org.apache.logging.log4j.core@2.19.0)
10266:             1             16  org.apache.logging.log4j.core.config.plugins.convert.TypeConverters$IntegerConverter (org.apache.logging.log4j.core@2.19.0)
10267:             1             16  org.apache.logging.log4j.core.config.plugins.convert.TypeConverters$LevelConverter (org.apache.logging.log4j.core@2.19.0)
10268:             1             16  org.apache.logging.log4j.core.config.plugins.convert.TypeConverters$LongConverter (org.apache.logging.log4j.core@2.19.0)
10269:             1             16  org.apache.logging.log4j.core.config.plugins.convert.TypeConverters$PathConverter (org.apache.logging.log4j.core@2.19.0)
10270:             1             16  org.apache.logging.log4j.core.config.plugins.convert.TypeConverters$PatternConverter (org.apache.logging.log4j.core@2.19.0)
10271:             1             16  org.apache.logging.log4j.core.config.plugins.convert.TypeConverters$SecurityProviderConverter (org.apache.logging.log4j.core@2.19.0)
10272:             1             16  org.apache.logging.log4j.core.config.plugins.convert.TypeConverters$ShortConverter (org.apache.logging.log4j.core@2.19.0)
10273:             1             16  org.apache.logging.log4j.core.config.plugins.convert.TypeConverters$StringConverter (org.apache.logging.log4j.core@2.19.0)
10274:             1             16  org.apache.logging.log4j.core.config.plugins.convert.TypeConverters$UriConverter (org.apache.logging.log4j.core@2.19.0)
10275:             1             16  org.apache.logging.log4j.core.config.plugins.convert.TypeConverters$UrlConverter (org.apache.logging.log4j.core@2.19.0)
10276:             1             16  org.apache.logging.log4j.core.config.plugins.convert.TypeConverters$UuidConverter (org.apache.logging.log4j.core@2.19.0)
10277:             1             16  org.apache.logging.log4j.core.config.plugins.processor.PluginCache$$Lambda$246/0x00000008001ea718 (org.apache.logging.log4j.core@2.19.0)
10278:             1             16  org.apache.logging.log4j.core.config.properties.PropertiesConfigurationFactory (org.apache.logging.log4j.core@2.19.0)
10279:             1             16  org.apache.logging.log4j.core.config.xml.XmlConfigurationFactory (org.apache.logging.log4j.core@2.19.0)
10280:             1             16  org.apache.logging.log4j.core.impl.ReusableLogEventFactory (org.apache.logging.log4j.core@2.19.0)
10281:             1             16  org.apache.logging.log4j.core.impl.ThreadContextDataProvider (org.apache.logging.log4j.core@2.19.0)
10282:             1             16  org.apache.logging.log4j.core.lookup.StrMatcher$NoMatcher (org.apache.logging.log4j.core@2.19.0)
10283:             1             16  org.apache.logging.log4j.core.lookup.StrMatcher$TrimMatcher (org.apache.logging.log4j.core@2.19.0)
10284:             1             16  org.apache.logging.log4j.core.net.JndiManager$JndiManagerFactory (org.apache.logging.log4j.core@2.19.0)
10285:             1             16  org.apache.logging.log4j.core.pattern.NameAbbreviator$NOPAbbreviator (org.apache.logging.log4j.core@2.19.0)
10286:             1             16  org.apache.logging.log4j.core.pattern.NotANumber (org.apache.logging.log4j.core@2.19.0)
10287:             1             16  org.apache.logging.log4j.core.pattern.PlainTextRenderer (org.apache.logging.log4j.core@2.19.0)
10288:             1             16  org.apache.logging.log4j.core.util.BasicAuthorizationProvider (org.apache.logging.log4j.core@2.19.0)
10289:             1             16  org.apache.logging.log4j.core.util.NullOutputStream (org.apache.logging.log4j.core@2.19.0)
10290:             1             16  org.apache.logging.log4j.core.util.datetime.FastDateFormat$1 (org.apache.logging.log4j.core@2.19.0)
10291:             1             16  org.apache.logging.log4j.core.util.datetime.FastDateParser$$Lambda$286/0x000000080028f870 (org.apache.logging.log4j.core@2.19.0)
10292:             1             16  org.apache.logging.log4j.core.util.datetime.FastDateParser$1 (org.apache.logging.log4j.core@2.19.0)
10293:             1             16  org.apache.logging.log4j.core.util.datetime.FastDateParser$2 (org.apache.logging.log4j.core@2.19.0)
10294:             1             16  org.apache.logging.log4j.core.util.datetime.FastDateParser$3 (org.apache.logging.log4j.core@2.19.0)
10295:             1             16  org.apache.logging.log4j.core.util.datetime.FastDateParser$4 (org.apache.logging.log4j.core@2.19.0)
10296:             1             16  org.apache.logging.log4j.core.util.datetime.FastDateParser$5 (org.apache.logging.log4j.core@2.19.0)
10297:             1             16  org.apache.logging.log4j.core.util.datetime.FastDatePrinter$TwoDigitMonthField (org.apache.logging.log4j.core@2.19.0)
10298:             1             16  org.apache.logging.log4j.message.ParameterFormatter$$Lambda$317/0x000000080029f5c8 (org.apache.logging.log4j@2.19.0)
10299:             1             16  org.apache.logging.log4j.message.ParameterizedNoReferenceMessageFactory (org.apache.logging.log4j@2.19.0)
10300:             1             16  org.apache.logging.log4j.spi.CopyOnWriteSortedArrayThreadContextMap (org.apache.logging.log4j@2.19.0)
10301:             1             16  org.apache.logging.log4j.spi.DefaultThreadContextStack (org.apache.logging.log4j@2.19.0)
10302:             1             16  org.apache.logging.log4j.spi.LoggerRegistry$ConcurrentMapFactory (org.apache.logging.log4j@2.19.0)
10303:             1             16  org.apache.logging.log4j.util.LoaderUtil$ThreadContextClassLoaderGetter (org.apache.logging.log4j@2.19.0)
10304:             1             16  org.apache.logging.log4j.util.PrivateSecurityManagerStackTraceUtil$PrivateSecurityManager (org.apache.logging.log4j@2.19.0)
10305:             1             16  org.apache.logging.log4j.util.PropertiesUtil$Environment$$Lambda$228/0x00000008001ce8e0 (org.apache.logging.log4j@2.19.0)
10306:             1             16  org.apache.logging.log4j.util.PropertiesUtil$Environment$$Lambda$234/0x00000008001cfd48 (org.apache.logging.log4j@2.19.0)
10307:             1             16  org.apache.logging.log4j.util.PropertiesUtil$Environment$$Lambda$235/0x00000008001dc000 (org.apache.logging.log4j@2.19.0)
10308:             1             16  org.apache.logging.log4j.util.PropertiesUtil$Environment$$Lambda$236/0x00000008001dc248 (org.apache.logging.log4j@2.19.0)
10309:             1             16  org.apache.logging.log4j.util.ProviderUtil (org.apache.logging.log4j@2.19.0)
10310:             1             16  org.apache.logging.log4j.util.ProviderUtil$$Lambda$242/0x00000008001df210 (org.apache.logging.log4j@2.19.0)
10311:             1             16  org.apache.logging.log4j.util.ServiceLoaderUtil$$Lambda$231/0x00000008001cf178 (org.apache.logging.log4j@2.19.0)
10312:             1             16  org.apache.logging.log4j.util.SortedArrayStringMap$$Lambda$249/0x000000080021ddc0 (org.apache.logging.log4j@2.19.0)
10313:             1             16  org.apache.logging.log4j.util.StackLocator (org.apache.logging.log4j@2.19.0)
10314:             1             16  org.apache.logging.log4j.util.StackLocator$$Lambda$245/0x00000008001e50f8 (org.apache.logging.log4j@2.19.0)
10315:             1             16  org.apache.logging.log4j.util.StackLocator$$Lambda$334/0x00000008002a8500 (org.apache.logging.log4j@2.19.0)
10316:             1             16  org.apache.logging.log4j.util.StackLocator$$Lambda$500/0x000000080033e860 (org.apache.logging.log4j@2.19.0)
10317:             1             16  org.apache.logging.log4j.util.Strings$$Lambda$240/0x00000008001de118 (org.apache.logging.log4j@2.19.0)
10318:             1             16  org.apache.logging.slf4j.Log4jLoggerFactory$$Lambda$331/0x00000008002a75a0 (org.apache.logging.log4j.slf4j@2.19.0)
10319:             1             16  org.apache.logging.slf4j.Log4jMDCAdapter (org.apache.logging.log4j.slf4j@2.19.0)
10320:             1             16  org.apache.logging.slf4j.Log4jMDCAdapter$ThreadLocalMapOfStacks (org.apache.logging.log4j.slf4j@2.19.0)
10321:             1             16  org.apache.logging.slf4j.Log4jMDCAdapter$ThreadLocalMapOfStacks$$Lambda$332/0x00000008002a7ce8 (org.apache.logging.log4j.slf4j@2.19.0)
10322:             1             16  org.apache.logging.slf4j.Log4jMarkerFactory (org.apache.logging.log4j.slf4j@2.19.0)
10323:             1             16  org.joml.MemUtil$MemUtilUnsafe (org.joml@1.10.5)
10324:             1             16  org.lwjgl.glfw.GLFW$$Lambda$4595/0x0000000800c2e3c0 (org.lwjgl.glfw@3.3.1+7)
10325:             1             16  org.lwjgl.openal.AL$$Lambda$5711/0x0000000800e3c210 (org.lwjgl.openal@3.3.1+7)
10326:             1             16  org.lwjgl.openal.AL$ICDStatic (org.lwjgl.openal@3.3.1+7)
10327:             1             16  org.lwjgl.openal.ALC$$Lambda$4714/0x0000000800c872d8 (org.lwjgl.openal@3.3.1+7)
10328:             1             16  org.lwjgl.openal.ALC$ICDStatic (org.lwjgl.openal@3.3.1+7)
10329:             1             16  org.lwjgl.opengl.GL$$Lambda$592/0x0000000800375b48 (org.lwjgl.opengl@3.3.1+7)
10330:             1             16  org.lwjgl.opengl.GL$$Lambda$593/0x0000000800375d78 (org.lwjgl.opengl@3.3.1+7)
10331:             1             16  org.lwjgl.opengl.GL$$Lambda$595/0x0000000800377ce0 (org.lwjgl.opengl@3.3.1+7)
10332:             1             16  org.lwjgl.opengl.GL$ICDStatic (org.lwjgl.opengl@3.3.1+7)
10333:             1             16  org.lwjgl.opengl.GL20C$$Lambda$596/0x0000000800379d08 (org.lwjgl.opengl@3.3.1+7)
10334:             1             16  org.lwjgl.stb.LibSTB$$Lambda$597/0x000000080037b170 (org.lwjgl.stb@3.3.1+7)
10335:             1             16  org.lwjgl.stb.LibSTB$$Lambda$598/0x000000080037b3a0 (org.lwjgl.stb@3.3.1+7)
10336:             1             16  org.lwjgl.stb.STBTruetype$$Lambda$599/0x000000080037f330 (org.lwjgl.stb@3.3.1+7)
10337:             1             16  org.lwjgl.system.Callback$2 (org.lwjgl@3.3.1+7)
10338:             1             16  org.lwjgl.system.Configuration$StateInit$$Lambda$438/0x0000000800320000 (org.lwjgl@3.3.1+7)
10339:             1             16  org.lwjgl.system.Configuration$StateInit$$Lambda$439/0x0000000800320258 (org.lwjgl@3.3.1+7)
10340:             1             16  org.lwjgl.system.Configuration$StateInit$$Lambda$440/0x00000008003204b0 (org.lwjgl@3.3.1+7)
10341:             1             16  org.lwjgl.system.Library$$Lambda$446/0x0000000800321d78 (org.lwjgl@3.3.1+7)
10342:             1             16  org.lwjgl.system.Library$$Lambda$447/0x0000000800321fa8 (org.lwjgl@3.3.1+7)
10343:             1             16  org.lwjgl.system.MemoryStack$$Lambda$454/0x000000080032c000 (org.lwjgl@3.3.1+7)
10344:             1             16  org.lwjgl.system.MemoryUtil$$Lambda$449/0x0000000800326200 (org.lwjgl@3.3.1+7)
10345:             1             16  org.lwjgl.system.MemoryUtil$$Lambda$450/0x0000000800326420 (org.lwjgl@3.3.1+7)
10346:             1             16  org.lwjgl.system.MemoryUtil$2 (org.lwjgl@3.3.1+7)
10347:             1             16  org.lwjgl.system.Platform$$Lambda$442/0x0000000800321068 (org.lwjgl@3.3.1+7)
10348:             1             16  org.lwjgl.system.Platform$$Lambda$443/0x00000008003212a8 (org.lwjgl@3.3.1+7)
10349:             1             16  org.lwjgl.system.Platform$$Lambda$444/0x00000008003214e8 (org.lwjgl@3.3.1+7)
10350:             1             16  org.lwjgl.system.Platform$$Lambda$445/0x0000000800321728 (org.lwjgl@3.3.1+7)
10351:             1             16  org.lwjgl.system.jemalloc.JEmallocAllocator (org.lwjgl.jemalloc@3.3.1+7)
10352:             1             16  org.openjdk.nashorn.internal.codegen.FindScopeDepths$$Lambda$895/0x00000008004b1eb8 (org.openjdk.nashorn)
10353:             1             16  org.openjdk.nashorn.internal.codegen.FindScopeDepths$$Lambda$896/0x00000008004b20f8 (org.openjdk.nashorn)
10354:             1             16  org.openjdk.nashorn.internal.codegen.types.Type$$Lambda$891/0x0000000800498000 (org.openjdk.nashorn)
10355:             1             16  org.openjdk.nashorn.internal.codegen.types.Type$$Lambda$898/0x00000008004b8b10 (org.openjdk.nashorn)
10356:             1             16  org.openjdk.nashorn.internal.ir.Block$$Lambda$890/0x00000008004974c0 (org.openjdk.nashorn)
10357:             1             16  org.openjdk.nashorn.internal.lookup.MethodHandleFactory$StandardMethodHandleFunctionality (org.openjdk.nashorn)
10358:             1             16  org.openjdk.nashorn.internal.objects.annotations.SpecializedFunction$LinkLogic$Empty (org.openjdk.nashorn)
10359:             1             16  org.openjdk.nashorn.internal.runtime.AccessControlContextFactory$$Lambda$827/0x00000008003f1db8 (org.openjdk.nashorn)
10360:             1             16  org.openjdk.nashorn.internal.runtime.AccessControlContextFactory$$Lambda$828/0x00000008003f1ff8 (org.openjdk.nashorn)
10361:             1             16  org.openjdk.nashorn.internal.runtime.Context$$Lambda$892/0x0000000800498240 (org.openjdk.nashorn)
10362:             1             16  org.openjdk.nashorn.internal.runtime.Context$$Lambda$899/0x00000008004b8f70 (org.openjdk.nashorn)
10363:             1             16  org.openjdk.nashorn.internal.runtime.Context$AnonymousContextCodeInstaller$$Lambda$908/0x00000008004cfab0 (org.openjdk.nashorn)
10364:             1             16  org.openjdk.nashorn.internal.runtime.NashornLoader$$Lambda$818/0x00000008003e4210 (org.openjdk.nashorn)
10365:             1             16  org.openjdk.nashorn.internal.runtime.PropertySwitchPoints (org.openjdk.nashorn)
10366:             1             16  org.openjdk.nashorn.internal.runtime.PropertySwitchPoints$WeakSwitchPointSet (org.openjdk.nashorn)
10367:             1             16  org.openjdk.nashorn.internal.runtime.RecompilableScriptFunctionData$$Lambda$897/0x00000008004b2c90 (org.openjdk.nashorn)
10368:             1             16  org.openjdk.nashorn.internal.runtime.Symbol (org.openjdk.nashorn)
10369:             1             16  org.openjdk.nashorn.internal.runtime.UserAccessorProperty$$Lambda$844/0x0000000800437ac0 (org.openjdk.nashorn)
10370:             1             16  org.openjdk.nashorn.internal.runtime.linker.Bootstrap$$Lambda$825/0x00000008003f1048 (org.openjdk.nashorn)
10371:             1             16  org.openjdk.nashorn.internal.runtime.linker.Bootstrap$$Lambda$832/0x00000008003fed60 (org.openjdk.nashorn)
10372:             1             16  org.openjdk.nashorn.internal.runtime.linker.Bootstrap$$Lambda$833/0x00000008003fef80 (org.openjdk.nashorn)
10373:             1             16  org.openjdk.nashorn.internal.runtime.linker.BoundCallableLinker (org.openjdk.nashorn)
10374:             1             16  org.openjdk.nashorn.internal.runtime.linker.BrowserJSObjectLinker (org.openjdk.nashorn)
10375:             1             16  org.openjdk.nashorn.internal.runtime.linker.JSObjectLinker (org.openjdk.nashorn)
10376:             1             16  org.openjdk.nashorn.internal.runtime.linker.JavaAdapterBytecodeGenerator$$Lambda$1350/0x0000000800637dc0 (org.openjdk.nashorn)
10377:             1             16  org.openjdk.nashorn.internal.runtime.linker.JavaSuperAdapterLinker (org.openjdk.nashorn)
10378:             1             16  org.openjdk.nashorn.internal.runtime.linker.LinkerCallSite$$Lambda$841/0x000000080041fad8 (org.openjdk.nashorn)
10379:             1             16  org.openjdk.nashorn.internal.runtime.linker.NashornBeansLinker (org.openjdk.nashorn)
10380:             1             16  org.openjdk.nashorn.internal.runtime.linker.NashornBottomLinker (org.openjdk.nashorn)
10381:             1             16  org.openjdk.nashorn.internal.runtime.linker.NashornCallSiteDescriptor$$Lambda$842/0x000000080041b000 (org.openjdk.nashorn)
10382:             1             16  org.openjdk.nashorn.internal.runtime.linker.NashornCallSiteDescriptor$$Lambda$843/0x000000080041b220 (org.openjdk.nashorn)
10383:             1             16  org.openjdk.nashorn.internal.runtime.linker.NashornLinker (org.openjdk.nashorn)
10384:             1             16  org.openjdk.nashorn.internal.runtime.linker.NashornPrimitiveLinker (org.openjdk.nashorn)
10385:             1             16  org.openjdk.nashorn.internal.runtime.linker.NashornStaticClassLinker (org.openjdk.nashorn)
10386:             1             16  org.openjdk.nashorn.internal.runtime.linker.ReflectionCheckLinker (org.openjdk.nashorn)
10387:             1             16  org.openjdk.nashorn.internal.runtime.logging.DebugLogger$1 (org.openjdk.nashorn)
10388:             1             16  org.prismlauncher.utils.Parameters
10389:             1             16  org.slf4j.helpers.NOPLoggerFactory (org.slf4j@2.0.1)
10390:             1             16  org.slf4j.helpers.NOPMDCAdapter (org.slf4j@2.0.1)
10391:             1             16  org.slf4j.helpers.ThreadLocalMapOfStacks (org.slf4j@2.0.1)
10392:             1             16  org.spongepowered.asm.mixin.MixinEnvironment$PhaseConsumer (org.spongepowered.mixin)
10393:             1             16  org.spongepowered.asm.mixin.transformer.DefaultExtensions$1 (org.spongepowered.mixin)
10394:             1             16  org.spongepowered.asm.mixin.transformer.MixinCoprocessorNestHost (org.spongepowered.mixin)
10395:             1             16  org.spongepowered.asm.mixin.transformer.MixinCoprocessorPassthrough (org.spongepowered.mixin)
10396:             1             16  org.spongepowered.asm.mixin.transformer.MixinCoprocessorSyntheticInner (org.spongepowered.mixin)
10397:             1             16  org.spongepowered.asm.mixin.transformer.MixinTransformer$Factory (org.spongepowered.mixin)
10398:             1             16  org.spongepowered.asm.mixin.transformer.SyntheticClassRegistry (org.spongepowered.mixin)
10399:             1             16  org.spongepowered.asm.mixin.transformer.ext.extensions.ExtensionCheckClass (org.spongepowered.mixin)
10400:             1             16  org.spongepowered.asm.service.modlauncher.MixinServiceModLauncherBootstrap (org.spongepowered.mixin)
10401:             1             16  org.spongepowered.asm.service.modlauncher.ModLauncherClassProvider (org.spongepowered.mixin)
10402:             1             16  org.spongepowered.asm.util.logging.MessageRouter$LoggingMessager (org.spongepowered.mixin)
10403:             1             16  oshi.SystemInfo$$Lambda$1249/0x00000008005a1c70 (com.github.oshi@6.2.2)
10404:             1             16  oshi.SystemInfo$$Lambda$1251/0x00000008005a24f0 (com.github.oshi@6.2.2)
10405:             1             16  oshi.hardware.platform.linux.LinuxCentralProcessor$$Lambda$1269/0x00000008005bceb8 (com.github.oshi@6.2.2)
10406:             1             16  oshi.hardware.platform.linux.LinuxGlobalMemory$$Lambda$1288/0x00000008005be958 (com.github.oshi@6.2.2)
10407:             1             16  oshi.hardware.platform.linux.LinuxVirtualMemory$$Lambda$1292/0x00000008005bf298 (com.github.oshi@6.2.2)
10408:             1             16  oshi.hardware.platform.linux.LinuxVirtualMemory$$Lambda$1293/0x00000008005bf4b8 (com.github.oshi@6.2.2)
10409:             1             16  oshi.util.FileUtil$$Lambda$1259/0x00000008005af160 (com.github.oshi@6.2.2)
10410:             1             16  oshi.util.Memoizer$$Lambda$1250/0x00000008005a2098 (com.github.oshi@6.2.2)
10411:             1             16  sun.management.ClassLoadingImpl (java.management@17.0.15)
10412:             1             16  sun.management.ManagementFactoryHelper$$Lambda$309/0x00000008002c1f50 (java.management@17.0.15)
10413:             1             16  sun.misc.Unsafe (jdk.unsupported@17.0.15)
10414:             1             16  sun.net.DefaultProgressMeteringPolicy (java.base@17.0.15)
10415:             1             16  sun.net.spi.DefaultProxySelector (java.base@17.0.15)
10416:             1             16  sun.net.www.protocol.http.AuthCacheImpl (java.base@17.0.15)
10417:             1             16  sun.net.www.protocol.jar.JarFileFactory (java.base@17.0.15)
10418:             1             16  sun.net.www.protocol.jrt.JavaRuntimeURLConnection$$Lambda$99/0x000000080015f2a0 (java.base@17.0.15)
10419:             1             16  sun.nio.ch.ExtendedSocketOption$1 (java.base@17.0.15)
10420:             1             16  sun.nio.ch.FileChannelImpl$1 (java.base@17.0.15)
10421:             1             16  sun.nio.ch.FileChannelImpl$2 (java.base@17.0.15)
10422:             1             16  sun.nio.ch.Net$1 (java.base@17.0.15)
10423:             1             16  sun.nio.ch.NioSocketImpl$$Lambda$4602/0x0000000800c637b8 (java.base@17.0.15)
10424:             1             16  sun.nio.ch.NioSocketImpl$1 (java.base@17.0.15)
10425:             1             16  sun.nio.ch.NioSocketImpl$2 (java.base@17.0.15)
10426:             1             16  sun.nio.ch.SocketDispatcher (java.base@17.0.15)
10427:             1             16  sun.nio.ch.Util$1 (java.base@17.0.15)
10428:             1             16  sun.nio.fs.LinuxFileSystemProvider (java.base@17.0.15)
10429:             1             16  sun.nio.fs.NativeBuffers$1 (java.base@17.0.15)
10430:             1             16  sun.reflect.generics.tree.BottomSignature (java.base@17.0.15)
10431:             1             16  sun.reflect.generics.tree.ByteSignature (java.base@17.0.15)
10432:             1             16  sun.reflect.generics.tree.CharSignature (java.base@17.0.15)
10433:             1             16  sun.reflect.generics.tree.LongSignature (java.base@17.0.15)
10434:             1             16  sun.reflect.generics.tree.VoidDescriptor (java.base@17.0.15)
10435:             1             16  sun.security.ec.XDHKeyPairGenerator$$Lambda$4702/0x0000000800c37ca0 (jdk.crypto.ec@17.0.15)
10436:             1             16  sun.security.ec.ed.EdDSAParameters$$Lambda$4599/0x0000000800c36708 (jdk.crypto.ec@17.0.15)
10437:             1             16  sun.security.ec.ed.EdDSAParameters$$Lambda$4600/0x0000000800c370d0 (jdk.crypto.ec@17.0.15)
10438:             1             16  sun.security.ec.ed.EdDSAParameters$SHA512DigesterFactory (jdk.crypto.ec@17.0.15)
10439:             1             16  sun.security.ec.ed.EdDSAParameters$SHAKE256DigesterFactory (jdk.crypto.ec@17.0.15)
10440:             1             16  sun.security.ec.ed.EdDSASignature$$Lambda$4598/0x0000000800c34720 (jdk.crypto.ec@17.0.15)
10441:             1             16  sun.security.jca.ProviderConfig$ProviderLoader (java.base@17.0.15)
10442:             1             16  sun.security.provider.X509Factory (java.base@17.0.15)
10443:             1             16  sun.security.ssl.AlpnExtension$$Lambda$4681/0x0000000800c73db0 (java.base@17.0.15)
10444:             1             16  sun.security.ssl.AlpnExtension$AlpnStringizer (java.base@17.0.15)
10445:             1             16  sun.security.ssl.AlpnExtension$CHAlpnAbsence (java.base@17.0.15)
10446:             1             16  sun.security.ssl.AlpnExtension$CHAlpnConsumer (java.base@17.0.15)
10447:             1             16  sun.security.ssl.AlpnExtension$CHAlpnProducer (java.base@17.0.15)
10448:             1             16  sun.security.ssl.CertSignAlgsExtension$CHCertSignatureSchemesConsumer (java.base@17.0.15)
10449:             1             16  sun.security.ssl.CertSignAlgsExtension$CHCertSignatureSchemesProducer (java.base@17.0.15)
10450:             1             16  sun.security.ssl.CertSignAlgsExtension$CHCertSignatureSchemesUpdate (java.base@17.0.15)
10451:             1             16  sun.security.ssl.CertSignAlgsExtension$CRCertSignatureSchemesConsumer (java.base@17.0.15)
10452:             1             16  sun.security.ssl.CertSignAlgsExtension$CRCertSignatureSchemesProducer (java.base@17.0.15)
10453:             1             16  sun.security.ssl.CertSignAlgsExtension$CRCertSignatureSchemesUpdate (java.base@17.0.15)
10454:             1             16  sun.security.ssl.CertSignAlgsExtension$CertSignatureSchemesStringizer (java.base@17.0.15)
10455:             1             16  sun.security.ssl.CertStatusExtension$CHCertStatusReqConsumer (java.base@17.0.15)
10456:             1             16  sun.security.ssl.CertStatusExtension$CHCertStatusReqProducer (java.base@17.0.15)
10457:             1             16  sun.security.ssl.CertStatusExtension$CHCertStatusReqV2Consumer (java.base@17.0.15)
10458:             1             16  sun.security.ssl.CertStatusExtension$CHCertStatusReqV2Producer (java.base@17.0.15)
10459:             1             16  sun.security.ssl.CertStatusExtension$CTCertStatusResponseConsumer (java.base@17.0.15)
10460:             1             16  sun.security.ssl.CertStatusExtension$CTCertStatusResponseProducer (java.base@17.0.15)
10461:             1             16  sun.security.ssl.CertStatusExtension$CertStatusRequestSpec (java.base@17.0.15)
10462:             1             16  sun.security.ssl.CertStatusExtension$CertStatusRequestStringizer (java.base@17.0.15)
10463:             1             16  sun.security.ssl.CertStatusExtension$CertStatusRequestV2Spec (java.base@17.0.15)
10464:             1             16  sun.security.ssl.CertStatusExtension$CertStatusRequestsStringizer (java.base@17.0.15)
10465:             1             16  sun.security.ssl.CertStatusExtension$CertStatusRespStringizer (java.base@17.0.15)
10466:             1             16  sun.security.ssl.CertStatusExtension$SHCertStatusReqConsumer (java.base@17.0.15)
10467:             1             16  sun.security.ssl.CertStatusExtension$SHCertStatusReqProducer (java.base@17.0.15)
10468:             1             16  sun.security.ssl.CertStatusExtension$SHCertStatusReqV2Consumer (java.base@17.0.15)
10469:             1             16  sun.security.ssl.CertStatusExtension$SHCertStatusReqV2Producer (java.base@17.0.15)
10470:             1             16  sun.security.ssl.CertificateAuthoritiesExtension$CHCertificateAuthoritiesConsumer (java.base@17.0.15)
10471:             1             16  sun.security.ssl.CertificateAuthoritiesExtension$CHCertificateAuthoritiesProducer (java.base@17.0.15)
10472:             1             16  sun.security.ssl.CertificateAuthoritiesExtension$CRCertificateAuthoritiesConsumer (java.base@17.0.15)
10473:             1             16  sun.security.ssl.CertificateAuthoritiesExtension$CRCertificateAuthoritiesProducer (java.base@17.0.15)
10474:             1             16  sun.security.ssl.CertificateAuthoritiesExtension$CertificateAuthoritiesStringizer (java.base@17.0.15)
10475:             1             16  sun.security.ssl.CertificateMessage$T12CertificateConsumer (java.base@17.0.15)
10476:             1             16  sun.security.ssl.CertificateMessage$T12CertificateProducer (java.base@17.0.15)
10477:             1             16  sun.security.ssl.CertificateMessage$T13CertificateConsumer (java.base@17.0.15)
10478:             1             16  sun.security.ssl.CertificateMessage$T13CertificateProducer (java.base@17.0.15)
10479:             1             16  sun.security.ssl.CertificateRequest$T10CertificateRequestConsumer (java.base@17.0.15)
10480:             1             16  sun.security.ssl.CertificateRequest$T10CertificateRequestProducer (java.base@17.0.15)
10481:             1             16  sun.security.ssl.CertificateRequest$T12CertificateRequestConsumer (java.base@17.0.15)
10482:             1             16  sun.security.ssl.CertificateRequest$T12CertificateRequestProducer (java.base@17.0.15)
10483:             1             16  sun.security.ssl.CertificateRequest$T13CertificateRequestConsumer (java.base@17.0.15)
10484:             1             16  sun.security.ssl.CertificateRequest$T13CertificateRequestProducer (java.base@17.0.15)
10485:             1             16  sun.security.ssl.CertificateStatus$CertificateStatusAbsence (java.base@17.0.15)
10486:             1             16  sun.security.ssl.CertificateStatus$CertificateStatusConsumer (java.base@17.0.15)
10487:             1             16  sun.security.ssl.CertificateStatus$CertificateStatusProducer (java.base@17.0.15)
10488:             1             16  sun.security.ssl.CertificateVerify$S30CertificateVerifyConsumer (java.base@17.0.15)
10489:             1             16  sun.security.ssl.CertificateVerify$S30CertificateVerifyProducer (java.base@17.0.15)
10490:             1             16  sun.security.ssl.CertificateVerify$T10CertificateVerifyConsumer (java.base@17.0.15)
10491:             1             16  sun.security.ssl.CertificateVerify$T10CertificateVerifyProducer (java.base@17.0.15)
10492:             1             16  sun.security.ssl.CertificateVerify$T12CertificateVerifyConsumer (java.base@17.0.15)
10493:             1             16  sun.security.ssl.CertificateVerify$T12CertificateVerifyProducer (java.base@17.0.15)
10494:             1             16  sun.security.ssl.CertificateVerify$T13CertificateVerifyConsumer (java.base@17.0.15)
10495:             1             16  sun.security.ssl.CertificateVerify$T13CertificateVerifyProducer (java.base@17.0.15)
10496:             1             16  sun.security.ssl.ChangeCipherSpec$T10ChangeCipherSpecConsumer (java.base@17.0.15)
10497:             1             16  sun.security.ssl.ChangeCipherSpec$T10ChangeCipherSpecProducer (java.base@17.0.15)
10498:             1             16  sun.security.ssl.ChangeCipherSpec$T13ChangeCipherSpecConsumer (java.base@17.0.15)
10499:             1             16  sun.security.ssl.ClientHello$ClientHelloConsumer (java.base@17.0.15)
10500:             1             16  sun.security.ssl.ClientHello$ClientHelloKickstartProducer (java.base@17.0.15)
10501:             1             16  sun.security.ssl.ClientHello$ClientHelloProducer (java.base@17.0.15)
10502:             1             16  sun.security.ssl.ClientHello$D12ClientHelloConsumer (java.base@17.0.15)
10503:             1             16  sun.security.ssl.ClientHello$D13ClientHelloConsumer (java.base@17.0.15)
10504:             1             16  sun.security.ssl.ClientHello$T12ClientHelloConsumer (java.base@17.0.15)
10505:             1             16  sun.security.ssl.ClientHello$T13ClientHelloConsumer (java.base@17.0.15)
10506:             1             16  sun.security.ssl.ClientKeyExchange$ClientKeyExchangeConsumer (java.base@17.0.15)
10507:             1             16  sun.security.ssl.ClientKeyExchange$ClientKeyExchangeProducer (java.base@17.0.15)
10508:             1             16  sun.security.ssl.CookieExtension$CHCookieConsumer (java.base@17.0.15)
10509:             1             16  sun.security.ssl.CookieExtension$CHCookieProducer (java.base@17.0.15)
10510:             1             16  sun.security.ssl.CookieExtension$CHCookieUpdate (java.base@17.0.15)
10511:             1             16  sun.security.ssl.CookieExtension$CookieStringizer (java.base@17.0.15)
10512:             1             16  sun.security.ssl.CookieExtension$HRRCookieConsumer (java.base@17.0.15)
10513:             1             16  sun.security.ssl.CookieExtension$HRRCookieProducer (java.base@17.0.15)
10514:             1             16  sun.security.ssl.CookieExtension$HRRCookieReproducer (java.base@17.0.15)
10515:             1             16  sun.security.ssl.ECDHKeyExchange$ECDHEKAGenerator (java.base@17.0.15)
10516:             1             16  sun.security.ssl.ECDHKeyExchange$ECDHEPossessionGenerator (java.base@17.0.15)
10517:             1             16  sun.security.ssl.ECDHKeyExchange$ECDHEXDHKAGenerator (java.base@17.0.15)
10518:             1             16  sun.security.ssl.ECDHKeyExchange$ECDHKAGenerator (java.base@17.0.15)
10519:             1             16  sun.security.ssl.ECPointFormatsExtension$CHECPointFormatsConsumer (java.base@17.0.15)
10520:             1             16  sun.security.ssl.ECPointFormatsExtension$CHECPointFormatsProducer (java.base@17.0.15)
10521:             1             16  sun.security.ssl.ECPointFormatsExtension$ECPointFormatsSpec (java.base@17.0.15)
10522:             1             16  sun.security.ssl.ECPointFormatsExtension$ECPointFormatsStringizer (java.base@17.0.15)
10523:             1             16  sun.security.ssl.ECPointFormatsExtension$SHECPointFormatsConsumer (java.base@17.0.15)
10524:             1             16  sun.security.ssl.EncryptedExtensions$EncryptedExtensionsConsumer (java.base@17.0.15)
10525:             1             16  sun.security.ssl.EncryptedExtensions$EncryptedExtensionsProducer (java.base@17.0.15)
10526:             1             16  sun.security.ssl.ExtendedMasterSecretExtension$CHExtendedMasterSecretAbsence (java.base@17.0.15)
10527:             1             16  sun.security.ssl.ExtendedMasterSecretExtension$CHExtendedMasterSecretConsumer (java.base@17.0.15)
10528:             1             16  sun.security.ssl.ExtendedMasterSecretExtension$CHExtendedMasterSecretProducer (java.base@17.0.15)
10529:             1             16  sun.security.ssl.ExtendedMasterSecretExtension$ExtendedMasterSecretSpec (java.base@17.0.15)
10530:             1             16  sun.security.ssl.ExtendedMasterSecretExtension$ExtendedMasterSecretStringizer (java.base@17.0.15)
10531:             1             16  sun.security.ssl.ExtendedMasterSecretExtension$SHExtendedMasterSecretAbsence (java.base@17.0.15)
10532:             1             16  sun.security.ssl.ExtendedMasterSecretExtension$SHExtendedMasterSecretConsumer (java.base@17.0.15)
10533:             1             16  sun.security.ssl.ExtendedMasterSecretExtension$SHExtendedMasterSecretProducer (java.base@17.0.15)
10534:             1             16  sun.security.ssl.Finished$S30VerifyDataGenerator (java.base@17.0.15)
10535:             1             16  sun.security.ssl.Finished$T10VerifyDataGenerator (java.base@17.0.15)
10536:             1             16  sun.security.ssl.Finished$T12FinishedConsumer (java.base@17.0.15)
10537:             1             16  sun.security.ssl.Finished$T12FinishedProducer (java.base@17.0.15)
10538:             1             16  sun.security.ssl.Finished$T12VerifyDataGenerator (java.base@17.0.15)
10539:             1             16  sun.security.ssl.Finished$T13FinishedConsumer (java.base@17.0.15)
10540:             1             16  sun.security.ssl.Finished$T13FinishedProducer (java.base@17.0.15)
10541:             1             16  sun.security.ssl.Finished$T13VerifyDataGenerator (java.base@17.0.15)
10542:             1             16  sun.security.ssl.HandshakeHash$CacheOnlyHash (java.base@17.0.15)
10543:             1             16  sun.security.ssl.HelloRequest$HelloRequestConsumer (java.base@17.0.15)
10544:             1             16  sun.security.ssl.HelloRequest$HelloRequestKickstartProducer (java.base@17.0.15)
10545:             1             16  sun.security.ssl.HelloRequest$HelloRequestProducer (java.base@17.0.15)
10546:             1             16  sun.security.ssl.HelloVerifyRequest$HelloVerifyRequestConsumer (java.base@17.0.15)
10547:             1             16  sun.security.ssl.HelloVerifyRequest$HelloVerifyRequestProducer (java.base@17.0.15)
10548:             1             16  sun.security.ssl.KeyShareExtension$CHKeyShareConsumer (java.base@17.0.15)
10549:             1             16  sun.security.ssl.KeyShareExtension$CHKeyShareOnTradeAbsence (java.base@17.0.15)
10550:             1             16  sun.security.ssl.KeyShareExtension$CHKeyShareProducer (java.base@17.0.15)
10551:             1             16  sun.security.ssl.KeyShareExtension$CHKeyShareStringizer (java.base@17.0.15)
10552:             1             16  sun.security.ssl.KeyShareExtension$HRRKeyShareConsumer (java.base@17.0.15)
10553:             1             16  sun.security.ssl.KeyShareExtension$HRRKeyShareProducer (java.base@17.0.15)
10554:             1             16  sun.security.ssl.KeyShareExtension$HRRKeyShareReproducer (java.base@17.0.15)
10555:             1             16  sun.security.ssl.KeyShareExtension$HRRKeyShareStringizer (java.base@17.0.15)
10556:             1             16  sun.security.ssl.KeyShareExtension$SHKeyShareAbsence (java.base@17.0.15)
10557:             1             16  sun.security.ssl.KeyShareExtension$SHKeyShareConsumer (java.base@17.0.15)
10558:             1             16  sun.security.ssl.KeyShareExtension$SHKeyShareProducer (java.base@17.0.15)
10559:             1             16  sun.security.ssl.KeyShareExtension$SHKeyShareStringizer (java.base@17.0.15)
10560:             1             16  sun.security.ssl.KeyUpdate$KeyUpdateConsumer (java.base@17.0.15)
10561:             1             16  sun.security.ssl.KeyUpdate$KeyUpdateKickstartProducer (java.base@17.0.15)
10562:             1             16  sun.security.ssl.KeyUpdate$KeyUpdateProducer (java.base@17.0.15)
10563:             1             16  sun.security.ssl.MaxFragExtension$CHMaxFragmentLengthConsumer (java.base@17.0.15)
10564:             1             16  sun.security.ssl.MaxFragExtension$CHMaxFragmentLengthProducer (java.base@17.0.15)
10565:             1             16  sun.security.ssl.MaxFragExtension$EEMaxFragmentLengthConsumer (java.base@17.0.15)
10566:             1             16  sun.security.ssl.MaxFragExtension$EEMaxFragmentLengthProducer (java.base@17.0.15)
10567:             1             16  sun.security.ssl.MaxFragExtension$EEMaxFragmentLengthUpdate (java.base@17.0.15)
10568:             1             16  sun.security.ssl.MaxFragExtension$MaxFragLenStringizer (java.base@17.0.15)
10569:             1             16  sun.security.ssl.MaxFragExtension$SHMaxFragmentLengthConsumer (java.base@17.0.15)
10570:             1             16  sun.security.ssl.MaxFragExtension$SHMaxFragmentLengthProducer (java.base@17.0.15)
10571:             1             16  sun.security.ssl.MaxFragExtension$SHMaxFragmentLengthUpdate (java.base@17.0.15)
10572:             1             16  sun.security.ssl.NamedGroup$ECDHEScheme (java.base@17.0.15)
10573:             1             16  sun.security.ssl.NamedGroup$FFDHEScheme (java.base@17.0.15)
10574:             1             16  sun.security.ssl.NamedGroup$XDHScheme (java.base@17.0.15)
10575:             1             16  sun.security.ssl.NewSessionTicket$T12NewSessionTicketConsumer (java.base@17.0.15)
10576:             1             16  sun.security.ssl.NewSessionTicket$T12NewSessionTicketProducer (java.base@17.0.15)
10577:             1             16  sun.security.ssl.NewSessionTicket$T13NewSessionTicketConsumer (java.base@17.0.15)
10578:             1             16  sun.security.ssl.NewSessionTicket$T13NewSessionTicketProducer (java.base@17.0.15)
10579:             1             16  sun.security.ssl.PreSharedKeyExtension$CHPreSharedKeyConsumer (java.base@17.0.15)
10580:             1             16  sun.security.ssl.PreSharedKeyExtension$CHPreSharedKeyOnLoadAbsence (java.base@17.0.15)
10581:             1             16  sun.security.ssl.PreSharedKeyExtension$CHPreSharedKeyOnTradeAbsence (java.base@17.0.15)
10582:             1             16  sun.security.ssl.PreSharedKeyExtension$CHPreSharedKeyProducer (java.base@17.0.15)
10583:             1             16  sun.security.ssl.PreSharedKeyExtension$CHPreSharedKeyStringizer (java.base@17.0.15)
10584:             1             16  sun.security.ssl.PreSharedKeyExtension$CHPreSharedKeyUpdate (java.base@17.0.15)
10585:             1             16  sun.security.ssl.PreSharedKeyExtension$SHPreSharedKeyAbsence (java.base@17.0.15)
10586:             1             16  sun.security.ssl.PreSharedKeyExtension$SHPreSharedKeyConsumer (java.base@17.0.15)
10587:             1             16  sun.security.ssl.PreSharedKeyExtension$SHPreSharedKeyProducer (java.base@17.0.15)
10588:             1             16  sun.security.ssl.PreSharedKeyExtension$SHPreSharedKeyStringizer (java.base@17.0.15)
10589:             1             16  sun.security.ssl.PskKeyExchangeModesExtension$PskKeyExchangeModesConsumer (java.base@17.0.15)
10590:             1             16  sun.security.ssl.PskKeyExchangeModesExtension$PskKeyExchangeModesOnLoadAbsence (java.base@17.0.15)
10591:             1             16  sun.security.ssl.PskKeyExchangeModesExtension$PskKeyExchangeModesOnTradeAbsence (java.base@17.0.15)
10592:             1             16  sun.security.ssl.PskKeyExchangeModesExtension$PskKeyExchangeModesProducer (java.base@17.0.15)
10593:             1             16  sun.security.ssl.PskKeyExchangeModesExtension$PskKeyExchangeModesSpec (java.base@17.0.15)
10594:             1             16  sun.security.ssl.PskKeyExchangeModesExtension$PskKeyExchangeModesStringizer (java.base@17.0.15)
10595:             1             16  sun.security.ssl.RSAKeyExchange$EphemeralRSAPossessionGenerator (java.base@17.0.15)
10596:             1             16  sun.security.ssl.RSAKeyExchange$RSAKAGenerator (java.base@17.0.15)
10597:             1             16  sun.security.ssl.RandomCookie (java.base@17.0.15)
10598:             1             16  sun.security.ssl.RenegoInfoExtension$CHRenegotiationInfoAbsence (java.base@17.0.15)
10599:             1             16  sun.security.ssl.RenegoInfoExtension$CHRenegotiationInfoConsumer (java.base@17.0.15)
10600:             1             16  sun.security.ssl.RenegoInfoExtension$CHRenegotiationInfoProducer (java.base@17.0.15)
10601:             1             16  sun.security.ssl.RenegoInfoExtension$RenegotiationInfoStringizer (java.base@17.0.15)
10602:             1             16  sun.security.ssl.RenegoInfoExtension$SHRenegotiationInfoAbsence (java.base@17.0.15)
10603:             1             16  sun.security.ssl.RenegoInfoExtension$SHRenegotiationInfoConsumer (java.base@17.0.15)
10604:             1             16  sun.security.ssl.RenegoInfoExtension$SHRenegotiationInfoProducer (java.base@17.0.15)
10605:             1             16  sun.security.ssl.SSLCipher$T12CC20P1305ReadCipherGenerator (java.base@17.0.15)
10606:             1             16  sun.security.ssl.SSLCipher$T12CC20P1305WriteCipherGenerator (java.base@17.0.15)
10607:             1             16  sun.security.ssl.SSLCipher$T13CC20P1305ReadCipherGenerator (java.base@17.0.15)
10608:             1             16  sun.security.ssl.SSLCipher$T13CC20P1305WriteCipherGenerator (java.base@17.0.15)
10609:             1             16  sun.security.ssl.SSLSocketFactoryImpl (java.base@17.0.15)
10610:             1             16  sun.security.ssl.SSLTrafficKeyDerivation$S30TrafficKeyDerivationGenerator (java.base@17.0.15)
10611:             1             16  sun.security.ssl.SSLTrafficKeyDerivation$T10TrafficKeyDerivationGenerator (java.base@17.0.15)
10612:             1             16  sun.security.ssl.SSLTrafficKeyDerivation$T12TrafficKeyDerivationGenerator (java.base@17.0.15)
10613:             1             16  sun.security.ssl.SSLTrafficKeyDerivation$T13TrafficKeyDerivationGenerator (java.base@17.0.15)
10614:             1             16  sun.security.ssl.ServerHello$ServerHelloConsumer (java.base@17.0.15)
10615:             1             16  sun.security.ssl.ServerHello$T12ServerHelloProducer (java.base@17.0.15)
10616:             1             16  sun.security.ssl.ServerHello$T13HelloRetryRequestProducer (java.base@17.0.15)
10617:             1             16  sun.security.ssl.ServerHello$T13HelloRetryRequestReproducer (java.base@17.0.15)
10618:             1             16  sun.security.ssl.ServerHello$T13ServerHelloProducer (java.base@17.0.15)
10619:             1             16  sun.security.ssl.ServerHelloDone$ServerHelloDoneConsumer (java.base@17.0.15)
10620:             1             16  sun.security.ssl.ServerHelloDone$ServerHelloDoneProducer (java.base@17.0.15)
10621:             1             16  sun.security.ssl.ServerKeyExchange$ServerKeyExchangeConsumer (java.base@17.0.15)
10622:             1             16  sun.security.ssl.ServerKeyExchange$ServerKeyExchangeProducer (java.base@17.0.15)
10623:             1             16  sun.security.ssl.ServerNameExtension$CHServerNameConsumer (java.base@17.0.15)
10624:             1             16  sun.security.ssl.ServerNameExtension$CHServerNameProducer (java.base@17.0.15)
10625:             1             16  sun.security.ssl.ServerNameExtension$CHServerNamesStringizer (java.base@17.0.15)
10626:             1             16  sun.security.ssl.ServerNameExtension$EEServerNameConsumer (java.base@17.0.15)
10627:             1             16  sun.security.ssl.ServerNameExtension$EEServerNameProducer (java.base@17.0.15)
10628:             1             16  sun.security.ssl.ServerNameExtension$SHServerNameConsumer (java.base@17.0.15)
10629:             1             16  sun.security.ssl.ServerNameExtension$SHServerNameProducer (java.base@17.0.15)
10630:             1             16  sun.security.ssl.ServerNameExtension$SHServerNamesSpec (java.base@17.0.15)
10631:             1             16  sun.security.ssl.ServerNameExtension$SHServerNamesStringizer (java.base@17.0.15)
10632:             1             16  sun.security.ssl.SessionTicketExtension$SessionTicketStringizer (java.base@17.0.15)
10633:             1             16  sun.security.ssl.SessionTicketExtension$T12CHSessionTicketConsumer (java.base@17.0.15)
10634:             1             16  sun.security.ssl.SessionTicketExtension$T12CHSessionTicketProducer (java.base@17.0.15)
10635:             1             16  sun.security.ssl.SessionTicketExtension$T12SHSessionTicketConsumer (java.base@17.0.15)
10636:             1             16  sun.security.ssl.SessionTicketExtension$T12SHSessionTicketProducer (java.base@17.0.15)
10637:             1             16  sun.security.ssl.SignatureAlgorithmsExtension$CHSignatureSchemesConsumer (java.base@17.0.15)
10638:             1             16  sun.security.ssl.SignatureAlgorithmsExtension$CHSignatureSchemesOnLoadAbsence (java.base@17.0.15)
10639:             1             16  sun.security.ssl.SignatureAlgorithmsExtension$CHSignatureSchemesOnTradeAbsence (java.base@17.0.15)
10640:             1             16  sun.security.ssl.SignatureAlgorithmsExtension$CHSignatureSchemesProducer (java.base@17.0.15)
10641:             1             16  sun.security.ssl.SignatureAlgorithmsExtension$CHSignatureSchemesUpdate (java.base@17.0.15)
10642:             1             16  sun.security.ssl.SignatureAlgorithmsExtension$CRSignatureSchemesAbsence (java.base@17.0.15)
10643:             1             16  sun.security.ssl.SignatureAlgorithmsExtension$CRSignatureSchemesConsumer (java.base@17.0.15)
10644:             1             16  sun.security.ssl.SignatureAlgorithmsExtension$CRSignatureSchemesProducer (java.base@17.0.15)
10645:             1             16  sun.security.ssl.SignatureAlgorithmsExtension$CRSignatureSchemesUpdate (java.base@17.0.15)
10646:             1             16  sun.security.ssl.SignatureAlgorithmsExtension$SignatureSchemesStringizer (java.base@17.0.15)
10647:             1             16  sun.security.ssl.SupportedGroupsExtension$CHSupportedGroupsConsumer (java.base@17.0.15)
10648:             1             16  sun.security.ssl.SupportedGroupsExtension$CHSupportedGroupsOnTradeAbsence (java.base@17.0.15)
10649:             1             16  sun.security.ssl.SupportedGroupsExtension$CHSupportedGroupsProducer (java.base@17.0.15)
10650:             1             16  sun.security.ssl.SupportedGroupsExtension$EESupportedGroupsConsumer (java.base@17.0.15)
10651:             1             16  sun.security.ssl.SupportedGroupsExtension$EESupportedGroupsProducer (java.base@17.0.15)
10652:             1             16  sun.security.ssl.SupportedGroupsExtension$SupportedGroupsStringizer (java.base@17.0.15)
10653:             1             16  sun.security.ssl.SupportedVersionsExtension$CHSupportedVersionsConsumer (java.base@17.0.15)
10654:             1             16  sun.security.ssl.SupportedVersionsExtension$CHSupportedVersionsProducer (java.base@17.0.15)
10655:             1             16  sun.security.ssl.SupportedVersionsExtension$CHSupportedVersionsStringizer (java.base@17.0.15)
10656:             1             16  sun.security.ssl.SupportedVersionsExtension$HRRSupportedVersionsConsumer (java.base@17.0.15)
10657:             1             16  sun.security.ssl.SupportedVersionsExtension$HRRSupportedVersionsProducer (java.base@17.0.15)
10658:             1             16  sun.security.ssl.SupportedVersionsExtension$HRRSupportedVersionsReproducer (java.base@17.0.15)
10659:             1             16  sun.security.ssl.SupportedVersionsExtension$SHSupportedVersionsConsumer (java.base@17.0.15)
10660:             1             16  sun.security.ssl.SupportedVersionsExtension$SHSupportedVersionsProducer (java.base@17.0.15)
10661:             1             16  sun.security.util.ArrayUtil$$Lambda$4707/0x0000000800cc9938 (java.base@17.0.15)
10662:             1             16  sun.security.util.ByteArrayLexOrder (java.base@17.0.15)
10663:             1             16  sun.security.util.ByteArrayTagOrder (java.base@17.0.15)
10664:             1             16  sun.security.util.KeyStoreDelegator$$Lambda$4515/0x00000008005ffd58 (java.base@17.0.15)
10665:             1             16  sun.security.util.ManifestDigester$$Lambda$167/0x0000000800173b58 (java.base@17.0.15)
10666:             1             16  sun.util.calendar.Gregorian (java.base@17.0.15)
10667:             1             16  sun.util.cldr.CLDRBaseLocaleDataMetaInfo (java.base@17.0.15)
10668:             1             16  sun.util.cldr.CLDRLocaleProviderAdapter$$Lambda$77/0x00000008000f16a8 (java.base@17.0.15)
10669:             1             16  sun.util.locale.InternalLocaleBuilder$CaseInsensitiveChar (java.base@17.0.15)
10670:             1             16  sun.util.locale.provider.CalendarDataUtility$CalendarFieldValueNamesMapGetter (java.base@17.0.15)
10671:             1             16  sun.util.locale.provider.CalendarDataUtility$CalendarWeekParameterGetter (java.base@17.0.15)
10672:             1             16  sun.util.locale.provider.CalendarNameProviderImpl$LengthBasedComparator (java.base@17.0.15)
10673:             1             16  sun.util.logging.PlatformLogger (java.base@17.0.15)
10674:             1             16  sun.util.logging.internal.LoggingProviderImpl (java.logging@17.0.15)
10675:             1             16  sun.util.resources.LocaleData (java.base@17.0.15)
10676:             1             16  sun.util.resources.LocaleData$LocaleDataStrategy (java.base@17.0.15)
10677:             1             16  sun.util.resources.cldr.provider.CLDRLocaleDataMetaInfo (jdk.localedata@17.0.15)
10678:             1             16  thedarkcolour.kotlinforforge.KotlinLanguageProvider (thedarkcolour.kotlinforforge.kfflang@4.12.0)
10679:             1             16  thedarkcolour.kotlinforforge.KotlinLanguageProvider$Companion (thedarkcolour.kotlinforforge.kfflang@4.12.0)
Total       8048982      646729856
